Component: ARM Compiler 5.06 update 7 (build 960) Tool: armlink [4d3601]

==============================================================================

Section Cross References

    startup_stm32f407xx.o(STACK) refers (Special) to heapauxi.o(.text) for __use_two_region_memory
    startup_stm32f407xx.o(HEAP) refers (Special) to heapauxi.o(.text) for __use_two_region_memory
    startup_stm32f407xx.o(RESET) refers (Special) to heapauxi.o(.text) for __use_two_region_memory
    startup_stm32f407xx.o(RESET) refers to startup_stm32f407xx.o(STACK) for __initial_sp
    startup_stm32f407xx.o(RESET) refers to startup_stm32f407xx.o(.text) for Reset_Handler
    startup_stm32f407xx.o(RESET) refers to stm32f4xx_it.o(i.NMI_Handler) for NMI_Handler
    startup_stm32f407xx.o(RESET) refers to stm32f4xx_it.o(i.HardFault_Handler) for HardFault_Handler
    startup_stm32f407xx.o(RESET) refers to stm32f4xx_it.o(i.MemManage_Handler) for MemManage_Handler
    startup_stm32f407xx.o(RESET) refers to stm32f4xx_it.o(i.BusFault_Handler) for BusFault_Handler
    startup_stm32f407xx.o(RESET) refers to stm32f4xx_it.o(i.UsageFault_Handler) for UsageFault_Handler
    startup_stm32f407xx.o(RESET) refers to stm32f4xx_it.o(i.SVC_Handler) for SVC_Handler
    startup_stm32f407xx.o(RESET) refers to stm32f4xx_it.o(i.DebugMon_Handler) for DebugMon_Handler
    startup_stm32f407xx.o(RESET) refers to stm32f4xx_it.o(i.PendSV_Handler) for PendSV_Handler
    startup_stm32f407xx.o(RESET) refers to stm32f4xx_it.o(i.SysTick_Handler) for SysTick_Handler
    startup_stm32f407xx.o(RESET) refers to stm32f4xx_it.o(i.DMA1_Stream2_IRQHandler) for DMA1_Stream2_IRQHandler
    startup_stm32f407xx.o(RESET) refers to stm32f4xx_it.o(i.DMA1_Stream5_IRQHandler) for DMA1_Stream5_IRQHandler
    startup_stm32f407xx.o(RESET) refers to stm32f4xx_it.o(i.TIM2_IRQHandler) for TIM2_IRQHandler
    startup_stm32f407xx.o(RESET) refers to stm32f4xx_it.o(i.USART2_IRQHandler) for USART2_IRQHandler
    startup_stm32f407xx.o(RESET) refers to stm32f4xx_it.o(i.UART4_IRQHandler) for UART4_IRQHandler
    startup_stm32f407xx.o(RESET) refers to stm32f4xx_it.o(i.DMA2_Stream1_IRQHandler) for DMA2_Stream1_IRQHandler
    startup_stm32f407xx.o(RESET) refers to stm32f4xx_it.o(i.USART6_IRQHandler) for USART6_IRQHandler
    startup_stm32f407xx.o(.text) refers (Special) to heapauxi.o(.text) for __use_two_region_memory
    startup_stm32f407xx.o(.text) refers to system_stm32f4xx.o(i.SystemInit) for SystemInit
    startup_stm32f407xx.o(.text) refers to __main.o(!!!main) for __main
    startup_stm32f407xx.o(.text) refers to startup_stm32f407xx.o(HEAP) for Heap_Mem
    startup_stm32f407xx.o(.text) refers to startup_stm32f407xx.o(STACK) for Stack_Mem
    main.o(i.SystemClock_Config) refers to rt_memclr_w.o(.text) for __aeabi_memclr4
    main.o(i.SystemClock_Config) refers to stm32f4xx_hal_rcc.o(i.HAL_RCC_OscConfig) for HAL_RCC_OscConfig
    main.o(i.SystemClock_Config) refers to main.o(i.Error_Handler) for Error_Handler
    main.o(i.SystemClock_Config) refers to stm32f4xx_hal_rcc.o(i.HAL_RCC_ClockConfig) for HAL_RCC_ClockConfig
    main.o(i.main) refers to stm32f4xx_hal.o(i.HAL_Init) for HAL_Init
    main.o(i.main) refers to main.o(i.SystemClock_Config) for SystemClock_Config
    main.o(i.main) refers to gpio.o(i.MX_GPIO_Init) for MX_GPIO_Init
    main.o(i.main) refers to dma.o(i.MX_DMA_Init) for MX_DMA_Init
    main.o(i.main) refers to usart.o(i.MX_UART4_Init) for MX_UART4_Init
    main.o(i.main) refers to usart.o(i.MX_USART2_UART_Init) for MX_USART2_UART_Init
    main.o(i.main) refers to i2c.o(i.MX_I2C2_Init) for MX_I2C2_Init
    main.o(i.main) refers to tim.o(i.MX_TIM2_Init) for MX_TIM2_Init
    main.o(i.main) refers to usart.o(i.MX_USART6_UART_Init) for MX_USART6_UART_Init
    main.o(i.main) refers to spi.o(i.MX_SPI1_Init) for MX_SPI1_Init
    main.o(i.main) refers to stm32f4xx_hal.o(i.HAL_Delay) for HAL_Delay
    main.o(i.main) refers to w25qxx.o(i.W25QXX_Init) for W25QXX_Init
    main.o(i.main) refers to oled.o(i.OLED_Init) for OLED_Init
    main.o(i.main) refers to uart_motor.o(i.My_UartInit) for My_UartInit
    main.o(i.main) refers to interrupt.o(i.My_TIM_Init) for My_TIM_Init
    main.o(i.main) refers to flash_app.o(i.W25QXX_ReadCoordinate) for W25QXX_ReadCoordinate
    main.o(i.main) refers to emm_v5.o(i.Emm_V5_En_Control) for Emm_V5_En_Control
    main.o(i.main) refers to pid_app.o(i.Pid_Init) for Pid_Init
    main.o(i.main) refers to oled_app.o(i.Menu_Init) for Menu_Init
    main.o(i.main) refers to scheduler.o(i.scheduler_init) for scheduler_init
    main.o(i.main) refers to scheduler.o(i.scheduler_run) for scheduler_run
    main.o(i.main) refers to parse_app.o(.data) for cross
    main.o(i.main) refers to usart.o(.bss) for huart2
    gpio.o(i.MX_GPIO_Init) refers to rt_memclr_w.o(.text) for __aeabi_memclr4
    gpio.o(i.MX_GPIO_Init) refers to stm32f4xx_hal_gpio.o(i.HAL_GPIO_WritePin) for HAL_GPIO_WritePin
[...]
    .constdata                               0x0800834c   Section        8  stm32f4xx_hal_dma.o(.constdata)
    flagBitshiftOffset                       0x0800834c   Data           8  stm32f4xx_hal_dma.o(.constdata)
    .constdata                               0x08008354   Section       24  system_stm32f4xx.o(.constdata)
    .constdata                               0x0800836c   Section       17  __printf_flags_ss_wp.o(.constdata)
    maptable                                 0x0800836c   Data          17  __printf_flags_ss_wp.o(.constdata)
    .constdata                               0x08008380   Section      148  bigflt0.o(.constdata)
    tenpwrs_x                                0x08008380   Data          60  bigflt0.o(.constdata)
    tenpwrs_i                                0x080083bc   Data          64  bigflt0.o(.constdata)
    locale$$data                             0x08008434   Section       28  lc_numeric_c.o(locale$$data)
    __lcnum_c_name                           0x08008438   Data           2  lc_numeric_c.o(locale$$data)
    __lcnum_c_start                          0x08008440   Data           0  lc_numeric_c.o(locale$$data)
    __lcnum_c_point                          0x0800844c   Data           0  lc_numeric_c.o(locale$$data)
    __lcnum_c_thousands                      0x0800844e   Data           0  lc_numeric_c.o(locale$$data)
    __lcnum_c_grouping                       0x0800844f   Data           0  lc_numeric_c.o(locale$$data)
    __lcnum_c_end                            0x08008450   Data           0  lc_numeric_c.o(locale$$data)
    .data                                    0x20000000   Section        4  oled.o(.data)
    sendBuffer                               0x20000000   Data           2  oled.o(.data)
    temp                                     0x20000002   Data           1  oled.o(.data)
    temp                                     0x20000003   Data           1  oled.o(.data)
    .data                                    0x20000004   Section       16  w25qxx.o(.data)
    .data                                    0x20000014   Section        9  stm32f4xx_hal.o(.data)
    .data                                    0x20000020   Section        4  system_stm32f4xx.o(.data)
    .data                                    0x20000024   Section        4  interrupt.o(.data)
    .data                                    0x20000028   Section        6  uart_motor.o(.data)
    .data                                    0x20000030   Section       40  scheduler.o(.data)
    schedule_task                            0x20000034   Data          36  scheduler.o(.data)
    .data                                    0x20000058   Section       76  pid_app.o(.data)
    .data                                    0x200000a4   Section        4  key_app.o(.data)
    .data                                    0x200000a8   Section       28  parse_app.o(.data)
    packet_start                             0x200000c0   Data           4  parse_app.o(.data)
    .data                                    0x200000c4   Section        4  flash_app.o(.data)
    .data                                    0x200000c8   Section        5  oled_app.o(.data)
    Current_Node                             0x200000c8   Data           4  oled_app.o(.data)
    Edit_Mode                                0x200000cc   Data           1  oled_app.o(.data)
    .bss                                     0x200000d0   Section       84  i2c.o(.bss)
    .bss                                     0x20000124   Section       88  spi.o(.bss)
    .bss                                     0x2000017c   Section       72  tim.o(.bss)
    .bss                                     0x200001c4   Section      504  usart.o(.bss)
    .bss                                     0x200003bc   Section     1153  oled.o(.bss)
    sendBuffer                               0x200007bc   Data         129  oled.o(.bss)
    .bss                                     0x2000083d   Section     4096  w25qxx.o(.bss)
    .bss                                     0x2000183d   Section      384  uart_motor.o(.bss)
    .bss                                     0x200019c0   Section      180  pid_app.o(.bss)
    .bss                                     0x20001a74   Section      288  oled_app.o(.bss)
    Main_Root                                0x20001a74   Data          36  oled_app.o(.bss)
    Menu_PID                                 0x20001a98   Data          36  oled_app.o(.bss)
    Menu_Calibration                         0x20001abc   Data          36  oled_app.o(.bss)
    Menu_System                              0x20001ae0   Data          36  oled_app.o(.bss)
    PID_X_Kp                                 0x20001b04   Data          36  oled_app.o(.bss)
    PID_X_Ki                                 0x20001b28   Data          36  oled_app.o(.bss)
    PID_X_Kd                                 0x20001b4c   Data          36  oled_app.o(.bss)
    SYS_Mode                                 0x20001b70   Data          36  oled_app.o(.bss)
    .bss                                     0x20001b94   Section       96  libspace.o(.bss)
    HEAP                                     0x20001bf8   Section     1024  startup_stm32f407xx.o(HEAP)
    Heap_Mem                                 0x20001bf8   Data        1024  startup_stm32f407xx.o(HEAP)
    STACK                                    0x20001ff8   Section     2048  startup_stm32f407xx.o(STACK)
    Stack_Mem                                0x20001ff8   Data        2048  startup_stm32f407xx.o(STACK)
    __initial_sp                             0x200027f8   Data           0  startup_stm32f407xx.o(STACK)

    Global Symbols

    Symbol Name                              Value     Ov Type        Size  Object(Section)

    BuildAttributes$$THM_ISAv4$E$P$D$K$B$S$7EM$VFPi3$EXTD16$VFPS$VFMA$PE$A:L22UL41UL21$X:L11$S22US41US21$IEEE1$IW$USESV6$~STKCKD$USESV7$~SHL$OTIME$ROPI$IEEEJ$EBA8$UX$STANDARDLIB$REQ8$PRES8$EABIv2 0x00000000   Number         0  anon$$obj.o ABSOLUTE
    __ARM_use_no_argv                        0x00000000   Number         0  main.o ABSOLUTE
    _printf_flags                            0x00000000   Number         0  printf_stubs.o ABSOLUTE
    _printf_return_value                     0x00000000   Number         0  printf_stubs.o ABSOLUTE
    _printf_sizespec                         0x00000000   Number         0  printf_stubs.o ABSOLUTE
    _printf_widthprec                        0x00000000   Number         0  printf_stubs.o ABSOLUTE
    __ARM_exceptions_init                     - Undefined Weak Reference
    __alloca_initialize                       - Undefined Weak Reference
    __arm_fini_                               - Undefined Weak Reference
    __arm_preinit_                            - Undefined Weak Reference
    __cpp_initialize__aeabi_                  - Undefined Weak Reference
    __cxa_finalize                            - Undefined Weak Reference
    __sigvec_lookup                           - Undefined Weak Reference
    _atexit_init                              - Undefined Weak Reference
    _call_atexit_fns                          - Undefined Weak Reference
    _clock_init                               - Undefined Weak Reference
    _fp_trap_init                             - Undefined Weak Reference
    _fp_trap_shutdown                         - Undefined Weak Reference
    _get_lc_collate                           - Undefined Weak Reference
    _get_lc_monetary                          - Undefined Weak Reference
    _get_lc_time                              - Undefined Weak Reference
    _getenv_init                              - Undefined Weak Reference
    _handle_redirection                       - Undefined Weak Reference
    _init_alloc                               - Undefined Weak Reference
    _init_user_alloc                          - Undefined Weak Reference
    _initio                                   - Undefined Weak Reference
    _printf_mbtowc                            - Undefined Weak Reference
    _printf_wc                                - Undefined Weak Reference
    _rand_init                                - Undefined Weak Reference
    _signal_finish                            - Undefined Weak Reference
    _signal_init                              - Undefined Weak Reference
    _terminate_alloc                          - Undefined Weak Reference
    _terminate_user_alloc                     - Undefined Weak Reference
    _terminateio                              - Undefined Weak Reference
    __Vectors_Size                           0x00000188   Number         0  startup_stm32f407xx.o ABSOLUTE
    __Vectors                                0x08000000   Data           4  startup_stm32f407xx.o(RESET)
    __Vectors_End                            0x08000188   Data           0  startup_stm32f407xx.o(RESET)
    __main                                   0x08000189   Thumb Code     8  __main.o(!!!main)
    __scatterload                            0x08000191   Thumb Code     0  __scatter.o(!!!scatter)
    __scatterload_rt2                        0x08000191   Thumb Code    44  __scatter.o(!!!scatter)
    __scatterload_rt2_thumb_only             0x08000191   Thumb Code     0  __scatter.o(!!!scatter)
    __scatterload_null                       0x0800019f   Thumb Code     0  __scatter.o(!!!scatter)
    __scatterload_copy                       0x080001c5   Thumb Code    26  __scatter_copy.o(!!handler_copy)
    __scatterload_zeroinit                   0x080001e1   Thumb Code    28  __scatter_zi.o(!!handler_zi)
    _printf_f                                0x080001fd   Thumb Code     0  _printf_f.o(.ARM.Collect$$_printf_percent$$00000003)
    _printf_percent                          0x080001fd   Thumb Code     0  _printf_percent.o(.ARM.Collect$$_printf_percent$$00000000)
    _printf_d                                0x08000203   Thumb Code     0  _printf_d.o(.ARM.Collect$$_printf_percent$$00000009)
    _printf_percent_end                      0x08000209   Thumb Code     0  _printf_percent_end.o(.ARM.Collect$$_printf_percent$$00000017)
    __rt_lib_init                            0x0800020d   Thumb Code     0  libinit.o(.ARM.Collect$$libinit$$00000000)
    __rt_lib_init_fp_1                       0x0800020f   Thumb Code     0  libinit2.o(.ARM.Collect$$libinit$$00000001)
    __rt_lib_init_heap_1                     0x08000213   Thumb Code     0  libinit2.o(.ARM.Collect$$libinit$$0000000A)
    __rt_lib_init_lc_common                  0x08000213   Thumb Code     0  libinit2.o(.ARM.Collect$$libinit$$0000000F)
    __rt_lib_init_preinit_1                  0x08000213   Thumb Code     0  libinit2.o(.ARM.Collect$$libinit$$00000004)
    __rt_lib_init_rand_1                     0x08000213   Thumb Code     0  libinit2.o(.ARM.Collect$$libinit$$0000000E)
    __rt_lib_init_user_alloc_1               0x08000213   Thumb Code     0  libinit2.o(.ARM.Collect$$libinit$$0000000C)
    __rt_lib_init_lc_collate_1               0x08000219   Thumb Code     0  libinit2.o(.ARM.Collect$$libinit$$00000011)
    __rt_lib_init_lc_ctype_1                 0x08000219   Thumb Code     0  libinit2.o(.ARM.Collect$$libinit$$00000013)
    __rt_lib_init_lc_monetary_1              0x08000219   Thumb Code     0  libinit2.o(.ARM.Collect$$libinit$$00000015)
    __rt_lib_init_lc_numeric_2               0x08000219   Thumb Code     0  libinit2.o(.ARM.Collect$$libinit$$00000016)
    __rt_lib_init_alloca_1                   0x08000223   Thumb Code     0  libinit2.o(.ARM.Collect$$libinit$$0000002E)
    __rt_lib_init_argv_1                     0x08000223   Thumb Code     0  libinit2.o(.ARM.Collect$$libinit$$0000002C)
    __rt_lib_init_atexit_1                   0x08000223   Thumb Code     0  libinit2.o(.ARM.Collect$$libinit$$0000001B)
    __rt_lib_init_clock_1                    0x08000223   Thumb Code     0  libinit2.o(.ARM.Collect$$libinit$$00000021)
    __rt_lib_init_cpp_1                      0x08000223   Thumb Code     0  libinit2.o(.ARM.Collect$$libinit$$00000032)
    __rt_lib_init_exceptions_1               0x08000223   Thumb Code     0  libinit2.o(.ARM.Collect$$libinit$$00000030)
    __rt_lib_init_fp_trap_1                  0x08000223   Thumb Code     0  libinit2.o(.ARM.Collect$$libinit$$0000001F)
    __rt_lib_init_getenv_1                   0x08000223   Thumb Code     0  libinit2.o(.ARM.Collect$$libinit$$00000023)
    __rt_lib_init_lc_numeric_1               0x08000223   Thumb Code     0  libinit2.o(.ARM.Collect$$libinit$$00000017)
    __rt_lib_init_lc_time_1                  0x08000223   Thumb Code     0  libinit2.o(.ARM.Collect$$libinit$$00000019)
    __rt_lib_init_return                     0x08000223   Thumb Code     0  libinit2.o(.ARM.Collect$$libinit$$00000033)
    __rt_lib_init_signal_1                   0x08000223   Thumb Code     0  libinit2.o(.ARM.Collect$$libinit$$0000001D)
    __rt_lib_init_stdio_1                    0x08000223   Thumb Code     0  libinit2.o(.ARM.Collect$$libinit$$00000025)
    __rt_lib_shutdown                        0x08000225   Thumb Code     0  libshutdown.o(.ARM.Collect$$libshutdown$$00000000)
    __rt_lib_shutdown_cpp_1                  0x08000227   Thumb Code     0  libshutdown2.o(.ARM.Collect$$libshutdown$$00000004)
    __rt_lib_shutdown_fini_1                 0x08000227   Thumb Code     0  libshutdown2.o(.ARM.Collect$$libshutdown$$00000002)
    __rt_lib_shutdown_fp_trap_1              0x08000227   Thumb Code     0  libshutdown2.o(.ARM.Collect$$libshutdown$$00000009)
    __rt_lib_shutdown_heap_1                 0x08000227   Thumb Code     0  libshutdown2.o(.ARM.Collect$$libshutdown$$00000011)
    __rt_lib_shutdown_return                 0x08000227   Thumb Code     0  libshutdown2.o(.ARM.Collect$$libshutdown$$00000012)
    __rt_lib_shutdown_signal_1               0x08000227   Thumb Code     0  libshutdown2.o(.ARM.Collect$$libshutdown$$0000000C)
    __rt_lib_shutdown_stdio_1                0x08000227   Thumb Code     0  libshutdown2.o(.ARM.Collect$$libshutdown$$00000006)
    __rt_lib_shutdown_user_alloc_1           0x08000227   Thumb Code     0  libshutdown2.o(.ARM.Collect$$libshutdown$$0000000E)
    __rt_entry                               0x08000229   Thumb Code     0  __rtentry.o(.ARM.Collect$$rtentry$$00000000)
    __rt_entry_presh_1                       0x08000229   Thumb Code     0  __rtentry2.o(.ARM.Collect$$rtentry$$00000002)
    __rt_entry_sh                            0x08000229   Thumb Code     0  __rtentry4.o(.ARM.Collect$$rtentry$$00000004)
    __rt_entry_li                            0x0800022f   Thumb Code     0  __rtentry2.o(.ARM.Collect$$rtentry$$0000000A)
    __rt_entry_postsh_1                      0x0800022f   Thumb Code     0  __rtentry2.o(.ARM.Collect$$rtentry$$00000009)
    __rt_entry_main                          0x08000233   Thumb Code     0  __rtentry2.o(.ARM.Collect$$rtentry$$0000000D)
    __rt_entry_postli_1                      0x08000233   Thumb Code     0  __rtentry2.o(.ARM.Collect$$rtentry$$0000000C)
    __rt_exit                                0x0800023b   Thumb Code     0  rtexit.o(.ARM.Collect$$rtexit$$00000000)
    __rt_exit_ls                             0x0800023d   Thumb Code     0  rtexit2.o(.ARM.Collect$$rtexit$$00000003)
    __rt_exit_prels_1                        0x0800023d   Thumb Code     0  rtexit2.o(.ARM.Collect$$rtexit$$00000002)
    __rt_exit_exit                           0x08000241   Thumb Code     0  rtexit2.o(.ARM.Collect$$rtexit$$00000004)
    Reset_Handler                            0x08000249   Thumb Code     8  startup_stm32f407xx.o(.text)
    ADC_IRQHandler                           0x08000263   Thumb Code     0  startup_stm32f407xx.o(.text)
    CAN1_RX0_IRQHandler                      0x08000263   Thumb Code     0  startup_stm32f407xx.o(.text)
    CAN1_RX1_IRQHandler                      0x08000263   Thumb Code     0  startup_stm32f407xx.o(.text)
    CAN1_SCE_IRQHandler                      0x08000263   Thumb Code     0  startup_stm32f407xx.o(.text)
    CAN1_TX_IRQHandler                       0x08000263   Thumb Code     0  startup_stm32f407xx.o(.text)
    CAN2_RX0_IRQHandler                      0x08000263   Thumb Code     0  startup_stm32f407xx.o(.text)
    CAN2_RX1_IRQHandler                      0x08000263   Thumb Code     0  startup_stm32f407xx.o(.text)
    CAN2_SCE_IRQHandler                      0x08000263   Thumb Code     0  startup_stm32f407xx.o(.text)
    CAN2_TX_IRQHandler                       0x08000263   Thumb Code     0  startup_stm32f407xx.o(.text)
    DCMI_IRQHandler                          0x08000263   Thumb Code     0  startup_stm32f407xx.o(.text)
    DMA1_Stream0_IRQHandler                  0x08000263   Thumb Code     0  startup_stm32f407xx.o(.text)
    DMA1_Stream1_IRQHandler                  0x08000263   Thumb Code     0  startup_stm32f407xx.o(.text)
    DMA1_Stream3_IRQHandler                  0x08000263   Thumb Code     0  startup_stm32f407xx.o(.text)
    DMA1_Stream4_IRQHandler                  0x08000263   Thumb Code     0  startup_stm32f407xx.o(.text)
    DMA1_Stream6_IRQHandler                  0x08000263   Thumb Code     0  startup_stm32f407xx.o(.text)
    DMA1_Stream7_IRQHandler                  0x08000263   Thumb Code     0  startup_stm32f407xx.o(.text)
    DMA2_Stream0_IRQHandler                  0x08000263   Thumb Code     0  startup_stm32f407xx.o(.text)
    DMA2_Stream2_IRQHandler                  0x08000263   Thumb Code     0  startup_stm32f407xx.o(.text)
    DMA2_Stream3_IRQHandler                  0x08000263   Thumb Code     0  startup_stm32f407xx.o(.text)
    DMA2_Stream4_IRQHandler                  0x08000263   Thumb Code     0  startup_stm32f407xx.o(.text)
    DMA2_Stream5_IRQHandler                  0x08000263   Thumb Code     0  startup_stm32f407xx.o(.text)
    DMA2_Stream6_IRQHandler                  0x08000263   Thumb Code     0  startup_stm32f407xx.o(.text)
    DMA2_Stream7_IRQHandler                  0x08000263   Thumb Code     0  startup_stm32f407xx.o(.text)
    ETH_IRQHandler                           0x08000263   Thumb Code     0  startup_stm32f407xx.o(.text)
    ETH_WKUP_IRQHandler                      0x08000263   Thumb Code     0  startup_stm32f407xx.o(.text)
    EXTI0_IRQHandler                         0x08000263   Thumb Code     0  startup_stm32f407xx.o(.text)
    EXTI15_10_IRQHandler                     0x08000263   Thumb Code     0  startup_stm32f407xx.o(.text)
    EXTI1_IRQHandler                         0x08000263   Thumb Code     0  startup_stm32f407xx.o(.text)
    EXTI2_IRQHandler                         0x08000263   Thumb Code     0  startup_stm32f407xx.o(.text)
    EXTI3_IRQHandler                         0x08000263   Thumb Code     0  startup_stm32f407xx.o(.text)
    EXTI4_IRQHandler                         0x08000263   Thumb Code     0  startup_stm32f407xx.o(.text)
    EXTI9_5_IRQHandler                       0x08000263   Thumb Code     0  startup_stm32f407xx.o(.text)
    FLASH_IRQHandler                         0x08000263   Thumb Code     0  startup_stm32f407xx.o(.text)
    FMC_IRQHandler                           0x08000263   Thumb Code     0  startup_stm32f407xx.o(.text)
    FPU_IRQHandler                           0x08000263   Thumb Code     0  startup_stm32f407xx.o(.text)
    HASH_RNG_IRQHandler                      0x08000263   Thumb Code     0  startup_stm32f407xx.o(.text)
    I2C1_ER_IRQHandler                       0x08000263   Thumb Code     0  startup_stm32f407xx.o(.text)
    I2C1_EV_IRQHandler                       0x08000263   Thumb Code     0  startup_stm32f407xx.o(.text)
    I2C2_ER_IRQHandler                       0x08000263   Thumb Code     0  startup_stm32f407xx.o(.text)
    I2C2_EV_IRQHandler                       0x08000263   Thumb Code     0  startup_stm32f407xx.o(.text)
    I2C3_ER_IRQHandler                       0x08000263   Thumb Code     0  startup_stm32f407xx.o(.text)
    I2C3_EV_IRQHandler                       0x08000263   Thumb Code     0  startup_stm32f407xx.o(.text)
    OTG_FS_IRQHandler                        0x08000263   Thumb Code     0  startup_stm32f407xx.o(.text)
    OTG_FS_WKUP_IRQHandler                   0x08000263   Thumb Code     0  startup_stm32f407xx.o(.text)
    OTG_HS_EP1_IN_IRQHandler                 0x08000263   Thumb Code     0  startup_stm32f407xx.o(.text)
    OTG_HS_EP1_OUT_IRQHandler                0x08000263   Thumb Code     0  startup_stm32f407xx.o(.text)
    OTG_HS_IRQHandler                        0x08000263   Thumb Code     0  startup_stm32f407xx.o(.text)
    OTG_HS_WKUP_IRQHandler                   0x08000263   Thumb Code     0  startup_stm32f407xx.o(.text)
    PVD_IRQHandler                           0x08000263   Thumb Code     0  startup_stm32f407xx.o(.text)
    RCC_IRQHandler                           0x08000263   Thumb Code     0  startup_stm32f407xx.o(.text)
    RTC_Alarm_IRQHandler                     0x08000263   Thumb Code     0  startup_stm32f407xx.o(.text)
    RTC_WKUP_IRQHandler                      0x08000263   Thumb Code     0  startup_stm32f407xx.o(.text)
    SDIO_IRQHandler                          0x08000263   Thumb Code     0  startup_stm32f407xx.o(.text)
    SPI1_IRQHandler                          0x08000263   Thumb Code     0  startup_stm32f407xx.o(.text)
    SPI2_IRQHandler                          0x08000263   Thumb Code     0  startup_stm32f407xx.o(.text)
    SPI3_IRQHandler                          0x08000263   Thumb Code     0  startup_stm32f407xx.o(.text)
    TAMP_STAMP_IRQHandler                    0x08000263   Thumb Code     0  startup_stm32f407xx.o(.text)
    TIM1_BRK_TIM9_IRQHandler                 0x08000263   Thumb Code     0  startup_stm32f407xx.o(.text)
    TIM1_CC_IRQHandler                       0x08000263   Thumb Code     0  startup_stm32f407xx.o(.text)
    TIM1_TRG_COM_TIM11_IRQHandler            0x08000263   Thumb Code     0  startup_stm32f407xx.o(.text)
    TIM1_UP_TIM10_IRQHandler                 0x08000263   Thumb Code     0  startup_stm32f407xx.o(.text)
    TIM3_IRQHandler                          0x08000263   Thumb Code     0  startup_stm32f407xx.o(.text)
    TIM4_IRQHandler                          0x08000263   Thumb Code     0  startup_stm32f407xx.o(.text)
    TIM5_IRQHandler                          0x08000263   Thumb Code     0  startup_stm32f407xx.o(.text)
    TIM6_DAC_IRQHandler                      0x08000263   Thumb Code     0  startup_stm32f407xx.o(.text)
    TIM7_IRQHandler                          0x08000263   Thumb Code     0  startup_stm32f407xx.o(.text)
    TIM8_BRK_TIM12_IRQHandler                0x08000263   Thumb Code     0  startup_stm32f407xx.o(.text)
    TIM8_CC_IRQHandler                       0x08000263   Thumb Code     0  startup_stm32f407xx.o(.text)
    TIM8_TRG_COM_TIM14_IRQHandler            0x08000263   Thumb Code     0  startup_stm32f407xx.o(.text)
    TIM8_UP_TIM13_IRQHandler                 0x08000263   Thumb Code     0  startup_stm32f407xx.o(.text)
    UART5_IRQHandler                         0x08000263   Thumb Code     0  startup_stm32f407xx.o(.text)
    USART1_IRQHandler                        0x08000263   Thumb Code     0  startup_stm32f407xx.o(.text)
    USART3_IRQHandler                        0x08000263   Thumb Code     0  startup_stm32f407xx.o(.text)
    WWDG_IRQHandler                          0x08000263   Thumb Code     0  startup_stm32f407xx.o(.text)
    __user_initial_stackheap                 0x08000265   Thumb Code     0  startup_stm32f407xx.o(.text)
    __aeabi_uldivmod                         0x08000289   Thumb Code     0  lludivv7m.o(.text)
    _ll_udiv                                 0x08000289   Thumb Code   238  lludivv7m.o(.text)
    __2sprintf                               0x08000379   Thumb Code    38  __2sprintf.o(.text)
    _printf_int_dec                          0x080003a5   Thumb Code   104  _printf_dec.o(.text)
    __printf                                 0x0800041d   Thumb Code   388  __printf_flags_ss_wp.o(.text)
    memcmp                                   0x080005a5   Thumb Code    88  memcmp.o(.text)
    strlen                                   0x080005fd   Thumb Code    62  strlen.o(.text)
    __aeabi_memcpy                           0x0800063b   Thumb Code     0  rt_memcpy_v6.o(.text)
    __rt_memcpy                              0x0800063b   Thumb Code   138  rt_memcpy_v6.o(.text)
    _memcpy_lastbytes                        0x080006a1   Thumb Code     0  rt_memcpy_v6.o(.text)
    __aeabi_memclr                           0x080006c5   Thumb Code     0  rt_memclr.o(.text)
    __rt_memclr                              0x080006c5   Thumb Code    68  rt_memclr.o(.text)
    _memset                                  0x080006c9   Thumb Code     0  rt_memclr.o(.text)
    __aeabi_memclr4                          0x08000709   Thumb Code     0  rt_memclr_w.o(.text)
    __aeabi_memclr8                          0x08000709   Thumb Code     0  rt_memclr_w.o(.text)
    __rt_memclr_w                            0x08000709   Thumb Code    78  rt_memclr_w.o(.text)
    _memset_w                                0x0800070d   Thumb Code     0  rt_memclr_w.o(.text)
    __use_two_region_memory                  0x08000757   Thumb Code     2  heapauxi.o(.text)
    __rt_heap_escrow$2region                 0x08000759   Thumb Code     2  heapauxi.o(.text)
    __rt_heap_expand$2region                 0x0800075b   Thumb Code     2  heapauxi.o(.text)
    _printf_int_common                       0x0800075d   Thumb Code   178  _printf_intcommon.o(.text)
    __lib_sel_fp_printf                      0x0800080f   Thumb Code     2  _printf_fp_dec.o(.text)
    _printf_fp_dec_real                      0x080009c1   Thumb Code   620  _printf_fp_dec.o(.text)
    _printf_char_common                      0x08000c37   Thumb Code    32  _printf_char_common.o(.text)
    _sputc                                   0x08000c5d   Thumb Code    10  _sputc.o(.text)
    __aeabi_memcpy4                          0x08000c67   Thumb Code     0  rt_memcpy_w.o(.text)
    __aeabi_memcpy8                          0x08000c67   Thumb Code     0  rt_memcpy_w.o(.text)
    __rt_memcpy_w                            0x08000c67   Thumb Code   100  rt_memcpy_w.o(.text)
    _memcpy_lastbytes_aligned                0x08000caf   Thumb Code     0  rt_memcpy_w.o(.text)
    __rt_locale                              0x08000ccd   Thumb Code     8  rt_locale_intlibspace.o(.text)
    _ll_udiv10                               0x08000cd5   Thumb Code   138  lludiv10.o(.text)
    _printf_fp_infnan                        0x08000d61   Thumb Code   112  _printf_fp_infnan.o(.text)
    _btod_etento                             0x08000de1   Thumb Code   224  bigflt0.o(.text)
    __user_libspace                          0x08000ec5   Thumb Code     8  libspace.o(.text)
    __user_perproc_libspace                  0x08000ec5   Thumb Code     0  libspace.o(.text)
    __user_perthread_libspace                0x08000ec5   Thumb Code     0  libspace.o(.text)
    __user_setup_stackheap                   0x08000ecd   Thumb Code    74  sys_stackheap_outer.o(.text)
    exit                                     0x08000f17   Thumb Code    18  exit.o(.text)
    strcmp                                   0x08000f29   Thumb Code   128  strcmpv7m.o(.text)
    _sys_exit                                0x08000fa9   Thumb Code     8  sys_exit.o(.text)
    __I$use$semihosting                      0x08000fb5   Thumb Code     0  use_no_semi.o(.text)
    __use_no_semihosting_swi                 0x08000fb5   Thumb Code     2  use_no_semi.o(.text)
    __semihosting_library_function           0x08000fb7   Thumb Code     0  indicate_semi.o(.text)
    _btod_d2e                                0x08000fb7   Thumb Code    62  btod.o(CL$$btod_d2e)
    _d2e_denorm_low                          0x08000ff5   Thumb Code    70  btod.o(CL$$btod_d2e_denorm_low)
    _d2e_norm_op1                            0x0800103b   Thumb Code    96  btod.o(CL$$btod_d2e_norm_op1)
    __btod_div_common                        0x0800109b   Thumb Code   696  btod.o(CL$$btod_div_common)
    _e2e                                     0x080013d3   Thumb Code   220  btod.o(CL$$btod_e2e)
    _btod_ediv                               0x080014af   Thumb Code    42  btod.o(CL$$btod_ediv)
    _btod_emul                               0x080014d9   Thumb Code    42  btod.o(CL$$btod_emul)
    __btod_mult_common                       0x08001503   Thumb Code   580  btod.o(CL$$btod_mult_common)
    BusFault_Handler                         0x08001747   Thumb Code     4  stm32f4xx_it.o(i.BusFault_Handler)
    DMA1_Stream2_IRQHandler                  0x0800174d   Thumb Code    10  stm32f4xx_it.o(i.DMA1_Stream2_IRQHandler)
    DMA1_Stream5_IRQHandler                  0x0800175d   Thumb Code    10  stm32f4xx_it.o(i.DMA1_Stream5_IRQHandler)
    DMA2_Stream1_IRQHandler                  0x0800176d   Thumb Code    10  stm32f4xx_it.o(i.DMA2_Stream1_IRQHandler)
    DebugMon_Handler                         0x08001887   Thumb Code     2  stm32f4xx_it.o(i.DebugMon_Handler)
    Emm_V5_En_Control                        0x08001889   Thumb Code    70  emm_v5.o(i.Emm_V5_En_Control)
    Emm_V5_Vel_Control                       0x080018cf   Thumb Code    86  emm_v5.o(i.Emm_V5_Vel_Control)
    Error_Handler                            0x08001925   Thumb Code     6  main.o(i.Error_Handler)
    HAL_DMA_Abort                            0x0800192b   Thumb Code   172  stm32f4xx_hal_dma.o(i.HAL_DMA_Abort)
    HAL_DMA_Abort_IT                         0x080019d7   Thumb Code    40  stm32f4xx_hal_dma.o(i.HAL_DMA_Abort_IT)
    HAL_DMA_IRQHandler                       0x08001a01   Thumb Code   570  stm32f4xx_hal_dma.o(i.HAL_DMA_IRQHandler)
    HAL_DMA_Init                             0x08001c41   Thumb Code   232  stm32f4xx_hal_dma.o(i.HAL_DMA_Init)
    HAL_DMA_Start_IT                         0x08001d2d   Thumb Code   146  stm32f4xx_hal_dma.o(i.HAL_DMA_Start_IT)
    HAL_Delay                                0x08001dc1   Thumb Code    36  stm32f4xx_hal.o(i.HAL_Delay)
    HAL_GPIO_Init                            0x08001de9   Thumb Code   454  stm32f4xx_hal_gpio.o(i.HAL_GPIO_Init)
    HAL_GPIO_ReadPin                         0x08001fdd   Thumb Code    16  stm32f4xx_hal_gpio.o(i.HAL_GPIO_ReadPin)
    HAL_GPIO_WritePin                        0x08001fed   Thumb Code    12  stm32f4xx_hal_gpio.o(i.HAL_GPIO_WritePin)
    HAL_GetTick                              0x08001ff9   Thumb Code     6  stm32f4xx_hal.o(i.HAL_GetTick)
    HAL_I2C_Init                             0x08002005   Thumb Code   446  stm32f4xx_hal_i2c.o(i.HAL_I2C_Init)
    HAL_I2C_Master_Transmit                  0x080021d5   Thumb Code   360  stm32f4xx_hal_i2c.o(i.HAL_I2C_Master_Transmit)
    HAL_I2C_MspInit                          0x08002345   Thumb Code   124  i2c.o(i.HAL_I2C_MspInit)
    HAL_IncTick                              0x080023cd   Thumb Code    16  stm32f4xx_hal.o(i.HAL_IncTick)
    HAL_Init                                 0x080023e5   Thumb Code    54  stm32f4xx_hal.o(i.HAL_Init)
    HAL_InitTick                             0x08002421   Thumb Code    64  stm32f4xx_hal.o(i.HAL_InitTick)
    HAL_MspInit                              0x0800246d   Thumb Code    68  stm32f4xx_hal_msp.o(i.HAL_MspInit)
    HAL_NVIC_EnableIRQ                       0x080024b5   Thumb Code    40  stm32f4xx_hal_cortex.o(i.HAL_NVIC_EnableIRQ)
    HAL_NVIC_SetPriority                     0x080024dd   Thumb Code   124  stm32f4xx_hal_cortex.o(i.HAL_NVIC_SetPriority)
    HAL_NVIC_SetPriorityGrouping             0x08002559   Thumb Code    32  stm32f4xx_hal_cortex.o(i.HAL_NVIC_SetPriorityGrouping)
    HAL_RCC_ClockConfig                      0x08002581   Thumb Code   368  stm32f4xx_hal_rcc.o(i.HAL_RCC_ClockConfig)
    HAL_RCC_GetHCLKFreq                      0x08002705   Thumb Code     6  stm32f4xx_hal_rcc.o(i.HAL_RCC_GetHCLKFreq)
    HAL_RCC_GetPCLK1Freq                     0x08002711   Thumb Code    22  stm32f4xx_hal_rcc.o(i.HAL_RCC_GetPCLK1Freq)
    HAL_RCC_GetPCLK2Freq                     0x08002731   Thumb Code    22  stm32f4xx_hal_rcc.o(i.HAL_RCC_GetPCLK2Freq)
    HAL_RCC_GetSysClockFreq                  0x08002751   Thumb Code   162  stm32f4xx_hal_rcc.o(i.HAL_RCC_GetSysClockFreq)
    HAL_RCC_OscConfig                        0x08002801   Thumb Code  1172  stm32f4xx_hal_rcc.o(i.HAL_RCC_OscConfig)
    HAL_SPI_Init                             0x08002c9d   Thumb Code   200  stm32f4xx_hal_spi.o(i.HAL_SPI_Init)
    HAL_SPI_MspInit                          0x08002d65   Thumb Code   122  spi.o(i.HAL_SPI_MspInit)
    HAL_SPI_TransmitReceive                  0x08002ded   Thumb Code   584  stm32f4xx_hal_spi.o(i.HAL_SPI_TransmitReceive)
    HAL_SYSTICK_Config                       0x08003035   Thumb Code    52  stm32f4xx_hal_cortex.o(i.HAL_SYSTICK_Config)
    HAL_TIMEx_BreakCallback                  0x08003069   Thumb Code     2  stm32f4xx_hal_tim_ex.o(i.HAL_TIMEx_BreakCallback)
    HAL_TIMEx_CommutCallback                 0x0800306b   Thumb Code     2  stm32f4xx_hal_tim_ex.o(i.HAL_TIMEx_CommutCallback)
    HAL_TIMEx_MasterConfigSynchronization    0x0800306d   Thumb Code   150  stm32f4xx_hal_tim_ex.o(i.HAL_TIMEx_MasterConfigSynchronization)
    HAL_TIM_Base_Init                        0x08003121   Thumb Code   102  stm32f4xx_hal_tim.o(i.HAL_TIM_Base_Init)
    HAL_TIM_Base_MspInit                     0x08003189   Thumb Code    62  tim.o(i.HAL_TIM_Base_MspInit)
    HAL_TIM_Base_Start_IT                    0x080031cd   Thumb Code   138  stm32f4xx_hal_tim.o(i.HAL_TIM_Base_Start_IT)
    HAL_TIM_ConfigClockSource                0x08003275   Thumb Code   268  stm32f4xx_hal_tim.o(i.HAL_TIM_ConfigClockSource)
    HAL_TIM_IC_CaptureCallback               0x08003381   Thumb Code     2  stm32f4xx_hal_tim.o(i.HAL_TIM_IC_CaptureCallback)
    HAL_TIM_IRQHandler                       0x08003383   Thumb Code   364  stm32f4xx_hal_tim.o(i.HAL_TIM_IRQHandler)
    HAL_TIM_OC_DelayElapsedCallback          0x080034ef   Thumb Code     2  stm32f4xx_hal_tim.o(i.HAL_TIM_OC_DelayElapsedCallback)
    HAL_TIM_PWM_PulseFinishedCallback        0x080034f1   Thumb Code     2  stm32f4xx_hal_tim.o(i.HAL_TIM_PWM_PulseFinishedCallback)
    HAL_TIM_PeriodElapsedCallback            0x080034f5   Thumb Code   120  interrupt.o(i.HAL_TIM_PeriodElapsedCallback)
    HAL_TIM_TriggerCallback                  0x0800358d   Thumb Code     2  stm32f4xx_hal_tim.o(i.HAL_TIM_TriggerCallback)
    HAL_UARTEx_ReceiveToIdle_DMA             0x0800358f   Thumb Code   112  stm32f4xx_hal_uart.o(i.HAL_UARTEx_ReceiveToIdle_DMA)
    HAL_UARTEx_RxEventCallback               0x08003601   Thumb Code   208  uart_motor.o(i.HAL_UARTEx_RxEventCallback)
    HAL_UART_DMAStop                         0x0800371d   Thumb Code   138  stm32f4xx_hal_uart.o(i.HAL_UART_DMAStop)
    HAL_UART_ErrorCallback                   0x080037a7   Thumb Code     2  stm32f4xx_hal_uart.o(i.HAL_UART_ErrorCallback)
    HAL_UART_IRQHandler                      0x080037a9   Thumb Code   772  stm32f4xx_hal_uart.o(i.HAL_UART_IRQHandler)
    HAL_UART_Init                            0x08003ab1   Thumb Code   118  stm32f4xx_hal_uart.o(i.HAL_UART_Init)
    HAL_UART_MspInit                         0x08003b29   Thumb Code   558  usart.o(i.HAL_UART_MspInit)
    HAL_UART_RxCpltCallback                  0x08003d85   Thumb Code     2  stm32f4xx_hal_uart.o(i.HAL_UART_RxCpltCallback)
    HAL_UART_RxHalfCpltCallback              0x08003d87   Thumb Code     2  stm32f4xx_hal_uart.o(i.HAL_UART_RxHalfCpltCallback)
    HAL_UART_Transmit                        0x08003d89   Thumb Code   190  stm32f4xx_hal_uart.o(i.HAL_UART_Transmit)
    HAL_UART_TxCpltCallback                  0x08003e47   Thumb Code     2  stm32f4xx_hal_uart.o(i.HAL_UART_TxCpltCallback)
    HardFault_Handler                        0x08003e49   Thumb Code     4  stm32f4xx_it.o(i.HardFault_Handler)
    Key_Read                                 0x080041d1   Thumb Code    44  key_app.o(i.Key_Read)
    Key_Task                                 0x08004201   Thumb Code   110  key_app.o(i.Key_Task)
    MX_DMA_Init                              0x08004289   Thumb Code   114  dma.o(i.MX_DMA_Init)
    MX_GPIO_Init                             0x08004301   Thumb Code   286  gpio.o(i.MX_GPIO_Init)
    MX_I2C2_Init                             0x08004431   Thumb Code    48  i2c.o(i.MX_I2C2_Init)
    MX_SPI1_Init                             0x0800446d   Thumb Code    58  spi.o(i.MX_SPI1_Init)
    MX_TIM2_Init                             0x080044b1   Thumb Code   104  tim.o(i.MX_TIM2_Init)
    MX_UART4_Init                            0x0800451d   Thumb Code    46  usart.o(i.MX_UART4_Init)
    MX_USART2_UART_Init                      0x08004555   Thumb Code    46  usart.o(i.MX_USART2_UART_Init)
    MX_USART6_UART_Init                      0x0800458d   Thumb Code    46  usart.o(i.MX_USART6_UART_Init)
    MemManage_Handler                        0x080045c5   Thumb Code     4  stm32f4xx_it.o(i.MemManage_Handler)
    Menu_Init                                0x080045f1   Thumb Code   256  oled_app.o(i.Menu_Init)
    Menu_ProcessKey                          0x08004789   Thumb Code   246  oled_app.o(i.Menu_ProcessKey)
    Menu_Run                                 0x08004889   Thumb Code   278  oled_app.o(i.Menu_Run)
    Motor_Position_Control                   0x08004a19   Thumb Code    94  pid_app.o(i.Motor_Position_Control)
    My_TIM_Init                              0x08004a79   Thumb Code    38  interrupt.o(i.My_TIM_Init)
    My_UartInit                              0x08004aa5   Thumb Code    56  uart_motor.o(i.My_UartInit)
    NMI_Handler                              0x08004af5   Thumb Code     4  stm32f4xx_it.o(i.NMI_Handler)
    OLED_Init                                0x08004af9   Thumb Code   180  oled.o(i.OLED_Init)
    OLED_NewFrame                            0x08004bad   Thumb Code    14  oled.o(i.OLED_NewFrame)
    OLED_PrintASCIIChar                      0x08004bc1   Thumb Code    66  oled.o(i.OLED_PrintASCIIChar)
    OLED_PrintString                         0x08004c03   Thumb Code   224  oled.o(i.OLED_PrintString)
    OLED_Send                                0x08004ce5   Thumb Code    26  oled.o(i.OLED_Send)
    OLED_SendCmd                             0x08004d05   Thumb Code    16  oled.o(i.OLED_SendCmd)
    OLED_SetBits                             0x08004d19   Thumb Code    98  oled.o(i.OLED_SetBits)
    OLED_SetBits_Fine                        0x08004d7b   Thumb Code   136  oled.o(i.OLED_SetBits_Fine)
    OLED_SetBlock                            0x08004e03   Thumb Code   154  oled.o(i.OLED_SetBlock)
    OLED_SetByte_Fine                        0x08004e9d   Thumb Code   116  oled.o(i.OLED_SetByte_Fine)
    OLED_ShowFrame                           0x08004f19   Thumb Code    68  oled.o(i.OLED_ShowFrame)
    Parse_M0_Data                            0x08004f65   Thumb Code    74  uart_motor.o(i.Parse_M0_Data)
    PendSV_Handler                           0x08004fbd   Thumb Code     2  stm32f4xx_it.o(i.PendSV_Handler)
    Pid_Init                                 0x08004fc1   Thumb Code   148  pid_app.o(i.Pid_Init)
    Pid_Task                                 0x080052ad   Thumb Code    62  pid_app.o(i.Pid_Task)
    SVC_Handler                              0x08005455   Thumb Code     2  stm32f4xx_it.o(i.SVC_Handler)
    SysTick_Handler                          0x08005457   Thumb Code     8  stm32f4xx_it.o(i.SysTick_Handler)
    SystemClock_Config                       0x08005461   Thumb Code   170  main.o(i.SystemClock_Config)
    SystemInit                               0x08005515   Thumb Code    14  system_stm32f4xx.o(i.SystemInit)
    TIM2_IRQHandler                          0x08005529   Thumb Code    10  stm32f4xx_it.o(i.TIM2_IRQHandler)
    TIM_Base_SetConfig                       0x08005539   Thumb Code   178  stm32f4xx_hal_tim.o(i.TIM_Base_SetConfig)
    TIM_ETR_SetConfig                        0x08005619   Thumb Code    22  stm32f4xx_hal_tim.o(i.TIM_ETR_SetConfig)
    UART4_IRQHandler                         0x08005691   Thumb Code    10  stm32f4xx_it.o(i.UART4_IRQHandler)
    UART_Start_Receive_DMA                   0x08005bb5   Thumb Code   202  stm32f4xx_hal_uart.o(i.UART_Start_Receive_DMA)
    USART2_IRQHandler                        0x08005d79   Thumb Code    10  stm32f4xx_it.o(i.USART2_IRQHandler)
    USART6_IRQHandler                        0x08005d89   Thumb Code    10  stm32f4xx_it.o(i.USART6_IRQHandler)
    Uart_Parse                               0x08005d99   Thumb Code    34  interrupt.o(i.Uart_Parse)
    Uart_Proc                                0x08005dc9   Thumb Code    24  uart_motor.o(i.Uart_Proc)
    UsageFault_Handler                       0x08005de9   Thumb Code     4  stm32f4xx_it.o(i.UsageFault_Handler)
    W25QXX_Erase_Sector                      0x08005ded   Thumb Code    68  w25qxx.o(i.W25QXX_Erase_Sector)
    W25QXX_Init                              0x08005e35   Thumb Code    78  w25qxx.o(i.W25QXX_Init)
    W25QXX_Read                              0x08005e95   Thumb Code    82  w25qxx.o(i.W25QXX_Read)
    W25QXX_ReadCapacity                      0x08005eed   Thumb Code    86  w25qxx.o(i.W25QXX_ReadCapacity)
    W25QXX_ReadCoordinate                    0x08005f49   Thumb Code    72  flash_app.o(i.W25QXX_ReadCoordinate)
    W25QXX_ReadID                            0x08005f91   Thumb Code    70  w25qxx.o(i.W25QXX_ReadID)
    W25QXX_ReadSR                            0x08005fdd   Thumb Code    42  w25qxx.o(i.W25QXX_ReadSR)
    W25QXX_ReadUniqueID                      0x0800600d   Thumb Code    76  w25qxx.o(i.W25QXX_ReadUniqueID)
    W25QXX_Wait_Busy                         0x08006085   Thumb Code    18  w25qxx.o(i.W25QXX_Wait_Busy)
    W25QXX_Write                             0x08006099   Thumb Code   180  w25qxx.o(i.W25QXX_Write)
    W25QXX_WriteCoordinate                   0x08006151   Thumb Code    64  flash_app.o(i.W25QXX_WriteCoordinate)
    W25QXX_Write_Enable                      0x08006191   Thumb Code    30  w25qxx.o(i.W25QXX_Write_Enable)
    W25QXX_Write_NoCheck                     0x080061b5   Thumb Code    70  w25qxx.o(i.W25QXX_Write_NoCheck)
    W25QXX_Write_Page                        0x080061fd   Thumb Code    88  w25qxx.o(i.W25QXX_Write_Page)
    _OLED_GetUTF8Len                         0x08006259   Thumb Code    60  oled.o(i._OLED_GetUTF8Len)
    __ARM_fpclassify                         0x08006295   Thumb Code    48  fpclassify.o(i.__ARM_fpclassify)
    _is_digit                                0x080062fd   Thumb Code    14  __printf_wp.o(i._is_digit)
    main                                     0x0800634d   Thumb Code   118  main.o(i.main)
    parse_serial_data                        0x0800645d   Thumb Code    64  parse_app.o(i.parse_serial_data)
    pid_calculate_positional                 0x080064a1   Thumb Code    38  pid.o(i.pid_calculate_positional)
    pid_init                                 0x08006541   Thumb Code    78  pid.o(i.pid_init)
    pid_set_target                           0x080065d5   Thumb Code     6  pid.o(i.pid_set_target)
    scheduler_init                           0x080065dd   Thumb Code     8  scheduler.o(i.scheduler_init)
    scheduler_run                            0x080065e9   Thumb Code    78  scheduler.o(i.scheduler_run)
    _get_lc_numeric                          0x08006641   Thumb Code    44  lc_numeric_c.o(locale$$code)
    __fpl_dretinf                            0x0800666d   Thumb Code    12  dretinf.o(x$fpl$dretinf)
    __aeabi_f2d                              0x08006679   Thumb Code     0  f2d.o(x$fpl$f2d)
    _f2d                                     0x08006679   Thumb Code    86  f2d.o(x$fpl$f2d)
    __fpl_fnaninf                            0x080066cf   Thumb Code   140  fnaninf.o(x$fpl$fnaninf)
    _fp_init                                 0x0800675b   Thumb Code    10  fpinit.o(x$fpl$fpinit)
    __fplib_config_fpu_vfp                   0x08006763   Thumb Code     0  fpinit.o(x$fpl$fpinit)
    __fplib_config_pureend_doubles           0x08006763   Thumb Code     0  fpinit.o(x$fpl$fpinit)
    _printf_fp_dec                           0x08006765   Thumb Code     4  printf1.o(x$fpl$printf1)
    __I$use$fp                               0x08006768   Number         0  usenofp.o(x$fpl$usenofp)
    ascii_8x6                                0x08006768   Data         552  font.o(.constdata)
    afont8x6                                 0x08006990   Data           8  font.o(.constdata)
    ascii_12x6                               0x08006998   Data        1140  font.o(.constdata)
    afont12x6                                0x08006e0c   Data           8  font.o(.constdata)
    ascii_16x8                               0x08006e14   Data        1520  font.o(.constdata)
    afont16x8                                0x08007404   Data           8  font.o(.constdata)
    ascii_24x12                              0x0800740c   Data        3420  font.o(.constdata)
    afont24x12                               0x08008168   Data           8  font.o(.constdata)
    zh16x16                                  0x08008170   Data         144  font.o(.constdata)
    font16x16                                0x08008200   Data          16  font.o(.constdata)
    bilibiliData                             0x08008210   Data         306  font.o(.constdata)
    bilibiliImg                              0x08008344   Data           8  font.o(.constdata)
    AHBPrescTable                            0x08008354   Data          16  system_stm32f4xx.o(.constdata)
    APBPrescTable                            0x08008364   Data           8  system_stm32f4xx.o(.constdata)
    Region$$Table$$Base                      0x08008414   Number         0  anon$$obj.o(Region$$Table)
    Region$$Table$$Limit                     0x08008434   Number         0  anon$$obj.o(Region$$Table)
    W25QXX_TYPE                              0x20000004   Data           2  w25qxx.o(.data)
    W25QXX_SIZE                              0x20000008   Data           4  w25qxx.o(.data)
    W25QXX_UID                               0x2000000c   Data           8  w25qxx.o(.data)
    uwTick                                   0x20000014   Data           4  stm32f4xx_hal.o(.data)
    uwTickPrio                               0x20000018   Data           4  stm32f4xx_hal.o(.data)
    uwTickFreq                               0x2000001c   Data           1  stm32f4xx_hal.o(.data)
    SystemCoreClock                          0x20000020   Data           4  system_stm32f4xx.o(.data)
    Timer_10ms                               0x20000024   Data           1  interrupt.o(.data)
    Timer_Turn                               0x20000026   Data           2  interrupt.o(.data)
    uart2_flag                               0x20000028   Data           1  uart_motor.o(.data)
    uart4_flag                               0x20000029   Data           1  uart_motor.o(.data)
    Turn_Flag                                0x2000002a   Data           1  uart_motor.o(.data)
    car_point                                0x2000002b   Data           1  uart_motor.o(.data)
    uart6_flag                               0x2000002c   Data           1  uart_motor.o(.data)
    uart6_size                               0x2000002d   Data           1  uart_motor.o(.data)
    task_num                                 0x20000030   Data           1  scheduler.o(.data)
    Pid_Running                              0x20000058   Data           1  pid_app.o(.data)
    cross_OK                                 0x20000059   Data           1  pid_app.o(.data)
    laser_open                               0x2000005a   Data           1  pid_app.o(.data)
    pid_mode                                 0x2000005b   Data           1  pid_app.o(.data)
    X_Output                                 0x2000005c   Data           4  pid_app.o(.data)
    Y_Output                                 0x20000060   Data           4  pid_app.o(.data)
    Timer_500ms                              0x20000064   Data           2  pid_app.o(.data)
    X_para                                   0x20000068   Data          20  pid_app.o(.data)
    X_big_jin_para                           0x2000007c   Data          20  pid_app.o(.data)
    X_big_yuan_para                          0x20000090   Data          20  pid_app.o(.data)
    Key_Down                                 0x200000a4   Data           1  key_app.o(.data)
    Key_Val                                  0x200000a5   Data           1  key_app.o(.data)
    Key_Up                                   0x200000a6   Data           1  key_app.o(.data)
    Key_Old                                  0x200000a7   Data           1  key_app.o(.data)
    g_circle                                 0x200000a8   Data           8  parse_app.o(.data)
    g_laser                                  0x200000b0   Data           8  parse_app.o(.data)
    cross                                    0x200000b8   Data           8  parse_app.o(.data)
    test_flash                               0x200000c4   Data           4  flash_app.o(.data)
    hi2c2                                    0x200000d0   Data          84  i2c.o(.bss)
    hspi1                                    0x20000124   Data          88  spi.o(.bss)
    htim2                                    0x2000017c   Data          72  tim.o(.bss)
    huart4                                   0x200001c4   Data          72  usart.o(.bss)
    huart2                                   0x2000020c   Data          72  usart.o(.bss)
    huart6                                   0x20000254   Data          72  usart.o(.bss)
    hdma_uart4_rx                            0x2000029c   Data          96  usart.o(.bss)
    hdma_usart2_rx                           0x200002fc   Data          96  usart.o(.bss)
    hdma_usart6_rx                           0x2000035c   Data          96  usart.o(.bss)
    OLED_GRAM                                0x200003bc   Data        1024  oled.o(.bss)
    W25QXX_BUFFER                            0x2000083d   Data        4096  w25qxx.o(.bss)
    uart2_dma_rx_buffer                      0x2000183d   Data          64  uart_motor.o(.bss)
    uart2_read_buffer                        0x2000187d   Data          64  uart_motor.o(.bss)
    uart4_dma_rx_buffer                      0x200018bd   Data          64  uart_motor.o(.bss)
    uart4_read_buffer                        0x200018fd   Data          64  uart_motor.o(.bss)
    uart6_dma_rx_buffer                      0x2000193d   Data          64  uart_motor.o(.bss)
    uart6_read_buffer                        0x2000197d   Data          64  uart_motor.o(.bss)
    X_pid                                    0x200019c0   Data          60  pid_app.o(.bss)
    X_big_jin_pid                            0x200019fc   Data          60  pid_app.o(.bss)
    X_big_yuan_pid                           0x20001a38   Data          60  pid_app.o(.bss)
    __libspace_start                         0x20001b94   Data          96  libspace.o(.bss)
    __temporary_stack_top$libspace           0x20001bf4   Data           0  libspace.o(.bss)



==============================================================================

Memory Map of the image

  Image Entry point : 0x08000189

  Load Region LR_IROM1 (Base: 0x08000000, Size: 0x00008520, Max: 0x00080000, ABSOLUTE)

    Execution Region ER_IROM1 (Exec base: 0x08000000, Load base: 0x08000000, Size: 0x00008450, Max: 0x00080000, ABSOLUTE)

    Exec Addr    Load Addr    Size         Type   Attr      Idx    E Section Name        Object

    0x08000000   0x08000000   0x00000188   Data   RO            3    RESET               startup_stm32f407xx.o
    0x08000188   0x08000188   0x00000008   Code   RO         5003  * !!!main             c_w.l(__main.o)
    0x08000190   0x08000190   0x00000034   Code   RO         5339    !!!scatter          c_w.l(__scatter.o)
    0x080001c4   0x080001c4   0x0000001a   Code   RO         5341    !!handler_copy      c_w.l(__scatter_copy.o)
    0x080001de   0x080001de   0x00000002   PAD
    0x080001e0   0x080001e0   0x0000001c   Code   RO         5343    !!handler_zi        c_w.l(__scatter_zi.o)
    0x080001fc   0x080001fc   0x00000000   Code   RO         4990    .ARM.Collect$$_printf_percent$$00000000  c_w.l(_printf_percent.o)
    0x080001fc   0x080001fc   0x00000006   Code   RO         4989    .ARM.Collect$$_printf_percent$$00000003  c_w.l(_printf_f.o)
    0x08000202   0x08000202   0x00000006   Code   RO         4988    .ARM.Collect$$_printf_percent$$00000009  c_w.l(_printf_d.o)
    0x08000208   0x08000208   0x00000004   Code   RO         5093    .ARM.Collect$$_printf_percent$$00000017  c_w.l(_printf_percent_end.o)
    0x0800020c   0x0800020c   0x00000002   Code   RO         5207    .ARM.Collect$$libinit$$00000000  c_w.l(libinit.o)
    0x0800020e   0x0800020e   0x00000004   Code   RO         5208    .ARM.Collect$$libinit$$00000001  c_w.l(libinit2.o)
    0x08000212   0x08000212   0x00000000   Code   RO         5211    .ARM.Collect$$libinit$$00000004  c_w.l(libinit2.o)
    0x08000212   0x08000212   0x00000000   Code   RO         5214    .ARM.Collect$$libinit$$0000000A  c_w.l(libinit2.o)
    0x08000212   0x08000212   0x00000000   Code   RO         5216    .ARM.Collect$$libinit$$0000000C  c_w.l(libinit2.o)
    0x08000212   0x08000212   0x00000000   Code   RO         5218    .ARM.Collect$$libinit$$0000000E  c_w.l(libinit2.o)
    0x08000212   0x08000212   0x00000006   Code   RO         5219    .ARM.Collect$$libinit$$0000000F  c_w.l(libinit2.o)
    0x08000218   0x08000218   0x00000000   Code   RO         5221    .ARM.Collect$$libinit$$00000011  c_w.l(libinit2.o)
    0x08000218   0x08000218   0x00000000   Code   RO         5223    .ARM.Collect$$libinit$$00000013  c_w.l(libinit2.o)
    0x08000218   0x08000218   0x00000000   Code   RO         5225    .ARM.Collect$$libinit$$00000015  c_w.l(libinit2.o)
    0x08000218   0x08000218   0x0000000a   Code   RO         5226    .ARM.Collect$$libinit$$00000016  c_w.l(libinit2.o)
    0x08000222   0x08000222   0x00000000   Code   RO         5227    .ARM.Collect$$libinit$$00000017  c_w.l(libinit2.o)
    0x08000222   0x08000222   0x00000000   Code   RO         5229    .ARM.Collect$$libinit$$00000019  c_w.l(libinit2.o)
    0x08000222   0x08000222   0x00000000   Code   RO         5231    .ARM.Collect$$libinit$$0000001B  c_w.l(libinit2.o)
    0x08000222   0x08000222   0x00000000   Code   RO         5233    .ARM.Collect$$libinit$$0000001D  c_w.l(libinit2.o)
    0x08000222   0x08000222   0x00000000   Code   RO         5235    .ARM.Collect$$libinit$$0000001F  c_w.l(libinit2.o)
    0x08000222   0x08000222   0x00000000   Code   RO         5237    .ARM.Collect$$libinit$$00000021  c_w.l(libinit2.o)
    0x08000222   0x08000222   0x00000000   Code   RO         5239    .ARM.Collect$$libinit$$00000023  c_w.l(libinit2.o)
    0x08000222   0x08000222   0x00000000   Code   RO         5241    .ARM.Collect$$libinit$$00000025  c_w.l(libinit2.o)
    0x08000222   0x08000222   0x00000000   Code   RO         5245    .ARM.Collect$$libinit$$0000002C  c_w.l(libinit2.o)
    0x08000222   0x08000222   0x00000000   Code   RO         5247    .ARM.Collect$$libinit$$0000002E  c_w.l(libinit2.o)
    0x08000222   0x08000222   0x00000000   Code   RO         5249    .ARM.Collect$$libinit$$00000030  c_w.l(libinit2.o)
    0x08000222   0x08000222   0x00000000   Code   RO         5251    .ARM.Collect$$libinit$$00000032  c_w.l(libinit2.o)
    0x08000222   0x08000222   0x00000002   Code   RO         5252    .ARM.Collect$$libinit$$00000033  c_w.l(libinit2.o)
    0x08000224   0x08000224   0x00000002   Code   RO         5302    .ARM.Collect$$libshutdown$$00000000  c_w.l(libshutdown.o)
    0x08000226   0x08000226   0x00000000   Code   RO         5320    .ARM.Collect$$libshutdown$$00000002  c_w.l(libshutdown2.o)
    0x08000226   0x08000226   0x00000000   Code   RO         5322    .ARM.Collect$$libshutdown$$00000004  c_w.l(libshutdown2.o)
    0x08000226   0x08000226   0x00000000   Code   RO         5324    .ARM.Collect$$libshutdown$$00000006  c_w.l(libshutdown2.o)
    0x08000226   0x08000226   0x00000000   Code   RO         5327    .ARM.Collect$$libshutdown$$00000009  c_w.l(libshutdown2.o)
    0x08000226   0x08000226   0x00000000   Code   RO         5330    .ARM.Collect$$libshutdown$$0000000C  c_w.l(libshutdown2.o)
    0x08000226   0x08000226   0x00000000   Code   RO         5332    .ARM.Collect$$libshutdown$$0000000E  c_w.l(libshutdown2.o)
    0x08000226   0x08000226   0x00000000   Code   RO         5335    .ARM.Collect$$libshutdown$$00000011  c_w.l(libshutdown2.o)
    0x08000226   0x08000226   0x00000002   Code   RO         5336    .ARM.Collect$$libshutdown$$00000012  c_w.l(libshutdown2.o)
    0x08000228   0x08000228   0x00000000   Code   RO         5027    .ARM.Collect$$rtentry$$00000000  c_w.l(__rtentry.o)
    0x08000228   0x08000228   0x00000000   Code   RO         5119    .ARM.Collect$$rtentry$$00000002  c_w.l(__rtentry2.o)
    0x08000228   0x08000228   0x00000006   Code   RO         5131    .ARM.Collect$$rtentry$$00000004  c_w.l(__rtentry4.o)
    0x0800022e   0x0800022e   0x00000000   Code   RO         5121    .ARM.Collect$$rtentry$$00000009  c_w.l(__rtentry2.o)
    0x0800022e   0x0800022e   0x00000004   Code   RO         5122    .ARM.Collect$$rtentry$$0000000A  c_w.l(__rtentry2.o)
    0x08000232   0x08000232   0x00000000   Code   RO         5124    .ARM.Collect$$rtentry$$0000000C  c_w.l(__rtentry2.o)
    0x08000232   0x08000232   0x00000008   Code   RO         5125    .ARM.Collect$$rtentry$$0000000D  c_w.l(__rtentry2.o)
    0x0800023a   0x0800023a   0x00000002   Code   RO         5253    .ARM.Collect$$rtexit$$00000000  c_w.l(rtexit.o)
    0x0800023c   0x0800023c   0x00000000   Code   RO         5271    .ARM.Collect$$rtexit$$00000002  c_w.l(rtexit2.o)
    0x0800023c   0x0800023c   0x00000004   Code   RO         5272    .ARM.Collect$$rtexit$$00000003  c_w.l(rtexit2.o)
    0x08000240   0x08000240   0x00000006   Code   RO         5273    .ARM.Collect$$rtexit$$00000004  c_w.l(rtexit2.o)
    0x08000246   0x08000246   0x00000002   PAD
    0x08000248   0x08000248   0x00000040   Code   RO            4    .text               startup_stm32f407xx.o
    0x08000288   0x08000288   0x000000ee   Code   RO         4956    .text               c_w.l(lludivv7m.o)
    0x08000376   0x08000376   0x00000002   PAD
    0x08000378   0x08000378   0x0000002c   Code   RO         4960    .text               c_w.l(__2sprintf.o)
    0x080003a4   0x080003a4   0x00000078   Code   RO         4966    .text               c_w.l(_printf_dec.o)
    0x0800041c   0x0800041c   0x00000188   Code   RO         4985    .text               c_w.l(__printf_flags_ss_wp.o)
    0x080005a4   0x080005a4   0x00000058   Code   RO         4991    .text               c_w.l(memcmp.o)
    0x080005fc   0x080005fc   0x0000003e   Code   RO         4993    .text               c_w.l(strlen.o)
    0x0800063a   0x0800063a   0x0000008a   Code   RO         4995    .text               c_w.l(rt_memcpy_v6.o)
    0x080006c4   0x080006c4   0x00000044   Code   RO         4997    .text               c_w.l(rt_memclr.o)
    0x08000708   0x08000708   0x0000004e   Code   RO         4999    .text               c_w.l(rt_memclr_w.o)
    0x08000756   0x08000756   0x00000006   Code   RO         5001    .text               c_w.l(heapauxi.o)
    0x0800075c   0x0800075c   0x000000b2   Code   RO         5038    .text               c_w.l(_printf_intcommon.o)
    0x0800080e   0x0800080e   0x0000041e   Code   RO         5042    .text               c_w.l(_printf_fp_dec.o)
    0x08000c2c   0x08000c2c   0x00000030   Code   RO         5044    .text               c_w.l(_printf_char_common.o)
    0x08000c5c   0x08000c5c   0x0000000a   Code   RO         5046    .text               c_w.l(_sputc.o)
    0x08000c66   0x08000c66   0x00000064   Code   RO         5103    .text               c_w.l(rt_memcpy_w.o)
    0x08000cca   0x08000cca   0x00000002   PAD
    0x08000ccc   0x08000ccc   0x00000008   Code   RO         5138    .text               c_w.l(rt_locale_intlibspace.o)
    0x08000cd4   0x08000cd4   0x0000008a   Code   RO         5140    .text               c_w.l(lludiv10.o)
    0x08000d5e   0x08000d5e   0x00000002   PAD
    0x08000d60   0x08000d60   0x00000080   Code   RO         5145    .text               c_w.l(_printf_fp_infnan.o)
    0x08000de0   0x08000de0   0x000000e4   Code   RO         5153    .text               c_w.l(bigflt0.o)
    0x08000ec4   0x08000ec4   0x00000008   Code   RO         5187    .text               c_w.l(libspace.o)
    0x08000ecc   0x08000ecc   0x0000004a   Code   RO         5190    .text               c_w.l(sys_stackheap_outer.o)
    0x08000f16   0x08000f16   0x00000012   Code   RO         5194    .text               c_w.l(exit.o)
    0x08000f28   0x08000f28   0x00000080   Code   RO         5200    .text               c_w.l(strcmpv7m.o)
    0x08000fa8   0x08000fa8   0x0000000c   Code   RO         5268    .text               c_w.l(sys_exit.o)
    0x08000fb4   0x08000fb4   0x00000002   Code   RO         5289    .text               c_w.l(use_no_semi.o)
    0x08000fb6   0x08000fb6   0x00000000   Code   RO         5291    .text               c_w.l(indicate_semi.o)
    0x08000fb6   0x08000fb6   0x0000003e   Code   RO         5156    CL$$btod_d2e        c_w.l(btod.o)
    0x08000ff4   0x08000ff4   0x00000046   Code   RO         5158    CL$$btod_d2e_denorm_low  c_w.l(btod.o)
    0x0800103a   0x0800103a   0x00000060   Code   RO         5157    CL$$btod_d2e_norm_op1  c_w.l(btod.o)
    0x0800109a   0x0800109a   0x00000338   Code   RO         5166    CL$$btod_div_common  c_w.l(btod.o)
    0x080013d2   0x080013d2   0x000000dc   Code   RO         5163    CL$$btod_e2e        c_w.l(btod.o)
    0x080014ae   0x080014ae   0x0000002a   Code   RO         5160    CL$$btod_ediv       c_w.l(btod.o)
    0x080014d8   0x080014d8   0x0000002a   Code   RO         5159    CL$$btod_emul       c_w.l(btod.o)
    0x08001502   0x08001502   0x00000244   Code   RO         5165    CL$$btod_mult_common  c_w.l(btod.o)
    0x08001746   0x08001746   0x00000004   Code   RO          474    i.BusFault_Handler  stm32f4xx_it.o
    0x0800174a   0x0800174a   0x00000002   PAD
    0x0800174c   0x0800174c   0x00000010   Code   RO          475    i.DMA1_Stream2_IRQHandler  stm32f4xx_it.o
    0x0800175c   0x0800175c   0x00000010   Code   RO          476    i.DMA1_Stream5_IRQHandler  stm32f4xx_it.o
    0x0800176c   0x0800176c   0x00000010   Code   RO          477    i.DMA2_Stream1_IRQHandler  stm32f4xx_it.o
    0x0800177c   0x0800177c   0x00000034   Code   RO         2047    i.DMA_CalcBaseAndBitshift  stm32f4xx_hal_dma.o
    0x080017b0   0x080017b0   0x000000aa   Code   RO         2048    i.DMA_CheckFifoParam  stm32f4xx_hal_dma.o
    0x0800185a   0x0800185a   0x0000002c   Code   RO         2049    i.DMA_SetConfig     stm32f4xx_hal_dma.o
    0x08001886   0x08001886   0x00000002   Code   RO          478    i.DebugMon_Handler  stm32f4xx_it.o
    0x08001888   0x08001888   0x00000046   Code   RO         4849    i.Emm_V5_En_Control  emm_v5.o
    0x080018ce   0x080018ce   0x00000056   Code   RO         4862    i.Emm_V5_Vel_Control  emm_v5.o
    0x08001924   0x08001924   0x00000006   Code   RO           13    i.Error_Handler     main.o
    0x0800192a   0x0800192a   0x000000ac   Code   RO         2050    i.HAL_DMA_Abort     stm32f4xx_hal_dma.o
    0x080019d6   0x080019d6   0x00000028   Code   RO         2051    i.HAL_DMA_Abort_IT  stm32f4xx_hal_dma.o
    0x080019fe   0x080019fe   0x00000002   PAD
    0x08001a00   0x08001a00   0x00000240   Code   RO         2055    i.HAL_DMA_IRQHandler  stm32f4xx_hal_dma.o
    0x08001c40   0x08001c40   0x000000ec   Code   RO         2056    i.HAL_DMA_Init      stm32f4xx_hal_dma.o
    0x08001d2c   0x08001d2c   0x00000092   Code   RO         2060    i.HAL_DMA_Start_IT  stm32f4xx_hal_dma.o
    0x08001dbe   0x08001dbe   0x00000002   PAD
    0x08001dc0   0x08001dc0   0x00000028   Code   RO         2492    i.HAL_Delay         stm32f4xx_hal.o
    0x08001de8   0x08001de8   0x000001f4   Code   RO         1943    i.HAL_GPIO_Init     stm32f4xx_hal_gpio.o
    0x08001fdc   0x08001fdc   0x00000010   Code   RO         1945    i.HAL_GPIO_ReadPin  stm32f4xx_hal_gpio.o
    0x08001fec   0x08001fec   0x0000000c   Code   RO         1947    i.HAL_GPIO_WritePin  stm32f4xx_hal_gpio.o
    0x08001ff8   0x08001ff8   0x0000000c   Code   RO         2498    i.HAL_GetTick       stm32f4xx_hal.o
    0x08002004   0x08002004   0x000001d0   Code   RO         1059    i.HAL_I2C_Init      stm32f4xx_hal_i2c.o
    0x080021d4   0x080021d4   0x00000170   Code   RO         1072    i.HAL_I2C_Master_Transmit  stm32f4xx_hal_i2c.o
    0x08002344   0x08002344   0x00000088   Code   RO          295    i.HAL_I2C_MspInit   i2c.o
    0x080023cc   0x080023cc   0x00000018   Code   RO         2504    i.HAL_IncTick       stm32f4xx_hal.o
    0x080023e4   0x080023e4   0x0000003c   Code   RO         2505    i.HAL_Init          stm32f4xx_hal.o
    0x08002420   0x08002420   0x0000004c   Code   RO         2506    i.HAL_InitTick      stm32f4xx_hal.o
    0x0800246c   0x0800246c   0x00000048   Code   RO          592    i.HAL_MspInit       stm32f4xx_hal_msp.o
    0x080024b4   0x080024b4   0x00000028   Code   RO         2335    i.HAL_NVIC_EnableIRQ  stm32f4xx_hal_cortex.o
    0x080024dc   0x080024dc   0x0000007c   Code   RO         2341    i.HAL_NVIC_SetPriority  stm32f4xx_hal_cortex.o
    0x08002558   0x08002558   0x00000028   Code   RO         2342    i.HAL_NVIC_SetPriorityGrouping  stm32f4xx_hal_cortex.o
    0x08002580   0x08002580   0x00000184   Code   RO         1544    i.HAL_RCC_ClockConfig  stm32f4xx_hal_rcc.o
    0x08002704   0x08002704   0x0000000c   Code   RO         1549    i.HAL_RCC_GetHCLKFreq  stm32f4xx_hal_rcc.o
    0x08002710   0x08002710   0x00000020   Code   RO         1551    i.HAL_RCC_GetPCLK1Freq  stm32f4xx_hal_rcc.o
    0x08002730   0x08002730   0x00000020   Code   RO         1552    i.HAL_RCC_GetPCLK2Freq  stm32f4xx_hal_rcc.o
    0x08002750   0x08002750   0x000000b0   Code   RO         1553    i.HAL_RCC_GetSysClockFreq  stm32f4xx_hal_rcc.o
    0x08002800   0x08002800   0x0000049c   Code   RO         1556    i.HAL_RCC_OscConfig  stm32f4xx_hal_rcc.o
    0x08002c9c   0x08002c9c   0x000000c8   Code   RO         2754    i.HAL_SPI_Init      stm32f4xx_hal_spi.o
    0x08002d64   0x08002d64   0x00000088   Code   RO          337    i.HAL_SPI_MspInit   spi.o
    0x08002dec   0x08002dec   0x00000248   Code   RO         2763    i.HAL_SPI_TransmitReceive  stm32f4xx_hal_spi.o
    0x08003034   0x08003034   0x00000034   Code   RO         2346    i.HAL_SYSTICK_Config  stm32f4xx_hal_cortex.o
    0x08003068   0x08003068   0x00000002   Code   RO         3782    i.HAL_TIMEx_BreakCallback  stm32f4xx_hal_tim_ex.o
    0x0800306a   0x0800306a   0x00000002   Code   RO         3783    i.HAL_TIMEx_CommutCallback  stm32f4xx_hal_tim_ex.o
    0x0800306c   0x0800306c   0x000000b4   Code   RO         3801    i.HAL_TIMEx_MasterConfigSynchronization  stm32f4xx_hal_tim_ex.o
    0x08003120   0x08003120   0x00000066   Code   RO         3067    i.HAL_TIM_Base_Init  stm32f4xx_hal_tim.o
    0x08003186   0x08003186   0x00000002   PAD
    0x08003188   0x08003188   0x00000044   Code   RO          379    i.HAL_TIM_Base_MspInit  tim.o
    0x080031cc   0x080031cc   0x000000a8   Code   RO         3072    i.HAL_TIM_Base_Start_IT  stm32f4xx_hal_tim.o
    0x08003274   0x08003274   0x0000010c   Code   RO         3076    i.HAL_TIM_ConfigClockSource  stm32f4xx_hal_tim.o
    0x08003380   0x08003380   0x00000002   Code   RO         3101    i.HAL_TIM_IC_CaptureCallback  stm32f4xx_hal_tim.o
    0x08003382   0x08003382   0x0000016c   Code   RO         3115    i.HAL_TIM_IRQHandler  stm32f4xx_hal_tim.o
    0x080034ee   0x080034ee   0x00000002   Code   RO         3118    i.HAL_TIM_OC_DelayElapsedCallback  stm32f4xx_hal_tim.o
    0x080034f0   0x080034f0   0x00000002   Code   RO         3145    i.HAL_TIM_PWM_PulseFinishedCallback  stm32f4xx_hal_tim.o
    0x080034f2   0x080034f2   0x00000002   PAD
    0x080034f4   0x080034f4   0x00000098   Code   RO         4459    i.HAL_TIM_PeriodElapsedCallback  interrupt.o
    0x0800358c   0x0800358c   0x00000002   Code   RO         3158    i.HAL_TIM_TriggerCallback  stm32f4xx_hal_tim.o
    0x0800358e   0x0800358e   0x00000070   Code   RO         4059    i.HAL_UARTEx_ReceiveToIdle_DMA  stm32f4xx_hal_uart.o
    0x080035fe   0x080035fe   0x00000002   PAD
    0x08003600   0x08003600   0x0000011c   Code   RO         4531    i.HAL_UARTEx_RxEventCallback  uart_motor.o
    0x0800371c   0x0800371c   0x0000008a   Code   RO         4073    i.HAL_UART_DMAStop  stm32f4xx_hal_uart.o
    0x080037a6   0x080037a6   0x00000002   Code   RO         4075    i.HAL_UART_ErrorCallback  stm32f4xx_hal_uart.o
    0x080037a8   0x080037a8   0x00000308   Code   RO         4078    i.HAL_UART_IRQHandler  stm32f4xx_hal_uart.o
    0x08003ab0   0x08003ab0   0x00000076   Code   RO         4079    i.HAL_UART_Init     stm32f4xx_hal_uart.o
    0x08003b26   0x08003b26   0x00000002   PAD
    0x08003b28   0x08003b28   0x0000025c   Code   RO          421    i.HAL_UART_MspInit  usart.o
    0x08003d84   0x08003d84   0x00000002   Code   RO         4085    i.HAL_UART_RxCpltCallback  stm32f4xx_hal_uart.o
    0x08003d86   0x08003d86   0x00000002   Code   RO         4086    i.HAL_UART_RxHalfCpltCallback  stm32f4xx_hal_uart.o
    0x08003d88   0x08003d88   0x000000be   Code   RO         4087    i.HAL_UART_Transmit  stm32f4xx_hal_uart.o
    0x08003e46   0x08003e46   0x00000002   Code   RO         4090    i.HAL_UART_TxCpltCallback  stm32f4xx_hal_uart.o
    0x08003e48   0x08003e48   0x00000004   Code   RO          479    i.HardFault_Handler  stm32f4xx_it.o
    0x08003e4c   0x08003e4c   0x0000003e   Code   RO         1103    i.I2C_IsAcknowledgeFailed  stm32f4xx_hal_i2c.o
    0x08003e8a   0x08003e8a   0x00000002   PAD
    0x08003e8c   0x08003e8c   0x000000c0   Code   RO         1107    i.I2C_MasterRequestWrite  stm32f4xx_hal_i2c.o
    0x08003f4c   0x08003f4c   0x00000066   Code   RO         1123    i.I2C_WaitOnBTFFlagUntilTimeout  stm32f4xx_hal_i2c.o
    0x08003fb2   0x08003fb2   0x000000be   Code   RO         1124    i.I2C_WaitOnFlagUntilTimeout  stm32f4xx_hal_i2c.o
    0x08004070   0x08004070   0x000000fa   Code   RO         1125    i.I2C_WaitOnMasterAddressFlagUntilTimeout  stm32f4xx_hal_i2c.o
    0x0800416a   0x0800416a   0x00000066   Code   RO         1129    i.I2C_WaitOnTXEFlagUntilTimeout  stm32f4xx_hal_i2c.o
    0x080041d0   0x080041d0   0x00000030   Code   RO         4689    i.Key_Read          key_app.o
    0x08004200   0x08004200   0x00000088   Code   RO         4690    i.Key_Task          key_app.o
    0x08004288   0x08004288   0x00000078   Code   RO          270    i.MX_DMA_Init       dma.o
    0x08004300   0x08004300   0x00000130   Code   RO          246    i.MX_GPIO_Init      gpio.o
    0x08004430   0x08004430   0x0000003c   Code   RO          296    i.MX_I2C2_Init      i2c.o
    0x0800446c   0x0800446c   0x00000044   Code   RO          338    i.MX_SPI1_Init      spi.o
    0x080044b0   0x080044b0   0x0000006c   Code   RO          380    i.MX_TIM2_Init      tim.o
    0x0800451c   0x0800451c   0x00000038   Code   RO          422    i.MX_UART4_Init     usart.o
    0x08004554   0x08004554   0x00000038   Code   RO          423    i.MX_USART2_UART_Init  usart.o
    0x0800458c   0x0800458c   0x00000038   Code   RO          424    i.MX_USART6_UART_Init  usart.o
    0x080045c4   0x080045c4   0x00000004   Code   RO          480    i.MemManage_Handler  stm32f4xx_it.o
    0x080045c8   0x080045c8   0x00000028   Code   RO         4804    i.Menu_Bind         oled_app.o
    0x080045f0   0x080045f0   0x00000198   Code   RO         4805    i.Menu_Init         oled_app.o
    0x08004788   0x08004788   0x00000100   Code   RO         4806    i.Menu_ProcessKey   oled_app.o
    0x08004888   0x08004888   0x00000190   Code   RO         4807    i.Menu_Run          oled_app.o
    0x08004a18   0x08004a18   0x0000005e   Code   RO         4626    i.Motor_Position_Control  pid_app.o
    0x08004a76   0x08004a76   0x00000002   PAD
    0x08004a78   0x08004a78   0x0000002c   Code   RO         4460    i.My_TIM_Init       interrupt.o
    0x08004aa4   0x08004aa4   0x00000050   Code   RO         4532    i.My_UartInit       uart_motor.o
    0x08004af4   0x08004af4   0x00000004   Code   RO          481    i.NMI_Handler       stm32f4xx_it.o
    0x08004af8   0x08004af8   0x000000b4   Code   RO          627    i.OLED_Init         oled.o
    0x08004bac   0x08004bac   0x00000014   Code   RO          628    i.OLED_NewFrame     oled.o
    0x08004bc0   0x08004bc0   0x00000042   Code   RO          629    i.OLED_PrintASCIIChar  oled.o
    0x08004c02   0x08004c02   0x000000e0   Code   RO          631    i.OLED_PrintString  oled.o
    0x08004ce2   0x08004ce2   0x00000002   PAD
    0x08004ce4   0x08004ce4   0x00000020   Code   RO          632    i.OLED_Send         oled.o
    0x08004d04   0x08004d04   0x00000014   Code   RO          633    i.OLED_SendCmd      oled.o
    0x08004d18   0x08004d18   0x00000062   Code   RO          634    i.OLED_SetBits      oled.o
    0x08004d7a   0x08004d7a   0x00000088   Code   RO          635    i.OLED_SetBits_Fine  oled.o
    0x08004e02   0x08004e02   0x0000009a   Code   RO          636    i.OLED_SetBlock     oled.o
    0x08004e9c   0x08004e9c   0x0000007c   Code   RO          638    i.OLED_SetByte_Fine  oled.o
    0x08004f18   0x08004f18   0x0000004c   Code   RO          641    i.OLED_ShowFrame    oled.o
    0x08004f64   0x08004f64   0x00000058   Code   RO         4533    i.Parse_M0_Data     uart_motor.o
    0x08004fbc   0x08004fbc   0x00000002   Code   RO          482    i.PendSV_Handler    stm32f4xx_it.o
    0x08004fbe   0x08004fbe   0x00000002   PAD
    0x08004fc0   0x08004fc0   0x000000ac   Code   RO         4627    i.Pid_Init          pid_app.o
    0x0800506c   0x0800506c   0x000000bc   Code   RO         4628    i.Pid_Mode_0_Handler  pid_app.o
    0x08005128   0x08005128   0x000000e4   Code   RO         4629    i.Pid_Mode_1_Handler  pid_app.o
    0x0800520c   0x0800520c   0x00000050   Code   RO         4630    i.Pid_Mode_2_Handler  pid_app.o
    0x0800525c   0x0800525c   0x00000050   Code   RO         4631    i.Pid_Mode_3_Handler  pid_app.o
    0x080052ac   0x080052ac   0x00000048   Code   RO         4632    i.Pid_Task          pid_app.o
    0x080052f4   0x080052f4   0x00000088   Code   RO         2792    i.SPI_EndRxTxTransaction  stm32f4xx_hal_spi.o
    0x0800537c   0x0800537c   0x000000d8   Code   RO         2797    i.SPI_WaitFlagStateUntilTimeout  stm32f4xx_hal_spi.o
    0x08005454   0x08005454   0x00000002   Code   RO          483    i.SVC_Handler       stm32f4xx_it.o
    0x08005456   0x08005456   0x00000008   Code   RO          484    i.SysTick_Handler   stm32f4xx_it.o
    0x0800545e   0x0800545e   0x00000002   PAD
    0x08005460   0x08005460   0x000000b4   Code   RO           14    i.SystemClock_Config  main.o
    0x08005514   0x08005514   0x00000014   Code   RO         4423    i.SystemInit        system_stm32f4xx.o
    0x08005528   0x08005528   0x00000010   Code   RO          485    i.TIM2_IRQHandler   stm32f4xx_it.o
    0x08005538   0x08005538   0x000000e0   Code   RO         3160    i.TIM_Base_SetConfig  stm32f4xx_hal_tim.o
    0x08005618   0x08005618   0x00000016   Code   RO         3171    i.TIM_ETR_SetConfig  stm32f4xx_hal_tim.o
    0x0800562e   0x0800562e   0x00000012   Code   RO         3172    i.TIM_ITRx_SetConfig  stm32f4xx_hal_tim.o
    0x08005640   0x08005640   0x00000026   Code   RO         3178    i.TIM_TI1_ConfigInputStage  stm32f4xx_hal_tim.o
    0x08005666   0x08005666   0x00000028   Code   RO         3180    i.TIM_TI2_ConfigInputStage  stm32f4xx_hal_tim.o
    0x0800568e   0x0800568e   0x00000002   PAD
    0x08005690   0x08005690   0x00000010   Code   RO          486    i.UART4_IRQHandler  stm32f4xx_it.o
    0x080056a0   0x080056a0   0x00000012   Code   RO         4092    i.UART_DMAAbortOnError  stm32f4xx_hal_uart.o
    0x080056b2   0x080056b2   0x00000050   Code   RO         4093    i.UART_DMAError     stm32f4xx_hal_uart.o
    0x08005702   0x08005702   0x000000b4   Code   RO         4094    i.UART_DMAReceiveCplt  stm32f4xx_hal_uart.o
    0x080057b6   0x080057b6   0x00000024   Code   RO         4096    i.UART_DMARxHalfCplt  stm32f4xx_hal_uart.o
    0x080057da   0x080057da   0x0000006c   Code   RO         4102    i.UART_EndRxTransfer  stm32f4xx_hal_uart.o
    0x08005846   0x08005846   0x00000020   Code   RO         4103    i.UART_EndTransmit_IT  stm32f4xx_hal_uart.o
    0x08005866   0x08005866   0x00000026   Code   RO         4104    i.UART_EndTxTransfer  stm32f4xx_hal_uart.o
    0x0800588c   0x0800588c   0x000000fc   Code   RO         4105    i.UART_Receive_IT   stm32f4xx_hal_uart.o
    0x08005988   0x08005988   0x0000022c   Code   RO         4106    i.UART_SetConfig    stm32f4xx_hal_uart.o
    0x08005bb4   0x08005bb4   0x000000d8   Code   RO         4107    i.UART_Start_Receive_DMA  stm32f4xx_hal_uart.o
    0x08005c8c   0x08005c8c   0x00000060   Code   RO         4109    i.UART_Transmit_IT  stm32f4xx_hal_uart.o
    0x08005cec   0x08005cec   0x0000008c   Code   RO         4110    i.UART_WaitOnFlagUntilTimeout  stm32f4xx_hal_uart.o
    0x08005d78   0x08005d78   0x00000010   Code   RO          487    i.USART2_IRQHandler  stm32f4xx_it.o
    0x08005d88   0x08005d88   0x00000010   Code   RO          488    i.USART6_IRQHandler  stm32f4xx_it.o
    0x08005d98   0x08005d98   0x00000030   Code   RO         4461    i.Uart_Parse        interrupt.o
    0x08005dc8   0x08005dc8   0x00000020   Code   RO         4534    i.Uart_Proc         uart_motor.o
    0x08005de8   0x08005de8   0x00000004   Code   RO          489    i.UsageFault_Handler  stm32f4xx_it.o
    0x08005dec   0x08005dec   0x00000048   Code   RO          908    i.W25QXX_Erase_Sector  w25qxx.o
    0x08005e34   0x08005e34   0x00000060   Code   RO          909    i.W25QXX_Init       w25qxx.o
    0x08005e94   0x08005e94   0x00000058   Code   RO          911    i.W25QXX_Read       w25qxx.o
    0x08005eec   0x08005eec   0x0000005c   Code   RO          912    i.W25QXX_ReadCapacity  w25qxx.o
    0x08005f48   0x08005f48   0x00000048   Code   RO         4763    i.W25QXX_ReadCoordinate  flash_app.o
    0x08005f90   0x08005f90   0x0000004c   Code   RO          913    i.W25QXX_ReadID     w25qxx.o
    0x08005fdc   0x08005fdc   0x00000030   Code   RO          914    i.W25QXX_ReadSR     w25qxx.o
    0x0800600c   0x0800600c   0x00000050   Code   RO          915    i.W25QXX_ReadUniqueID  w25qxx.o
    0x0800605c   0x0800605c   0x00000028   Code   RO          916    i.W25QXX_SPI_ReadWriteByte  w25qxx.o
    0x08006084   0x08006084   0x00000012   Code   RO          918    i.W25QXX_Wait_Busy  w25qxx.o
    0x08006096   0x08006096   0x00000002   PAD
    0x08006098   0x08006098   0x000000b8   Code   RO          919    i.W25QXX_Write      w25qxx.o
    0x08006150   0x08006150   0x00000040   Code   RO         4764    i.W25QXX_WriteCoordinate  flash_app.o
    0x08006190   0x08006190   0x00000024   Code   RO          921    i.W25QXX_Write_Enable  w25qxx.o
    0x080061b4   0x080061b4   0x00000046   Code   RO          922    i.W25QXX_Write_NoCheck  w25qxx.o
    0x080061fa   0x080061fa   0x00000002   PAD
    0x080061fc   0x080061fc   0x0000005c   Code   RO          923    i.W25QXX_Write_Page  w25qxx.o
    0x08006258   0x08006258   0x0000003c   Code   RO          642    i._OLED_GetUTF8Len  oled.o
    0x08006294   0x08006294   0x00000030   Code   RO         5185    i.__ARM_fpclassify  m_wm.l(fpclassify.o)
    0x080062c4   0x080062c4   0x00000010   Code   RO         2348    i.__NVIC_GetPriorityGrouping  stm32f4xx_hal_cortex.o
    0x080062d4   0x080062d4   0x00000028   Code   RO         2349    i.__NVIC_SetPriority  stm32f4xx_hal_cortex.o
    0x080062fc   0x080062fc   0x0000000e   Code   RO         4978    i._is_digit         c_w.l(__printf_wp.o)
    0x0800630a   0x0800630a   0x00000042   Code   RO         4722    i.fast_atoi         parse_app.o
    0x0800634c   0x0800634c   0x00000084   Code   RO           15    i.main              main.o
    0x080063d0   0x080063d0   0x0000008c   Code   RO         4723    i.parse_packet      parse_app.o
    0x0800645c   0x0800645c   0x00000044   Code   RO         4724    i.parse_serial_data  parse_app.o
    0x080064a0   0x080064a0   0x00000026   Code   RO          827    i.pid_calculate_positional  pid.o
    0x080064c6   0x080064c6   0x0000007a   Code   RO          830    i.pid_formula_positional  pid.o
    0x08006540   0x08006540   0x00000054   Code   RO          831    i.pid_init          pid.o
    0x08006594   0x08006594   0x00000040   Code   RO          832    i.pid_out_limit     pid.o
    0x080065d4   0x080065d4   0x00000006   Code   RO          836    i.pid_set_target    pid.o
    0x080065da   0x080065da   0x00000002   PAD
    0x080065dc   0x080065dc   0x0000000c   Code   RO         4593    i.scheduler_init    scheduler.o
    0x080065e8   0x080065e8   0x00000058   Code   RO         4594    i.scheduler_run     scheduler.o
    0x08006640   0x08006640   0x0000002c   Code   RO         5181    locale$$code        c_w.l(lc_numeric_c.o)
    0x0800666c   0x0800666c   0x0000000c   Code   RO         5107    x$fpl$dretinf       fz_wm.l(dretinf.o)
    0x08006678   0x08006678   0x00000056   Code   RO         5023    x$fpl$f2d           fz_wm.l(f2d.o)
    0x080066ce   0x080066ce   0x0000008c   Code   RO         5109    x$fpl$fnaninf       fz_wm.l(fnaninf.o)
    0x0800675a   0x0800675a   0x0000000a   Code   RO         5266    x$fpl$fpinit        fz_wm.l(fpinit.o)
    0x08006764   0x08006764   0x00000004   Code   RO         5025    x$fpl$printf1       fz_wm.l(printf1.o)
    0x08006768   0x08006768   0x00000000   Code   RO         5117    x$fpl$usenofp       fz_wm.l(usenofp.o)
    0x08006768   0x08006768   0x00001be4   Data   RO          813    .constdata          font.o
    0x0800834c   0x0800834c   0x00000008   Data   RO         2062    .constdata          stm32f4xx_hal_dma.o
    0x08008354   0x08008354   0x00000018   Data   RO         4424    .constdata          system_stm32f4xx.o
    0x0800836c   0x0800836c   0x00000011   Data   RO         4986    .constdata          c_w.l(__printf_flags_ss_wp.o)
    0x0800837d   0x0800837d   0x00000003   PAD
    0x08008380   0x08008380   0x00000094   Data   RO         5154    .constdata          c_w.l(bigflt0.o)
    0x08008414   0x08008414   0x00000020   Data   RO         5337    Region$$Table       anon$$obj.o
    0x08008434   0x08008434   0x0000001c   Data   RO         5180    locale$$data        c_w.l(lc_numeric_c.o)


    Execution Region RW_IRAM1 (Exec base: 0x20000000, Load base: 0x08008450, Size: 0x000027f8, Max: 0x0001c000, ABSOLUTE)

    Exec Addr    Load Addr    Size         Type   Attr      Idx    E Section Name        Object

    0x20000000   0x08008450   0x00000004   Data   RW          644    .data               oled.o
    0x20000004   0x08008454   0x00000010   Data   RW          927    .data               w25qxx.o
    0x20000014   0x08008464   0x00000009   Data   RW         2512    .data               stm32f4xx_hal.o
    0x2000001d   0x0800846d   0x00000003   PAD
    0x20000020   0x08008470   0x00000004   Data   RW         4425    .data               system_stm32f4xx.o
    0x20000024   0x08008474   0x00000004   Data   RW         4462    .data               interrupt.o
    0x20000028   0x08008478   0x00000006   Data   RW         4537    .data               uart_motor.o
    0x2000002e   0x0800847e   0x00000002   PAD
    0x20000030   0x08008480   0x00000028   Data   RW         4595    .data               scheduler.o
    0x20000058   0x080084a8   0x0000004c   Data   RW         4634    .data               pid_app.o
    0x200000a4   0x080084f4   0x00000004   Data   RW         4691    .data               key_app.o
    0x200000a8   0x080084f8   0x0000001c   Data   RW         4725    .data               parse_app.o
    0x200000c4   0x08008514   0x00000004   Data   RW         4765    .data               flash_app.o
    0x200000c8   0x08008518   0x00000005   Data   RW         4809    .data               oled_app.o
    0x200000cd   0x0800851d   0x00000003   PAD
    0x200000d0        -       0x00000054   Zero   RW          297    .bss                i2c.o
    0x20000124        -       0x00000058   Zero   RW          339    .bss                spi.o
    0x2000017c        -       0x00000048   Zero   RW          381    .bss                tim.o
    0x200001c4        -       0x000001f8   Zero   RW          425    .bss                usart.o
    0x200003bc        -       0x00000481   Zero   RW          643    .bss                oled.o
    0x2000083d        -       0x00001000   Zero   RW          926    .bss                w25qxx.o
    0x2000183d        -       0x00000180   Zero   RW         4536    .bss                uart_motor.o
    0x200019bd   0x0800851d   0x00000003   PAD
    0x200019c0        -       0x000000b4   Zero   RW         4633    .bss                pid_app.o
    0x20001a74        -       0x00000120   Zero   RW         4808    .bss                oled_app.o
    0x20001b94        -       0x00000060   Zero   RW         5188    .bss                c_w.l(libspace.o)
    0x20001bf4   0x0800851d   0x00000004   PAD
    0x20001bf8        -       0x00000400   Zero   RW            2    HEAP                startup_stm32f407xx.o
    0x20001ff8        -       0x00000800   Zero   RW            1    STACK               startup_stm32f407xx.o


    Execution Region RW_IRAM2 (Exec base: 0x2001c000, Load base: 0x08008520, Size: 0x00000000, Max: 0x00004000, ABSOLUTE)

    **** No section assigned to this execution region ****


==============================================================================

Image component sizes


      Code (inc. data)   RO Data    RW Data    ZI Data      Debug   Object Name

       120          6          0          0          0       1034   dma.o
       156          0          0          0          0       3373   emm_v5.o
       136          0          0          4          0       2950   flash_app.o
         0          0       7140          0          0       1925   font.o
       304         18          0          0          0       1291   gpio.o
       196         24          0          0         84       2089   i2c.o
       244         52          0          4          0       3972   interrupt.o
       184         30          0          4          0       1656   key_app.o
       318         24          0          0          0     709996   main.o
      1190         32          0          4       1153      13483   oled.o
      1104        290          0          5        288       3997   oled_app.o
       274         18          0         28          0       3849   parse_app.o
       314          6          0          0          0       4583   pid.o
       914        142          0         76        180       6093   pid_app.o
       100         14          0         40          0       2108   scheduler.o
       204         24          0          0         88       2101   spi.o
        64         26        392          0       3072        920   startup_stm32f407xx.o
       212         36          0          9          0      10257   stm32f4xx_hal.o
       312         22          0          0          0      35087   stm32f4xx_hal_cortex.o
      1436         16          8          0          0       7998   stm32f4xx_hal_dma.o
       528         46          0          0          0       3215   stm32f4xx_hal_gpio.o
      1730         32          0          0          0       9289   stm32f4xx_hal_i2c.o
        72          4          0          0          0       1074   stm32f4xx_hal_msp.o
      1820         84          0          0          0       6388   stm32f4xx_hal_rcc.o
      1136         12          0          0          0       5189   stm32f4xx_hal_spi.o
      1252         76          0          0          0      11315   stm32f4xx_hal_tim.o
       184         30          0          0          0       2957   stm32f4xx_hal_tim_ex.o
      3094         28          0          0          0      19504   stm32f4xx_hal_uart.o
       146         42          0          0          0       9437   stm32f4xx_it.o
        20          6         24          4          0       1451   system_stm32f4xx.o
       176         10          0          0         72       2118   tim.o
       484        122          0          6        384       3991   uart_motor.o
       772         76          0          0        504       3946   usart.o
       992         68          0         16       4096      10544   w25qxx.o

    ----------------------------------------------------------------------
     20220       1416       7596        208       9924     909180   Object Totals
         0          0         32          0          0          0   (incl. Generated)
        32          0          0          8          3          0   (incl. Padding)

    ----------------------------------------------------------------------

      Code (inc. data)   RO Data    RW Data    ZI Data      Debug   Library Member Name

        44          6          0          0          0         84   __2sprintf.o
         8          0          0          0          0         68   __main.o
       392          4         17          0          0         92   __printf_flags_ss_wp.o
        14          0          0          0          0         68   __printf_wp.o
         0          0          0          0          0          0   __rtentry.o
        12          0          0          0          0          0   __rtentry2.o
         6          0          0          0          0          0   __rtentry4.o
        52          8          0          0          0          0   __scatter.o
        26          0          0          0          0          0   __scatter_copy.o
        28          0          0          0          0          0   __scatter_zi.o
        48          6          0          0          0         96   _printf_char_common.o
         6          0          0          0          0          0   _printf_d.o
       120         16          0          0          0         92   _printf_dec.o
         6          0          0          0          0          0   _printf_f.o
      1054          0          0          0          0        216   _printf_fp_dec.o
       128         16          0          0          0         84   _printf_fp_infnan.o
       178          0          0          0          0         88   _printf_intcommon.o
         0          0          0          0          0          0   _printf_percent.o
         4          0          0          0          0          0   _printf_percent_end.o
        10          0          0          0          0         68   _sputc.o
       228          4        148          0          0         96   bigflt0.o
      1936        128          0          0          0        672   btod.o
        18          0          0          0          0         80   exit.o
         6          0          0          0          0        152   heapauxi.o
         0          0          0          0          0          0   indicate_semi.o
        44         10         28          0          0         76   lc_numeric_c.o
         2          0          0          0          0          0   libinit.o
        22          0          0          0          0          0   libinit2.o
         2          0          0          0          0          0   libshutdown.o
         2          0          0          0          0          0   libshutdown2.o
         8          4          0          0         96         68   libspace.o
       138          0          0          0          0         80   lludiv10.o
       238          0          0          0          0        100   lludivv7m.o
        88          0          0          0          0         76   memcmp.o
         8          4          0          0          0         68   rt_locale_intlibspace.o
        68          0          0          0          0         68   rt_memclr.o
        78          0          0          0          0         80   rt_memclr_w.o
       138          0          0          0          0         68   rt_memcpy_v6.o
       100          0          0          0          0         80   rt_memcpy_w.o
         2          0          0          0          0          0   rtexit.o
        10          0          0          0          0          0   rtexit2.o
       128          0          0          0          0         68   strcmpv7m.o
        62          0          0          0          0         76   strlen.o
        12          4          0          0          0         68   sys_exit.o
        74          0          0          0          0         80   sys_stackheap_outer.o
         2          0          0          0          0         68   use_no_semi.o
        12          0          0          0          0        116   dretinf.o
        86          4          0          0          0        132   f2d.o
       140          4          0          0          0        132   fnaninf.o
        10          0          0          0          0        116   fpinit.o
         4          0          0          0          0        116   printf1.o
         0          0          0          0          0          0   usenofp.o
        48          0          0          0          0        124   fpclassify.o

    ----------------------------------------------------------------------
      5860        218        196          0        100       3816   Library Totals
        10          0          3          0          4          0   (incl. Padding)

    ----------------------------------------------------------------------

      Code (inc. data)   RO Data    RW Data    ZI Data      Debug   Library Name

      5550        210        193          0         96       3080   c_w.l
       252          8          0          0          0        612   fz_wm.l
        48          0          0          0          0        124   m_wm.l

    ----------------------------------------------------------------------
      5860        218        196          0        100       3816   Library Totals

    ----------------------------------------------------------------------

==============================================================================


      Code (inc. data)   RO Data    RW Data    ZI Data      Debug   

     26080       1634       7792        208      10024     894780   Grand Totals
     26080       1634       7792        208      10024     894780   ELF Image Totals
     26080       1634       7792        208          0          0   ROM Totals

==============================================================================

    Total RO  Size (Code + RO Data)                33872 (  33.08kB)
    Total RW  Size (RW Data + ZI Data)             10232 (   9.99kB)
    Total ROM Size (Code + RO Data + RW Data)      34080 (  33.28kB)

==============================================================================

