******************************************************************************
            TI ARM Clang Linker PC v4.0.0                      
******************************************************************************
>> Linked Sat Aug  2 03:06:11 2025

OUTPUT FILE NAME:   <IMU_Test.out>
ENTRY POINT SYMBOL: "_c_int00_noargs"  address: 00004dc5


MEMORY CONFIGURATION

         name            origin    length      used     unused   attr    fill
----------------------  --------  ---------  --------  --------  ----  --------
  FLASH                 00000000   00020000  000064e0  00019b20  R  X
  SRAM                  20200000   00008000  00000669  00007997  RW X
  BCR_CONFIG            41c00000   000000ff  00000000  000000ff  R   
  BSL_CONFIG            41c00100   00000080  00000000  00000080  R   


SEGMENT ALLOCATION MAP

run origin  load origin   length   init length attrs members
----------  ----------- ---------- ----------- ----- -------
00000000    00000000    000064e0   000064e0    r-x
  00000000    00000000    000000c0   000000c0    r-- .intvecs
  000000c0    000000c0    00005910   00005910    r-x .text
  000059d0    000059d0    00000a60   00000a60    r-- .rodata
  00006430    00006430    000000b0   000000b0    r-- .cinit
20200000    20200000    0000046b   00000000    rw-
  20200000    20200000    00000352   00000000    rw- .bss
  20200354    20200354    00000117   00000000    rw- .data
20207e00    20207e00    00000200   00000000    rw-
  20207e00    20207e00    00000200   00000000    rw- .stack


SECTION ALLOCATION MAP

 output                                  attributes/
section   page    origin      length       input sections
--------  ----  ----------  ----------   ----------------
.intvecs   0    00000000    000000c0     
                  00000000    000000c0     startup_mspm0g350x_ticlang.o (.intvecs)

.text      0    000000c0    00005910     
                  000000c0    000009d0     libc.a : _printfi.c.obj (.text:__TI_printfi)
                  00000a90    00000370     interrupt.o (.text.UART1_IRQHandler)
                  00000e00    0000023c     oled_app.o (.text.Oled_Task)
                  0000103c    00000220     libc.a : _printfi.c.obj (.text._pconv_a)
                  0000125c    000001dc            : _printfi.c.obj (.text._pconv_g)
                  00001438    00000192     libclang_rt.builtins.a : adddf3.S.obj (.text.adddf3_subdf3)
                  000015ca    00000002     motor_app.o (.text.Motor_Task)
                  000015cc    00000188     No_Mcu_Ganv_Grayscale_Sensor.o (.text.No_MCU_Ganv_Sensor_Init)
                  00001754    00000164     ti_msp_dl_config.o (.text.SYSCFG_DL_GPIO_init)
                  000018b8    0000013c     libc.a : _printfi.c.obj (.text.fcvt)
                  000019f4    00000124     scheduler.o (.text.TIMG0_IRQHandler)
                  00001b18    00000120     libc.a : _printfi.c.obj (.text._pconv_e)
                  00001c38    00000118     oled_driver.o (.text.OLED_ShowChar)
                  00001d50    00000110     oled_driver.o (.text.OLED_Init)
                  00001e60    0000010c     libclang_rt.builtins.a : divdf3.S.obj (.text.__divdf3)
                  00001f6c    00000104     driverlib.a : dl_timer.o (.text.DL_Timer_initFourCCPWMMode)
                  00002070    000000f4     motor_driver.o (.text.Motor_Set_Speed)
                  00002164    000000f4     pid_app.o (.text.PID_Task)
                  00002258    000000e8     driverlib.a : dl_timer.o (.text.DL_Timer_initTimerMode)
                  00002340    000000e4     libclang_rt.builtins.a : muldf3.S.obj (.text.__muldf3)
                  00002424    000000dc     driverlib.a : dl_sysctl_mspm0g1x0x_g3x0x.o (.text.DL_SYSCTL_configSYSPLL)
                  00002500    000000d8     libc.a : s_scalbn.c.obj (.text.scalbn)
                  000025d8    000000d8     libclang_rt.builtins.a : addsf3.S.obj (.text)
                  000026b0    000000d6     uart_app.o (.text.UART_Transmit)
                  00002786    00000002     libclang_rt.builtins.a : aeabi_div0.c.obj (.text.__aeabi_idiv0)
                  00002788    000000c4     empty.o (.text.main)
                  0000284c    000000c0     pid_app.o (.text.PID_Init)
                  0000290c    000000b0     interrupt.o (.text.UART0_IRQHandler)
                  000029bc    000000ac     encoder_driver.o (.text.Update_Encoder_Data_Filtered)
                  00002a68    000000a8     interrupt.o (.text.convert_to_continuous_yaw)
                  00002b10    000000a2     libclang_rt.builtins.a : udivmoddi4.S.obj (.text)
                  00002bb2    00000002                            : aeabi_div0.c.obj (.text.__aeabi_ldiv0)
                  00002bb4    0000009c     ti_msp_dl_config.o (.text.SYSCFG_DL_initPower)
                  00002c50    00000098     interrupt.o (.text.GROUP1_IRQHandler)
                  00002ce8    00000098     oled_driver.o (.text.OLED_WR_Byte)
                  00002d80    0000008c     gray_app.o (.text.Gray_Task)
                  00002e0c    0000008c     key_app.o (.text.Key_Task)
                  00002e98    0000008c     motor_driver.o (.text.Motor_Config_Init)
                  00002f24    0000008c     ti_msp_dl_config.o (.text.SYSCFG_DL_PWM_MOTOR_init)
                  00002fb0    0000008c     libclang_rt.builtins.a : mulsf3.S.obj (.text.__mulsf3)
                  0000303c    00000084     clock.o (.text.__NVIC_SetPriority)
                  000030c0    00000084     ti_msp_dl_config.o (.text.__NVIC_SetPriority)
                  00003144    00000084     pid_driver.o (.text.pid_formula_positional)
                  000031c8    00000082     libclang_rt.builtins.a : divsf3.S.obj (.text.__divsf3)
                  0000324a    00000080     motor_driver.o (.text.Motor_Dead_Compensation)
                  000032ca    00000002     --HOLE-- [fill = 0]
                  000032cc    0000007c     pid_app.o (.text.Line_PID_control)
                  00003348    0000007c     libc.a : copy_decompress_lzss.c.obj (.text:decompress:lzss)
                  000033c4    00000074     scheduler.o (.text.Scheduler_Run)
                  00003438    00000074     libclang_rt.builtins.a : comparedf2.c.obj (.text.__gedf2)
                  000034ac    00000004     interrupt.o (.text.ADC1_IRQHandler)
                  000034b0    00000074     libclang_rt.builtins.a : truncdfsf2.S.obj (.text.__truncdfsf2)
                  00003524    00000072     No_Mcu_Ganv_Grayscale_Sensor.o (.text.No_MCU_Ganv_Sensor_Init_Frist)
                  00003596    00000070     oled_driver.o (.text.OLED_ShowString)
                  00003606    00000002     --HOLE-- [fill = 0]
                  00003608    00000070     ti_msp_dl_config.o (.text.SYSCFG_DL_UART_CH340_init)
                  00003678    0000006c     motor_app.o (.text.Motor_Init)
                  000036e4    0000006a     oled_driver.o (.text.OLED_Clear)
                  0000374e    00000002     --HOLE-- [fill = 0]
                  00003750    00000068     ti_msp_dl_config.o (.text.SYSCFG_DL_ADC1_init)
                  000037b8    00000068     ti_msp_dl_config.o (.text.SYSCFG_DL_UART_WIT_init)
                  00003820    00000068     libclang_rt.builtins.a : comparedf2.c.obj (.text.__ledf2)
                  00003888    00000066     libc.a : _printfi.c.obj (.text._mcpy)
                  000038ee    00000002     --HOLE-- [fill = 0]
                  000038f0    00000062     libclang_rt.builtins.a : aeabi_dcmp.S.obj (.text.__aeabi_dcmp)
                  00003952    00000002     --HOLE-- [fill = 0]
                  00003954    00000062                            : aeabi_fcmp.S.obj (.text.__aeabi_fcmp)
                  000039b6    00000002     --HOLE-- [fill = 0]
                  000039b8    00000060     oled_driver.o (.text.oled_i2c_sda_unlock)
                  00003a18    0000005e     driverlib.a : dl_i2c.o (.text.DL_I2C_fillControllerTXFIFO)
                  00003a76    0000005e     motor_driver.o (.text.Motor_Brake)
                  00003ad4    0000005c     libc.a : s_frexp.c.obj (.text.frexp)
                  00003b30    0000005c     oled_driver.o (.text.mspm0_i2c_enable)
                  00003b8c    00000058     ti_msp_dl_config.o (.text.SYSCFG_DL_I2C_OLED_init)
                  00003be4    00000058     scheduler.o (.text.Turn_Angle)
                  00003c3c    00000058     libc.a : _ltoa.c.obj (.text.__TI_ltoa)
                  00003c94    00000058            : _printfi.c.obj (.text._pconv_f)
                  00003cec    00000056     libclang_rt.builtins.a : aeabi_idivmod.S.obj (.text.__aeabi_idivmod)
                  00003d42    00000002     --HOLE-- [fill = 0]
                  00003d44    00000054     driverlib.a : dl_uart.o (.text.DL_UART_drainRXFIFO)
                  00003d98    00000054     uart_app.o (.text.Uart_Task)
                  00003dec    00000052     libc.a : _printfi.c.obj (.text._ecpy)
                  00003e3e    00000002     --HOLE-- [fill = 0]
                  00003e40    00000050     oled_driver.o (.text.DL_I2C_startControllerTransfer)
                  00003e90    00000050     encoder_driver.o (.text.Encoder_Init)
                  00003ee0    00000050     clock.o (.text.SysTick_Config)
                  00003f30    00000050     ti_msp_dl_config.o (.text.SysTick_Config)
                  00003f80    00000050     pid_driver.o (.text.pid_init)
                  00003fd0    0000004c     scheduler.o (.text.Car_Update)
                  0000401c    0000004c     driverlib.a : dl_dma.o (.text.DL_DMA_initChannel)
                  00004068    0000004c     ti_msp_dl_config.o (.text.DL_UART_setBaudRateDivisor)
                  000040b4    0000004c     key_app.o (.text.Key_Read)
                  00004100    0000004a     ti_msp_dl_config.o (.text.DL_ADC12_configConversionMem)
                  0000414a    00000002     --HOLE-- [fill = 0]
                  0000414c    0000004a     libclang_rt.builtins.a : fixdfsi.S.obj (.text.__fixdfsi)
                  00004196    00000002     --HOLE-- [fill = 0]
                  00004198    00000048     driverlib.a : dl_uart.o (.text.DL_UART_init)
                  000041e0    00000048     ti_msp_dl_config.o (.text.SYSCFG_DL_SYSCTL_init)
                  00004228    00000048     pid_driver.o (.text.pid_out_limit)
                  00004270    00000044     driverlib.a : dl_sysctl_mspm0g1x0x_g3x0x.o (.text.DL_SYSCTL_switchMCLKfromSYSOSCtoHSCLK)
                  000042b4    00000044     uart_app.o (.text.Uart_CH340_Init)
                  000042f8    00000044     wit_imu.o (.text.WIT_Init)
                  0000433c    00000044     oled_driver.o (.text.mspm0_i2c_disable)
                  00004380    00000040     driverlib.a : dl_adc12.o (.text.DL_ADC12_setClockConfig)
                  000043c0    00000040     encoder_driver.o (.text.Encoder_Driver_Init)
                  00004400    00000040     libclang_rt.builtins.a : aeabi_uidivmod.S.obj (.text.__aeabi_uidivmod)
                  00004440    00000040                            : extendsfdf2.S.obj (.text.__extendsfdf2)
                  00004480    00000040     libc.a : atoi.c.obj (.text.atoi)
                  000044c0    00000040     uart_app.o (.text.my_printf)
                  00004500    00000040     libc.a : vsnprintf.c.obj (.text.vsnprintf)
                  00004540    0000003e     pid_driver.o (.text.pid_constrain)
                  0000457e    00000002     --HOLE-- [fill = 0]
                  00004580    0000003c     oled_driver.o (.text.DL_GPIO_initPeripheralInputFunctionFeatures)
                  000045bc    0000003c     ti_msp_dl_config.o (.text.DL_GPIO_initPeripheralInputFunctionFeatures)
                  000045f8    0000003c     ti_msp_dl_config.o (.text.DL_Timer_setCounterControl)
                  00004634    0000003c     oled_driver.o (.text.OLED_Set_Pos)
                  00004670    0000003c     ti_msp_dl_config.o (.text.SYSCFG_DL_TIMER_10ms_init)
                  000046ac    0000003c     ti_msp_dl_config.o (.text.SYSCFG_DL_init)
                  000046e8    0000003c     libclang_rt.builtins.a : floatsisf.S.obj (.text.__floatsisf)
                  00004724    0000003c                            : comparesf2.S.obj (.text.__gtsf2)
                  00004760    0000003c     libc.a : autoinit.c.obj (.text:__TI_auto_init_nobinit_nopinit)
                  0000479c    0000003a     libclang_rt.builtins.a : comparesf2.S.obj (.text.__eqsf2)
                  000047d6    00000002     --HOLE-- [fill = 0]
                  000047d8    0000003a                            : muldsi3.S.obj (.text.__muldsi3)
                  00004812    00000002     --HOLE-- [fill = 0]
                  00004814    00000038     empty.o (.text.ADC0_IRQHandler)
                  0000484c    00000038     libclang_rt.builtins.a : fixsfsi.S.obj (.text.__fixsfsi)
                  00004884    00000038     libc.a : sprintf.c.obj (.text.sprintf)
                  000048bc    00000034     oled_driver.o (.text.DL_GPIO_initDigitalInputFeatures)
                  000048f0    00000034     ti_msp_dl_config.o (.text.DL_GPIO_initDigitalInputFeatures)
                  00004924    00000032     motor_driver.o (.text.Motor_Limit_Speed)
                  00004956    00000002     --HOLE-- [fill = 0]
                  00004958    00000032     libclang_rt.builtins.a : fixunssfsi.S.obj (.text.__fixunssfsi)
                  0000498a    00000002     --HOLE-- [fill = 0]
                  0000498c    00000030     empty.o (.text.DL_ADC12_getMemResult)
                  000049bc    00000030     interrupt.o (.text.DL_DMA_setTransferSize)
                  000049ec    00000030     uart_app.o (.text.DL_DMA_setTransferSize)
                  00004a1c    00000030     wit_imu.o (.text.DL_DMA_setTransferSize)
                  00004a4c    00000030     libc.a : _printfi.c.obj (.text._fcpy)
                  00004a7c    00000030            : vsnprintf.c.obj (.text._outs)
                  00004aac    00000030     clock.o (.text.mspm0_delay_ms)
                  00004adc    0000002c     empty.o (.text.__NVIC_EnableIRQ)
                  00004b08    0000002c     encoder_driver.o (.text.__NVIC_EnableIRQ)
                  00004b34    0000002c     uart_app.o (.text.__NVIC_EnableIRQ)
                  00004b60    0000002c     wit_imu.o (.text.__NVIC_EnableIRQ)
                  00004b8c    0000002c     libclang_rt.builtins.a : floatsidf.S.obj (.text.__floatsidf)
                  00004bb8    0000002c     clock.o (.text.mspm0_get_clock_ms)
                  00004be4    00000028     oled_driver.o (.text.DL_Common_updateReg)
                  00004c0c    00000028     ti_msp_dl_config.o (.text.DL_Common_updateReg)
                  00004c34    00000028     interrupt.o (.text.DL_DMA_setDestAddr)
                  00004c5c    00000028     uart_app.o (.text.DL_DMA_setDestAddr)
                  00004c84    00000028     wit_imu.o (.text.DL_DMA_setDestAddr)
                  00004cac    00000028     uart_app.o (.text.DL_DMA_setSrcAddr)
                  00004cd4    00000028     wit_imu.o (.text.DL_DMA_setSrcAddr)
                  00004cfc    00000028     ti_msp_dl_config.o (.text.DL_I2C_setControllerRXFIFOThreshold)
                  00004d24    00000028     ti_msp_dl_config.o (.text.DL_I2C_setControllerTXFIFOThreshold)
                  00004d4c    00000028     ti_msp_dl_config.o (.text.DL_UART_setRXFIFOThreshold)
                  00004d74    00000028     ti_msp_dl_config.o (.text.DL_UART_setTXFIFOThreshold)
                  00004d9c    00000028     libclang_rt.builtins.a : floatunsisf.S.obj (.text.__floatunsisf)
                  00004dc4    00000028     libc.a : boot_cortex_m.c.obj (.text:_c_int00_noargs)
                  00004dec    00000026     interrupt.o (.text.DL_DMA_disableChannel)
                  00004e12    00000026     interrupt.o (.text.DL_DMA_enableChannel)
                  00004e38    00000026     uart_app.o (.text.DL_DMA_enableChannel)
                  00004e5e    00000026     wit_imu.o (.text.DL_DMA_enableChannel)
                  00004e84    00000026     ti_msp_dl_config.o (.text.DL_I2C_setAnalogGlitchFilterPulseWidth)
                  00004eaa    00000026     driverlib.a : dl_i2c.o (.text.DL_I2C_setClockConfig)
                  00004ed0    00000024     interrupt.o (.text.DL_DMA_getTransferSize)
                  00004ef4    00000024     ti_msp_dl_config.o (.text.DL_UART_setRXInterruptTimeout)
                  00004f18    00000024     libclang_rt.builtins.a : floatunsidf.S.obj (.text.__floatunsidf)
                  00004f3c    00000024                            : muldi3.S.obj (.text.__muldi3)
                  00004f60    00000022     libc.a : memccpy.c.obj (.text.memccpy)
                  00004f82    00000022     pid_driver.o (.text.pid_calculate_positional)
                  00004fa4    00000020     ti_msp_dl_config.o (.text.DL_GPIO_initPeripheralInputFunction)
                  00004fc4    00000020     ti_msp_dl_config.o (.text.DL_SYSCTL_setFlashWaitState)
                  00004fe4    0000001e     ti_msp_dl_config.o (.text.DL_ADC12_setPowerDownMode)
                  00005002    0000001e     ti_msp_dl_config.o (.text.DL_UART_setOversampling)
                  00005020    0000001e     libclang_rt.builtins.a : ashldi3.S.obj (.text.__ashldi3)
                  0000503e    00000002     --HOLE-- [fill = 0]
                  00005040    0000001c     ti_msp_dl_config.o (.text.DL_ADC12_clearInterruptStatus)
                  0000505c    0000001c     ti_msp_dl_config.o (.text.DL_ADC12_enableInterrupt)
                  00005078    0000001c     ADC.o (.text.DL_ADC12_startConversion)
                  00005094    0000001c     interrupt.o (.text.DL_GPIO_clearInterruptStatus)
                  000050b0    0000001c     ti_msp_dl_config.o (.text.DL_GPIO_clearInterruptStatus)
                  000050cc    0000001c     oled_driver.o (.text.DL_GPIO_enableHiZ)
                  000050e8    0000001c     ti_msp_dl_config.o (.text.DL_GPIO_enableHiZ)
                  00005104    0000001c     ti_msp_dl_config.o (.text.DL_GPIO_enableInterrupt)
                  00005120    0000001c     ti_msp_dl_config.o (.text.DL_GPIO_initPeripheralOutputFunction)
                  0000513c    0000001c     ti_msp_dl_config.o (.text.DL_GPIO_setLowerPinsPolarity)
                  00005158    0000001c     oled_driver.o (.text.DL_I2C_getSDAStatus)
                  00005174    0000001c     ti_msp_dl_config.o (.text.DL_SYSCTL_setSYSOSCFreq)
                  00005190    0000001c     ti_msp_dl_config.o (.text.DL_SYSCTL_setULPCLKDivider)
                  000051ac    0000001c     ti_msp_dl_config.o (.text.DL_Timer_enableInterrupt)
                  000051c8    0000001c     driverlib.a : dl_timer.o (.text.DL_Timer_setCaptCompUpdateMethod)
                  000051e4    0000001c                 : dl_timer.o (.text.DL_Timer_setClockConfig)
                  00005200    0000001c     ti_msp_dl_config.o (.text.DL_UART_enableInterrupt)
                  0000521c    00000018     ti_msp_dl_config.o (.text.DL_ADC12_enablePower)
                  00005234    00000018     ti_msp_dl_config.o (.text.DL_ADC12_reset)
                  0000524c    00000018     ti_msp_dl_config.o (.text.DL_ADC12_setSampleTime0)
                  00005264    00000018     ti_msp_dl_config.o (.text.DL_ADC12_setSampleTime1)
                  0000527c    00000018     oled_driver.o (.text.DL_GPIO_enableOutput)
                  00005294    00000018     ti_msp_dl_config.o (.text.DL_GPIO_enableOutput)
                  000052ac    00000018     ti_msp_dl_config.o (.text.DL_GPIO_enablePower)
                  000052c4    00000018     interrupt.o (.text.DL_GPIO_getEnabledInterruptStatus)
                  000052dc    00000018     oled_driver.o (.text.DL_GPIO_initDigitalOutput)
                  000052f4    00000018     ti_msp_dl_config.o (.text.DL_GPIO_initDigitalOutput)
                  0000530c    00000018     ti_msp_dl_config.o (.text.DL_GPIO_reset)
                  00005324    00000018     motor_app.o (.text.DL_GPIO_setPins)
                  0000533c    00000018     motor_driver.o (.text.DL_GPIO_setPins)
                  00005354    00000018     oled_driver.o (.text.DL_GPIO_setPins)
                  0000536c    00000018     pid_app.o (.text.DL_GPIO_setPins)
                  00005384    00000018     ti_msp_dl_config.o (.text.DL_GPIO_setPins)
                  0000539c    00000018     oled_driver.o (.text.DL_I2C_clearInterruptStatus)
                  000053b4    00000018     ti_msp_dl_config.o (.text.DL_I2C_enableAnalogGlitchFilter)
                  000053cc    00000018     ti_msp_dl_config.o (.text.DL_I2C_enableController)
                  000053e4    00000018     ti_msp_dl_config.o (.text.DL_I2C_enableControllerClockStretching)
                  000053fc    00000018     oled_driver.o (.text.DL_I2C_enablePower)
                  00005414    00000018     ti_msp_dl_config.o (.text.DL_I2C_enablePower)
                  0000542c    00000018     oled_driver.o (.text.DL_I2C_getRawInterruptStatus)
                  00005444    00000018     oled_driver.o (.text.DL_I2C_reset)
                  0000545c    00000018     ti_msp_dl_config.o (.text.DL_I2C_reset)
                  00005474    00000018     ti_msp_dl_config.o (.text.DL_I2C_setTimerPeriod)
                  0000548c    00000018     ti_msp_dl_config.o (.text.DL_SYSCTL_setBORThreshold)
                  000054a4    00000018     scheduler.o (.text.DL_Timer_clearInterruptStatus)
                  000054bc    00000018     ti_msp_dl_config.o (.text.DL_Timer_enablePower)
                  000054d4    00000018     ti_msp_dl_config.o (.text.DL_Timer_reset)
                  000054ec    00000018     driverlib.a : dl_timer.o (.text.DL_Timer_setCaptureCompareOutCtl)
                  00005504    00000018     motor_driver.o (.text.DL_Timer_startCounter)
                  0000551c    00000018     ti_msp_dl_config.o (.text.DL_UART_enableDMAReceiveEvent)
                  00005534    00000018     ti_msp_dl_config.o (.text.DL_UART_enableFIFOs)
                  0000554c    00000018     ti_msp_dl_config.o (.text.DL_UART_enablePower)
                  00005564    00000018     uart_app.o (.text.DL_UART_isBusy)
                  0000557c    00000018     interrupt.o (.text.DL_UART_isRXFIFOEmpty)
                  00005594    00000018     uart_app.o (.text.DL_UART_isTXFIFOFull)
                  000055ac    00000018     ti_msp_dl_config.o (.text.DL_UART_reset)
                  000055c4    00000018     ti_msp_dl_config.o (.text.SYSCFG_DL_DMA_CH340_init)
                  000055dc    00000018     ti_msp_dl_config.o (.text.SYSCFG_DL_DMA_WIT_init)
                  000055f4    00000018     clock.o (.text.SysTick_Init)
                  0000560c    00000018     libc.a : vsnprintf.c.obj (.text._outc)
                  00005624    00000018            : sprintf.c.obj (.text._outs)
                  0000563c    00000016     empty.o (.text.DL_ADC12_enableConversions)
                  00005652    00000016     ti_msp_dl_config.o (.text.DL_ADC12_enableConversions)
                  00005668    00000016     encoder_driver.o (.text.DL_GPIO_readPins)
                  0000567e    00000016     interrupt.o (.text.DL_GPIO_readPins)
                  00005694    00000016     key_app.o (.text.DL_GPIO_readPins)
                  000056aa    00000016     oled_driver.o (.text.DL_GPIO_readPins)
                  000056c0    00000016     ti_msp_dl_config.o (.text.DL_UART_enable)
                  000056d6    00000016     uart_app.o (.text.DL_UART_transmitData)
                  000056ec    00000016     libc.a : copy_zero_init.c.obj (.text:decompress:ZI:__TI_zero_init_nomemset)
                  00005702    00000014     motor_driver.o (.text.DL_GPIO_clearPins)
                  00005716    00000014     oled_driver.o (.text.DL_GPIO_clearPins)
                  0000572a    00000014     ti_msp_dl_config.o (.text.DL_GPIO_clearPins)
                  0000573e    00000002     --HOLE-- [fill = 0]
                  00005740    00000014     oled_driver.o (.text.DL_I2C_getControllerStatus)
                  00005754    00000014     ti_msp_dl_config.o (.text.DL_I2C_resetControllerTransfer)
                  00005768    00000014     ti_msp_dl_config.o (.text.DL_SYSCTL_disableSYSPLL)
                  0000577c    00000014     ti_msp_dl_config.o (.text.DL_Timer_enableClock)
                  00005790    00000014     motor_driver.o (.text.DL_Timer_getLoadValue)
                  000057a4    00000014     ti_msp_dl_config.o (.text.DL_Timer_setCCPDirection)
                  000057b8    00000014     interrupt.o (.text.DL_UART_receiveData)
                  000057cc    00000014     libclang_rt.builtins.a : aeabi_uldivmod.S.obj (.text.__aeabi_uldivmod)
                  000057e0    00000014     libc.a : _printfi.c.obj (.text.strchr)
                  000057f4    00000012     empty.o (.text.DL_ADC12_getPendingInterrupt)
                  00005806    00000012     driverlib.a : dl_uart.o (.text.DL_UART_setClockConfig)
                  00005818    00000012     libc.a : memcpy16.S.obj (.text:TI_memcpy_small)
                  0000582a    00000012            : copy_decompress_none.c.obj (.text:decompress:none)
                  0000583c    00000010     ti_msp_dl_config.o (.text.DL_SYSCTL_disableHFXT)
                  0000584c    00000010     driverlib.a : dl_timer.o (.text.DL_Timer_setCaptureCompareValue)
                  0000585c    00000010     ti_msp_dl_config.o (.text.SYSCFG_DL_SYSTICK_init)
                  0000586c    00000010     interrupt.o (.text.SysTick_Handler)
                  0000587c    00000010     oled_driver.o (.text.delay_ms)
                  0000588c    00000010     pid_driver.o (.text.pid_set_target)
                  0000589c    00000010     libc.a : wcslen.c.obj (.text.wcslen)
                  000058ac    0000000e     libclang_rt.builtins.a : aeabi_memset.S.obj (.text.__aeabi_memset)
                  000058ba    0000000e     libc.a : _printfi.c.obj (.text.strlen)
                  000058c8    0000000e            : memset16.S.obj (.text:TI_memset_small)
                  000058d6    0000000c     ti_msp_dl_config.o (.text.SYSCFG_DL_DMA_init)
                  000058e2    00000002     --HOLE-- [fill = 0]
                  000058e4    0000000c     scheduler.o (.text.Scheduler_Init)
                  000058f0    0000000c     ADC.o (.text.Task_GraySensor)
                  000058fc    0000000c     libclang_rt.builtins.a : aeabi_memset.S.obj (.text.__aeabi_memclr)
                  00005908    0000000a     driverlib.a : dl_common.o (.text.DL_Common_delayCycles)
                  00005912    0000000a     libc.a : _printfi.c.obj (.text.OUTLINED_FUNCTION_0)
                  0000591c    00000010     libclang_rt.builtins.a : adddf3.S.obj (.tramp.__aeabi_dsub.1)
                  0000592c    0000000a     libc.a : _printfi.c.obj (.text.OUTLINED_FUNCTION_1)
                  00005936    0000000a            : sprintf.c.obj (.text._outc)
                  00005940    00000008            : aeabi_portable.c.obj (.text.__aeabi_errno_addr)
                  00005948    00000008     libclang_rt.builtins.a : aeabi_memcpy.S.obj (.text.__aeabi_memcpy)
                  00005950    00000004     interrupt.o (.text.AES_IRQHandler)
                  00005954    00000004     interrupt.o (.text.CANFD0_IRQHandler)
                  00005958    00000004     interrupt.o (.text.DAC0_IRQHandler)
                  0000595c    00000004     interrupt.o (.text.DMA_IRQHandler)
                  00005960    00000004     interrupt.o (.text.GROUP0_IRQHandler)
                  00005964    00000004     interrupt.o (.text.HardFault_Handler)
                  00005968    00000004     interrupt.o (.text.I2C0_IRQHandler)
                  0000596c    00000004     interrupt.o (.text.I2C1_IRQHandler)
                  00005970    00000004     interrupt.o (.text.NMI_Handler)
                  00005974    00000004     interrupt.o (.text.PendSV_Handler)
                  00005978    00000004     interrupt.o (.text.RTC_IRQHandler)
                  0000597c    00000004     startup_mspm0g350x_ticlang.o (.text.Reset_Handler)
                  00005980    00000010     libc.a : boot_cortex_m.c.obj (.tramp._c_int00_noargs.1)
                  00005990    00000004     interrupt.o (.text.SPI0_IRQHandler)
                  00005994    00000004     interrupt.o (.text.SPI1_IRQHandler)
                  00005998    00000004     interrupt.o (.text.SVC_Handler)
                  0000599c    00000004     interrupt.o (.text.TIMA0_IRQHandler)
                  000059a0    00000004     interrupt.o (.text.TIMA1_IRQHandler)
                  000059a4    00000004     interrupt.o (.text.TIMG12_IRQHandler)
                  000059a8    00000004     interrupt.o (.text.TIMG6_IRQHandler)
                  000059ac    00000004     interrupt.o (.text.TIMG7_IRQHandler)
                  000059b0    00000004     interrupt.o (.text.TIMG8_IRQHandler)
                  000059b4    00000004     interrupt.o (.text.UART2_IRQHandler)
                  000059b8    00000004     interrupt.o (.text.UART3_IRQHandler)
                  000059bc    00000004     libc.a : pre_init.c.obj (.text._system_pre_init)
                  000059c0    00000004            : exit.c.obj (.text:abort)
                  000059c4    0000000c     --HOLE-- [fill = 0]

.cinit     0    00006430    000000b0     
                  00006430    00000089     (.cinit..data.load) [load image, compression = lzss]
                  000064b9    00000003     --HOLE-- [fill = 0]
                  000064bc    0000000c     (__TI_handler_table)
                  000064c8    00000008     (.cinit..bss.load) [load image, compression = zero_init]
                  000064d0    00000010     (__TI_cinit_table)

.rodata    0    000059d0    00000a60     
                  000059d0    000005f0     oled_driver.o (.rodata.asc2_1608)
                  00005fc0    00000228     oled_driver.o (.rodata.asc2_0806)
                  000061e8    00000008     ti_msp_dl_config.o (.rodata.gADC1ClockConfig)
                  000061f0    00000101     libc.a : aeabi_ctype.S.obj (.rodata:__aeabi_ctype_table_)
                  000062f1    00000003     ti_msp_dl_config.o (.rodata.gPWM_MOTORClockConfig)
                  000062f4    00000028     ti_msp_dl_config.o (.rodata.gSYSPLLConfig)
                  0000631c    00000018     ti_msp_dl_config.o (.rodata.gDMA_CH340Config)
                  00006334    00000018     ti_msp_dl_config.o (.rodata.gDMA_WITConfig)
                  0000634c    00000014     ti_msp_dl_config.o (.rodata.gTIMER_10msTimerConfig)
                  00006360    00000012     uart_app.o (.rodata.str1.112160484220460319441)
                  00006372    00000011     libc.a : _printfi.c.obj (.rodata.str1.103488685894817597201)
                  00006383    00000011     oled_app.o (.rodata.str1.122031926985986896411)
                  00006394    00000011     libc.a : _printfi.c.obj (.rodata.str1.153638888446227384661)
                  000063a5    00000010     scheduler.o (.rodata.bit_count_table)
                  000063b5    00000001     --HOLE-- [fill = 0]
                  000063b6    0000000a     ti_msp_dl_config.o (.rodata.gUART_CH340Config)
                  000063c0    0000000a     ti_msp_dl_config.o (.rodata.gUART_WITConfig)
                  000063ca    00000009     oled_app.o (.rodata.str1.47266397380618526841)
                  000063d3    00000001     --HOLE-- [fill = 0]
                  000063d4    00000008     ti_msp_dl_config.o (.rodata.gPWM_MOTORConfig)
                  000063dc    00000008     oled_app.o (.rodata.str1.183543575387037037181)
                  000063e4    00000008     oled_app.o (.rodata.str1.62014159766181184281)
                  000063ec    00000008     oled_app.o (.rodata.str1.89839986078689593201)
                  000063f4    00000006     empty.o (.rodata.str1.142855731982211788051)
                  000063fa    00000006     empty.o (.rodata.str1.8167968867256355221)
                  00006400    00000005     oled_app.o (.rodata.str1.131239963430293670871)
                  00006405    00000005     oled_app.o (.rodata.str1.21959063456326039251)
                  0000640a    00000005     oled_app.o (.rodata.str1.36198086462145608631)
                  0000640f    00000005     empty.o (.rodata.str1.90710503391206826811)
                  00006414    00000004     empty.o (.rodata.str1.100506750686581518081)
                  00006418    00000003     ti_msp_dl_config.o (.rodata.gTIMER_10msClockConfig)
                  0000641b    00000003     empty.o (.rodata.str1.176633223477948356601)
                  0000641e    00000002     ti_msp_dl_config.o (.rodata.gI2C_OLEDClockConfig)
                  00006420    00000002     ti_msp_dl_config.o (.rodata.gUART_CH340ClockConfig)
                  00006422    00000002     ti_msp_dl_config.o (.rodata.gUART_WITClockConfig)
                  00006424    0000000c     --HOLE-- [fill = 0]

.init_array 
*          0    00000000    00000000     UNINITIALIZED

.binit     0    00000000    00000000     

.bss       0    20200000    00000352     UNINITIALIZED
                  20200000    000000b0     (.common:GraySensor)
                  202000b0    000000a0     (.common:gPWM_MOTORBackup)
                  20200150    0000003c     (.common:pid_angle)
                  2020018c    0000003c     (.common:pid_line)
                  202001c8    0000003c     (.common:pid_speed_left)
                  20200204    0000003c     (.common:pid_speed_right)
                  20200240    00000028     (.common:left_encoder)
                  20200268    00000028     (.common:right_encoder)
                  20200290    00000024     (.common:motor_left)
                  202002b4    00000024     (.common:motor_right)
                  202002d8    00000021     (.common:wit_dmaBuffer)
                  202002f9    00000020     (.common:oled_buffer)
                  20200319    00000001     (.common:Count_Pid)
                  2020031a    00000002     (.common:ADC_value)
                  2020031c    00000020     (.common:wit_data)
                  2020033c    00000004     (.common:g_line_position_error)
                  20200340    00000004     (.common:start_time)
                  20200344    00000004     (.common:tick_ms)
                  20200348    00000001     (.common:Digital)
                  20200349    00000001     (.common:Key_Down)
                  2020034a    00000001     (.common:Key_Old)
                  2020034b    00000001     (.common:Key_Up)
                  2020034c    00000001     (.common:Key_Val)
                  2020034d    00000001     (.common:car_point)
                  2020034e    00000001     (.common:counter_flag)
                  2020034f    00000001     (.common:rxch340Size)
                  20200350    00000001     (.common:task_num)
                  20200351    00000001     (.common:uart_flag)

.data      0    20200354    00000117     UNINITIALIZED
                  20200354    00000048     scheduler.o (.data.scheduler_task)
                  2020039c    00000020     gray_app.o (.data.gray_weights)
                  202003bc    00000020     uart_app.o (.data.uart_buffer)
                  202003dc    00000020     uart_app.o (.data.uart_dma_buffer)
                  202003fc    00000014     pid_app.o (.data.pid_params_angle)
                  20200410    00000014     pid_app.o (.data.pid_params_left)
                  20200424    00000014     pid_app.o (.data.pid_params_line)
                  20200438    00000014     pid_app.o (.data.pid_params_right)
                  2020044c    00000004     libc.a : aeabi_portable.c.obj (.data.__aeabi_errno)
                  20200450    00000004     pid_app.o (.data.basic_speed)
                  20200454    00000004     interrupt.o (.data.g_last_yaw)
                  20200458    00000004     interrupt.o (.data.g_revolution_count)
                  2020045c    00000004     pid_app.o (.data.output_left)
                  20200460    00000004     pid_app.o (.data.output_right)
                  20200464    00000002     scheduler.o (.data.Counter_Timer)
                  20200466    00000001     scheduler.o (.data.car_turns)
                  20200467    00000001     interrupt.o (.data.g_is_yaw_initialized)
                  20200468    00000001     pid_app.o (.data.pid_running)
                  20200469    00000001     pid_app.o (.data.stby_flag)
                  2020046a    00000001     scheduler.o (.data.system_mode)

.stack     0    20207e00    00000200     UNINITIALIZED
                  20207e00    00000004     libc.a : boot_cortex_m.c.obj (.stack)
                  20207e04    000001fc     --HOLE--

__llvm_prf_cnts 
*          0    20200000    00000000     UNINITIALIZED

__llvm_prf_bits 
*          0    20200000    00000000     UNINITIALIZED

MODULE SUMMARY

       Module                           code    ro data   rw data
       ------                           ----    -------   -------
    .\
       ti_msp_dl_config.o               3256    156       160    
       empty.o                          384     24        2      
       startup_mspm0g350x_ticlang.o     4       192       0      
    +--+--------------------------------+-------+---------+---------+
       Total:                           3644    372       162    
                                                                 
    .\Driver\
       oled_driver.o                    1772    2072      0      
       motor_driver.o                   744     0         0      
       No_Mcu_Ganv_Grayscale_Sensor.o   506     0         176    
       encoder_driver.o                 382     0         80     
       pid_driver.o                     396     0         0      
       wit_imu.o                        278     0         65     
    +--+--------------------------------+-------+---------+---------+
       Total:                           4078    2072      321    
                                                                 
    .\MSPM0\
       interrupt.o                      1802    0         10     
       scheduler.o                      608     16        80     
       clock.o                          328     0         8      
    +--+--------------------------------+-------+---------+---------+
       Total:                           2738    16        98     
                                                                 
    .\MyApp\
       pid_app.o                        584     0         334    
       uart_app.o                       710     18        65     
       oled_app.o                       572     65        32     
       key_app.o                        238     0         4      
       motor_app.o                      134     0         72     
       gray_app.o                       140     0         37     
       ADC.o                            40      0         0      
    +--+--------------------------------+-------+---------+---------+
       Total:                           2418    83        544    
                                                                 
    F:/mspm0_sdk_2_05_01_00/source/ti/driverlib/lib/ticlang/m0p/mspm0g1x0x_g3x0x/driverlib.a
       dl_timer.o                       588     0         0      
       dl_sysctl_mspm0g1x0x_g3x0x.o     288     0         0      
       dl_uart.o                        174     0         0      
       dl_i2c.o                         132     0         0      
       dl_dma.o                         76      0         0      
       dl_adc12.o                       64      0         0      
       dl_common.o                      10      0         0      
    +--+--------------------------------+-------+---------+---------+
       Total:                           1332    0         0      
                                                                 
    F:\ccs\tools\compiler\ti-cgt-armllvm_4.0.0.LTS\lib\armv6m-ti-none-eabi/c/libc.a
       _printfi.c.obj                   4510    34        0      
       aeabi_ctype.S.obj                0       257       0      
       s_scalbn.c.obj                   216     0         0      
       vsnprintf.c.obj                  136     0         0      
       copy_decompress_lzss.c.obj       124     0         0      
       s_frexp.c.obj                    92      0         0      
       sprintf.c.obj                    90      0         0      
       _ltoa.c.obj                      88      0         0      
       atoi.c.obj                       64      0         0      
       autoinit.c.obj                   60      0         0      
       boot_cortex_m.c.obj              56      0         0      
       memccpy.c.obj                    34      0         0      
       copy_zero_init.c.obj             22      0         0      
       copy_decompress_none.c.obj       18      0         0      
       memcpy16.S.obj                   18      0         0      
       wcslen.c.obj                     16      0         0      
       memset16.S.obj                   14      0         0      
       aeabi_portable.c.obj             8       0         4      
       exit.c.obj                       4       0         0      
       pre_init.c.obj                   4       0         0      
    +--+--------------------------------+-------+---------+---------+
       Total:                           5574    291       4      
                                                                 
    F:\ccs\tools\compiler\ti-cgt-armllvm_4.0.0.LTS\lib\armv6m-ti-none-eabi/libclang_rt.builtins.a
       adddf3.S.obj                     418     0         0      
       divdf3.S.obj                     268     0         0      
       muldf3.S.obj                     228     0         0      
       comparedf2.c.obj                 220     0         0      
       addsf3.S.obj                     216     0         0      
       udivmoddi4.S.obj                 162     0         0      
       mulsf3.S.obj                     140     0         0      
       divsf3.S.obj                     130     0         0      
       comparesf2.S.obj                 118     0         0      
       truncdfsf2.S.obj                 116     0         0      
       aeabi_dcmp.S.obj                 98      0         0      
       aeabi_fcmp.S.obj                 98      0         0      
       aeabi_idivmod.S.obj              86      0         0      
       fixdfsi.S.obj                    74      0         0      
       aeabi_uidivmod.S.obj             64      0         0      
       extendsfdf2.S.obj                64      0         0      
       floatsisf.S.obj                  60      0         0      
       muldsi3.S.obj                    58      0         0      
       fixsfsi.S.obj                    56      0         0      
       fixunssfsi.S.obj                 50      0         0      
       floatsidf.S.obj                  44      0         0      
       floatunsisf.S.obj                40      0         0      
       floatunsidf.S.obj                36      0         0      
       muldi3.S.obj                     36      0         0      
       ashldi3.S.obj                    30      0         0      
       aeabi_memset.S.obj               26      0         0      
       aeabi_uldivmod.S.obj             20      0         0      
       aeabi_memcpy.S.obj               8       0         0      
       aeabi_div0.c.obj                 4       0         0      
    +--+--------------------------------+-------+---------+---------+
       Total:                           2968    0         0      
                                                                 
       Stack:                           0       0         512    
       Linker Generated:                0       173       0      
    +--+--------------------------------+-------+---------+---------+
       Grand Total:                     22752   3007      1641   


LINKER GENERATED COPY TABLES

__TI_cinit_table @ 000064d0 records: 2, size/record: 8, table size: 16
	.data: load addr=00006430, load size=00000089 bytes, run addr=20200354, run size=00000117 bytes, compression=lzss
	.bss: load addr=000064c8, load size=00000008 bytes, run addr=20200000, run size=00000352 bytes, compression=zero_init


LINKER GENERATED HANDLER TABLE

__TI_handler_table @ 000064bc records: 3, size/record: 4, table size: 12
	index: 0, handler: __TI_decompress_lzss
	index: 1, handler: __TI_decompress_none
	index: 2, handler: __TI_zero_init


FAR CALL TRAMPOLINES

callee name               trampoline name
   callee addr  tramp addr   call addr  call info
--------------  -----------  ---------  ----------------
__aeabi_dsub              $Tramp$TT$L$PI$$__aeabi_dsub
   00001439     0000591c     0000591a   libc.a : _printfi.c.obj (.text.OUTLINED_FUNCTION_0)
_c_int00_noargs           $Tramp$TT$L$PI$$_c_int00_noargs
   00004dc5     00005980     0000597c   startup_mspm0g350x_ticlang.o (.text.Reset_Handler)

[2 trampolines]
[2 trampoline calls]


GLOBAL SYMBOLS: SORTED ALPHABETICALLY BY Name 

address   name                                 
-------   ----                                 
00004815  ADC0_IRQHandler                      
000034ad  ADC1_IRQHandler                      
2020031a  ADC_value                            
00005951  AES_IRQHandler                       
000059c0  C$$EXIT                              
00005955  CANFD0_IRQHandler                    
00003fd1  Car_Update                           
20200319  Count_Pid                            
20200464  Counter_Timer                        
00005959  DAC0_IRQHandler                      
00004381  DL_ADC12_setClockConfig              
00005909  DL_Common_delayCycles                
0000401d  DL_DMA_initChannel                   
00003a19  DL_I2C_fillControllerTXFIFO          
00004eab  DL_I2C_setClockConfig                
00002425  DL_SYSCTL_configSYSPLL               
00004271  DL_SYSCTL_switchMCLKfromSYSOSCtoHSCLK
00001f6d  DL_Timer_initFourCCPWMMode           
00002259  DL_Timer_initTimerMode               
000051c9  DL_Timer_setCaptCompUpdateMethod     
000054ed  DL_Timer_setCaptureCompareOutCtl     
0000584d  DL_Timer_setCaptureCompareValue      
000051e5  DL_Timer_setClockConfig              
00003d45  DL_UART_drainRXFIFO                  
00004199  DL_UART_init                         
00005807  DL_UART_setClockConfig               
0000595d  DMA_IRQHandler                       
20200348  Digital                              
000043c1  Encoder_Driver_Init                  
00003e91  Encoder_Init                         
00005961  GROUP0_IRQHandler                    
00002c51  GROUP1_IRQHandler                    
20200000  GraySensor                           
00002d81  Gray_Task                            
00005965  HardFault_Handler                    
00005969  I2C0_IRQHandler                      
0000596d  I2C1_IRQHandler                      
20200349  Key_Down                             
2020034a  Key_Old                              
000040b5  Key_Read                             
00002e0d  Key_Task                             
2020034b  Key_Up                               
2020034c  Key_Val                              
000032cd  Line_PID_control                     
00003a77  Motor_Brake                          
00002e99  Motor_Config_Init                    
0000324b  Motor_Dead_Compensation              
00003679  Motor_Init                           
00004925  Motor_Limit_Speed                    
00002071  Motor_Set_Speed                      
000015cb  Motor_Task                           
00005971  NMI_Handler                          
000015cd  No_MCU_Ganv_Sensor_Init              
00003525  No_MCU_Ganv_Sensor_Init_Frist        
000036e5  OLED_Clear                           
00001d51  OLED_Init                            
00004635  OLED_Set_Pos                         
00001c39  OLED_ShowChar                        
00003597  OLED_ShowString                      
00002ce9  OLED_WR_Byte                         
00000e01  Oled_Task                            
0000284d  PID_Init                             
00002165  PID_Task                             
00005975  PendSV_Handler                       
00005979  RTC_IRQHandler                       
0000597d  Reset_Handler                        
00005991  SPI0_IRQHandler                      
00005995  SPI1_IRQHandler                      
00005999  SVC_Handler                          
00003751  SYSCFG_DL_ADC1_init                  
000055c5  SYSCFG_DL_DMA_CH340_init             
000055dd  SYSCFG_DL_DMA_WIT_init               
000058d7  SYSCFG_DL_DMA_init                   
00001755  SYSCFG_DL_GPIO_init                  
00003b8d  SYSCFG_DL_I2C_OLED_init              
00002f25  SYSCFG_DL_PWM_MOTOR_init             
000041e1  SYSCFG_DL_SYSCTL_init                
0000585d  SYSCFG_DL_SYSTICK_init               
00004671  SYSCFG_DL_TIMER_10ms_init            
00003609  SYSCFG_DL_UART_CH340_init            
000037b9  SYSCFG_DL_UART_WIT_init              
000046ad  SYSCFG_DL_init                       
00002bb5  SYSCFG_DL_initPower                  
000058e5  Scheduler_Init                       
000033c5  Scheduler_Run                        
0000586d  SysTick_Handler                      
000055f5  SysTick_Init                         
0000599d  TIMA0_IRQHandler                     
000059a1  TIMA1_IRQHandler                     
000019f5  TIMG0_IRQHandler                     
000059a5  TIMG12_IRQHandler                    
000059a9  TIMG6_IRQHandler                     
000059ad  TIMG7_IRQHandler                     
000059b1  TIMG8_IRQHandler                     
00005819  TI_memcpy_small                      
000058c9  TI_memset_small                      
000058f1  Task_GraySensor                      
00003be5  Turn_Angle                           
0000290d  UART0_IRQHandler                     
00000a91  UART1_IRQHandler                     
000059b5  UART2_IRQHandler                     
000059b9  UART3_IRQHandler                     
000026b1  UART_Transmit                        
000042b5  Uart_CH340_Init                      
00003d99  Uart_Task                            
000029bd  Update_Encoder_Data_Filtered         
000042f9  WIT_Init                             
20208000  __STACK_END                          
00000200  __STACK_SIZE                         
00000000  __TI_ATRegion0_region_sz             
00000000  __TI_ATRegion0_src_addr              
00000000  __TI_ATRegion0_trg_addr              
00000000  __TI_ATRegion1_region_sz             
00000000  __TI_ATRegion1_src_addr              
00000000  __TI_ATRegion1_trg_addr              
00000000  __TI_ATRegion2_region_sz             
00000000  __TI_ATRegion2_src_addr              
00000000  __TI_ATRegion2_trg_addr              
000064d0  __TI_CINIT_Base                      
000064e0  __TI_CINIT_Limit                     
000064e0  __TI_CINIT_Warm                      
000064bc  __TI_Handler_Table_Base              
000064c8  __TI_Handler_Table_Limit             
00004761  __TI_auto_init_nobinit_nopinit       
00003349  __TI_decompress_lzss                 
0000582b  __TI_decompress_none                 
00003c3d  __TI_ltoa                            
ffffffff  __TI_pprof_out_hndl                  
000000c1  __TI_printfi                         
ffffffff  __TI_prof_data_size                  
ffffffff  __TI_prof_data_start                 
00000000  __TI_static_base__                   
000056ed  __TI_zero_init_nomemset              
00001443  __adddf3                             
000025e3  __addsf3                             
000061f0  __aeabi_ctype_table_                 
000061f0  __aeabi_ctype_table_C                
000034b1  __aeabi_d2f                          
0000414d  __aeabi_d2iz                         
00001443  __aeabi_dadd                         
000038f1  __aeabi_dcmpeq                       
0000392d  __aeabi_dcmpge                       
00003941  __aeabi_dcmpgt                       
00003919  __aeabi_dcmple                       
00003905  __aeabi_dcmplt                       
00001e61  __aeabi_ddiv                         
00002341  __aeabi_dmul                         
00001439  __aeabi_dsub                         
2020044c  __aeabi_errno                        
00005941  __aeabi_errno_addr                   
00004441  __aeabi_f2d                          
0000484d  __aeabi_f2iz                         
00004959  __aeabi_f2uiz                        
000025e3  __aeabi_fadd                         
00003955  __aeabi_fcmpeq                       
00003991  __aeabi_fcmpge                       
000039a5  __aeabi_fcmpgt                       
0000397d  __aeabi_fcmple                       
00003969  __aeabi_fcmplt                       
000031c9  __aeabi_fdiv                         
00002fb1  __aeabi_fmul                         
000025d9  __aeabi_fsub                         
00004b8d  __aeabi_i2d                          
000046e9  __aeabi_i2f                          
00003ced  __aeabi_idiv                         
00002787  __aeabi_idiv0                        
00003ced  __aeabi_idivmod                      
00002bb3  __aeabi_ldiv0                        
00005021  __aeabi_llsl                         
00004f3d  __aeabi_lmul                         
000058fd  __aeabi_memclr                       
000058fd  __aeabi_memclr4                      
000058fd  __aeabi_memclr8                      
00005949  __aeabi_memcpy                       
00005949  __aeabi_memcpy4                      
00005949  __aeabi_memcpy8                      
000058ad  __aeabi_memset                       
000058ad  __aeabi_memset4                      
000058ad  __aeabi_memset8                      
00004f19  __aeabi_ui2d                         
00004d9d  __aeabi_ui2f                         
00004401  __aeabi_uidiv                        
00004401  __aeabi_uidivmod                     
000057cd  __aeabi_uldivmod                     
00005021  __ashldi3                            
ffffffff  __binit__                            
00003821  __cmpdf2                             
0000479d  __cmpsf2                             
00001e61  __divdf3                             
000031c9  __divsf3                             
00003821  __eqdf2                              
0000479d  __eqsf2                              
00004441  __extendsfdf2                        
0000414d  __fixdfsi                            
0000484d  __fixsfsi                            
00004959  __fixunssfsi                         
00004b8d  __floatsidf                          
000046e9  __floatsisf                          
00004f19  __floatunsidf                        
00004d9d  __floatunsisf                        
00003439  __gedf2                              
00004725  __gesf2                              
00003439  __gtdf2                              
00004725  __gtsf2                              
00003821  __ledf2                              
0000479d  __lesf2                              
00003821  __ltdf2                              
0000479d  __ltsf2                              
UNDEFED   __mpu_init                           
00002341  __muldf3                             
00004f3d  __muldi3                             
000047d9  __muldsi3                            
00002fb1  __mulsf3                             
00003821  __nedf2                              
0000479d  __nesf2                              
20207e00  __stack                              
20200000  __start___llvm_prf_bits              
20200000  __start___llvm_prf_cnts              
20200000  __stop___llvm_prf_bits               
20200000  __stop___llvm_prf_cnts               
00001439  __subdf3                             
000025d9  __subsf3                             
000034b1  __truncdfsf2                         
00002b11  __udivmoddi4                         
00004dc5  _c_int00_noargs                      
UNDEFED   _system_post_cinit                   
000059bd  _system_pre_init                     
000059c1  abort                                
00005fc0  asc2_0806                            
000059d0  asc2_1608                            
00004481  atoi                                 
20200450  basic_speed                          
ffffffff  binit                                
2020034d  car_point                            
20200466  car_turns                            
00002a69  convert_to_continuous_yaw            
2020034e  counter_flag                         
0000587d  delay_ms                             
00003ad5  frexp                                
00003ad5  frexpl                               
202000b0  gPWM_MOTORBackup                     
2020033c  g_line_position_error                
2020039c  gray_weights                         
00000000  interruptVectors                     
00002501  ldexp                                
00002501  ldexpl                               
20200240  left_encoder                         
00002789  main                                 
00004f61  memccpy                              
20200290  motor_left                           
202002b4  motor_right                          
00004aad  mspm0_delay_ms                       
00004bb9  mspm0_get_clock_ms                   
000044c1  my_printf                            
202002f9  oled_buffer                          
000039b9  oled_i2c_sda_unlock                  
2020045c  output_left                          
20200460  output_right                         
20200150  pid_angle                            
00004f83  pid_calculate_positional             
00004541  pid_constrain                        
00003f81  pid_init                             
2020018c  pid_line                             
202003fc  pid_params_angle                     
20200410  pid_params_left                      
20200424  pid_params_line                      
20200438  pid_params_right                     
20200468  pid_running                          
0000588d  pid_set_target                       
202001c8  pid_speed_left                       
20200204  pid_speed_right                      
20200268  right_encoder                        
2020034f  rxch340Size                          
00002501  scalbn                               
00002501  scalbnl                              
00004885  sprintf                              
20200340  start_time                           
20200469  stby_flag                            
2020046a  system_mode                          
20200350  task_num                             
20200344  tick_ms                              
202003bc  uart_buffer                          
202003dc  uart_dma_buffer                      
20200351  uart_flag                            
00004501  vsnprintf                            
0000589d  wcslen                               
2020031c  wit_data                             
202002d8  wit_dmaBuffer                        


GLOBAL SYMBOLS: SORTED BY Symbol Address 

address   name                                 
-------   ----                                 
00000000  __TI_ATRegion0_region_sz             
00000000  __TI_ATRegion0_src_addr              
00000000  __TI_ATRegion0_trg_addr              
00000000  __TI_ATRegion1_region_sz             
00000000  __TI_ATRegion1_src_addr              
00000000  __TI_ATRegion1_trg_addr              
00000000  __TI_ATRegion2_region_sz             
00000000  __TI_ATRegion2_src_addr              
00000000  __TI_ATRegion2_trg_addr              
00000000  __TI_static_base__                   
00000000  interruptVectors                     
000000c1  __TI_printfi                         
00000200  __STACK_SIZE                         
00000a91  UART1_IRQHandler                     
00000e01  Oled_Task                            
00001439  __aeabi_dsub                         
00001439  __subdf3                             
00001443  __adddf3                             
00001443  __aeabi_dadd                         
000015cb  Motor_Task                           
000015cd  No_MCU_Ganv_Sensor_Init              
00001755  SYSCFG_DL_GPIO_init                  
000019f5  TIMG0_IRQHandler                     
00001c39  OLED_ShowChar                        
00001d51  OLED_Init                            
00001e61  __aeabi_ddiv                         
00001e61  __divdf3                             
00001f6d  DL_Timer_initFourCCPWMMode           
00002071  Motor_Set_Speed                      
00002165  PID_Task                             
00002259  DL_Timer_initTimerMode               
00002341  __aeabi_dmul                         
00002341  __muldf3                             
00002425  DL_SYSCTL_configSYSPLL               
00002501  ldexp                                
00002501  ldexpl                               
00002501  scalbn                               
00002501  scalbnl                              
000025d9  __aeabi_fsub                         
000025d9  __subsf3                             
000025e3  __addsf3                             
000025e3  __aeabi_fadd                         
000026b1  UART_Transmit                        
00002787  __aeabi_idiv0                        
00002789  main                                 
0000284d  PID_Init                             
0000290d  UART0_IRQHandler                     
000029bd  Update_Encoder_Data_Filtered         
00002a69  convert_to_continuous_yaw            
00002b11  __udivmoddi4                         
00002bb3  __aeabi_ldiv0                        
00002bb5  SYSCFG_DL_initPower                  
00002c51  GROUP1_IRQHandler                    
00002ce9  OLED_WR_Byte                         
00002d81  Gray_Task                            
00002e0d  Key_Task                             
00002e99  Motor_Config_Init                    
00002f25  SYSCFG_DL_PWM_MOTOR_init             
00002fb1  __aeabi_fmul                         
00002fb1  __mulsf3                             
000031c9  __aeabi_fdiv                         
000031c9  __divsf3                             
0000324b  Motor_Dead_Compensation              
000032cd  Line_PID_control                     
00003349  __TI_decompress_lzss                 
000033c5  Scheduler_Run                        
00003439  __gedf2                              
00003439  __gtdf2                              
000034ad  ADC1_IRQHandler                      
000034b1  __aeabi_d2f                          
000034b1  __truncdfsf2                         
00003525  No_MCU_Ganv_Sensor_Init_Frist        
00003597  OLED_ShowString                      
00003609  SYSCFG_DL_UART_CH340_init            
00003679  Motor_Init                           
000036e5  OLED_Clear                           
00003751  SYSCFG_DL_ADC1_init                  
000037b9  SYSCFG_DL_UART_WIT_init              
00003821  __cmpdf2                             
00003821  __eqdf2                              
00003821  __ledf2                              
00003821  __ltdf2                              
00003821  __nedf2                              
000038f1  __aeabi_dcmpeq                       
00003905  __aeabi_dcmplt                       
00003919  __aeabi_dcmple                       
0000392d  __aeabi_dcmpge                       
00003941  __aeabi_dcmpgt                       
00003955  __aeabi_fcmpeq                       
00003969  __aeabi_fcmplt                       
0000397d  __aeabi_fcmple                       
00003991  __aeabi_fcmpge                       
000039a5  __aeabi_fcmpgt                       
000039b9  oled_i2c_sda_unlock                  
00003a19  DL_I2C_fillControllerTXFIFO          
00003a77  Motor_Brake                          
00003ad5  frexp                                
00003ad5  frexpl                               
00003b8d  SYSCFG_DL_I2C_OLED_init              
00003be5  Turn_Angle                           
00003c3d  __TI_ltoa                            
00003ced  __aeabi_idiv                         
00003ced  __aeabi_idivmod                      
00003d45  DL_UART_drainRXFIFO                  
00003d99  Uart_Task                            
00003e91  Encoder_Init                         
00003f81  pid_init                             
00003fd1  Car_Update                           
0000401d  DL_DMA_initChannel                   
000040b5  Key_Read                             
0000414d  __aeabi_d2iz                         
0000414d  __fixdfsi                            
00004199  DL_UART_init                         
000041e1  SYSCFG_DL_SYSCTL_init                
00004271  DL_SYSCTL_switchMCLKfromSYSOSCtoHSCLK
000042b5  Uart_CH340_Init                      
000042f9  WIT_Init                             
00004381  DL_ADC12_setClockConfig              
000043c1  Encoder_Driver_Init                  
00004401  __aeabi_uidiv                        
00004401  __aeabi_uidivmod                     
00004441  __aeabi_f2d                          
00004441  __extendsfdf2                        
00004481  atoi                                 
000044c1  my_printf                            
00004501  vsnprintf                            
00004541  pid_constrain                        
00004635  OLED_Set_Pos                         
00004671  SYSCFG_DL_TIMER_10ms_init            
000046ad  SYSCFG_DL_init                       
000046e9  __aeabi_i2f                          
000046e9  __floatsisf                          
00004725  __gesf2                              
00004725  __gtsf2                              
00004761  __TI_auto_init_nobinit_nopinit       
0000479d  __cmpsf2                             
0000479d  __eqsf2                              
0000479d  __lesf2                              
0000479d  __ltsf2                              
0000479d  __nesf2                              
000047d9  __muldsi3                            
00004815  ADC0_IRQHandler                      
0000484d  __aeabi_f2iz                         
0000484d  __fixsfsi                            
00004885  sprintf                              
00004925  Motor_Limit_Speed                    
00004959  __aeabi_f2uiz                        
00004959  __fixunssfsi                         
00004aad  mspm0_delay_ms                       
00004b8d  __aeabi_i2d                          
00004b8d  __floatsidf                          
00004bb9  mspm0_get_clock_ms                   
00004d9d  __aeabi_ui2f                         
00004d9d  __floatunsisf                        
00004dc5  _c_int00_noargs                      
00004eab  DL_I2C_setClockConfig                
00004f19  __aeabi_ui2d                         
00004f19  __floatunsidf                        
00004f3d  __aeabi_lmul                         
00004f3d  __muldi3                             
00004f61  memccpy                              
00004f83  pid_calculate_positional             
00005021  __aeabi_llsl                         
00005021  __ashldi3                            
000051c9  DL_Timer_setCaptCompUpdateMethod     
000051e5  DL_Timer_setClockConfig              
000054ed  DL_Timer_setCaptureCompareOutCtl     
000055c5  SYSCFG_DL_DMA_CH340_init             
000055dd  SYSCFG_DL_DMA_WIT_init               
000055f5  SysTick_Init                         
000056ed  __TI_zero_init_nomemset              
000057cd  __aeabi_uldivmod                     
00005807  DL_UART_setClockConfig               
00005819  TI_memcpy_small                      
0000582b  __TI_decompress_none                 
0000584d  DL_Timer_setCaptureCompareValue      
0000585d  SYSCFG_DL_SYSTICK_init               
0000586d  SysTick_Handler                      
0000587d  delay_ms                             
0000588d  pid_set_target                       
0000589d  wcslen                               
000058ad  __aeabi_memset                       
000058ad  __aeabi_memset4                      
000058ad  __aeabi_memset8                      
000058c9  TI_memset_small                      
000058d7  SYSCFG_DL_DMA_init                   
000058e5  Scheduler_Init                       
000058f1  Task_GraySensor                      
000058fd  __aeabi_memclr                       
000058fd  __aeabi_memclr4                      
000058fd  __aeabi_memclr8                      
00005909  DL_Common_delayCycles                
00005941  __aeabi_errno_addr                   
00005949  __aeabi_memcpy                       
00005949  __aeabi_memcpy4                      
00005949  __aeabi_memcpy8                      
00005951  AES_IRQHandler                       
00005955  CANFD0_IRQHandler                    
00005959  DAC0_IRQHandler                      
0000595d  DMA_IRQHandler                       
00005961  GROUP0_IRQHandler                    
00005965  HardFault_Handler                    
00005969  I2C0_IRQHandler                      
0000596d  I2C1_IRQHandler                      
00005971  NMI_Handler                          
00005975  PendSV_Handler                       
00005979  RTC_IRQHandler                       
0000597d  Reset_Handler                        
00005991  SPI0_IRQHandler                      
00005995  SPI1_IRQHandler                      
00005999  SVC_Handler                          
0000599d  TIMA0_IRQHandler                     
000059a1  TIMA1_IRQHandler                     
000059a5  TIMG12_IRQHandler                    
000059a9  TIMG6_IRQHandler                     
000059ad  TIMG7_IRQHandler                     
000059b1  TIMG8_IRQHandler                     
000059b5  UART2_IRQHandler                     
000059b9  UART3_IRQHandler                     
000059bd  _system_pre_init                     
000059c0  C$$EXIT                              
000059c1  abort                                
000059d0  asc2_1608                            
00005fc0  asc2_0806                            
000061f0  __aeabi_ctype_table_                 
000061f0  __aeabi_ctype_table_C                
000064bc  __TI_Handler_Table_Base              
000064c8  __TI_Handler_Table_Limit             
000064d0  __TI_CINIT_Base                      
000064e0  __TI_CINIT_Limit                     
000064e0  __TI_CINIT_Warm                      
20200000  GraySensor                           
20200000  __start___llvm_prf_bits              
20200000  __start___llvm_prf_cnts              
20200000  __stop___llvm_prf_bits               
20200000  __stop___llvm_prf_cnts               
202000b0  gPWM_MOTORBackup                     
20200150  pid_angle                            
2020018c  pid_line                             
202001c8  pid_speed_left                       
20200204  pid_speed_right                      
20200240  left_encoder                         
20200268  right_encoder                        
20200290  motor_left                           
202002b4  motor_right                          
202002d8  wit_dmaBuffer                        
202002f9  oled_buffer                          
20200319  Count_Pid                            
2020031a  ADC_value                            
2020031c  wit_data                             
2020033c  g_line_position_error                
20200340  start_time                           
20200344  tick_ms                              
20200348  Digital                              
20200349  Key_Down                             
2020034a  Key_Old                              
2020034b  Key_Up                               
2020034c  Key_Val                              
2020034d  car_point                            
2020034e  counter_flag                         
2020034f  rxch340Size                          
20200350  task_num                             
20200351  uart_flag                            
2020039c  gray_weights                         
202003bc  uart_buffer                          
202003dc  uart_dma_buffer                      
202003fc  pid_params_angle                     
20200410  pid_params_left                      
20200424  pid_params_line                      
20200438  pid_params_right                     
2020044c  __aeabi_errno                        
20200450  basic_speed                          
2020045c  output_left                          
20200460  output_right                         
20200464  Counter_Timer                        
20200466  car_turns                            
20200468  pid_running                          
20200469  stby_flag                            
2020046a  system_mode                          
20207e00  __stack                              
20208000  __STACK_END                          
ffffffff  __TI_pprof_out_hndl                  
ffffffff  __TI_prof_data_size                  
ffffffff  __TI_prof_data_start                 
ffffffff  __binit__                            
ffffffff  binit                                
UNDEFED   __mpu_init                           
UNDEFED   _system_post_cinit                   

[288 symbols]
