<?xml version="1.0" encoding="ISO-8859-1" ?>
<link_info>
   <banner>TI ARM Clang Linker PC v4.0.0.LTS</banner>
   <copyright>Copyright (c) 1996-2018 Texas Instruments Incorporated</copyright>
   <command_line>F:\ccs\tools\compiler\ti-cgt-armllvm_4.0.0.LTS\bin\tiarmlnk -IF:\ccs\tools\compiler\ti-cgt-armllvm_4.0.0.LTS\lib -o IMU_Test.out -mIMU_Test.map -iF:/mspm0_sdk_2_05_01_00/source -iF:/1Microcontroller/workplace/Last_Templater -iF:/1Microcontroller/workplace/Last_Templater/Debug/syscfg -iF:/ccs/tools/compiler/ti-cgt-armllvm_4.0.0.LTS/lib --diag_wrap=off --display_error_number --warn_sections --xml_link_info=IMU_Test_linkInfo.xml --rom_model ./empty.o ./ti_msp_dl_config.o ./startup_mspm0g350x_ticlang.o ./Driver/encoder_driver.o ./Driver/motor_driver.o ./Driver/oled_driver.o ./Driver/pid_driver.o ./Driver/wit_imu.o ./MSPM0/clock.o ./MSPM0/interrupt.o ./MSPM0/scheduler.o ./MyApp/gray_app.o ./MyApp/motor_app.o ./MyApp/oled_app.o ./MyApp/uart_app.o -l./device_linker.cmd -ldevice.cmd.genlibs -llibc.a --start-group -llibc++.a -llibc++abi.a -llibc.a -llibsys.a -llibsysbm.a -llibclang_rt.builtins.a -llibclang_rt.profile.a --end-group --cg_opt_level=0</command_line>
   <link_time>0x68896b00</link_time>
   <link_errors>0x0</link_errors>
   <output_file>F:\1Microcontroller\workplace\Last_Templater\Debug\IMU_Test.out</output_file>
   <entry_point>
      <name>_c_int00_noargs</name>
      <address>0x3de5</address>
   </entry_point>
   <input_file_list>
      <input_file id="fl-1">
         <path>F:\1Microcontroller\workplace\Last_Templater\Debug\.\</path>
         <kind>object</kind>
         <file>empty.o</file>
         <name>empty.o</name>
      </input_file>
      <input_file id="fl-2">
         <path>F:\1Microcontroller\workplace\Last_Templater\Debug\.\</path>
         <kind>object</kind>
         <file>ti_msp_dl_config.o</file>
         <name>ti_msp_dl_config.o</name>
      </input_file>
      <input_file id="fl-3">
         <path>F:\1Microcontroller\workplace\Last_Templater\Debug\.\</path>
         <kind>object</kind>
         <file>startup_mspm0g350x_ticlang.o</file>
         <name>startup_mspm0g350x_ticlang.o</name>
      </input_file>
      <input_file id="fl-4">
         <path>F:\1Microcontroller\workplace\Last_Templater\Debug\.\Driver\</path>
         <kind>object</kind>
         <file>encoder_driver.o</file>
         <name>encoder_driver.o</name>
      </input_file>
      <input_file id="fl-5">
         <path>F:\1Microcontroller\workplace\Last_Templater\Debug\.\Driver\</path>
         <kind>object</kind>
         <file>motor_driver.o</file>
         <name>motor_driver.o</name>
      </input_file>
      <input_file id="fl-6">
         <path>F:\1Microcontroller\workplace\Last_Templater\Debug\.\Driver\</path>
         <kind>object</kind>
         <file>oled_driver.o</file>
         <name>oled_driver.o</name>
      </input_file>
      <input_file id="fl-7">
         <path>F:\1Microcontroller\workplace\Last_Templater\Debug\.\Driver\</path>
         <kind>object</kind>
         <file>pid_driver.o</file>
         <name>pid_driver.o</name>
      </input_file>
      <input_file id="fl-8">
         <path>F:\1Microcontroller\workplace\Last_Templater\Debug\.\Driver\</path>
         <kind>object</kind>
         <file>wit_imu.o</file>
         <name>wit_imu.o</name>
      </input_file>
      <input_file id="fl-9">
         <path>F:\1Microcontroller\workplace\Last_Templater\Debug\.\MSPM0\</path>
         <kind>object</kind>
         <file>clock.o</file>
         <name>clock.o</name>
      </input_file>
      <input_file id="fl-a">
         <path>F:\1Microcontroller\workplace\Last_Templater\Debug\.\MSPM0\</path>
         <kind>object</kind>
         <file>interrupt.o</file>
         <name>interrupt.o</name>
      </input_file>
      <input_file id="fl-b">
         <path>F:\1Microcontroller\workplace\Last_Templater\Debug\.\MSPM0\</path>
         <kind>object</kind>
         <file>scheduler.o</file>
         <name>scheduler.o</name>
      </input_file>
      <input_file id="fl-c">
         <path>F:\1Microcontroller\workplace\Last_Templater\Debug\.\MyApp\</path>
         <kind>object</kind>
         <file>gray_app.o</file>
         <name>gray_app.o</name>
      </input_file>
      <input_file id="fl-d">
         <path>F:\1Microcontroller\workplace\Last_Templater\Debug\.\MyApp\</path>
         <kind>object</kind>
         <file>motor_app.o</file>
         <name>motor_app.o</name>
      </input_file>
      <input_file id="fl-e">
         <path>F:\1Microcontroller\workplace\Last_Templater\Debug\.\MyApp\</path>
         <kind>object</kind>
         <file>oled_app.o</file>
         <name>oled_app.o</name>
      </input_file>
      <input_file id="fl-f">
         <path>F:\1Microcontroller\workplace\Last_Templater\Debug\.\MyApp\</path>
         <kind>object</kind>
         <file>uart_app.o</file>
         <name>uart_app.o</name>
      </input_file>
      <input_file id="fl-1c">
         <path>F:\1Microcontroller\workplace\Last_Templater\Debug\</path>
         <kind>object</kind>
         <file>&lt;internal&gt;</file>
         <name>&lt;internal&gt;</name>
      </input_file>
      <input_file id="fl-1d">
         <path>F:\mspm0_sdk_2_05_01_00\source\ti\driverlib\lib\ticlang\m0p\mspm0g1x0x_g3x0x\</path>
         <kind>archive</kind>
         <file>driverlib.a</file>
         <name>dl_common.o</name>
      </input_file>
      <input_file id="fl-1e">
         <path>F:\mspm0_sdk_2_05_01_00\source\ti\driverlib\lib\ticlang\m0p\mspm0g1x0x_g3x0x\</path>
         <kind>archive</kind>
         <file>driverlib.a</file>
         <name>dl_dma.o</name>
      </input_file>
      <input_file id="fl-1f">
         <path>F:\mspm0_sdk_2_05_01_00\source\ti\driverlib\lib\ticlang\m0p\mspm0g1x0x_g3x0x\</path>
         <kind>archive</kind>
         <file>driverlib.a</file>
         <name>dl_i2c.o</name>
      </input_file>
      <input_file id="fl-20">
         <path>F:\mspm0_sdk_2_05_01_00\source\ti\driverlib\lib\ticlang\m0p\mspm0g1x0x_g3x0x\</path>
         <kind>archive</kind>
         <file>driverlib.a</file>
         <name>dl_timer.o</name>
      </input_file>
      <input_file id="fl-21">
         <path>F:\mspm0_sdk_2_05_01_00\source\ti\driverlib\lib\ticlang\m0p\mspm0g1x0x_g3x0x\</path>
         <kind>archive</kind>
         <file>driverlib.a</file>
         <name>dl_uart.o</name>
      </input_file>
      <input_file id="fl-22">
         <path>F:\mspm0_sdk_2_05_01_00\source\ti\driverlib\lib\ticlang\m0p\mspm0g1x0x_g3x0x\</path>
         <kind>archive</kind>
         <file>driverlib.a</file>
         <name>dl_sysctl_mspm0g1x0x_g3x0x.o</name>
      </input_file>
      <input_file id="fl-37">
         <path>F:\ccs\tools\compiler\ti-cgt-armllvm_4.0.0.LTS\lib\armv6m-ti-none-eabi\c\</path>
         <kind>archive</kind>
         <file>libc.a</file>
         <name>sprintf.c.obj</name>
      </input_file>
      <input_file id="fl-38">
         <path>F:\ccs\tools\compiler\ti-cgt-armllvm_4.0.0.LTS\lib\armv6m-ti-none-eabi\c\</path>
         <kind>archive</kind>
         <file>libc.a</file>
         <name>vsnprintf.c.obj</name>
      </input_file>
      <input_file id="fl-39">
         <path>F:\ccs\tools\compiler\ti-cgt-armllvm_4.0.0.LTS\lib\armv6m-ti-none-eabi\c\</path>
         <kind>archive</kind>
         <file>libc.a</file>
         <name>boot_cortex_m.c.obj</name>
      </input_file>
      <input_file id="fl-3a">
         <path>F:\ccs\tools\compiler\ti-cgt-armllvm_4.0.0.LTS\lib\armv6m-ti-none-eabi\c\</path>
         <kind>archive</kind>
         <file>libc.a</file>
         <name>mathacl_init.c.obj</name>
      </input_file>
      <input_file id="fl-3b">
         <path>F:\ccs\tools\compiler\ti-cgt-armllvm_4.0.0.LTS\lib\armv6m-ti-none-eabi\c\</path>
         <kind>archive</kind>
         <file>libc.a</file>
         <name>autoinit.c.obj</name>
      </input_file>
      <input_file id="fl-3c">
         <path>F:\ccs\tools\compiler\ti-cgt-armllvm_4.0.0.LTS\lib\armv6m-ti-none-eabi\c\</path>
         <kind>archive</kind>
         <file>libc.a</file>
         <name>pre_init.c.obj</name>
      </input_file>
      <input_file id="fl-3d">
         <path>F:\ccs\tools\compiler\ti-cgt-armllvm_4.0.0.LTS\lib\armv6m-ti-none-eabi\c\</path>
         <kind>archive</kind>
         <file>libc.a</file>
         <name>cpy_tbl.c.obj</name>
      </input_file>
      <input_file id="fl-3e">
         <path>F:\ccs\tools\compiler\ti-cgt-armllvm_4.0.0.LTS\lib\armv6m-ti-none-eabi\c\</path>
         <kind>archive</kind>
         <file>libc.a</file>
         <name>copy_zero_init.c.obj</name>
      </input_file>
      <input_file id="fl-3f">
         <path>F:\ccs\tools\compiler\ti-cgt-armllvm_4.0.0.LTS\lib\armv6m-ti-none-eabi\c\</path>
         <kind>archive</kind>
         <file>libc.a</file>
         <name>copy_decompress_none.c.obj</name>
      </input_file>
      <input_file id="fl-40">
         <path>F:\ccs\tools\compiler\ti-cgt-armllvm_4.0.0.LTS\lib\armv6m-ti-none-eabi\c\</path>
         <kind>archive</kind>
         <file>libc.a</file>
         <name>copy_decompress_lzss.c.obj</name>
      </input_file>
      <input_file id="fl-41">
         <path>F:\ccs\tools\compiler\ti-cgt-armllvm_4.0.0.LTS\lib\armv6m-ti-none-eabi\c\</path>
         <kind>archive</kind>
         <file>libc.a</file>
         <name>_printfi.c.obj</name>
      </input_file>
      <input_file id="fl-42">
         <path>F:\ccs\tools\compiler\ti-cgt-armllvm_4.0.0.LTS\lib\armv6m-ti-none-eabi\c\</path>
         <kind>archive</kind>
         <file>libc.a</file>
         <name>wcslen.c.obj</name>
      </input_file>
      <input_file id="fl-43">
         <path>F:\ccs\tools\compiler\ti-cgt-armllvm_4.0.0.LTS\lib\armv6m-ti-none-eabi\c\</path>
         <kind>archive</kind>
         <file>libc.a</file>
         <name>s_frexp.c.obj</name>
      </input_file>
      <input_file id="fl-44">
         <path>F:\ccs\tools\compiler\ti-cgt-armllvm_4.0.0.LTS\lib\armv6m-ti-none-eabi\c\</path>
         <kind>archive</kind>
         <file>libc.a</file>
         <name>s_scalbn.c.obj</name>
      </input_file>
      <input_file id="fl-45">
         <path>F:\ccs\tools\compiler\ti-cgt-armllvm_4.0.0.LTS\lib\armv6m-ti-none-eabi\c\</path>
         <kind>archive</kind>
         <file>libc.a</file>
         <name>aeabi_portable.c.obj</name>
      </input_file>
      <input_file id="fl-46">
         <path>F:\ccs\tools\compiler\ti-cgt-armllvm_4.0.0.LTS\lib\armv6m-ti-none-eabi\c\</path>
         <kind>archive</kind>
         <file>libc.a</file>
         <name>exit.c.obj</name>
      </input_file>
      <input_file id="fl-47">
         <path>F:\ccs\tools\compiler\ti-cgt-armllvm_4.0.0.LTS\lib\armv6m-ti-none-eabi\c\</path>
         <kind>archive</kind>
         <file>libc.a</file>
         <name>_lock.c.obj</name>
      </input_file>
      <input_file id="fl-48">
         <path>F:\ccs\tools\compiler\ti-cgt-armllvm_4.0.0.LTS\lib\armv6m-ti-none-eabi\c\</path>
         <kind>archive</kind>
         <file>libc.a</file>
         <name>_ltoa.c.obj</name>
      </input_file>
      <input_file id="fl-49">
         <path>F:\ccs\tools\compiler\ti-cgt-armllvm_4.0.0.LTS\lib\armv6m-ti-none-eabi\c\</path>
         <kind>archive</kind>
         <file>libc.a</file>
         <name>args_main.c.obj</name>
      </input_file>
      <input_file id="fl-4a">
         <path>F:\ccs\tools\compiler\ti-cgt-armllvm_4.0.0.LTS\lib\armv6m-ti-none-eabi\c\</path>
         <kind>archive</kind>
         <file>libc.a</file>
         <name>assert.c.obj</name>
      </input_file>
      <input_file id="fl-4b">
         <path>F:\ccs\tools\compiler\ti-cgt-armllvm_4.0.0.LTS\lib\armv6m-ti-none-eabi\c\</path>
         <kind>archive</kind>
         <file>libc.a</file>
         <name>atoi.c.obj</name>
      </input_file>
      <input_file id="fl-4c">
         <path>F:\ccs\tools\compiler\ti-cgt-armllvm_4.0.0.LTS\lib\armv6m-ti-none-eabi\c\</path>
         <kind>archive</kind>
         <file>libc.a</file>
         <name>defs.c.obj</name>
      </input_file>
      <input_file id="fl-4d">
         <path>F:\ccs\tools\compiler\ti-cgt-armllvm_4.0.0.LTS\lib\armv6m-ti-none-eabi\c\</path>
         <kind>archive</kind>
         <file>libc.a</file>
         <name>memccpy.c.obj</name>
      </input_file>
      <input_file id="fl-4e">
         <path>F:\ccs\tools\compiler\ti-cgt-armllvm_4.0.0.LTS\lib\armv6m-ti-none-eabi\c\</path>
         <kind>archive</kind>
         <file>libc.a</file>
         <name>memory.c.obj</name>
      </input_file>
      <input_file id="fl-4f">
         <path>F:\ccs\tools\compiler\ti-cgt-armllvm_4.0.0.LTS\lib\armv6m-ti-none-eabi\c\</path>
         <kind>archive</kind>
         <file>libc.a</file>
         <name>fflush.c.obj</name>
      </input_file>
      <input_file id="fl-50">
         <path>F:\ccs\tools\compiler\ti-cgt-armllvm_4.0.0.LTS\lib\armv6m-ti-none-eabi\c\</path>
         <kind>archive</kind>
         <file>libc.a</file>
         <name>fputs.c.obj</name>
      </input_file>
      <input_file id="fl-51">
         <path>F:\ccs\tools\compiler\ti-cgt-armllvm_4.0.0.LTS\lib\armv6m-ti-none-eabi\c\</path>
         <kind>archive</kind>
         <file>libc.a</file>
         <name>_io_perm.c.obj</name>
      </input_file>
      <input_file id="fl-52">
         <path>F:\ccs\tools\compiler\ti-cgt-armllvm_4.0.0.LTS\lib\armv6m-ti-none-eabi\c\</path>
         <kind>archive</kind>
         <file>libc.a</file>
         <name>setvbuf.c.obj</name>
      </input_file>
      <input_file id="fl-53">
         <path>F:\ccs\tools\compiler\ti-cgt-armllvm_4.0.0.LTS\lib\armv6m-ti-none-eabi\c\</path>
         <kind>archive</kind>
         <file>libc.a</file>
         <name>aeabi_ctype.S.obj</name>
      </input_file>
      <input_file id="fl-54">
         <path>F:\ccs\tools\compiler\ti-cgt-armllvm_4.0.0.LTS\lib\armv6m-ti-none-eabi\c\</path>
         <kind>archive</kind>
         <file>libc.a</file>
         <name>fopen.c.obj</name>
      </input_file>
      <input_file id="fl-55">
         <path>F:\ccs\tools\compiler\ti-cgt-armllvm_4.0.0.LTS\lib\armv6m-ti-none-eabi\c\</path>
         <kind>archive</kind>
         <file>libc.a</file>
         <name>fseek.c.obj</name>
      </input_file>
      <input_file id="fl-56">
         <path>F:\ccs\tools\compiler\ti-cgt-armllvm_4.0.0.LTS\lib\armv6m-ti-none-eabi\c\</path>
         <kind>archive</kind>
         <file>libc.a</file>
         <name>fclose.c.obj</name>
      </input_file>
      <input_file id="fl-ec">
         <path>F:\ccs\tools\compiler\ti-cgt-armllvm_4.0.0.LTS\lib\armv6m-ti-none-eabi\c\</path>
         <kind>archive</kind>
         <file>libsysbm.a</file>
         <name>write.c.obj</name>
      </input_file>
      <input_file id="fl-ed">
         <path>F:\ccs\tools\compiler\ti-cgt-armllvm_4.0.0.LTS\lib\armv6m-ti-none-eabi\c\</path>
         <kind>archive</kind>
         <file>libsysbm.a</file>
         <name>host_device.c.obj</name>
      </input_file>
      <input_file id="fl-ee">
         <path>F:\ccs\tools\compiler\ti-cgt-armllvm_4.0.0.LTS\lib\armv6m-ti-none-eabi\c\</path>
         <kind>archive</kind>
         <file>libsysbm.a</file>
         <name>remove.c.obj</name>
      </input_file>
      <input_file id="fl-ef">
         <path>F:\ccs\tools\compiler\ti-cgt-armllvm_4.0.0.LTS\lib\armv6m-ti-none-eabi\c\</path>
         <kind>archive</kind>
         <file>libsysbm.a</file>
         <name>open.c.obj</name>
      </input_file>
      <input_file id="fl-f0">
         <path>F:\ccs\tools\compiler\ti-cgt-armllvm_4.0.0.LTS\lib\armv6m-ti-none-eabi\c\</path>
         <kind>archive</kind>
         <file>libsysbm.a</file>
         <name>lseek.c.obj</name>
      </input_file>
      <input_file id="fl-f1">
         <path>F:\ccs\tools\compiler\ti-cgt-armllvm_4.0.0.LTS\lib\armv6m-ti-none-eabi\c\</path>
         <kind>archive</kind>
         <file>libsysbm.a</file>
         <name>close.c.obj</name>
      </input_file>
      <input_file id="fl-f2">
         <path>F:\ccs\tools\compiler\ti-cgt-armllvm_4.0.0.LTS\lib\armv6m-ti-none-eabi\c\</path>
         <kind>archive</kind>
         <file>libsysbm.a</file>
         <name>unlink.c.obj</name>
      </input_file>
      <input_file id="fl-f3">
         <path>F:\ccs\tools\compiler\ti-cgt-armllvm_4.0.0.LTS\lib\armv6m-ti-none-eabi\c\</path>
         <kind>archive</kind>
         <file>libsysbm.a</file>
         <name>hostclose.c.obj</name>
      </input_file>
      <input_file id="fl-f4">
         <path>F:\ccs\tools\compiler\ti-cgt-armllvm_4.0.0.LTS\lib\armv6m-ti-none-eabi\c\</path>
         <kind>archive</kind>
         <file>libsysbm.a</file>
         <name>hostlseek.c.obj</name>
      </input_file>
      <input_file id="fl-f5">
         <path>F:\ccs\tools\compiler\ti-cgt-armllvm_4.0.0.LTS\lib\armv6m-ti-none-eabi\c\</path>
         <kind>archive</kind>
         <file>libsysbm.a</file>
         <name>hostopen.c.obj</name>
      </input_file>
      <input_file id="fl-f6">
         <path>F:\ccs\tools\compiler\ti-cgt-armllvm_4.0.0.LTS\lib\armv6m-ti-none-eabi\c\</path>
         <kind>archive</kind>
         <file>libsysbm.a</file>
         <name>hostread.c.obj</name>
      </input_file>
      <input_file id="fl-f7">
         <path>F:\ccs\tools\compiler\ti-cgt-armllvm_4.0.0.LTS\lib\armv6m-ti-none-eabi\c\</path>
         <kind>archive</kind>
         <file>libsysbm.a</file>
         <name>hostrename.c.obj</name>
      </input_file>
      <input_file id="fl-f8">
         <path>F:\ccs\tools\compiler\ti-cgt-armllvm_4.0.0.LTS\lib\armv6m-ti-none-eabi\c\</path>
         <kind>archive</kind>
         <file>libsysbm.a</file>
         <name>hostunlink.c.obj</name>
      </input_file>
      <input_file id="fl-f9">
         <path>F:\ccs\tools\compiler\ti-cgt-armllvm_4.0.0.LTS\lib\armv6m-ti-none-eabi\c\</path>
         <kind>archive</kind>
         <file>libsysbm.a</file>
         <name>hostwrite.c.obj</name>
      </input_file>
      <input_file id="fl-fa">
         <path>F:\ccs\tools\compiler\ti-cgt-armllvm_4.0.0.LTS\lib\armv6m-ti-none-eabi\c\</path>
         <kind>archive</kind>
         <file>libsysbm.a</file>
         <name>trgmsg.c.obj</name>
      </input_file>
      <input_file id="fl-fb">
         <path>F:\ccs\tools\compiler\ti-cgt-armllvm_4.0.0.LTS\lib\armv6m-ti-none-eabi\</path>
         <kind>archive</kind>
         <file>libclang_rt.builtins.a</file>
         <name>addsf3.S.obj</name>
      </input_file>
      <input_file id="fl-fc">
         <path>F:\ccs\tools\compiler\ti-cgt-armllvm_4.0.0.LTS\lib\armv6m-ti-none-eabi\</path>
         <kind>archive</kind>
         <file>libclang_rt.builtins.a</file>
         <name>adddf3.S.obj</name>
      </input_file>
      <input_file id="fl-fd">
         <path>F:\ccs\tools\compiler\ti-cgt-armllvm_4.0.0.LTS\lib\armv6m-ti-none-eabi\</path>
         <kind>archive</kind>
         <file>libclang_rt.builtins.a</file>
         <name>muldf3.S.obj</name>
      </input_file>
      <input_file id="fl-fe">
         <path>F:\ccs\tools\compiler\ti-cgt-armllvm_4.0.0.LTS\lib\armv6m-ti-none-eabi\</path>
         <kind>archive</kind>
         <file>libclang_rt.builtins.a</file>
         <name>muldsi3.S.obj</name>
      </input_file>
      <input_file id="fl-ff">
         <path>F:\ccs\tools\compiler\ti-cgt-armllvm_4.0.0.LTS\lib\armv6m-ti-none-eabi\</path>
         <kind>archive</kind>
         <file>libclang_rt.builtins.a</file>
         <name>mulsf3.S.obj</name>
      </input_file>
      <input_file id="fl-100">
         <path>F:\ccs\tools\compiler\ti-cgt-armllvm_4.0.0.LTS\lib\armv6m-ti-none-eabi\</path>
         <kind>archive</kind>
         <file>libclang_rt.builtins.a</file>
         <name>divsf3.S.obj</name>
      </input_file>
      <input_file id="fl-101">
         <path>F:\ccs\tools\compiler\ti-cgt-armllvm_4.0.0.LTS\lib\armv6m-ti-none-eabi\</path>
         <kind>archive</kind>
         <file>libclang_rt.builtins.a</file>
         <name>divdf3.S.obj</name>
      </input_file>
      <input_file id="fl-102">
         <path>F:\ccs\tools\compiler\ti-cgt-armllvm_4.0.0.LTS\lib\armv6m-ti-none-eabi\</path>
         <kind>archive</kind>
         <file>libclang_rt.builtins.a</file>
         <name>extendsfdf2.S.obj</name>
      </input_file>
      <input_file id="fl-103">
         <path>F:\ccs\tools\compiler\ti-cgt-armllvm_4.0.0.LTS\lib\armv6m-ti-none-eabi\</path>
         <kind>archive</kind>
         <file>libclang_rt.builtins.a</file>
         <name>fixdfsi.S.obj</name>
      </input_file>
      <input_file id="fl-104">
         <path>F:\ccs\tools\compiler\ti-cgt-armllvm_4.0.0.LTS\lib\armv6m-ti-none-eabi\</path>
         <kind>archive</kind>
         <file>libclang_rt.builtins.a</file>
         <name>fixsfsi.S.obj</name>
      </input_file>
      <input_file id="fl-105">
         <path>F:\ccs\tools\compiler\ti-cgt-armllvm_4.0.0.LTS\lib\armv6m-ti-none-eabi\</path>
         <kind>archive</kind>
         <file>libclang_rt.builtins.a</file>
         <name>fixunssfsi.S.obj</name>
      </input_file>
      <input_file id="fl-106">
         <path>F:\ccs\tools\compiler\ti-cgt-armllvm_4.0.0.LTS\lib\armv6m-ti-none-eabi\</path>
         <kind>archive</kind>
         <file>libclang_rt.builtins.a</file>
         <name>floatsidf.S.obj</name>
      </input_file>
      <input_file id="fl-107">
         <path>F:\ccs\tools\compiler\ti-cgt-armllvm_4.0.0.LTS\lib\armv6m-ti-none-eabi\</path>
         <kind>archive</kind>
         <file>libclang_rt.builtins.a</file>
         <name>floatsisf.S.obj</name>
      </input_file>
      <input_file id="fl-108">
         <path>F:\ccs\tools\compiler\ti-cgt-armllvm_4.0.0.LTS\lib\armv6m-ti-none-eabi\</path>
         <kind>archive</kind>
         <file>libclang_rt.builtins.a</file>
         <name>floatunsisf.S.obj</name>
      </input_file>
      <input_file id="fl-109">
         <path>F:\ccs\tools\compiler\ti-cgt-armllvm_4.0.0.LTS\lib\armv6m-ti-none-eabi\</path>
         <kind>archive</kind>
         <file>libclang_rt.builtins.a</file>
         <name>muldi3.S.obj</name>
      </input_file>
      <input_file id="fl-10a">
         <path>F:\ccs\tools\compiler\ti-cgt-armllvm_4.0.0.LTS\lib\armv6m-ti-none-eabi\</path>
         <kind>archive</kind>
         <file>libclang_rt.builtins.a</file>
         <name>truncdfsf2.S.obj</name>
      </input_file>
      <input_file id="fl-10b">
         <path>F:\ccs\tools\compiler\ti-cgt-armllvm_4.0.0.LTS\lib\armv6m-ti-none-eabi\</path>
         <kind>archive</kind>
         <file>libclang_rt.builtins.a</file>
         <name>aeabi_dcmp.S.obj</name>
      </input_file>
      <input_file id="fl-10c">
         <path>F:\ccs\tools\compiler\ti-cgt-armllvm_4.0.0.LTS\lib\armv6m-ti-none-eabi\</path>
         <kind>archive</kind>
         <file>libclang_rt.builtins.a</file>
         <name>aeabi_fcmp.S.obj</name>
      </input_file>
      <input_file id="fl-10d">
         <path>F:\ccs\tools\compiler\ti-cgt-armllvm_4.0.0.LTS\lib\armv6m-ti-none-eabi\</path>
         <kind>archive</kind>
         <file>libclang_rt.builtins.a</file>
         <name>aeabi_idivmod.S.obj</name>
      </input_file>
      <input_file id="fl-10e">
         <path>F:\ccs\tools\compiler\ti-cgt-armllvm_4.0.0.LTS\lib\armv6m-ti-none-eabi\</path>
         <kind>archive</kind>
         <file>libclang_rt.builtins.a</file>
         <name>aeabi_memcpy.S.obj</name>
      </input_file>
      <input_file id="fl-10f">
         <path>F:\ccs\tools\compiler\ti-cgt-armllvm_4.0.0.LTS\lib\armv6m-ti-none-eabi\</path>
         <kind>archive</kind>
         <file>libclang_rt.builtins.a</file>
         <name>aeabi_memset.S.obj</name>
      </input_file>
      <input_file id="fl-110">
         <path>F:\ccs\tools\compiler\ti-cgt-armllvm_4.0.0.LTS\lib\armv6m-ti-none-eabi\</path>
         <kind>archive</kind>
         <file>libclang_rt.builtins.a</file>
         <name>aeabi_uidivmod.S.obj</name>
      </input_file>
      <input_file id="fl-111">
         <path>F:\ccs\tools\compiler\ti-cgt-armllvm_4.0.0.LTS\lib\armv6m-ti-none-eabi\</path>
         <kind>archive</kind>
         <file>libclang_rt.builtins.a</file>
         <name>aeabi_uldivmod.S.obj</name>
      </input_file>
      <input_file id="fl-112">
         <path>F:\ccs\tools\compiler\ti-cgt-armllvm_4.0.0.LTS\lib\armv6m-ti-none-eabi\</path>
         <kind>archive</kind>
         <file>libclang_rt.builtins.a</file>
         <name>comparesf2.S.obj</name>
      </input_file>
      <input_file id="fl-113">
         <path>F:\ccs\tools\compiler\ti-cgt-armllvm_4.0.0.LTS\lib\armv6m-ti-none-eabi\</path>
         <kind>archive</kind>
         <file>libclang_rt.builtins.a</file>
         <name>udivmoddi4.S.obj</name>
      </input_file>
      <input_file id="fl-114">
         <path>F:\ccs\tools\compiler\ti-cgt-armllvm_4.0.0.LTS\lib\armv6m-ti-none-eabi\</path>
         <kind>archive</kind>
         <file>libclang_rt.builtins.a</file>
         <name>ashldi3.S.obj</name>
      </input_file>
      <input_file id="fl-115">
         <path>F:\ccs\tools\compiler\ti-cgt-armllvm_4.0.0.LTS\lib\armv6m-ti-none-eabi\</path>
         <kind>archive</kind>
         <file>libclang_rt.builtins.a</file>
         <name>comparedf2.c.obj</name>
      </input_file>
      <input_file id="fl-116">
         <path>F:\ccs\tools\compiler\ti-cgt-armllvm_4.0.0.LTS\lib\armv6m-ti-none-eabi\</path>
         <kind>archive</kind>
         <file>libclang_rt.builtins.a</file>
         <name>aeabi_div0.c.obj</name>
      </input_file>
      <input_file id="fl-117">
         <path>F:\ccs\tools\compiler\ti-cgt-armllvm_4.0.0.LTS\lib\armv6m-ti-none-eabi\c\</path>
         <kind>archive</kind>
         <file>libc.a</file>
         <name>getdevice.c.obj</name>
      </input_file>
      <input_file id="fl-118">
         <path>F:\ccs\tools\compiler\ti-cgt-armllvm_4.0.0.LTS\lib\armv6m-ti-none-eabi\c\</path>
         <kind>archive</kind>
         <file>libc.a</file>
         <name>memcpy16.S.obj</name>
      </input_file>
      <input_file id="fl-119">
         <path>F:\ccs\tools\compiler\ti-cgt-armllvm_4.0.0.LTS\lib\armv6m-ti-none-eabi\c\</path>
         <kind>archive</kind>
         <file>libc.a</file>
         <name>memset16.S.obj</name>
      </input_file>
      <input_file id="fl-11a">
         <path>F:\ccs\tools\compiler\ti-cgt-armllvm_4.0.0.LTS\lib\armv6m-ti-none-eabi\c\</path>
         <kind>archive</kind>
         <file>libc.a</file>
         <name>strcmp-armv6m.S.obj</name>
      </input_file>
   </input_file_list>
   <object_component_list>
      <object_component id="oc-18">
         <name>.intvecs</name>
         <load_address>0x0</load_address>
         <readonly>true</readonly>
         <run_address>0x0</run_address>
         <size>0xc0</size>
         <alignment>0x4</alignment>
         <input_file_ref idref="fl-3"/>
      </object_component>
      <object_component id="oc-252">
         <name>.text:__TI_printfi</name>
         <load_address>0xc0</load_address>
         <readonly>true</readonly>
         <executable>true</executable>
         <run_address>0xc0</run_address>
         <size>0x9d0</size>
         <alignment>0x4</alignment>
         <input_file_ref idref="fl-41"/>
      </object_component>
      <object_component id="oc-4a">
         <name>.text.UART1_IRQHandler</name>
         <load_address>0xa90</load_address>
         <readonly>true</readonly>
         <executable>true</executable>
         <run_address>0xa90</run_address>
         <size>0x368</size>
         <alignment>0x4</alignment>
         <input_file_ref idref="fl-a"/>
      </object_component>
      <object_component id="oc-279">
         <name>.text._pconv_a</name>
         <load_address>0xdf8</load_address>
         <readonly>true</readonly>
         <executable>true</executable>
         <run_address>0xdf8</run_address>
         <size>0x220</size>
         <alignment>0x4</alignment>
         <input_file_ref idref="fl-41"/>
      </object_component>
      <object_component id="oc-1da">
         <name>.text.Oled_Task</name>
         <load_address>0x1018</load_address>
         <readonly>true</readonly>
         <executable>true</executable>
         <run_address>0x1018</run_address>
         <size>0x1f0</size>
         <alignment>0x4</alignment>
         <input_file_ref idref="fl-e"/>
      </object_component>
      <object_component id="oc-27e">
         <name>.text._pconv_g</name>
         <load_address>0x1208</load_address>
         <readonly>true</readonly>
         <executable>true</executable>
         <run_address>0x1208</run_address>
         <size>0x1dc</size>
         <alignment>0x4</alignment>
         <input_file_ref idref="fl-41"/>
      </object_component>
      <object_component id="oc-2af">
         <name>.text.adddf3_subdf3</name>
         <load_address>0x13e4</load_address>
         <readonly>true</readonly>
         <executable>true</executable>
         <run_address>0x13e4</run_address>
         <size>0x192</size>
         <alignment>0x4</alignment>
         <input_file_ref idref="fl-fc"/>
      </object_component>
      <object_component id="oc-fb">
         <name>.text.OLED_Init</name>
         <load_address>0x1576</load_address>
         <readonly>true</readonly>
         <executable>true</executable>
         <run_address>0x1576</run_address>
         <size>0x2</size>
         <alignment>0x2</alignment>
         <input_file_ref idref="fl-6"/>
      </object_component>
      <object_component id="oc-13d">
         <name>.text.SYSCFG_DL_GPIO_init</name>
         <load_address>0x1578</load_address>
         <readonly>true</readonly>
         <executable>true</executable>
         <run_address>0x1578</run_address>
         <size>0x188</size>
         <alignment>0x4</alignment>
         <input_file_ref idref="fl-2"/>
      </object_component>
      <object_component id="oc-2b3">
         <name>.text.fcvt</name>
         <load_address>0x1700</load_address>
         <readonly>true</readonly>
         <executable>true</executable>
         <run_address>0x1700</run_address>
         <size>0x13c</size>
         <alignment>0x4</alignment>
         <input_file_ref idref="fl-41"/>
      </object_component>
      <object_component id="oc-280">
         <name>.text._pconv_e</name>
         <load_address>0x183c</load_address>
         <readonly>true</readonly>
         <executable>true</executable>
         <run_address>0x183c</run_address>
         <size>0x120</size>
         <alignment>0x4</alignment>
         <input_file_ref idref="fl-41"/>
      </object_component>
      <object_component id="oc-164">
         <name>.text.OLED_ShowChar</name>
         <load_address>0x195c</load_address>
         <readonly>true</readonly>
         <executable>true</executable>
         <run_address>0x195c</run_address>
         <size>0x118</size>
         <alignment>0x4</alignment>
         <input_file_ref idref="fl-6"/>
      </object_component>
      <object_component id="oc-8d">
         <name>.text.__divdf3</name>
         <load_address>0x1a74</load_address>
         <readonly>true</readonly>
         <executable>true</executable>
         <run_address>0x1a74</run_address>
         <size>0x10c</size>
         <alignment>0x4</alignment>
         <input_file_ref idref="fl-101"/>
      </object_component>
      <object_component id="oc-19c">
         <name>.text.DL_Timer_initFourCCPWMMode</name>
         <load_address>0x1b80</load_address>
         <readonly>true</readonly>
         <executable>true</executable>
         <run_address>0x1b80</run_address>
         <size>0x104</size>
         <alignment>0x4</alignment>
         <input_file_ref idref="fl-20"/>
      </object_component>
      <object_component id="oc-225">
         <name>.text.Motor_Set_Speed</name>
         <load_address>0x1c84</load_address>
         <readonly>true</readonly>
         <executable>true</executable>
         <run_address>0x1c84</run_address>
         <size>0xf4</size>
         <alignment>0x2</alignment>
         <input_file_ref idref="fl-5"/>
      </object_component>
      <object_component id="oc-1a5">
         <name>.text.DL_Timer_initTimerMode</name>
         <load_address>0x1d78</load_address>
         <readonly>true</readonly>
         <executable>true</executable>
         <run_address>0x1d78</run_address>
         <size>0xe8</size>
         <alignment>0x4</alignment>
         <input_file_ref idref="fl-20"/>
      </object_component>
      <object_component id="oc-99">
         <name>.text.__muldf3</name>
         <load_address>0x1e60</load_address>
         <readonly>true</readonly>
         <executable>true</executable>
         <run_address>0x1e60</run_address>
         <size>0xe4</size>
         <alignment>0x4</alignment>
         <input_file_ref idref="fl-fd"/>
      </object_component>
      <object_component id="oc-18c">
         <name>.text.DL_SYSCTL_configSYSPLL</name>
         <load_address>0x1f44</load_address>
         <readonly>true</readonly>
         <executable>true</executable>
         <run_address>0x1f44</run_address>
         <size>0xdc</size>
         <alignment>0x4</alignment>
         <input_file_ref idref="fl-22"/>
      </object_component>
      <object_component id="oc-21c">
         <name>.text.Gray_Read_Sensors</name>
         <load_address>0x2020</load_address>
         <readonly>true</readonly>
         <executable>true</executable>
         <run_address>0x2020</run_address>
         <size>0xdc</size>
         <alignment>0x4</alignment>
         <input_file_ref idref="fl-c"/>
      </object_component>
      <object_component id="oc-29a">
         <name>.text.scalbn</name>
         <load_address>0x20fc</load_address>
         <readonly>true</readonly>
         <executable>true</executable>
         <run_address>0x20fc</run_address>
         <size>0xd8</size>
         <alignment>0x4</alignment>
         <input_file_ref idref="fl-44"/>
      </object_component>
      <object_component id="oc-e6">
         <name>.text</name>
         <load_address>0x21d4</load_address>
         <readonly>true</readonly>
         <executable>true</executable>
         <run_address>0x21d4</run_address>
         <size>0xd8</size>
         <alignment>0x4</alignment>
         <input_file_ref idref="fl-fb"/>
      </object_component>
      <object_component id="oc-aa">
         <name>.text.Update_Encoder_Data_Filtered</name>
         <load_address>0x22ac</load_address>
         <readonly>true</readonly>
         <executable>true</executable>
         <run_address>0x22ac</run_address>
         <size>0xac</size>
         <alignment>0x4</alignment>
         <input_file_ref idref="fl-4"/>
      </object_component>
      <object_component id="oc-291">
         <name>.text</name>
         <load_address>0x2358</load_address>
         <readonly>true</readonly>
         <executable>true</executable>
         <run_address>0x2358</run_address>
         <size>0xa2</size>
         <alignment>0x4</alignment>
         <input_file_ref idref="fl-113"/>
      </object_component>
      <object_component id="oc-1fe">
         <name>.text.__aeabi_idiv0</name>
         <load_address>0x23fa</load_address>
         <readonly>true</readonly>
         <executable>true</executable>
         <run_address>0x23fa</run_address>
         <size>0x2</size>
         <alignment>0x2</alignment>
         <input_file_ref idref="fl-116"/>
      </object_component>
      <object_component id="oc-41">
         <name>.text.GROUP1_IRQHandler</name>
         <load_address>0x23fc</load_address>
         <readonly>true</readonly>
         <executable>true</executable>
         <run_address>0x23fc</run_address>
         <size>0x98</size>
         <alignment>0x4</alignment>
         <input_file_ref idref="fl-a"/>
      </object_component>
      <object_component id="oc-1d7">
         <name>.text.OLED_WR_Byte</name>
         <load_address>0x2494</load_address>
         <readonly>true</readonly>
         <executable>true</executable>
         <run_address>0x2494</run_address>
         <size>0x98</size>
         <alignment>0x4</alignment>
         <input_file_ref idref="fl-6"/>
      </object_component>
      <object_component id="oc-1de">
         <name>.text.Gray_Task</name>
         <load_address>0x252c</load_address>
         <readonly>true</readonly>
         <executable>true</executable>
         <run_address>0x252c</run_address>
         <size>0x94</size>
         <alignment>0x4</alignment>
         <input_file_ref idref="fl-c"/>
      </object_component>
      <object_component id="oc-bb">
         <name>.text.main</name>
         <load_address>0x25c0</load_address>
         <readonly>true</readonly>
         <executable>true</executable>
         <run_address>0x25c0</run_address>
         <size>0x94</size>
         <alignment>0x4</alignment>
         <input_file_ref idref="fl-1"/>
      </object_component>
      <object_component id="oc-13f">
         <name>.text.SYSCFG_DL_PWM_MOTOR_init</name>
         <load_address>0x2654</load_address>
         <readonly>true</readonly>
         <executable>true</executable>
         <run_address>0x2654</run_address>
         <size>0x90</size>
         <alignment>0x4</alignment>
         <input_file_ref idref="fl-2"/>
      </object_component>
      <object_component id="oc-151">
         <name>.text.Motor_Config_Init</name>
         <load_address>0x26e4</load_address>
         <readonly>true</readonly>
         <executable>true</executable>
         <run_address>0x26e4</run_address>
         <size>0x8c</size>
         <alignment>0x2</alignment>
         <input_file_ref idref="fl-5"/>
      </object_component>
      <object_component id="oc-e2">
         <name>.text.__mulsf3</name>
         <load_address>0x2770</load_address>
         <readonly>true</readonly>
         <executable>true</executable>
         <run_address>0x2770</run_address>
         <size>0x8c</size>
         <alignment>0x4</alignment>
         <input_file_ref idref="fl-ff"/>
      </object_component>
      <object_component id="oc-149">
         <name>.text.__NVIC_SetPriority</name>
         <load_address>0x27fc</load_address>
         <readonly>true</readonly>
         <executable>true</executable>
         <run_address>0x27fc</run_address>
         <size>0x84</size>
         <alignment>0x4</alignment>
         <input_file_ref idref="fl-9"/>
      </object_component>
      <object_component id="oc-194">
         <name>.text.__NVIC_SetPriority</name>
         <load_address>0x2880</load_address>
         <readonly>true</readonly>
         <executable>true</executable>
         <run_address>0x2880</run_address>
         <size>0x84</size>
         <alignment>0x4</alignment>
         <input_file_ref idref="fl-2"/>
      </object_component>
      <object_component id="oc-de">
         <name>.text.__divsf3</name>
         <load_address>0x2904</load_address>
         <readonly>true</readonly>
         <executable>true</executable>
         <run_address>0x2904</run_address>
         <size>0x82</size>
         <alignment>0x4</alignment>
         <input_file_ref idref="fl-100"/>
      </object_component>
      <object_component id="oc-23e">
         <name>.text.Motor_Dead_Compensation</name>
         <load_address>0x2986</load_address>
         <readonly>true</readonly>
         <executable>true</executable>
         <run_address>0x2986</run_address>
         <size>0x80</size>
         <alignment>0x2</alignment>
         <input_file_ref idref="fl-5"/>
      </object_component>
      <object_component id="oc-2b5">
         <name>.text.__aeabi_ldiv0</name>
         <load_address>0x2a06</load_address>
         <readonly>true</readonly>
         <executable>true</executable>
         <run_address>0x2a06</run_address>
         <size>0x2</size>
         <alignment>0x2</alignment>
         <input_file_ref idref="fl-116"/>
      </object_component>
      <object_component id="oc-13c">
         <name>.text.SYSCFG_DL_initPower</name>
         <load_address>0x2a08</load_address>
         <readonly>true</readonly>
         <executable>true</executable>
         <run_address>0x2a08</run_address>
         <size>0x7c</size>
         <alignment>0x4</alignment>
         <input_file_ref idref="fl-2"/>
      </object_component>
      <object_component id="oc-1c">
         <name>.text:decompress:lzss</name>
         <load_address>0x2a84</load_address>
         <readonly>true</readonly>
         <executable>true</executable>
         <run_address>0x2a84</run_address>
         <size>0x7c</size>
         <alignment>0x4</alignment>
         <input_file_ref idref="fl-40"/>
      </object_component>
      <object_component id="oc-10e">
         <name>.text.Scheduler_Run</name>
         <load_address>0x2b00</load_address>
         <readonly>true</readonly>
         <executable>true</executable>
         <run_address>0x2b00</run_address>
         <size>0x74</size>
         <alignment>0x4</alignment>
         <input_file_ref idref="fl-b"/>
      </object_component>
      <object_component id="oc-2ad">
         <name>.text.__gedf2</name>
         <load_address>0x2b74</load_address>
         <readonly>true</readonly>
         <executable>true</executable>
         <run_address>0x2b74</run_address>
         <size>0x74</size>
         <alignment>0x4</alignment>
         <input_file_ref idref="fl-115"/>
      </object_component>
      <object_component id="oc-143">
         <name>.text.SYSCFG_DL_DMA_init</name>
         <load_address>0x2be8</load_address>
         <readonly>true</readonly>
         <executable>true</executable>
         <run_address>0x2be8</run_address>
         <size>0x8</size>
         <alignment>0x2</alignment>
         <input_file_ref idref="fl-2"/>
      </object_component>
      <object_component id="oc-95">
         <name>.text.__truncdfsf2</name>
         <load_address>0x2bf0</load_address>
         <readonly>true</readonly>
         <executable>true</executable>
         <run_address>0x2bf0</run_address>
         <size>0x74</size>
         <alignment>0x10</alignment>
         <input_file_ref idref="fl-10a"/>
      </object_component>
      <object_component id="oc-10d">
         <name>.text.OLED_ShowString</name>
         <load_address>0x2c64</load_address>
         <readonly>true</readonly>
         <executable>true</executable>
         <run_address>0x2c64</run_address>
         <size>0x70</size>
         <alignment>0x2</alignment>
         <input_file_ref idref="fl-6"/>
      </object_component>
      <object_component id="oc-102">
         <name>.text.Motor_Init</name>
         <load_address>0x2cd4</load_address>
         <readonly>true</readonly>
         <executable>true</executable>
         <run_address>0x2cd4</run_address>
         <size>0x6c</size>
         <alignment>0x4</alignment>
         <input_file_ref idref="fl-d"/>
      </object_component>
      <object_component id="oc-142">
         <name>.text.SYSCFG_DL_UART_WIT_init</name>
         <load_address>0x2d40</load_address>
         <readonly>true</readonly>
         <executable>true</executable>
         <run_address>0x2d40</run_address>
         <size>0x68</size>
         <alignment>0x4</alignment>
         <input_file_ref idref="fl-2"/>
      </object_component>
      <object_component id="oc-2a7">
         <name>.text.__ledf2</name>
         <load_address>0x2da8</load_address>
         <readonly>true</readonly>
         <executable>true</executable>
         <run_address>0x2da8</run_address>
         <size>0x68</size>
         <alignment>0x4</alignment>
         <input_file_ref idref="fl-115"/>
      </object_component>
      <object_component id="oc-2a6">
         <name>.text._mcpy</name>
         <load_address>0x2e10</load_address>
         <readonly>true</readonly>
         <executable>true</executable>
         <run_address>0x2e10</run_address>
         <size>0x66</size>
         <alignment>0x2</alignment>
         <input_file_ref idref="fl-41"/>
      </object_component>
      <object_component id="oc-27a">
         <name>.text.__aeabi_dcmp</name>
         <load_address>0x2e78</load_address>
         <readonly>true</readonly>
         <executable>true</executable>
         <run_address>0x2e78</run_address>
         <size>0x62</size>
         <alignment>0x4</alignment>
         <input_file_ref idref="fl-10b"/>
      </object_component>
      <object_component id="oc-23f">
         <name>.text.__aeabi_fcmp</name>
         <load_address>0x2edc</load_address>
         <readonly>true</readonly>
         <executable>true</executable>
         <run_address>0x2edc</run_address>
         <size>0x62</size>
         <alignment>0x4</alignment>
         <input_file_ref idref="fl-10c"/>
      </object_component>
      <object_component id="oc-20a">
         <name>.text.oled_i2c_sda_unlock</name>
         <load_address>0x2f40</load_address>
         <readonly>true</readonly>
         <executable>true</executable>
         <run_address>0x2f40</run_address>
         <size>0x60</size>
         <alignment>0x4</alignment>
         <input_file_ref idref="fl-6"/>
      </object_component>
      <object_component id="oc-205">
         <name>.text.DL_I2C_fillControllerTXFIFO</name>
         <load_address>0x2fa0</load_address>
         <readonly>true</readonly>
         <executable>true</executable>
         <run_address>0x2fa0</run_address>
         <size>0x5e</size>
         <alignment>0x2</alignment>
         <input_file_ref idref="fl-1f"/>
      </object_component>
      <object_component id="oc-296">
         <name>.text.frexp</name>
         <load_address>0x3000</load_address>
         <readonly>true</readonly>
         <executable>true</executable>
         <run_address>0x3000</run_address>
         <size>0x5c</size>
         <alignment>0x4</alignment>
         <input_file_ref idref="fl-43"/>
      </object_component>
      <object_component id="oc-233">
         <name>.text.mspm0_i2c_enable</name>
         <load_address>0x305c</load_address>
         <readonly>true</readonly>
         <executable>true</executable>
         <run_address>0x305c</run_address>
         <size>0x5c</size>
         <alignment>0x4</alignment>
         <input_file_ref idref="fl-6"/>
      </object_component>
      <object_component id="oc-141">
         <name>.text.SYSCFG_DL_I2C_OLED_init</name>
         <load_address>0x30b8</load_address>
         <readonly>true</readonly>
         <executable>true</executable>
         <run_address>0x30b8</run_address>
         <size>0x58</size>
         <alignment>0x4</alignment>
         <input_file_ref idref="fl-2"/>
      </object_component>
      <object_component id="oc-29e">
         <name>.text.__TI_ltoa</name>
         <load_address>0x3110</load_address>
         <readonly>true</readonly>
         <executable>true</executable>
         <run_address>0x3110</run_address>
         <size>0x58</size>
         <alignment>0x2</alignment>
         <input_file_ref idref="fl-48"/>
      </object_component>
      <object_component id="oc-27f">
         <name>.text._pconv_f</name>
         <load_address>0x3168</load_address>
         <readonly>true</readonly>
         <executable>true</executable>
         <run_address>0x3168</run_address>
         <size>0x58</size>
         <alignment>0x2</alignment>
         <input_file_ref idref="fl-41"/>
      </object_component>
      <object_component id="oc-2c1">
         <name>.text.__aeabi_idivmod</name>
         <load_address>0x31c0</load_address>
         <readonly>true</readonly>
         <executable>true</executable>
         <run_address>0x31c0</run_address>
         <size>0x56</size>
         <alignment>0x4</alignment>
         <input_file_ref idref="fl-10d"/>
      </object_component>
      <object_component id="oc-9d">
         <name>.text.DL_UART_drainRXFIFO</name>
         <load_address>0x3218</load_address>
         <readonly>true</readonly>
         <executable>true</executable>
         <run_address>0x3218</run_address>
         <size>0x54</size>
         <alignment>0x4</alignment>
         <input_file_ref idref="fl-21"/>
      </object_component>
      <object_component id="oc-2a4">
         <name>.text._ecpy</name>
         <load_address>0x326c</load_address>
         <readonly>true</readonly>
         <executable>true</executable>
         <run_address>0x326c</run_address>
         <size>0x52</size>
         <alignment>0x2</alignment>
         <input_file_ref idref="fl-41"/>
      </object_component>
      <object_component id="oc-208">
         <name>.text.DL_I2C_startControllerTransfer</name>
         <load_address>0x32c0</load_address>
         <readonly>true</readonly>
         <executable>true</executable>
         <run_address>0x32c0</run_address>
         <size>0x50</size>
         <alignment>0x4</alignment>
         <input_file_ref idref="fl-6"/>
      </object_component>
      <object_component id="oc-107">
         <name>.text.Encoder_Init</name>
         <load_address>0x3310</load_address>
         <readonly>true</readonly>
         <executable>true</executable>
         <run_address>0x3310</run_address>
         <size>0x50</size>
         <alignment>0x4</alignment>
         <input_file_ref idref="fl-4"/>
      </object_component>
      <object_component id="oc-148">
         <name>.text.SysTick_Config</name>
         <load_address>0x3360</load_address>
         <readonly>true</readonly>
         <executable>true</executable>
         <run_address>0x3360</run_address>
         <size>0x50</size>
         <alignment>0x4</alignment>
         <input_file_ref idref="fl-9"/>
      </object_component>
      <object_component id="oc-1c5">
         <name>.text.SysTick_Config</name>
         <load_address>0x33b0</load_address>
         <readonly>true</readonly>
         <executable>true</executable>
         <run_address>0x33b0</run_address>
         <size>0x50</size>
         <alignment>0x4</alignment>
         <input_file_ref idref="fl-2"/>
      </object_component>
      <object_component id="oc-1f4">
         <name>.text.DL_DMA_initChannel</name>
         <load_address>0x3400</load_address>
         <readonly>true</readonly>
         <executable>true</executable>
         <run_address>0x3400</run_address>
         <size>0x4c</size>
         <alignment>0x4</alignment>
         <input_file_ref idref="fl-1e"/>
      </object_component>
      <object_component id="oc-1bb">
         <name>.text.DL_UART_setBaudRateDivisor</name>
         <load_address>0x344c</load_address>
         <readonly>true</readonly>
         <executable>true</executable>
         <run_address>0x344c</run_address>
         <size>0x4c</size>
         <alignment>0x4</alignment>
         <input_file_ref idref="fl-2"/>
      </object_component>
      <object_component id="oc-91">
         <name>.text.__fixdfsi</name>
         <load_address>0x3498</load_address>
         <readonly>true</readonly>
         <executable>true</executable>
         <run_address>0x3498</run_address>
         <size>0x4a</size>
         <alignment>0x4</alignment>
         <input_file_ref idref="fl-103"/>
      </object_component>
      <object_component id="oc-1b9">
         <name>.text.DL_UART_init</name>
         <load_address>0x34e4</load_address>
         <readonly>true</readonly>
         <executable>true</executable>
         <run_address>0x34e4</run_address>
         <size>0x48</size>
         <alignment>0x4</alignment>
         <input_file_ref idref="fl-21"/>
      </object_component>
      <object_component id="oc-13e">
         <name>.text.SYSCFG_DL_SYSCTL_init</name>
         <load_address>0x352c</load_address>
         <readonly>true</readonly>
         <executable>true</executable>
         <run_address>0x352c</run_address>
         <size>0x48</size>
         <alignment>0x4</alignment>
         <input_file_ref idref="fl-2"/>
      </object_component>
      <object_component id="oc-193">
         <name>.text.DL_SYSCTL_switchMCLKfromSYSOSCtoHSCLK</name>
         <load_address>0x3574</load_address>
         <readonly>true</readonly>
         <executable>true</executable>
         <run_address>0x3574</run_address>
         <size>0x44</size>
         <alignment>0x4</alignment>
         <input_file_ref idref="fl-22"/>
      </object_component>
      <object_component id="oc-100">
         <name>.text.WIT_Init</name>
         <load_address>0x35b8</load_address>
         <readonly>true</readonly>
         <executable>true</executable>
         <run_address>0x35b8</run_address>
         <size>0x44</size>
         <alignment>0x4</alignment>
         <input_file_ref idref="fl-8"/>
      </object_component>
      <object_component id="oc-22e">
         <name>.text.mspm0_i2c_disable</name>
         <load_address>0x35fc</load_address>
         <readonly>true</readonly>
         <executable>true</executable>
         <run_address>0x35fc</run_address>
         <size>0x44</size>
         <alignment>0x4</alignment>
         <input_file_ref idref="fl-6"/>
      </object_component>
      <object_component id="oc-15f">
         <name>.text.Encoder_Driver_Init</name>
         <load_address>0x3640</load_address>
         <readonly>true</readonly>
         <executable>true</executable>
         <run_address>0x3640</run_address>
         <size>0x40</size>
         <alignment>0x2</alignment>
         <input_file_ref idref="fl-4"/>
      </object_component>
      <object_component id="oc-1d3">
         <name>.text.__aeabi_uidivmod</name>
         <load_address>0x3680</load_address>
         <readonly>true</readonly>
         <executable>true</executable>
         <run_address>0x3680</run_address>
         <size>0x40</size>
         <alignment>0x4</alignment>
         <input_file_ref idref="fl-110"/>
      </object_component>
      <object_component id="oc-20b">
         <name>.text.__extendsfdf2</name>
         <load_address>0x36c0</load_address>
         <readonly>true</readonly>
         <executable>true</executable>
         <run_address>0x36c0</run_address>
         <size>0x40</size>
         <alignment>0x4</alignment>
         <input_file_ref idref="fl-102"/>
      </object_component>
      <object_component id="oc-263">
         <name>.text.atoi</name>
         <load_address>0x3700</load_address>
         <readonly>true</readonly>
         <executable>true</executable>
         <run_address>0x3700</run_address>
         <size>0x40</size>
         <alignment>0x4</alignment>
         <input_file_ref idref="fl-4b"/>
      </object_component>
      <object_component id="oc-248">
         <name>.text.DL_GPIO_initPeripheralInputFunctionFeatures</name>
         <load_address>0x3740</load_address>
         <readonly>true</readonly>
         <executable>true</executable>
         <run_address>0x3740</run_address>
         <size>0x3c</size>
         <alignment>0x4</alignment>
         <input_file_ref idref="fl-6"/>
      </object_component>
      <object_component id="oc-17d">
         <name>.text.DL_GPIO_initPeripheralInputFunctionFeatures</name>
         <load_address>0x377c</load_address>
         <readonly>true</readonly>
         <executable>true</executable>
         <run_address>0x377c</run_address>
         <size>0x3c</size>
         <alignment>0x4</alignment>
         <input_file_ref idref="fl-2"/>
      </object_component>
      <object_component id="oc-19d">
         <name>.text.DL_Timer_setCounterControl</name>
         <load_address>0x37b8</load_address>
         <readonly>true</readonly>
         <executable>true</executable>
         <run_address>0x37b8</run_address>
         <size>0x3c</size>
         <alignment>0x4</alignment>
         <input_file_ref idref="fl-2"/>
      </object_component>
      <object_component id="oc-1d2">
         <name>.text.OLED_Set_Pos</name>
         <load_address>0x37f4</load_address>
         <readonly>true</readonly>
         <executable>true</executable>
         <run_address>0x37f4</run_address>
         <size>0x3c</size>
         <alignment>0x2</alignment>
         <input_file_ref idref="fl-6"/>
      </object_component>
      <object_component id="oc-140">
         <name>.text.SYSCFG_DL_TIMER_10ms_init</name>
         <load_address>0x3830</load_address>
         <readonly>true</readonly>
         <executable>true</executable>
         <run_address>0x3830</run_address>
         <size>0x3c</size>
         <alignment>0x4</alignment>
         <input_file_ref idref="fl-2"/>
      </object_component>
      <object_component id="oc-da">
         <name>.text.__floatsisf</name>
         <load_address>0x386c</load_address>
         <readonly>true</readonly>
         <executable>true</executable>
         <run_address>0x386c</run_address>
         <size>0x3c</size>
         <alignment>0x4</alignment>
         <input_file_ref idref="fl-107"/>
      </object_component>
      <object_component id="oc-258">
         <name>.text.__gtsf2</name>
         <load_address>0x38a8</load_address>
         <readonly>true</readonly>
         <executable>true</executable>
         <run_address>0x38a8</run_address>
         <size>0x3c</size>
         <alignment>0x4</alignment>
         <input_file_ref idref="fl-112"/>
      </object_component>
      <object_component id="oc-11e">
         <name>.text:__TI_auto_init_nobinit_nopinit</name>
         <load_address>0x38e4</load_address>
         <readonly>true</readonly>
         <executable>true</executable>
         <run_address>0x38e4</run_address>
         <size>0x3c</size>
         <alignment>0x4</alignment>
         <input_file_ref idref="fl-3b"/>
      </object_component>
      <object_component id="oc-253">
         <name>.text.__eqsf2</name>
         <load_address>0x3920</load_address>
         <readonly>true</readonly>
         <executable>true</executable>
         <run_address>0x3920</run_address>
         <size>0x3a</size>
         <alignment>0x4</alignment>
         <input_file_ref idref="fl-112"/>
      </object_component>
      <object_component id="oc-cf">
         <name>.text.__muldsi3</name>
         <load_address>0x395c</load_address>
         <readonly>true</readonly>
         <executable>true</executable>
         <run_address>0x395c</run_address>
         <size>0x3a</size>
         <alignment>0x4</alignment>
         <input_file_ref idref="fl-fe"/>
      </object_component>
      <object_component id="oc-1f9">
         <name>.text.__fixsfsi</name>
         <load_address>0x3998</load_address>
         <readonly>true</readonly>
         <executable>true</executable>
         <run_address>0x3998</run_address>
         <size>0x38</size>
         <alignment>0x4</alignment>
         <input_file_ref idref="fl-104"/>
      </object_component>
      <object_component id="oc-20f">
         <name>.text.sprintf</name>
         <load_address>0x39d0</load_address>
         <readonly>true</readonly>
         <executable>true</executable>
         <run_address>0x39d0</run_address>
         <size>0x38</size>
         <alignment>0x4</alignment>
         <input_file_ref idref="fl-37"/>
      </object_component>
      <object_component id="oc-245">
         <name>.text.DL_GPIO_initDigitalInputFeatures</name>
         <load_address>0x3a08</load_address>
         <readonly>true</readonly>
         <executable>true</executable>
         <run_address>0x3a08</run_address>
         <size>0x34</size>
         <alignment>0x4</alignment>
         <input_file_ref idref="fl-6"/>
      </object_component>
      <object_component id="oc-181">
         <name>.text.DL_GPIO_initDigitalInputFeatures</name>
         <load_address>0x3a3c</load_address>
         <readonly>true</readonly>
         <executable>true</executable>
         <run_address>0x3a3c</run_address>
         <size>0x34</size>
         <alignment>0x4</alignment>
         <input_file_ref idref="fl-2"/>
      </object_component>
      <object_component id="oc-f5">
         <name>.text.SYSCFG_DL_init</name>
         <load_address>0x3a70</load_address>
         <readonly>true</readonly>
         <executable>true</executable>
         <run_address>0x3a70</run_address>
         <size>0x34</size>
         <alignment>0x4</alignment>
         <input_file_ref idref="fl-2"/>
      </object_component>
      <object_component id="oc-23d">
         <name>.text.Motor_Limit_Speed</name>
         <load_address>0x3aa4</load_address>
         <readonly>true</readonly>
         <executable>true</executable>
         <run_address>0x3aa4</run_address>
         <size>0x32</size>
         <alignment>0x2</alignment>
         <input_file_ref idref="fl-5"/>
      </object_component>
      <object_component id="oc-1c9">
         <name>.text.__fixunssfsi</name>
         <load_address>0x3ad8</load_address>
         <readonly>true</readonly>
         <executable>true</executable>
         <run_address>0x3ad8</run_address>
         <size>0x32</size>
         <alignment>0x4</alignment>
         <input_file_ref idref="fl-105"/>
      </object_component>
      <object_component id="oc-a4">
         <name>.text.DL_DMA_setTransferSize</name>
         <load_address>0x3b0c</load_address>
         <readonly>true</readonly>
         <executable>true</executable>
         <run_address>0x3b0c</run_address>
         <size>0x30</size>
         <alignment>0x4</alignment>
         <input_file_ref idref="fl-a"/>
      </object_component>
      <object_component id="oc-14e">
         <name>.text.DL_DMA_setTransferSize</name>
         <load_address>0x3b3c</load_address>
         <readonly>true</readonly>
         <executable>true</executable>
         <run_address>0x3b3c</run_address>
         <size>0x30</size>
         <alignment>0x4</alignment>
         <input_file_ref idref="fl-8"/>
      </object_component>
      <object_component id="oc-2a5">
         <name>.text._fcpy</name>
         <load_address>0x3b6c</load_address>
         <readonly>true</readonly>
         <executable>true</executable>
         <run_address>0x3b6c</run_address>
         <size>0x30</size>
         <alignment>0x2</alignment>
         <input_file_ref idref="fl-41"/>
      </object_component>
      <object_component id="oc-230">
         <name>.text.mspm0_delay_ms</name>
         <load_address>0x3b9c</load_address>
         <readonly>true</readonly>
         <executable>true</executable>
         <run_address>0x3b9c</run_address>
         <size>0x30</size>
         <alignment>0x4</alignment>
         <input_file_ref idref="fl-9"/>
      </object_component>
      <object_component id="oc-160">
         <name>.text.__NVIC_EnableIRQ</name>
         <load_address>0x3bcc</load_address>
         <readonly>true</readonly>
         <executable>true</executable>
         <run_address>0x3bcc</run_address>
         <size>0x2c</size>
         <alignment>0x4</alignment>
         <input_file_ref idref="fl-4"/>
      </object_component>
      <object_component id="oc-150">
         <name>.text.__NVIC_EnableIRQ</name>
         <load_address>0x3bf8</load_address>
         <readonly>true</readonly>
         <executable>true</executable>
         <run_address>0x3bf8</run_address>
         <size>0x2c</size>
         <alignment>0x4</alignment>
         <input_file_ref idref="fl-8"/>
      </object_component>
      <object_component id="oc-89">
         <name>.text.__floatsidf</name>
         <load_address>0x3c24</load_address>
         <readonly>true</readonly>
         <executable>true</executable>
         <run_address>0x3c24</run_address>
         <size>0x2c</size>
         <alignment>0x4</alignment>
         <input_file_ref idref="fl-106"/>
      </object_component>
      <object_component id="oc-204">
         <name>.text.mspm0_get_clock_ms</name>
         <load_address>0x3c50</load_address>
         <readonly>true</readonly>
         <executable>true</executable>
         <run_address>0x3c50</run_address>
         <size>0x2c</size>
         <alignment>0x4</alignment>
         <input_file_ref idref="fl-9"/>
      </object_component>
      <object_component id="oc-22d">
         <name>.text.DL_Common_updateReg</name>
         <load_address>0x3c7c</load_address>
         <readonly>true</readonly>
         <executable>true</executable>
         <run_address>0x3c7c</run_address>
         <size>0x28</size>
         <alignment>0x2</alignment>
         <input_file_ref idref="fl-6"/>
      </object_component>
      <object_component id="oc-1ed">
         <name>.text.DL_Common_updateReg</name>
         <load_address>0x3ca4</load_address>
         <readonly>true</readonly>
         <executable>true</executable>
         <run_address>0x3ca4</run_address>
         <size>0x28</size>
         <alignment>0x2</alignment>
         <input_file_ref idref="fl-2"/>
      </object_component>
      <object_component id="oc-a3">
         <name>.text.DL_DMA_setDestAddr</name>
         <load_address>0x3ccc</load_address>
         <readonly>true</readonly>
         <executable>true</executable>
         <run_address>0x3ccc</run_address>
         <size>0x28</size>
         <alignment>0x4</alignment>
         <input_file_ref idref="fl-a"/>
      </object_component>
      <object_component id="oc-14d">
         <name>.text.DL_DMA_setDestAddr</name>
         <load_address>0x3cf4</load_address>
         <readonly>true</readonly>
         <executable>true</executable>
         <run_address>0x3cf4</run_address>
         <size>0x28</size>
         <alignment>0x4</alignment>
         <input_file_ref idref="fl-8"/>
      </object_component>
      <object_component id="oc-14c">
         <name>.text.DL_DMA_setSrcAddr</name>
         <load_address>0x3d1c</load_address>
         <readonly>true</readonly>
         <executable>true</executable>
         <run_address>0x3d1c</run_address>
         <size>0x28</size>
         <alignment>0x4</alignment>
         <input_file_ref idref="fl-8"/>
      </object_component>
      <object_component id="oc-1b4">
         <name>.text.DL_I2C_setControllerRXFIFOThreshold</name>
         <load_address>0x3d44</load_address>
         <readonly>true</readonly>
         <executable>true</executable>
         <run_address>0x3d44</run_address>
         <size>0x28</size>
         <alignment>0x4</alignment>
         <input_file_ref idref="fl-2"/>
      </object_component>
      <object_component id="oc-1b3">
         <name>.text.DL_I2C_setControllerTXFIFOThreshold</name>
         <load_address>0x3d6c</load_address>
         <readonly>true</readonly>
         <executable>true</executable>
         <run_address>0x3d6c</run_address>
         <size>0x28</size>
         <alignment>0x4</alignment>
         <input_file_ref idref="fl-2"/>
      </object_component>
      <object_component id="oc-1bf">
         <name>.text.DL_UART_setRXFIFOThreshold</name>
         <load_address>0x3d94</load_address>
         <readonly>true</readonly>
         <executable>true</executable>
         <run_address>0x3d94</run_address>
         <size>0x28</size>
         <alignment>0x4</alignment>
         <input_file_ref idref="fl-2"/>
      </object_component>
      <object_component id="oc-21d">
         <name>.text.__floatunsisf</name>
         <load_address>0x3dbc</load_address>
         <readonly>true</readonly>
         <executable>true</executable>
         <run_address>0x3dbc</run_address>
         <size>0x28</size>
         <alignment>0x4</alignment>
         <input_file_ref idref="fl-108"/>
      </object_component>
      <object_component id="oc-73">
         <name>.text:_c_int00_noargs</name>
         <load_address>0x3de4</load_address>
         <readonly>true</readonly>
         <executable>true</executable>
         <run_address>0x3de4</run_address>
         <size>0x28</size>
         <alignment>0x4</alignment>
         <input_file_ref idref="fl-39"/>
      </object_component>
      <object_component id="oc-85">
         <name>.text.DL_DMA_disableChannel</name>
         <load_address>0x3e0c</load_address>
         <readonly>true</readonly>
         <executable>true</executable>
         <run_address>0x3e0c</run_address>
         <size>0x26</size>
         <alignment>0x2</alignment>
         <input_file_ref idref="fl-a"/>
      </object_component>
      <object_component id="oc-a5">
         <name>.text.DL_DMA_enableChannel</name>
         <load_address>0x3e32</load_address>
         <readonly>true</readonly>
         <executable>true</executable>
         <run_address>0x3e32</run_address>
         <size>0x26</size>
         <alignment>0x2</alignment>
         <input_file_ref idref="fl-a"/>
      </object_component>
      <object_component id="oc-14f">
         <name>.text.DL_DMA_enableChannel</name>
         <load_address>0x3e58</load_address>
         <readonly>true</readonly>
         <executable>true</executable>
         <run_address>0x3e58</run_address>
         <size>0x26</size>
         <alignment>0x2</alignment>
         <input_file_ref idref="fl-8"/>
      </object_component>
      <object_component id="oc-1af">
         <name>.text.DL_I2C_setAnalogGlitchFilterPulseWidth</name>
         <load_address>0x3e7e</load_address>
         <readonly>true</readonly>
         <executable>true</executable>
         <run_address>0x3e7e</run_address>
         <size>0x26</size>
         <alignment>0x2</alignment>
         <input_file_ref idref="fl-2"/>
      </object_component>
      <object_component id="oc-1a9">
         <name>.text.DL_I2C_setClockConfig</name>
         <load_address>0x3ea4</load_address>
         <readonly>true</readonly>
         <executable>true</executable>
         <run_address>0x3ea4</run_address>
         <size>0x26</size>
         <alignment>0x2</alignment>
         <input_file_ref idref="fl-1f"/>
      </object_component>
      <object_component id="oc-86">
         <name>.text.DL_DMA_getTransferSize</name>
         <load_address>0x3ecc</load_address>
         <readonly>true</readonly>
         <executable>true</executable>
         <run_address>0x3ecc</run_address>
         <size>0x24</size>
         <alignment>0x4</alignment>
         <input_file_ref idref="fl-a"/>
      </object_component>
      <object_component id="oc-1c0">
         <name>.text.DL_UART_setRXInterruptTimeout</name>
         <load_address>0x3ef0</load_address>
         <readonly>true</readonly>
         <executable>true</executable>
         <run_address>0x3ef0</run_address>
         <size>0x24</size>
         <alignment>0x4</alignment>
         <input_file_ref idref="fl-2"/>
      </object_component>
      <object_component id="oc-1e3">
         <name>.text.Motor_Task</name>
         <load_address>0x3f14</load_address>
         <readonly>true</readonly>
         <executable>true</executable>
         <run_address>0x3f14</run_address>
         <size>0x24</size>
         <alignment>0x4</alignment>
         <input_file_ref idref="fl-d"/>
      </object_component>
      <object_component id="oc-4d">
         <name>.text.TIMG0_IRQHandler</name>
         <load_address>0x3f38</load_address>
         <readonly>true</readonly>
         <executable>true</executable>
         <run_address>0x3f38</run_address>
         <size>0x24</size>
         <alignment>0x4</alignment>
         <input_file_ref idref="fl-a"/>
      </object_component>
      <object_component id="oc-270">
         <name>.text.__muldi3</name>
         <load_address>0x3f5c</load_address>
         <readonly>true</readonly>
         <executable>true</executable>
         <run_address>0x3f5c</run_address>
         <size>0x24</size>
         <alignment>0x4</alignment>
         <input_file_ref idref="fl-109"/>
      </object_component>
      <object_component id="oc-25c">
         <name>.text.memccpy</name>
         <load_address>0x3f80</load_address>
         <readonly>true</readonly>
         <executable>true</executable>
         <run_address>0x3f80</run_address>
         <size>0x22</size>
         <alignment>0x2</alignment>
         <input_file_ref idref="fl-4d"/>
      </object_component>
      <object_component id="oc-17f">
         <name>.text.DL_GPIO_initPeripheralInputFunction</name>
         <load_address>0x3fa4</load_address>
         <readonly>true</readonly>
         <executable>true</executable>
         <run_address>0x3fa4</run_address>
         <size>0x20</size>
         <alignment>0x4</alignment>
         <input_file_ref idref="fl-2"/>
      </object_component>
      <object_component id="oc-188">
         <name>.text.DL_SYSCTL_setFlashWaitState</name>
         <load_address>0x3fc4</load_address>
         <readonly>true</readonly>
         <executable>true</executable>
         <run_address>0x3fc4</run_address>
         <size>0x20</size>
         <alignment>0x4</alignment>
         <input_file_ref idref="fl-2"/>
      </object_component>
      <object_component id="oc-1ba">
         <name>.text.DL_UART_setOversampling</name>
         <load_address>0x3fe4</load_address>
         <readonly>true</readonly>
         <executable>true</executable>
         <run_address>0x3fe4</run_address>
         <size>0x1e</size>
         <alignment>0x2</alignment>
         <input_file_ref idref="fl-2"/>
      </object_component>
      <object_component id="oc-2b6">
         <name>.text.__ashldi3</name>
         <load_address>0x4004</load_address>
         <readonly>true</readonly>
         <executable>true</executable>
         <run_address>0x4004</run_address>
         <size>0x1e</size>
         <alignment>0x4</alignment>
         <input_file_ref idref="fl-114"/>
      </object_component>
      <object_component id="oc-81">
         <name>.text.DL_GPIO_clearInterruptStatus</name>
         <load_address>0x4024</load_address>
         <readonly>true</readonly>
         <executable>true</executable>
         <run_address>0x4024</run_address>
         <size>0x1c</size>
         <alignment>0x4</alignment>
         <input_file_ref idref="fl-a"/>
      </object_component>
      <object_component id="oc-183">
         <name>.text.DL_GPIO_clearInterruptStatus</name>
         <load_address>0x4040</load_address>
         <readonly>true</readonly>
         <executable>true</executable>
         <run_address>0x4040</run_address>
         <size>0x1c</size>
         <alignment>0x4</alignment>
         <input_file_ref idref="fl-2"/>
      </object_component>
      <object_component id="oc-249">
         <name>.text.DL_GPIO_enableHiZ</name>
         <load_address>0x405c</load_address>
         <readonly>true</readonly>
         <executable>true</executable>
         <run_address>0x405c</run_address>
         <size>0x1c</size>
         <alignment>0x4</alignment>
         <input_file_ref idref="fl-6"/>
      </object_component>
      <object_component id="oc-17e">
         <name>.text.DL_GPIO_enableHiZ</name>
         <load_address>0x4078</load_address>
         <readonly>true</readonly>
         <executable>true</executable>
         <run_address>0x4078</run_address>
         <size>0x1c</size>
         <alignment>0x4</alignment>
         <input_file_ref idref="fl-2"/>
      </object_component>
      <object_component id="oc-184">
         <name>.text.DL_GPIO_enableInterrupt</name>
         <load_address>0x4094</load_address>
         <readonly>true</readonly>
         <executable>true</executable>
         <run_address>0x4094</run_address>
         <size>0x1c</size>
         <alignment>0x4</alignment>
         <input_file_ref idref="fl-2"/>
      </object_component>
      <object_component id="oc-17b">
         <name>.text.DL_GPIO_initPeripheralOutputFunction</name>
         <load_address>0x40b0</load_address>
         <readonly>true</readonly>
         <executable>true</executable>
         <run_address>0x40b0</run_address>
         <size>0x1c</size>
         <alignment>0x4</alignment>
         <input_file_ref idref="fl-2"/>
      </object_component>
      <object_component id="oc-182">
         <name>.text.DL_GPIO_setLowerPinsPolarity</name>
         <load_address>0x40cc</load_address>
         <readonly>true</readonly>
         <executable>true</executable>
         <run_address>0x40cc</run_address>
         <size>0x1c</size>
         <alignment>0x4</alignment>
         <input_file_ref idref="fl-2"/>
      </object_component>
      <object_component id="oc-189">
         <name>.text.DL_SYSCTL_setSYSOSCFreq</name>
         <load_address>0x40e8</load_address>
         <readonly>true</readonly>
         <executable>true</executable>
         <run_address>0x40e8</run_address>
         <size>0x1c</size>
         <alignment>0x4</alignment>
         <input_file_ref idref="fl-2"/>
      </object_component>
      <object_component id="oc-192">
         <name>.text.DL_SYSCTL_setULPCLKDivider</name>
         <load_address>0x4104</load_address>
         <readonly>true</readonly>
         <executable>true</executable>
         <run_address>0x4104</run_address>
         <size>0x1c</size>
         <alignment>0x4</alignment>
         <input_file_ref idref="fl-2"/>
      </object_component>
      <object_component id="oc-1a6">
         <name>.text.DL_Timer_enableInterrupt</name>
         <load_address>0x4120</load_address>
         <readonly>true</readonly>
         <executable>true</executable>
         <run_address>0x4120</run_address>
         <size>0x1c</size>
         <alignment>0x4</alignment>
         <input_file_ref idref="fl-2"/>
      </object_component>
      <object_component id="oc-19f">
         <name>.text.DL_Timer_setCaptCompUpdateMethod</name>
         <load_address>0x413c</load_address>
         <readonly>true</readonly>
         <executable>true</executable>
         <run_address>0x413c</run_address>
         <size>0x1c</size>
         <alignment>0x4</alignment>
         <input_file_ref idref="fl-20"/>
      </object_component>
      <object_component id="oc-196">
         <name>.text.DL_Timer_setClockConfig</name>
         <load_address>0x4158</load_address>
         <readonly>true</readonly>
         <executable>true</executable>
         <run_address>0x4158</run_address>
         <size>0x1c</size>
         <alignment>0x4</alignment>
         <input_file_ref idref="fl-20"/>
      </object_component>
      <object_component id="oc-1bc">
         <name>.text.DL_UART_enableInterrupt</name>
         <load_address>0x4174</load_address>
         <readonly>true</readonly>
         <executable>true</executable>
         <run_address>0x4174</run_address>
         <size>0x1c</size>
         <alignment>0x4</alignment>
         <input_file_ref idref="fl-2"/>
      </object_component>
      <object_component id="oc-246">
         <name>.text.DL_GPIO_enableOutput</name>
         <load_address>0x4190</load_address>
         <readonly>true</readonly>
         <executable>true</executable>
         <run_address>0x4190</run_address>
         <size>0x18</size>
         <alignment>0x4</alignment>
         <input_file_ref idref="fl-6"/>
      </object_component>
      <object_component id="oc-17c">
         <name>.text.DL_GPIO_enableOutput</name>
         <load_address>0x41a8</load_address>
         <readonly>true</readonly>
         <executable>true</executable>
         <run_address>0x41a8</run_address>
         <size>0x18</size>
         <alignment>0x4</alignment>
         <input_file_ref idref="fl-2"/>
      </object_component>
      <object_component id="oc-177">
         <name>.text.DL_GPIO_enablePower</name>
         <load_address>0x41c0</load_address>
         <readonly>true</readonly>
         <executable>true</executable>
         <run_address>0x41c0</run_address>
         <size>0x18</size>
         <alignment>0x4</alignment>
         <input_file_ref idref="fl-2"/>
      </object_component>
      <object_component id="oc-7f">
         <name>.text.DL_GPIO_getEnabledInterruptStatus</name>
         <load_address>0x41d8</load_address>
         <readonly>true</readonly>
         <executable>true</executable>
         <run_address>0x41d8</run_address>
         <size>0x18</size>
         <alignment>0x4</alignment>
         <input_file_ref idref="fl-a"/>
      </object_component>
      <object_component id="oc-244">
         <name>.text.DL_GPIO_initDigitalOutput</name>
         <load_address>0x41f0</load_address>
         <readonly>true</readonly>
         <executable>true</executable>
         <run_address>0x41f0</run_address>
         <size>0x18</size>
         <alignment>0x4</alignment>
         <input_file_ref idref="fl-6"/>
      </object_component>
      <object_component id="oc-180">
         <name>.text.DL_GPIO_initDigitalOutput</name>
         <load_address>0x4208</load_address>
[...]
         <name>oled_buffer</name>
         <value>0x20200159</value>
      </symbol>
      <symbol id="sm-2f2">
         <name>__TI_ATRegion0_src_addr</name>
         <value>0x0</value>
      </symbol>
      <symbol id="sm-2f3">
         <name>__TI_ATRegion0_trg_addr</name>
         <value>0x0</value>
      </symbol>
      <symbol id="sm-2f4">
         <name>__TI_ATRegion0_region_sz</name>
         <value>0x0</value>
      </symbol>
      <symbol id="sm-2f5">
         <name>__TI_ATRegion1_src_addr</name>
         <value>0x0</value>
      </symbol>
      <symbol id="sm-2f6">
         <name>__TI_ATRegion1_trg_addr</name>
         <value>0x0</value>
      </symbol>
      <symbol id="sm-2f7">
         <name>__TI_ATRegion1_region_sz</name>
         <value>0x0</value>
      </symbol>
      <symbol id="sm-2f8">
         <name>__TI_ATRegion2_src_addr</name>
         <value>0x0</value>
      </symbol>
      <symbol id="sm-2f9">
         <name>__TI_ATRegion2_trg_addr</name>
         <value>0x0</value>
      </symbol>
      <symbol id="sm-2fa">
         <name>__TI_ATRegion2_region_sz</name>
         <value>0x0</value>
      </symbol>
      <symbol id="sm-303">
         <name>DL_Common_delayCycles</name>
         <value>0x470d</value>
         <object_component_ref idref="oc-157"/>
      </symbol>
      <symbol id="sm-30d">
         <name>DL_DMA_initChannel</name>
         <value>0x3401</value>
         <object_component_ref idref="oc-1f4"/>
      </symbol>
      <symbol id="sm-319">
         <name>DL_I2C_setClockConfig</name>
         <value>0x3ea5</value>
         <object_component_ref idref="oc-1a9"/>
      </symbol>
      <symbol id="sm-31a">
         <name>DL_I2C_fillControllerTXFIFO</name>
         <value>0x2fa1</value>
         <object_component_ref idref="oc-205"/>
      </symbol>
      <symbol id="sm-336">
         <name>DL_Timer_setClockConfig</name>
         <value>0x4159</value>
         <object_component_ref idref="oc-196"/>
      </symbol>
      <symbol id="sm-337">
         <name>DL_Timer_initTimerMode</name>
         <value>0x1d79</value>
         <object_component_ref idref="oc-1a5"/>
      </symbol>
      <symbol id="sm-338">
         <name>DL_Timer_setCaptureCompareValue</name>
         <value>0x4695</value>
         <object_component_ref idref="oc-1a0"/>
      </symbol>
      <symbol id="sm-339">
         <name>DL_Timer_setCaptCompUpdateMethod</name>
         <value>0x413d</value>
         <object_component_ref idref="oc-19f"/>
      </symbol>
      <symbol id="sm-33a">
         <name>DL_Timer_setCaptureCompareOutCtl</name>
         <value>0x43e9</value>
         <object_component_ref idref="oc-19e"/>
      </symbol>
      <symbol id="sm-33b">
         <name>DL_Timer_initFourCCPWMMode</name>
         <value>0x1b81</value>
         <object_component_ref idref="oc-19c"/>
      </symbol>
      <symbol id="sm-34b">
         <name>DL_UART_init</name>
         <value>0x34e5</value>
         <object_component_ref idref="oc-1b9"/>
      </symbol>
      <symbol id="sm-34c">
         <name>DL_UART_setClockConfig</name>
         <value>0x464d</value>
         <object_component_ref idref="oc-1b8"/>
      </symbol>
      <symbol id="sm-34d">
         <name>DL_UART_drainRXFIFO</name>
         <value>0x3219</value>
         <object_component_ref idref="oc-9d"/>
      </symbol>
      <symbol id="sm-35b">
         <name>DL_SYSCTL_configSYSPLL</name>
         <value>0x1f45</value>
         <object_component_ref idref="oc-18c"/>
      </symbol>
      <symbol id="sm-35c">
         <name>DL_SYSCTL_switchMCLKfromSYSOSCtoHSCLK</name>
         <value>0x3575</value>
         <object_component_ref idref="oc-193"/>
      </symbol>
      <symbol id="sm-36d">
         <name>sprintf</name>
         <value>0x39d1</value>
         <object_component_ref idref="oc-20f"/>
      </symbol>
      <symbol id="sm-379">
         <name>_c_int00_noargs</name>
         <value>0x3de5</value>
         <object_component_ref idref="oc-73"/>
      </symbol>
      <symbol id="sm-37a">
         <name>__stack</name>
         <value>0x20207e00</value>
         <object_component_ref idref="oc-1a"/>
      </symbol>
      <symbol id="sm-389">
         <name>__TI_auto_init_nobinit_nopinit</name>
         <value>0x38e5</value>
         <object_component_ref idref="oc-11e"/>
      </symbol>
      <symbol id="sm-391">
         <name>_system_pre_init</name>
         <value>0x47cd</value>
         <object_component_ref idref="oc-b7"/>
      </symbol>
      <symbol id="sm-39c">
         <name>__TI_zero_init_nomemset</name>
         <value>0x4547</value>
         <object_component_ref idref="oc-6a"/>
      </symbol>
      <symbol id="sm-3a5">
         <name>__TI_decompress_none</name>
         <value>0x4671</value>
         <object_component_ref idref="oc-20"/>
      </symbol>
      <symbol id="sm-3b0">
         <name>__TI_decompress_lzss</name>
         <value>0x2a85</value>
         <object_component_ref idref="oc-1c"/>
      </symbol>
      <symbol id="sm-3f9">
         <name>__TI_printfi</name>
         <value>0xc1</value>
         <object_component_ref idref="oc-252"/>
      </symbol>
      <symbol id="sm-402">
         <name>wcslen</name>
         <value>0x46c5</value>
         <object_component_ref idref="oc-267"/>
      </symbol>
      <symbol id="sm-40c">
         <name>frexp</name>
         <value>0x3001</value>
         <object_component_ref idref="oc-296"/>
      </symbol>
      <symbol id="sm-40d">
         <name>frexpl</name>
         <value>0x3001</value>
         <object_component_ref idref="oc-296"/>
      </symbol>
      <symbol id="sm-417">
         <name>scalbn</name>
         <value>0x20fd</value>
         <object_component_ref idref="oc-29a"/>
      </symbol>
      <symbol id="sm-418">
         <name>ldexp</name>
         <value>0x20fd</value>
         <object_component_ref idref="oc-29a"/>
      </symbol>
      <symbol id="sm-419">
         <name>scalbnl</name>
         <value>0x20fd</value>
         <object_component_ref idref="oc-29a"/>
      </symbol>
      <symbol id="sm-41a">
         <name>ldexpl</name>
         <value>0x20fd</value>
         <object_component_ref idref="oc-29a"/>
      </symbol>
      <symbol id="sm-425">
         <name>__aeabi_errno_addr</name>
         <value>0x4745</value>
         <object_component_ref idref="oc-26b"/>
      </symbol>
      <symbol id="sm-426">
         <name>__aeabi_errno</name>
         <value>0x202001e8</value>
         <object_component_ref idref="oc-28c"/>
      </symbol>
      <symbol id="sm-430">
         <name>abort</name>
         <value>0x47d1</value>
         <object_component_ref idref="oc-117"/>
      </symbol>
      <symbol id="sm-431">
         <name>C$$EXIT</name>
         <value>0x47d0</value>
         <object_component_ref idref="oc-117"/>
      </symbol>
      <symbol id="sm-43b">
         <name>__TI_ltoa</name>
         <value>0x3111</value>
         <object_component_ref idref="oc-29e"/>
      </symbol>
      <symbol id="sm-447">
         <name>atoi</name>
         <value>0x3701</value>
         <object_component_ref idref="oc-263"/>
      </symbol>
      <symbol id="sm-451">
         <name>memccpy</name>
         <value>0x3f81</value>
         <object_component_ref idref="oc-25c"/>
      </symbol>
      <symbol id="sm-457">
         <name>__aeabi_ctype_table_</name>
         <value>0x5000</value>
         <object_component_ref idref="oc-285"/>
      </symbol>
      <symbol id="sm-458">
         <name>__aeabi_ctype_table_C</name>
         <value>0x5000</value>
         <object_component_ref idref="oc-285"/>
      </symbol>
      <symbol id="sm-470">
         <name>__aeabi_fadd</name>
         <value>0x21df</value>
         <object_component_ref idref="oc-e6"/>
      </symbol>
      <symbol id="sm-471">
         <name>__addsf3</name>
         <value>0x21df</value>
         <object_component_ref idref="oc-e6"/>
      </symbol>
      <symbol id="sm-472">
         <name>__aeabi_fsub</name>
         <value>0x21d5</value>
         <object_component_ref idref="oc-e6"/>
      </symbol>
      <symbol id="sm-473">
         <name>__subsf3</name>
         <value>0x21d5</value>
         <object_component_ref idref="oc-e6"/>
      </symbol>
      <symbol id="sm-479">
         <name>__aeabi_dadd</name>
         <value>0x13ef</value>
         <object_component_ref idref="oc-2af"/>
      </symbol>
      <symbol id="sm-47a">
         <name>__adddf3</name>
         <value>0x13ef</value>
         <object_component_ref idref="oc-2af"/>
      </symbol>
      <symbol id="sm-47b">
         <name>__aeabi_dsub</name>
         <value>0x13e5</value>
         <object_component_ref idref="oc-2af"/>
      </symbol>
      <symbol id="sm-47c">
         <name>__subdf3</name>
         <value>0x13e5</value>
         <object_component_ref idref="oc-2af"/>
      </symbol>
      <symbol id="sm-485">
         <name>__aeabi_dmul</name>
         <value>0x1e61</value>
         <object_component_ref idref="oc-99"/>
      </symbol>
      <symbol id="sm-486">
         <name>__muldf3</name>
         <value>0x1e61</value>
         <object_component_ref idref="oc-99"/>
      </symbol>
      <symbol id="sm-48c">
         <name>__muldsi3</name>
         <value>0x395d</value>
         <object_component_ref idref="oc-cf"/>
      </symbol>
      <symbol id="sm-492">
         <name>__aeabi_fmul</name>
         <value>0x2771</value>
         <object_component_ref idref="oc-e2"/>
      </symbol>
      <symbol id="sm-493">
         <name>__mulsf3</name>
         <value>0x2771</value>
         <object_component_ref idref="oc-e2"/>
      </symbol>
      <symbol id="sm-499">
         <name>__aeabi_fdiv</name>
         <value>0x2905</value>
         <object_component_ref idref="oc-de"/>
      </symbol>
      <symbol id="sm-49a">
         <name>__divsf3</name>
         <value>0x2905</value>
         <object_component_ref idref="oc-de"/>
      </symbol>
      <symbol id="sm-4a0">
         <name>__aeabi_ddiv</name>
         <value>0x1a75</value>
         <object_component_ref idref="oc-8d"/>
      </symbol>
      <symbol id="sm-4a1">
         <name>__divdf3</name>
         <value>0x1a75</value>
         <object_component_ref idref="oc-8d"/>
      </symbol>
      <symbol id="sm-4a7">
         <name>__aeabi_f2d</name>
         <value>0x36c1</value>
         <object_component_ref idref="oc-20b"/>
      </symbol>
      <symbol id="sm-4a8">
         <name>__extendsfdf2</name>
         <value>0x36c1</value>
         <object_component_ref idref="oc-20b"/>
      </symbol>
      <symbol id="sm-4ae">
         <name>__aeabi_d2iz</name>
         <value>0x3499</value>
         <object_component_ref idref="oc-91"/>
      </symbol>
      <symbol id="sm-4af">
         <name>__fixdfsi</name>
         <value>0x3499</value>
         <object_component_ref idref="oc-91"/>
      </symbol>
      <symbol id="sm-4b5">
         <name>__aeabi_f2iz</name>
         <value>0x3999</value>
         <object_component_ref idref="oc-1f9"/>
      </symbol>
      <symbol id="sm-4b6">
         <name>__fixsfsi</name>
         <value>0x3999</value>
         <object_component_ref idref="oc-1f9"/>
      </symbol>
      <symbol id="sm-4bc">
         <name>__aeabi_f2uiz</name>
         <value>0x3ad9</value>
         <object_component_ref idref="oc-1c9"/>
      </symbol>
      <symbol id="sm-4bd">
         <name>__fixunssfsi</name>
         <value>0x3ad9</value>
         <object_component_ref idref="oc-1c9"/>
      </symbol>
      <symbol id="sm-4c3">
         <name>__aeabi_i2d</name>
         <value>0x3c25</value>
         <object_component_ref idref="oc-89"/>
      </symbol>
      <symbol id="sm-4c4">
         <name>__floatsidf</name>
         <value>0x3c25</value>
         <object_component_ref idref="oc-89"/>
      </symbol>
      <symbol id="sm-4ca">
         <name>__aeabi_i2f</name>
         <value>0x386d</value>
         <object_component_ref idref="oc-da"/>
      </symbol>
      <symbol id="sm-4cb">
         <name>__floatsisf</name>
         <value>0x386d</value>
         <object_component_ref idref="oc-da"/>
      </symbol>
      <symbol id="sm-4d1">
         <name>__aeabi_ui2f</name>
         <value>0x3dbd</value>
         <object_component_ref idref="oc-21d"/>
      </symbol>
      <symbol id="sm-4d2">
         <name>__floatunsisf</name>
         <value>0x3dbd</value>
         <object_component_ref idref="oc-21d"/>
      </symbol>
      <symbol id="sm-4d8">
         <name>__aeabi_lmul</name>
         <value>0x3f5d</value>
         <object_component_ref idref="oc-270"/>
      </symbol>
      <symbol id="sm-4d9">
         <name>__muldi3</name>
         <value>0x3f5d</value>
         <object_component_ref idref="oc-270"/>
      </symbol>
      <symbol id="sm-4e0">
         <name>__aeabi_d2f</name>
         <value>0x2bf1</value>
         <object_component_ref idref="oc-95"/>
      </symbol>
      <symbol id="sm-4e1">
         <name>__truncdfsf2</name>
         <value>0x2bf1</value>
         <object_component_ref idref="oc-95"/>
      </symbol>
      <symbol id="sm-4e7">
         <name>__aeabi_dcmpeq</name>
         <value>0x2e79</value>
         <object_component_ref idref="oc-27a"/>
      </symbol>
      <symbol id="sm-4e8">
         <name>__aeabi_dcmplt</name>
         <value>0x2e8d</value>
         <object_component_ref idref="oc-27a"/>
      </symbol>
      <symbol id="sm-4e9">
         <name>__aeabi_dcmple</name>
         <value>0x2ea1</value>
         <object_component_ref idref="oc-27a"/>
      </symbol>
      <symbol id="sm-4ea">
         <name>__aeabi_dcmpge</name>
         <value>0x2eb5</value>
         <object_component_ref idref="oc-27a"/>
      </symbol>
      <symbol id="sm-4eb">
         <name>__aeabi_dcmpgt</name>
         <value>0x2ec9</value>
         <object_component_ref idref="oc-27a"/>
      </symbol>
      <symbol id="sm-4f1">
         <name>__aeabi_fcmpeq</name>
         <value>0x2edd</value>
         <object_component_ref idref="oc-23f"/>
      </symbol>
      <symbol id="sm-4f2">
         <name>__aeabi_fcmplt</name>
         <value>0x2ef1</value>
         <object_component_ref idref="oc-23f"/>
      </symbol>
      <symbol id="sm-4f3">
         <name>__aeabi_fcmple</name>
         <value>0x2f05</value>
         <object_component_ref idref="oc-23f"/>
      </symbol>
      <symbol id="sm-4f4">
         <name>__aeabi_fcmpge</name>
         <value>0x2f19</value>
         <object_component_ref idref="oc-23f"/>
      </symbol>
      <symbol id="sm-4f5">
         <name>__aeabi_fcmpgt</name>
         <value>0x2f2d</value>
         <object_component_ref idref="oc-23f"/>
      </symbol>
      <symbol id="sm-4fb">
         <name>__aeabi_idiv</name>
         <value>0x31c1</value>
         <object_component_ref idref="oc-2c1"/>
      </symbol>
      <symbol id="sm-4fc">
         <name>__aeabi_idivmod</name>
         <value>0x31c1</value>
         <object_component_ref idref="oc-2c1"/>
      </symbol>
      <symbol id="sm-502">
         <name>__aeabi_memcpy</name>
         <value>0x474d</value>
         <object_component_ref idref="oc-63"/>
      </symbol>
      <symbol id="sm-503">
         <name>__aeabi_memcpy4</name>
         <value>0x474d</value>
         <object_component_ref idref="oc-63"/>
      </symbol>
      <symbol id="sm-504">
         <name>__aeabi_memcpy8</name>
         <value>0x474d</value>
         <object_component_ref idref="oc-63"/>
      </symbol>
      <symbol id="sm-50b">
         <name>__aeabi_memset</name>
         <value>0x46d5</value>
         <object_component_ref idref="oc-25b"/>
      </symbol>
      <symbol id="sm-50c">
         <name>__aeabi_memset4</name>
         <value>0x46d5</value>
         <object_component_ref idref="oc-25b"/>
      </symbol>
      <symbol id="sm-50d">
         <name>__aeabi_memset8</name>
         <value>0x46d5</value>
         <object_component_ref idref="oc-25b"/>
      </symbol>
      <symbol id="sm-513">
         <name>__aeabi_uidiv</name>
         <value>0x3681</value>
         <object_component_ref idref="oc-1d3"/>
      </symbol>
      <symbol id="sm-514">
         <name>__aeabi_uidivmod</name>
         <value>0x3681</value>
         <object_component_ref idref="oc-1d3"/>
      </symbol>
      <symbol id="sm-51a">
         <name>__aeabi_uldivmod</name>
         <value>0x4625</value>
         <object_component_ref idref="oc-275"/>
      </symbol>
      <symbol id="sm-523">
         <name>__eqsf2</name>
         <value>0x3921</value>
         <object_component_ref idref="oc-253"/>
      </symbol>
      <symbol id="sm-524">
         <name>__lesf2</name>
         <value>0x3921</value>
         <object_component_ref idref="oc-253"/>
      </symbol>
      <symbol id="sm-525">
         <name>__ltsf2</name>
         <value>0x3921</value>
         <object_component_ref idref="oc-253"/>
      </symbol>
      <symbol id="sm-526">
         <name>__nesf2</name>
         <value>0x3921</value>
         <object_component_ref idref="oc-253"/>
      </symbol>
      <symbol id="sm-527">
         <name>__cmpsf2</name>
         <value>0x3921</value>
         <object_component_ref idref="oc-253"/>
      </symbol>
      <symbol id="sm-528">
         <name>__gtsf2</name>
         <value>0x38a9</value>
         <object_component_ref idref="oc-258"/>
      </symbol>
      <symbol id="sm-529">
         <name>__gesf2</name>
         <value>0x38a9</value>
         <object_component_ref idref="oc-258"/>
      </symbol>
      <symbol id="sm-52f">
         <name>__udivmoddi4</name>
         <value>0x2359</value>
         <object_component_ref idref="oc-291"/>
      </symbol>
      <symbol id="sm-535">
         <name>__aeabi_llsl</name>
         <value>0x4005</value>
         <object_component_ref idref="oc-2b6"/>
      </symbol>
      <symbol id="sm-536">
         <name>__ashldi3</name>
         <value>0x4005</value>
         <object_component_ref idref="oc-2b6"/>
      </symbol>
      <symbol id="sm-544">
         <name>__ledf2</name>
         <value>0x2da9</value>
         <object_component_ref idref="oc-2a7"/>
      </symbol>
      <symbol id="sm-545">
         <name>__gedf2</name>
         <value>0x2b75</value>
         <object_component_ref idref="oc-2ad"/>
      </symbol>
      <symbol id="sm-546">
         <name>__cmpdf2</name>
         <value>0x2da9</value>
         <object_component_ref idref="oc-2a7"/>
      </symbol>
      <symbol id="sm-547">
         <name>__eqdf2</name>
         <value>0x2da9</value>
         <object_component_ref idref="oc-2a7"/>
      </symbol>
      <symbol id="sm-548">
         <name>__ltdf2</name>
         <value>0x2da9</value>
         <object_component_ref idref="oc-2a7"/>
      </symbol>
      <symbol id="sm-549">
         <name>__nedf2</name>
         <value>0x2da9</value>
         <object_component_ref idref="oc-2a7"/>
      </symbol>
      <symbol id="sm-54a">
         <name>__gtdf2</name>
         <value>0x2b75</value>
         <object_component_ref idref="oc-2ad"/>
      </symbol>
      <symbol id="sm-556">
         <name>__aeabi_idiv0</name>
         <value>0x23fb</value>
         <object_component_ref idref="oc-1fe"/>
      </symbol>
      <symbol id="sm-557">
         <name>__aeabi_ldiv0</name>
         <value>0x2a07</value>
         <object_component_ref idref="oc-2b5"/>
      </symbol>
      <symbol id="sm-561">
         <name>TI_memcpy_small</name>
         <value>0x465f</value>
         <object_component_ref idref="oc-eb"/>
      </symbol>
      <symbol id="sm-56a">
         <name>TI_memset_small</name>
         <value>0x46f1</value>
         <object_component_ref idref="oc-136"/>
      </symbol>
      <symbol id="sm-56b">
         <name>__TI_static_base__</name>
         <value>0x0</value>
      </symbol>
      <symbol id="sm-56f">
         <name>__mpu_init</name>
         <value>0x0</value>
      </symbol>
      <symbol id="sm-570">
         <name>_system_post_cinit</name>
         <value>0x0</value>
      </symbol>
   </symbol_table>
   <title>Link successful</title>
</link_info>
