******************************************************************************
            TI ARM Clang Linker PC v4.0.0                      
******************************************************************************
>> Linked Wed Jul 30 08:44:48 2025

OUTPUT FILE NAME:   <IMU_Test.out>
ENTRY POINT SYMBOL: "_c_int00_noargs"  address: 00003de5


MEMORY CONFIGURATION

         name            origin    length      used     unused   attr    fill
----------------------  --------  ---------  --------  --------  ----  --------
  FLASH                 00000000   00020000  00005228  0001add8  R  X
  SRAM                  20200000   00008000  000003ec  00007c14  RW X
  BCR_CONFIG            41c00000   000000ff  00000000  000000ff  R   
  BSL_CONFIG            41c00100   00000080  00000000  00000080  R   


SEGMENT ALLOCATION MAP

run origin  load origin   length   init length attrs members
----------  ----------- ---------- ----------- ----- -------
00000000    00000000    00005228   00005228    r-x
  00000000    00000000    000000c0   000000c0    r-- .intvecs
  000000c0    000000c0    00004720   00004720    r-x .text
  000047e0    000047e0    000009f0   000009f0    r-- .rodata
  000051d0    000051d0    00000058   00000058    r-- .cinit
20200000    20200000    000001ec   00000000    rw-
  20200000    20200000    000001a8   00000000    rw- .bss
  202001a8    202001a8    00000044   00000000    rw- .data
20207e00    20207e00    00000200   00000000    rw-
  20207e00    20207e00    00000200   00000000    rw- .stack


SECTION ALLOCATION MAP

 output                                  attributes/
section   page    origin      length       input sections
--------  ----  ----------  ----------   ----------------
.intvecs   0    00000000    000000c0     
                  00000000    000000c0     startup_mspm0g350x_ticlang.o (.intvecs)

.text      0    000000c0    00004720     
                  000000c0    000009d0     libc.a : _printfi.c.obj (.text:__TI_printfi)
                  00000a90    00000368     interrupt.o (.text.UART1_IRQHandler)
                  00000df8    00000220     libc.a : _printfi.c.obj (.text._pconv_a)
                  00001018    000001f0     oled_app.o (.text.Oled_Task)
                  00001208    000001dc     libc.a : _printfi.c.obj (.text._pconv_g)
                  000013e4    00000192     libclang_rt.builtins.a : adddf3.S.obj (.text.adddf3_subdf3)
                  00001576    00000002     oled_driver.o (.text.OLED_Init)
                  00001578    00000188     ti_msp_dl_config.o (.text.SYSCFG_DL_GPIO_init)
                  00001700    0000013c     libc.a : _printfi.c.obj (.text.fcvt)
                  0000183c    00000120            : _printfi.c.obj (.text._pconv_e)
                  0000195c    00000118     oled_driver.o (.text.OLED_ShowChar)
                  00001a74    0000010c     libclang_rt.builtins.a : divdf3.S.obj (.text.__divdf3)
                  00001b80    00000104     driverlib.a : dl_timer.o (.text.DL_Timer_initFourCCPWMMode)
                  00001c84    000000f4     motor_driver.o (.text.Motor_Set_Speed)
                  00001d78    000000e8     driverlib.a : dl_timer.o (.text.DL_Timer_initTimerMode)
                  00001e60    000000e4     libclang_rt.builtins.a : muldf3.S.obj (.text.__muldf3)
                  00001f44    000000dc     driverlib.a : dl_sysctl_mspm0g1x0x_g3x0x.o (.text.DL_SYSCTL_configSYSPLL)
                  00002020    000000dc     gray_app.o (.text.Gray_Read_Sensors)
                  000020fc    000000d8     libc.a : s_scalbn.c.obj (.text.scalbn)
                  000021d4    000000d8     libclang_rt.builtins.a : addsf3.S.obj (.text)
                  000022ac    000000ac     encoder_driver.o (.text.Update_Encoder_Data_Filtered)
                  00002358    000000a2     libclang_rt.builtins.a : udivmoddi4.S.obj (.text)
                  000023fa    00000002                            : aeabi_div0.c.obj (.text.__aeabi_idiv0)
                  000023fc    00000098     interrupt.o (.text.GROUP1_IRQHandler)
                  00002494    00000098     oled_driver.o (.text.OLED_WR_Byte)
                  0000252c    00000094     gray_app.o (.text.Gray_Task)
                  000025c0    00000094     empty.o (.text.main)
                  00002654    00000090     ti_msp_dl_config.o (.text.SYSCFG_DL_PWM_MOTOR_init)
                  000026e4    0000008c     motor_driver.o (.text.Motor_Config_Init)
                  00002770    0000008c     libclang_rt.builtins.a : mulsf3.S.obj (.text.__mulsf3)
                  000027fc    00000084     clock.o (.text.__NVIC_SetPriority)
                  00002880    00000084     ti_msp_dl_config.o (.text.__NVIC_SetPriority)
                  00002904    00000082     libclang_rt.builtins.a : divsf3.S.obj (.text.__divsf3)
                  00002986    00000080     motor_driver.o (.text.Motor_Dead_Compensation)
                  00002a06    00000002     libclang_rt.builtins.a : aeabi_div0.c.obj (.text.__aeabi_ldiv0)
                  00002a08    0000007c     ti_msp_dl_config.o (.text.SYSCFG_DL_initPower)
                  00002a84    0000007c     libc.a : copy_decompress_lzss.c.obj (.text:decompress:lzss)
                  00002b00    00000074     scheduler.o (.text.Scheduler_Run)
                  00002b74    00000074     libclang_rt.builtins.a : comparedf2.c.obj (.text.__gedf2)
                  00002be8    00000008     ti_msp_dl_config.o (.text.SYSCFG_DL_DMA_init)
                  00002bf0    00000074     libclang_rt.builtins.a : truncdfsf2.S.obj (.text.__truncdfsf2)
                  00002c64    00000070     oled_driver.o (.text.OLED_ShowString)
                  00002cd4    0000006c     motor_app.o (.text.Motor_Init)
                  00002d40    00000068     ti_msp_dl_config.o (.text.SYSCFG_DL_UART_WIT_init)
                  00002da8    00000068     libclang_rt.builtins.a : comparedf2.c.obj (.text.__ledf2)
                  00002e10    00000066     libc.a : _printfi.c.obj (.text._mcpy)
                  00002e76    00000002     --HOLE-- [fill = 0]
                  00002e78    00000062     libclang_rt.builtins.a : aeabi_dcmp.S.obj (.text.__aeabi_dcmp)
                  00002eda    00000002     --HOLE-- [fill = 0]
                  00002edc    00000062                            : aeabi_fcmp.S.obj (.text.__aeabi_fcmp)
                  00002f3e    00000002     --HOLE-- [fill = 0]
                  00002f40    00000060     oled_driver.o (.text.oled_i2c_sda_unlock)
                  00002fa0    0000005e     driverlib.a : dl_i2c.o (.text.DL_I2C_fillControllerTXFIFO)
                  00002ffe    00000002     --HOLE-- [fill = 0]
                  00003000    0000005c     libc.a : s_frexp.c.obj (.text.frexp)
                  0000305c    0000005c     oled_driver.o (.text.mspm0_i2c_enable)
                  000030b8    00000058     ti_msp_dl_config.o (.text.SYSCFG_DL_I2C_OLED_init)
                  00003110    00000058     libc.a : _ltoa.c.obj (.text.__TI_ltoa)
                  00003168    00000058            : _printfi.c.obj (.text._pconv_f)
                  000031c0    00000056     libclang_rt.builtins.a : aeabi_idivmod.S.obj (.text.__aeabi_idivmod)
                  00003216    00000002     --HOLE-- [fill = 0]
                  00003218    00000054     driverlib.a : dl_uart.o (.text.DL_UART_drainRXFIFO)
                  0000326c    00000052     libc.a : _printfi.c.obj (.text._ecpy)
                  000032be    00000002     --HOLE-- [fill = 0]
                  000032c0    00000050     oled_driver.o (.text.DL_I2C_startControllerTransfer)
                  00003310    00000050     encoder_driver.o (.text.Encoder_Init)
                  00003360    00000050     clock.o (.text.SysTick_Config)
                  000033b0    00000050     ti_msp_dl_config.o (.text.SysTick_Config)
                  00003400    0000004c     driverlib.a : dl_dma.o (.text.DL_DMA_initChannel)
                  0000344c    0000004c     ti_msp_dl_config.o (.text.DL_UART_setBaudRateDivisor)
                  00003498    0000004a     libclang_rt.builtins.a : fixdfsi.S.obj (.text.__fixdfsi)
                  000034e2    00000002     --HOLE-- [fill = 0]
                  000034e4    00000048     driverlib.a : dl_uart.o (.text.DL_UART_init)
                  0000352c    00000048     ti_msp_dl_config.o (.text.SYSCFG_DL_SYSCTL_init)
                  00003574    00000044     driverlib.a : dl_sysctl_mspm0g1x0x_g3x0x.o (.text.DL_SYSCTL_switchMCLKfromSYSOSCtoHSCLK)
                  000035b8    00000044     wit_imu.o (.text.WIT_Init)
                  000035fc    00000044     oled_driver.o (.text.mspm0_i2c_disable)
                  00003640    00000040     encoder_driver.o (.text.Encoder_Driver_Init)
                  00003680    00000040     libclang_rt.builtins.a : aeabi_uidivmod.S.obj (.text.__aeabi_uidivmod)
                  000036c0    00000040                            : extendsfdf2.S.obj (.text.__extendsfdf2)
                  00003700    00000040     libc.a : atoi.c.obj (.text.atoi)
                  00003740    0000003c     oled_driver.o (.text.DL_GPIO_initPeripheralInputFunctionFeatures)
                  0000377c    0000003c     ti_msp_dl_config.o (.text.DL_GPIO_initPeripheralInputFunctionFeatures)
                  000037b8    0000003c     ti_msp_dl_config.o (.text.DL_Timer_setCounterControl)
                  000037f4    0000003c     oled_driver.o (.text.OLED_Set_Pos)
                  00003830    0000003c     ti_msp_dl_config.o (.text.SYSCFG_DL_TIMER_10ms_init)
                  0000386c    0000003c     libclang_rt.builtins.a : floatsisf.S.obj (.text.__floatsisf)
                  000038a8    0000003c                            : comparesf2.S.obj (.text.__gtsf2)
                  000038e4    0000003c     libc.a : autoinit.c.obj (.text:__TI_auto_init_nobinit_nopinit)
                  00003920    0000003a     libclang_rt.builtins.a : comparesf2.S.obj (.text.__eqsf2)
                  0000395a    00000002     --HOLE-- [fill = 0]
                  0000395c    0000003a                            : muldsi3.S.obj (.text.__muldsi3)
                  00003996    00000002     --HOLE-- [fill = 0]
                  00003998    00000038                            : fixsfsi.S.obj (.text.__fixsfsi)
                  000039d0    00000038     libc.a : sprintf.c.obj (.text.sprintf)
                  00003a08    00000034     oled_driver.o (.text.DL_GPIO_initDigitalInputFeatures)
                  00003a3c    00000034     ti_msp_dl_config.o (.text.DL_GPIO_initDigitalInputFeatures)
                  00003a70    00000034     ti_msp_dl_config.o (.text.SYSCFG_DL_init)
                  00003aa4    00000032     motor_driver.o (.text.Motor_Limit_Speed)
                  00003ad6    00000002     --HOLE-- [fill = 0]
                  00003ad8    00000032     libclang_rt.builtins.a : fixunssfsi.S.obj (.text.__fixunssfsi)
                  00003b0a    00000002     --HOLE-- [fill = 0]
                  00003b0c    00000030     interrupt.o (.text.DL_DMA_setTransferSize)
                  00003b3c    00000030     wit_imu.o (.text.DL_DMA_setTransferSize)
                  00003b6c    00000030     libc.a : _printfi.c.obj (.text._fcpy)
                  00003b9c    00000030     clock.o (.text.mspm0_delay_ms)
                  00003bcc    0000002c     encoder_driver.o (.text.__NVIC_EnableIRQ)
                  00003bf8    0000002c     wit_imu.o (.text.__NVIC_EnableIRQ)
                  00003c24    0000002c     libclang_rt.builtins.a : floatsidf.S.obj (.text.__floatsidf)
                  00003c50    0000002c     clock.o (.text.mspm0_get_clock_ms)
                  00003c7c    00000028     oled_driver.o (.text.DL_Common_updateReg)
                  00003ca4    00000028     ti_msp_dl_config.o (.text.DL_Common_updateReg)
                  00003ccc    00000028     interrupt.o (.text.DL_DMA_setDestAddr)
                  00003cf4    00000028     wit_imu.o (.text.DL_DMA_setDestAddr)
                  00003d1c    00000028     wit_imu.o (.text.DL_DMA_setSrcAddr)
                  00003d44    00000028     ti_msp_dl_config.o (.text.DL_I2C_setControllerRXFIFOThreshold)
                  00003d6c    00000028     ti_msp_dl_config.o (.text.DL_I2C_setControllerTXFIFOThreshold)
                  00003d94    00000028     ti_msp_dl_config.o (.text.DL_UART_setRXFIFOThreshold)
                  00003dbc    00000028     libclang_rt.builtins.a : floatunsisf.S.obj (.text.__floatunsisf)
                  00003de4    00000028     libc.a : boot_cortex_m.c.obj (.text:_c_int00_noargs)
                  00003e0c    00000026     interrupt.o (.text.DL_DMA_disableChannel)
                  00003e32    00000026     interrupt.o (.text.DL_DMA_enableChannel)
                  00003e58    00000026     wit_imu.o (.text.DL_DMA_enableChannel)
                  00003e7e    00000026     ti_msp_dl_config.o (.text.DL_I2C_setAnalogGlitchFilterPulseWidth)
                  00003ea4    00000026     driverlib.a : dl_i2c.o (.text.DL_I2C_setClockConfig)
                  00003eca    00000002     --HOLE-- [fill = 0]
                  00003ecc    00000024     interrupt.o (.text.DL_DMA_getTransferSize)
                  00003ef0    00000024     ti_msp_dl_config.o (.text.DL_UART_setRXInterruptTimeout)
                  00003f14    00000024     motor_app.o (.text.Motor_Task)
                  00003f38    00000024     interrupt.o (.text.TIMG0_IRQHandler)
                  00003f5c    00000024     libclang_rt.builtins.a : muldi3.S.obj (.text.__muldi3)
                  00003f80    00000022     libc.a : memccpy.c.obj (.text.memccpy)
                  00003fa2    00000002     --HOLE-- [fill = 0]
                  00003fa4    00000020     ti_msp_dl_config.o (.text.DL_GPIO_initPeripheralInputFunction)
                  00003fc4    00000020     ti_msp_dl_config.o (.text.DL_SYSCTL_setFlashWaitState)
                  00003fe4    0000001e     ti_msp_dl_config.o (.text.DL_UART_setOversampling)
                  00004002    00000002     --HOLE-- [fill = 0]
                  00004004    0000001e     libclang_rt.builtins.a : ashldi3.S.obj (.text.__ashldi3)
                  00004022    00000002     --HOLE-- [fill = 0]
                  00004024    0000001c     interrupt.o (.text.DL_GPIO_clearInterruptStatus)
                  00004040    0000001c     ti_msp_dl_config.o (.text.DL_GPIO_clearInterruptStatus)
                  0000405c    0000001c     oled_driver.o (.text.DL_GPIO_enableHiZ)
                  00004078    0000001c     ti_msp_dl_config.o (.text.DL_GPIO_enableHiZ)
                  00004094    0000001c     ti_msp_dl_config.o (.text.DL_GPIO_enableInterrupt)
                  000040b0    0000001c     ti_msp_dl_config.o (.text.DL_GPIO_initPeripheralOutputFunction)
                  000040cc    0000001c     ti_msp_dl_config.o (.text.DL_GPIO_setLowerPinsPolarity)
                  000040e8    0000001c     ti_msp_dl_config.o (.text.DL_SYSCTL_setSYSOSCFreq)
                  00004104    0000001c     ti_msp_dl_config.o (.text.DL_SYSCTL_setULPCLKDivider)
                  00004120    0000001c     ti_msp_dl_config.o (.text.DL_Timer_enableInterrupt)
                  0000413c    0000001c     driverlib.a : dl_timer.o (.text.DL_Timer_setCaptCompUpdateMethod)
                  00004158    0000001c                 : dl_timer.o (.text.DL_Timer_setClockConfig)
                  00004174    0000001c     ti_msp_dl_config.o (.text.DL_UART_enableInterrupt)
                  00004190    00000018     oled_driver.o (.text.DL_GPIO_enableOutput)
                  000041a8    00000018     ti_msp_dl_config.o (.text.DL_GPIO_enableOutput)
                  000041c0    00000018     ti_msp_dl_config.o (.text.DL_GPIO_enablePower)
                  000041d8    00000018     interrupt.o (.text.DL_GPIO_getEnabledInterruptStatus)
                  000041f0    00000018     oled_driver.o (.text.DL_GPIO_initDigitalOutput)
                  00004208    00000018     ti_msp_dl_config.o (.text.DL_GPIO_initDigitalOutput)
                  00004220    00000018     ti_msp_dl_config.o (.text.DL_GPIO_reset)
                  00004238    00000018     motor_app.o (.text.DL_GPIO_setPins)
                  00004250    00000018     motor_driver.o (.text.DL_GPIO_setPins)
                  00004268    00000018     oled_driver.o (.text.DL_GPIO_setPins)
                  00004280    00000018     ti_msp_dl_config.o (.text.DL_GPIO_setPins)
                  00004298    00000018     oled_driver.o (.text.DL_I2C_clearInterruptStatus)
                  000042b0    00000018     ti_msp_dl_config.o (.text.DL_I2C_enableAnalogGlitchFilter)
                  000042c8    00000018     ti_msp_dl_config.o (.text.DL_I2C_enableController)
                  000042e0    00000018     ti_msp_dl_config.o (.text.DL_I2C_enableControllerClockStretching)
                  000042f8    00000018     oled_driver.o (.text.DL_I2C_enablePower)
                  00004310    00000018     ti_msp_dl_config.o (.text.DL_I2C_enablePower)
                  00004328    00000018     oled_driver.o (.text.DL_I2C_getRawInterruptStatus)
                  00004340    00000018     oled_driver.o (.text.DL_I2C_reset)
                  00004358    00000018     ti_msp_dl_config.o (.text.DL_I2C_reset)
                  00004370    00000018     ti_msp_dl_config.o (.text.DL_I2C_setTimerPeriod)
                  00004388    00000018     ti_msp_dl_config.o (.text.DL_SYSCTL_setBORThreshold)
                  000043a0    00000018     interrupt.o (.text.DL_Timer_clearInterruptStatus)
                  000043b8    00000018     ti_msp_dl_config.o (.text.DL_Timer_enablePower)
                  000043d0    00000018     ti_msp_dl_config.o (.text.DL_Timer_reset)
                  000043e8    00000018     driverlib.a : dl_timer.o (.text.DL_Timer_setCaptureCompareOutCtl)
                  00004400    00000018     motor_driver.o (.text.DL_Timer_startCounter)
                  00004418    00000018     ti_msp_dl_config.o (.text.DL_UART_enableDMAReceiveEvent)
                  00004430    00000018     ti_msp_dl_config.o (.text.DL_UART_enableFIFOs)
                  00004448    00000018     ti_msp_dl_config.o (.text.DL_UART_enablePower)
                  00004460    00000018     interrupt.o (.text.DL_UART_isRXFIFOEmpty)
                  00004478    00000018     ti_msp_dl_config.o (.text.DL_UART_reset)
                  00004490    00000018     ti_msp_dl_config.o (.text.SYSCFG_DL_DMA_WIT_init)
                  000044a8    00000018     clock.o (.text.SysTick_Init)
                  000044c0    00000018     libc.a : sprintf.c.obj (.text._outs)
                  000044d8    00000016     encoder_driver.o (.text.DL_GPIO_readPins)
                  000044ee    00000016     gray_app.o (.text.DL_GPIO_readPins)
                  00004504    00000016     interrupt.o (.text.DL_GPIO_readPins)
                  0000451a    00000016     oled_driver.o (.text.DL_GPIO_readPins)
                  00004530    00000016     ti_msp_dl_config.o (.text.DL_UART_enable)
                  00004546    00000016     libc.a : copy_zero_init.c.obj (.text:decompress:ZI:__TI_zero_init_nomemset)
                  0000455c    00000014     motor_driver.o (.text.DL_GPIO_clearPins)
                  00004570    00000014     oled_driver.o (.text.DL_GPIO_clearPins)
                  00004584    00000014     ti_msp_dl_config.o (.text.DL_GPIO_clearPins)
                  00004598    00000014     oled_driver.o (.text.DL_I2C_getControllerStatus)
                  000045ac    00000014     ti_msp_dl_config.o (.text.DL_I2C_resetControllerTransfer)
                  000045c0    00000014     ti_msp_dl_config.o (.text.DL_SYSCTL_disableSYSPLL)
                  000045d4    00000014     ti_msp_dl_config.o (.text.DL_Timer_enableClock)
                  000045e8    00000014     motor_driver.o (.text.DL_Timer_getLoadValue)
                  000045fc    00000014     ti_msp_dl_config.o (.text.DL_Timer_setCCPDirection)
                  00004610    00000014     interrupt.o (.text.DL_UART_receiveData)
                  00004624    00000014     libclang_rt.builtins.a : aeabi_uldivmod.S.obj (.text.__aeabi_uldivmod)
                  00004638    00000014     libc.a : _printfi.c.obj (.text.strchr)
                  0000464c    00000012     driverlib.a : dl_uart.o (.text.DL_UART_setClockConfig)
                  0000465e    00000012     libc.a : memcpy16.S.obj (.text:TI_memcpy_small)
                  00004670    00000012            : copy_decompress_none.c.obj (.text:decompress:none)
                  00004682    00000002     --HOLE-- [fill = 0]
                  00004684    00000010     ti_msp_dl_config.o (.text.DL_SYSCTL_disableHFXT)
                  00004694    00000010     driverlib.a : dl_timer.o (.text.DL_Timer_setCaptureCompareValue)
                  000046a4    00000010     ti_msp_dl_config.o (.text.SYSCFG_DL_SYSTICK_init)
                  000046b4    00000010     clock.o (.text.SysTick_Handler)
                  000046c4    00000010     libc.a : wcslen.c.obj (.text.wcslen)
                  000046d4    0000000e     libclang_rt.builtins.a : aeabi_memset.S.obj (.text.__aeabi_memset)
                  000046e2    0000000e     libc.a : _printfi.c.obj (.text.strlen)
                  000046f0    0000000e            : memset16.S.obj (.text:TI_memset_small)
                  000046fe    00000002     --HOLE-- [fill = 0]
                  00004700    0000000c     scheduler.o (.text.Scheduler_Init)
                  0000470c    0000000a     driverlib.a : dl_common.o (.text.DL_Common_delayCycles)
                  00004716    0000000a     libc.a : _printfi.c.obj (.text.OUTLINED_FUNCTION_0)
                  00004720    00000010     libclang_rt.builtins.a : adddf3.S.obj (.tramp.__aeabi_dsub.1)
                  00004730    0000000a     libc.a : _printfi.c.obj (.text.OUTLINED_FUNCTION_1)
                  0000473a    0000000a            : sprintf.c.obj (.text._outc)
                  00004744    00000008            : aeabi_portable.c.obj (.text.__aeabi_errno_addr)
                  0000474c    00000008     libclang_rt.builtins.a : aeabi_memcpy.S.obj (.text.__aeabi_memcpy)
                  00004754    00000004     interrupt.o (.text.ADC0_IRQHandler)
                  00004758    00000004     interrupt.o (.text.ADC1_IRQHandler)
                  0000475c    00000004     interrupt.o (.text.AES_IRQHandler)
                  00004760    00000004     interrupt.o (.text.CANFD0_IRQHandler)
                  00004764    00000004     interrupt.o (.text.DAC0_IRQHandler)
                  00004768    00000004     interrupt.o (.text.DMA_IRQHandler)
                  0000476c    00000004     interrupt.o (.text.GROUP0_IRQHandler)
                  00004770    00000004     interrupt.o (.text.HardFault_Handler)
                  00004774    00000004     interrupt.o (.text.I2C0_IRQHandler)
                  00004778    00000004     interrupt.o (.text.I2C1_IRQHandler)
                  0000477c    00000004     interrupt.o (.text.NMI_Handler)
                  00004780    00000004     interrupt.o (.text.PendSV_Handler)
                  00004784    00000004     interrupt.o (.text.RTC_IRQHandler)
                  00004788    00000004     startup_mspm0g350x_ticlang.o (.text.Reset_Handler)
                  0000478c    00000010     libc.a : boot_cortex_m.c.obj (.tramp._c_int00_noargs.1)
                  0000479c    00000004     interrupt.o (.text.SPI0_IRQHandler)
                  000047a0    00000004     interrupt.o (.text.SPI1_IRQHandler)
                  000047a4    00000004     interrupt.o (.text.SVC_Handler)
                  000047a8    00000004     interrupt.o (.text.TIMA0_IRQHandler)
                  000047ac    00000004     interrupt.o (.text.TIMA1_IRQHandler)
                  000047b0    00000004     interrupt.o (.text.TIMG12_IRQHandler)
                  000047b4    00000004     interrupt.o (.text.TIMG6_IRQHandler)
                  000047b8    00000004     interrupt.o (.text.TIMG7_IRQHandler)
                  000047bc    00000004     interrupt.o (.text.TIMG8_IRQHandler)
                  000047c0    00000004     interrupt.o (.text.UART0_IRQHandler)
                  000047c4    00000004     interrupt.o (.text.UART2_IRQHandler)
                  000047c8    00000004     interrupt.o (.text.UART3_IRQHandler)
                  000047cc    00000004     libc.a : pre_init.c.obj (.text._system_pre_init)
                  000047d0    00000004            : exit.c.obj (.text:abort)
                  000047d4    0000000c     --HOLE-- [fill = 0]

.cinit     0    000051d0    00000058     
                  000051d0    0000002e     (.cinit..data.load) [load image, compression = lzss]
                  000051fe    00000002     --HOLE-- [fill = 0]
                  00005200    0000000c     (__TI_handler_table)
                  0000520c    00000008     (.cinit..bss.load) [load image, compression = zero_init]
                  00005214    00000010     (__TI_cinit_table)
                  00005224    00000004     --HOLE-- [fill = 0]

.rodata    0    000047e0    000009f0     
                  000047e0    000005f0     oled_driver.o (.rodata.asc2_1608)
                  00004dd0    00000228     oled_driver.o (.rodata.asc2_0806)
                  00004ff8    00000008     ti_msp_dl_config.o (.rodata.gPWM_MOTORConfig)
                  00005000    00000101     libc.a : aeabi_ctype.S.obj (.rodata:__aeabi_ctype_table_)
                  00005101    00000003     ti_msp_dl_config.o (.rodata.gPWM_MOTORClockConfig)
                  00005104    00000028     ti_msp_dl_config.o (.rodata.gSYSPLLConfig)
                  0000512c    00000018     ti_msp_dl_config.o (.rodata.gDMA_WITConfig)
                  00005144    00000014     ti_msp_dl_config.o (.rodata.gTIMER_10msTimerConfig)
                  00005158    00000011     libc.a : _printfi.c.obj (.rodata.str1.103488685894817597201)
                  00005169    00000011            : _printfi.c.obj (.rodata.str1.153638888446227384661)
                  0000517a    00000011     oled_app.o (.rodata.str1.183543575387037037181)
                  0000518b    00000001     --HOLE-- [fill = 0]
                  0000518c    0000000a     ti_msp_dl_config.o (.rodata.gUART_WITConfig)
                  00005196    00000009     empty.o (.rodata.str1.176633223477948356601)
                  0000519f    00000007     oled_app.o (.rodata.str1.131239963430293670871)
                  000051a6    00000006     empty.o (.rodata.str1.100506750686581518081)
                  000051ac    00000006     empty.o (.rodata.str1.142855731982211788051)
                  000051b2    00000006     empty.o (.rodata.str1.8167968867256355221)
                  000051b8    00000006     empty.o (.rodata.str1.90710503391206826811)
                  000051be    00000005     empty.o (.rodata.str1.147958455504881313061)
                  000051c3    00000004     oled_app.o (.rodata.str1.122031926985986896411)
                  000051c7    00000003     ti_msp_dl_config.o (.rodata.gTIMER_10msClockConfig)
                  000051ca    00000002     ti_msp_dl_config.o (.rodata.gI2C_OLEDClockConfig)
                  000051cc    00000002     ti_msp_dl_config.o (.rodata.gUART_WITClockConfig)
                  000051ce    00000002     --HOLE-- [fill = 0]

.init_array 
*          0    00000000    00000000     UNINITIALIZED

.binit     0    00000000    00000000     

.bss       0    20200000    000001a8     UNINITIALIZED
                  20200000    000000a0     (.common:gPWM_MOTORBackup)
                  202000a0    00000028     (.common:left_encoder)
                  202000c8    00000028     (.common:right_encoder)
                  202000f0    00000024     (.common:motor_left)
                  20200114    00000024     (.common:motor_right)
                  20200138    00000021     (.common:wit_dmaBuffer)
                  20200159    00000020     (.common:oled_buffer)
                  20200179    00000001     (.common:Digital)
                  2020017a    00000001     (.common:task_num)
                  2020017b    00000001     --HOLE--
                  2020017c    00000020     (.common:wit_data)
                  2020019c    00000004     (.common:g_line_position_error)
                  202001a0    00000004     (.common:start_time)
                  202001a4    00000004     (.common:tick_ms)

.data      0    202001a8    00000044     UNINITIALIZED
                  202001a8    00000024     scheduler.o (.data.scheduler_task)
                  202001cc    0000001c     gray_app.o (.data.gray_weights)
                  202001e8    00000004     libc.a : aeabi_portable.c.obj (.data.__aeabi_errno)

.stack     0    20207e00    00000200     UNINITIALIZED
                  20207e00    00000004     libc.a : boot_cortex_m.c.obj (.stack)
                  20207e04    000001fc     --HOLE--

__llvm_prf_cnts 
*          0    20200000    00000000     UNINITIALIZED

__llvm_prf_bits 
*          0    20200000    00000000     UNINITIALIZED

MODULE SUMMARY

       Module                         code    ro data   rw data
       ------                         ----    -------   -------
    .\
       ti_msp_dl_config.o             2694    112       160    
       startup_mspm0g350x_ticlang.o   4       192       0      
       empty.o                        148     38        0      
    +--+------------------------------+-------+---------+---------+
       Total:                         2846    342       160    
                                                               
    .\Driver\
       oled_driver.o                  1352    2072      0      
       motor_driver.o                 650     0         0      
       encoder_driver.o               382     0         80     
       wit_imu.o                      278     0         65     
    +--+------------------------------+-------+---------+---------+
       Total:                         2662    2072      145    
                                                               
    .\MSPM0\
       interrupt.o                    1502    0         0      
       clock.o                        344     0         8      
       scheduler.o                    128     0         37     
    +--+------------------------------+-------+---------+---------+
       Total:                         1974    0         45     
                                                               
    .\MyApp\
       oled_app.o                     496     28        32     
       gray_app.o                     390     0         33     
       motor_app.o                    168     0         72     
    +--+------------------------------+-------+---------+---------+
       Total:                         1054    28        137    
                                                               
    F:/mspm0_sdk_2_05_01_00/source/ti/driverlib/lib/ticlang/m0p/mspm0g1x0x_g3x0x/driverlib.a
       dl_timer.o                     588     0         0      
       dl_sysctl_mspm0g1x0x_g3x0x.o   288     0         0      
       dl_uart.o                      174     0         0      
       dl_i2c.o                       132     0         0      
       dl_dma.o                       76      0         0      
       dl_common.o                    10      0         0      
    +--+------------------------------+-------+---------+---------+
       Total:                         1268    0         0      
                                                               
    F:\ccs\tools\compiler\ti-cgt-armllvm_4.0.0.LTS\lib\armv6m-ti-none-eabi/c/libc.a
       _printfi.c.obj                 4510    34        0      
       aeabi_ctype.S.obj              0       257       0      
       s_scalbn.c.obj                 216     0         0      
       copy_decompress_lzss.c.obj     124     0         0      
       s_frexp.c.obj                  92      0         0      
       sprintf.c.obj                  90      0         0      
       _ltoa.c.obj                    88      0         0      
       atoi.c.obj                     64      0         0      
       autoinit.c.obj                 60      0         0      
       boot_cortex_m.c.obj            56      0         0      
       memccpy.c.obj                  34      0         0      
       copy_zero_init.c.obj           22      0         0      
       copy_decompress_none.c.obj     18      0         0      
       memcpy16.S.obj                 18      0         0      
       wcslen.c.obj                   16      0         0      
       memset16.S.obj                 14      0         0      
       aeabi_portable.c.obj           8       0         4      
       exit.c.obj                     4       0         0      
       pre_init.c.obj                 4       0         0      
    +--+------------------------------+-------+---------+---------+
       Total:                         5438    291       4      
                                                               
    F:\ccs\tools\compiler\ti-cgt-armllvm_4.0.0.LTS\lib\armv6m-ti-none-eabi/libclang_rt.builtins.a
       adddf3.S.obj                   418     0         0      
       divdf3.S.obj                   268     0         0      
       muldf3.S.obj                   228     0         0      
       comparedf2.c.obj               220     0         0      
       addsf3.S.obj                   216     0         0      
       udivmoddi4.S.obj               162     0         0      
       mulsf3.S.obj                   140     0         0      
       divsf3.S.obj                   130     0         0      
       comparesf2.S.obj               118     0         0      
       truncdfsf2.S.obj               116     0         0      
       aeabi_dcmp.S.obj               98      0         0      
       aeabi_fcmp.S.obj               98      0         0      
       aeabi_idivmod.S.obj            86      0         0      
       fixdfsi.S.obj                  74      0         0      
       aeabi_uidivmod.S.obj           64      0         0      
       extendsfdf2.S.obj              64      0         0      
       floatsisf.S.obj                60      0         0      
       muldsi3.S.obj                  58      0         0      
       fixsfsi.S.obj                  56      0         0      
       fixunssfsi.S.obj               50      0         0      
       floatsidf.S.obj                44      0         0      
       floatunsisf.S.obj              40      0         0      
       muldi3.S.obj                   36      0         0      
       ashldi3.S.obj                  30      0         0      
       aeabi_uldivmod.S.obj           20      0         0      
       aeabi_memset.S.obj             14      0         0      
       aeabi_memcpy.S.obj             8       0         0      
       aeabi_div0.c.obj               4       0         0      
    +--+------------------------------+-------+---------+---------+
       Total:                         2920    0         0      
                                                               
       Stack:                         0       0         512    
       Linker Generated:              0       82        0      
    +--+------------------------------+-------+---------+---------+
       Grand Total:                   18162   2815      1003   


LINKER GENERATED COPY TABLES

__TI_cinit_table @ 00005214 records: 2, size/record: 8, table size: 16
	.data: load addr=000051d0, load size=0000002e bytes, run addr=202001a8, run size=00000044 bytes, compression=lzss
	.bss: load addr=0000520c, load size=00000008 bytes, run addr=20200000, run size=000001a8 bytes, compression=zero_init


LINKER GENERATED HANDLER TABLE

__TI_handler_table @ 00005200 records: 3, size/record: 4, table size: 12
	index: 0, handler: __TI_decompress_lzss
	index: 1, handler: __TI_decompress_none
	index: 2, handler: __TI_zero_init


FAR CALL TRAMPOLINES

callee name               trampoline name
   callee addr  tramp addr   call addr  call info
--------------  -----------  ---------  ----------------
__aeabi_dsub              $Tramp$TT$L$PI$$__aeabi_dsub
   000013e5     00004720     0000471e   libc.a : _printfi.c.obj (.text.OUTLINED_FUNCTION_0)
_c_int00_noargs           $Tramp$TT$L$PI$$_c_int00_noargs
   00003de5     0000478c     00004788   startup_mspm0g350x_ticlang.o (.text.Reset_Handler)

[2 trampolines]
[2 trampoline calls]


GLOBAL SYMBOLS: SORTED ALPHABETICALLY BY Name 

address   name                                 
-------   ----                                 
00004755  ADC0_IRQHandler                      
00004759  ADC1_IRQHandler                      
0000475d  AES_IRQHandler                       
000047d0  C$$EXIT                              
00004761  CANFD0_IRQHandler                    
00004765  DAC0_IRQHandler                      
0000470d  DL_Common_delayCycles                
00003401  DL_DMA_initChannel                   
00002fa1  DL_I2C_fillControllerTXFIFO          
00003ea5  DL_I2C_setClockConfig                
00001f45  DL_SYSCTL_configSYSPLL               
00003575  DL_SYSCTL_switchMCLKfromSYSOSCtoHSCLK
00001b81  DL_Timer_initFourCCPWMMode           
00001d79  DL_Timer_initTimerMode               
0000413d  DL_Timer_setCaptCompUpdateMethod     
000043e9  DL_Timer_setCaptureCompareOutCtl     
00004695  DL_Timer_setCaptureCompareValue      
00004159  DL_Timer_setClockConfig              
00003219  DL_UART_drainRXFIFO                  
000034e5  DL_UART_init                         
0000464d  DL_UART_setClockConfig               
00004769  DMA_IRQHandler                       
20200179  Digital                              
00003641  Encoder_Driver_Init                  
00003311  Encoder_Init                         
0000476d  GROUP0_IRQHandler                    
000023fd  GROUP1_IRQHandler                    
00002021  Gray_Read_Sensors                    
0000252d  Gray_Task                            
00004771  HardFault_Handler                    
00004775  I2C0_IRQHandler                      
00004779  I2C1_IRQHandler                      
000026e5  Motor_Config_Init                    
00002987  Motor_Dead_Compensation              
00002cd5  Motor_Init                           
00003aa5  Motor_Limit_Speed                    
00001c85  Motor_Set_Speed                      
00003f15  Motor_Task                           
0000477d  NMI_Handler                          
00001577  OLED_Init                            
000037f5  OLED_Set_Pos                         
0000195d  OLED_ShowChar                        
00002c65  OLED_ShowString                      
00002495  OLED_WR_Byte                         
00001019  Oled_Task                            
00004781  PendSV_Handler                       
00004785  RTC_IRQHandler                       
00004789  Reset_Handler                        
0000479d  SPI0_IRQHandler                      
000047a1  SPI1_IRQHandler                      
000047a5  SVC_Handler                          
00004491  SYSCFG_DL_DMA_WIT_init               
00002be9  SYSCFG_DL_DMA_init                   
00001579  SYSCFG_DL_GPIO_init                  
000030b9  SYSCFG_DL_I2C_OLED_init              
00002655  SYSCFG_DL_PWM_MOTOR_init             
0000352d  SYSCFG_DL_SYSCTL_init                
000046a5  SYSCFG_DL_SYSTICK_init               
00003831  SYSCFG_DL_TIMER_10ms_init            
00002d41  SYSCFG_DL_UART_WIT_init              
00003a71  SYSCFG_DL_init                       
00002a09  SYSCFG_DL_initPower                  
00004701  Scheduler_Init                       
00002b01  Scheduler_Run                        
000046b5  SysTick_Handler                      
000044a9  SysTick_Init                         
000047a9  TIMA0_IRQHandler                     
000047ad  TIMA1_IRQHandler                     
00003f39  TIMG0_IRQHandler                     
000047b1  TIMG12_IRQHandler                    
000047b5  TIMG6_IRQHandler                     
000047b9  TIMG7_IRQHandler                     
000047bd  TIMG8_IRQHandler                     
0000465f  TI_memcpy_small                      
000046f1  TI_memset_small                      
000047c1  UART0_IRQHandler                     
00000a91  UART1_IRQHandler                     
000047c5  UART2_IRQHandler                     
000047c9  UART3_IRQHandler                     
000022ad  Update_Encoder_Data_Filtered         
000035b9  WIT_Init                             
20208000  __STACK_END                          
00000200  __STACK_SIZE                         
00000000  __TI_ATRegion0_region_sz             
00000000  __TI_ATRegion0_src_addr              
00000000  __TI_ATRegion0_trg_addr              
00000000  __TI_ATRegion1_region_sz             
00000000  __TI_ATRegion1_src_addr              
00000000  __TI_ATRegion1_trg_addr              
00000000  __TI_ATRegion2_region_sz             
00000000  __TI_ATRegion2_src_addr              
00000000  __TI_ATRegion2_trg_addr              
00005214  __TI_CINIT_Base                      
00005224  __TI_CINIT_Limit                     
00005224  __TI_CINIT_Warm                      
00005200  __TI_Handler_Table_Base              
0000520c  __TI_Handler_Table_Limit             
000038e5  __TI_auto_init_nobinit_nopinit       
00002a85  __TI_decompress_lzss                 
00004671  __TI_decompress_none                 
00003111  __TI_ltoa                            
ffffffff  __TI_pprof_out_hndl                  
000000c1  __TI_printfi                         
ffffffff  __TI_prof_data_size                  
ffffffff  __TI_prof_data_start                 
00000000  __TI_static_base__                   
00004547  __TI_zero_init_nomemset              
000013ef  __adddf3                             
000021df  __addsf3                             
00005000  __aeabi_ctype_table_                 
00005000  __aeabi_ctype_table_C                
00002bf1  __aeabi_d2f                          
00003499  __aeabi_d2iz                         
000013ef  __aeabi_dadd                         
00002e79  __aeabi_dcmpeq                       
00002eb5  __aeabi_dcmpge                       
00002ec9  __aeabi_dcmpgt                       
00002ea1  __aeabi_dcmple                       
00002e8d  __aeabi_dcmplt                       
00001a75  __aeabi_ddiv                         
00001e61  __aeabi_dmul                         
000013e5  __aeabi_dsub                         
202001e8  __aeabi_errno                        
00004745  __aeabi_errno_addr                   
000036c1  __aeabi_f2d                          
00003999  __aeabi_f2iz                         
00003ad9  __aeabi_f2uiz                        
000021df  __aeabi_fadd                         
00002edd  __aeabi_fcmpeq                       
00002f19  __aeabi_fcmpge                       
00002f2d  __aeabi_fcmpgt                       
00002f05  __aeabi_fcmple                       
00002ef1  __aeabi_fcmplt                       
00002905  __aeabi_fdiv                         
00002771  __aeabi_fmul                         
000021d5  __aeabi_fsub                         
00003c25  __aeabi_i2d                          
0000386d  __aeabi_i2f                          
000031c1  __aeabi_idiv                         
000023fb  __aeabi_idiv0                        
000031c1  __aeabi_idivmod                      
00002a07  __aeabi_ldiv0                        
00004005  __aeabi_llsl                         
00003f5d  __aeabi_lmul                         
0000474d  __aeabi_memcpy                       
0000474d  __aeabi_memcpy4                      
0000474d  __aeabi_memcpy8                      
000046d5  __aeabi_memset                       
000046d5  __aeabi_memset4                      
000046d5  __aeabi_memset8                      
00003dbd  __aeabi_ui2f                         
00003681  __aeabi_uidiv                        
00003681  __aeabi_uidivmod                     
00004625  __aeabi_uldivmod                     
00004005  __ashldi3                            
ffffffff  __binit__                            
00002da9  __cmpdf2                             
00003921  __cmpsf2                             
00001a75  __divdf3                             
00002905  __divsf3                             
00002da9  __eqdf2                              
00003921  __eqsf2                              
000036c1  __extendsfdf2                        
00003499  __fixdfsi                            
00003999  __fixsfsi                            
00003ad9  __fixunssfsi                         
00003c25  __floatsidf                          
0000386d  __floatsisf                          
00003dbd  __floatunsisf                        
00002b75  __gedf2                              
000038a9  __gesf2                              
00002b75  __gtdf2                              
000038a9  __gtsf2                              
00002da9  __ledf2                              
00003921  __lesf2                              
00002da9  __ltdf2                              
00003921  __ltsf2                              
UNDEFED   __mpu_init                           
00001e61  __muldf3                             
00003f5d  __muldi3                             
0000395d  __muldsi3                            
00002771  __mulsf3                             
00002da9  __nedf2                              
00003921  __nesf2                              
20207e00  __stack                              
20200000  __start___llvm_prf_bits              
20200000  __start___llvm_prf_cnts              
20200000  __stop___llvm_prf_bits               
20200000  __stop___llvm_prf_cnts               
000013e5  __subdf3                             
000021d5  __subsf3                             
00002bf1  __truncdfsf2                         
00002359  __udivmoddi4                         
00003de5  _c_int00_noargs                      
UNDEFED   _system_post_cinit                   
000047cd  _system_pre_init                     
000047d1  abort                                
00004dd0  asc2_0806                            
000047e0  asc2_1608                            
00003701  atoi                                 
ffffffff  binit                                
00003001  frexp                                
00003001  frexpl                               
20200000  gPWM_MOTORBackup                     
2020019c  g_line_position_error                
202001cc  gray_weights                         
00000000  interruptVectors                     
000020fd  ldexp                                
000020fd  ldexpl                               
202000a0  left_encoder                         
000025c1  main                                 
00003f81  memccpy                              
202000f0  motor_left                           
20200114  motor_right                          
00003b9d  mspm0_delay_ms                       
00003c51  mspm0_get_clock_ms                   
20200159  oled_buffer                          
00002f41  oled_i2c_sda_unlock                  
202000c8  right_encoder                        
000020fd  scalbn                               
000020fd  scalbnl                              
000039d1  sprintf                              
202001a0  start_time                           
2020017a  task_num                             
202001a4  tick_ms                              
000046c5  wcslen                               
2020017c  wit_data                             
20200138  wit_dmaBuffer                        


GLOBAL SYMBOLS: SORTED BY Symbol Address 

address   name                                 
-------   ----                                 
00000000  __TI_ATRegion0_region_sz             
00000000  __TI_ATRegion0_src_addr              
00000000  __TI_ATRegion0_trg_addr              
00000000  __TI_ATRegion1_region_sz             
00000000  __TI_ATRegion1_src_addr              
00000000  __TI_ATRegion1_trg_addr              
00000000  __TI_ATRegion2_region_sz             
00000000  __TI_ATRegion2_src_addr              
00000000  __TI_ATRegion2_trg_addr              
00000000  __TI_static_base__                   
00000000  interruptVectors                     
000000c1  __TI_printfi                         
00000200  __STACK_SIZE                         
00000a91  UART1_IRQHandler                     
00001019  Oled_Task                            
000013e5  __aeabi_dsub                         
000013e5  __subdf3                             
000013ef  __adddf3                             
000013ef  __aeabi_dadd                         
00001577  OLED_Init                            
00001579  SYSCFG_DL_GPIO_init                  
0000195d  OLED_ShowChar                        
00001a75  __aeabi_ddiv                         
00001a75  __divdf3                             
00001b81  DL_Timer_initFourCCPWMMode           
00001c85  Motor_Set_Speed                      
00001d79  DL_Timer_initTimerMode               
00001e61  __aeabi_dmul                         
00001e61  __muldf3                             
00001f45  DL_SYSCTL_configSYSPLL               
00002021  Gray_Read_Sensors                    
000020fd  ldexp                                
000020fd  ldexpl                               
000020fd  scalbn                               
000020fd  scalbnl                              
000021d5  __aeabi_fsub                         
000021d5  __subsf3                             
000021df  __addsf3                             
000021df  __aeabi_fadd                         
000022ad  Update_Encoder_Data_Filtered         
00002359  __udivmoddi4                         
000023fb  __aeabi_idiv0                        
000023fd  GROUP1_IRQHandler                    
00002495  OLED_WR_Byte                         
0000252d  Gray_Task                            
000025c1  main                                 
00002655  SYSCFG_DL_PWM_MOTOR_init             
000026e5  Motor_Config_Init                    
00002771  __aeabi_fmul                         
00002771  __mulsf3                             
00002905  __aeabi_fdiv                         
00002905  __divsf3                             
00002987  Motor_Dead_Compensation              
00002a07  __aeabi_ldiv0                        
00002a09  SYSCFG_DL_initPower                  
00002a85  __TI_decompress_lzss                 
00002b01  Scheduler_Run                        
00002b75  __gedf2                              
00002b75  __gtdf2                              
00002be9  SYSCFG_DL_DMA_init                   
00002bf1  __aeabi_d2f                          
00002bf1  __truncdfsf2                         
00002c65  OLED_ShowString                      
00002cd5  Motor_Init                           
00002d41  SYSCFG_DL_UART_WIT_init              
00002da9  __cmpdf2                             
00002da9  __eqdf2                              
00002da9  __ledf2                              
00002da9  __ltdf2                              
00002da9  __nedf2                              
00002e79  __aeabi_dcmpeq                       
00002e8d  __aeabi_dcmplt                       
00002ea1  __aeabi_dcmple                       
00002eb5  __aeabi_dcmpge                       
00002ec9  __aeabi_dcmpgt                       
00002edd  __aeabi_fcmpeq                       
00002ef1  __aeabi_fcmplt                       
00002f05  __aeabi_fcmple                       
00002f19  __aeabi_fcmpge                       
00002f2d  __aeabi_fcmpgt                       
00002f41  oled_i2c_sda_unlock                  
00002fa1  DL_I2C_fillControllerTXFIFO          
00003001  frexp                                
00003001  frexpl                               
000030b9  SYSCFG_DL_I2C_OLED_init              
00003111  __TI_ltoa                            
000031c1  __aeabi_idiv                         
000031c1  __aeabi_idivmod                      
00003219  DL_UART_drainRXFIFO                  
00003311  Encoder_Init                         
00003401  DL_DMA_initChannel                   
00003499  __aeabi_d2iz                         
00003499  __fixdfsi                            
000034e5  DL_UART_init                         
0000352d  SYSCFG_DL_SYSCTL_init                
00003575  DL_SYSCTL_switchMCLKfromSYSOSCtoHSCLK
000035b9  WIT_Init                             
00003641  Encoder_Driver_Init                  
00003681  __aeabi_uidiv                        
00003681  __aeabi_uidivmod                     
000036c1  __aeabi_f2d                          
000036c1  __extendsfdf2                        
00003701  atoi                                 
000037f5  OLED_Set_Pos                         
00003831  SYSCFG_DL_TIMER_10ms_init            
0000386d  __aeabi_i2f                          
0000386d  __floatsisf                          
000038a9  __gesf2                              
000038a9  __gtsf2                              
000038e5  __TI_auto_init_nobinit_nopinit       
00003921  __cmpsf2                             
00003921  __eqsf2                              
00003921  __lesf2                              
00003921  __ltsf2                              
00003921  __nesf2                              
0000395d  __muldsi3                            
00003999  __aeabi_f2iz                         
00003999  __fixsfsi                            
000039d1  sprintf                              
00003a71  SYSCFG_DL_init                       
00003aa5  Motor_Limit_Speed                    
00003ad9  __aeabi_f2uiz                        
00003ad9  __fixunssfsi                         
00003b9d  mspm0_delay_ms                       
00003c25  __aeabi_i2d                          
00003c25  __floatsidf                          
00003c51  mspm0_get_clock_ms                   
00003dbd  __aeabi_ui2f                         
00003dbd  __floatunsisf                        
00003de5  _c_int00_noargs                      
00003ea5  DL_I2C_setClockConfig                
00003f15  Motor_Task                           
00003f39  TIMG0_IRQHandler                     
00003f5d  __aeabi_lmul                         
00003f5d  __muldi3                             
00003f81  memccpy                              
00004005  __aeabi_llsl                         
00004005  __ashldi3                            
0000413d  DL_Timer_setCaptCompUpdateMethod     
00004159  DL_Timer_setClockConfig              
000043e9  DL_Timer_setCaptureCompareOutCtl     
00004491  SYSCFG_DL_DMA_WIT_init               
000044a9  SysTick_Init                         
00004547  __TI_zero_init_nomemset              
00004625  __aeabi_uldivmod                     
0000464d  DL_UART_setClockConfig               
0000465f  TI_memcpy_small                      
00004671  __TI_decompress_none                 
00004695  DL_Timer_setCaptureCompareValue      
000046a5  SYSCFG_DL_SYSTICK_init               
000046b5  SysTick_Handler                      
000046c5  wcslen                               
000046d5  __aeabi_memset                       
000046d5  __aeabi_memset4                      
000046d5  __aeabi_memset8                      
000046f1  TI_memset_small                      
00004701  Scheduler_Init                       
0000470d  DL_Common_delayCycles                
00004745  __aeabi_errno_addr                   
0000474d  __aeabi_memcpy                       
0000474d  __aeabi_memcpy4                      
0000474d  __aeabi_memcpy8                      
00004755  ADC0_IRQHandler                      
00004759  ADC1_IRQHandler                      
0000475d  AES_IRQHandler                       
00004761  CANFD0_IRQHandler                    
00004765  DAC0_IRQHandler                      
00004769  DMA_IRQHandler                       
0000476d  GROUP0_IRQHandler                    
00004771  HardFault_Handler                    
00004775  I2C0_IRQHandler                      
00004779  I2C1_IRQHandler                      
0000477d  NMI_Handler                          
00004781  PendSV_Handler                       
00004785  RTC_IRQHandler                       
00004789  Reset_Handler                        
0000479d  SPI0_IRQHandler                      
000047a1  SPI1_IRQHandler                      
000047a5  SVC_Handler                          
000047a9  TIMA0_IRQHandler                     
000047ad  TIMA1_IRQHandler                     
000047b1  TIMG12_IRQHandler                    
000047b5  TIMG6_IRQHandler                     
000047b9  TIMG7_IRQHandler                     
000047bd  TIMG8_IRQHandler                     
000047c1  UART0_IRQHandler                     
000047c5  UART2_IRQHandler                     
000047c9  UART3_IRQHandler                     
000047cd  _system_pre_init                     
000047d0  C$$EXIT                              
000047d1  abort                                
000047e0  asc2_1608                            
00004dd0  asc2_0806                            
00005000  __aeabi_ctype_table_                 
00005000  __aeabi_ctype_table_C                
00005200  __TI_Handler_Table_Base              
0000520c  __TI_Handler_Table_Limit             
00005214  __TI_CINIT_Base                      
00005224  __TI_CINIT_Limit                     
00005224  __TI_CINIT_Warm                      
20200000  __start___llvm_prf_bits              
20200000  __start___llvm_prf_cnts              
20200000  __stop___llvm_prf_bits               
20200000  __stop___llvm_prf_cnts               
20200000  gPWM_MOTORBackup                     
202000a0  left_encoder                         
202000c8  right_encoder                        
202000f0  motor_left                           
20200114  motor_right                          
20200138  wit_dmaBuffer                        
20200159  oled_buffer                          
20200179  Digital                              
2020017a  task_num                             
2020017c  wit_data                             
2020019c  g_line_position_error                
202001a0  start_time                           
202001a4  tick_ms                              
202001cc  gray_weights                         
202001e8  __aeabi_errno                        
20207e00  __stack                              
20208000  __STACK_END                          
ffffffff  __TI_pprof_out_hndl                  
ffffffff  __TI_prof_data_size                  
ffffffff  __TI_prof_data_start                 
ffffffff  __binit__                            
ffffffff  binit                                
UNDEFED   __mpu_init                           
UNDEFED   _system_post_cinit                   

[228 symbols]
