******************************************************************************
            TI ARM Clang Linker PC v4.0.0                      
******************************************************************************
>> Linked Tue Jul 29 19:20:48 2025

OUTPUT FILE NAME:   <Template_Yuntai.out>
ENTRY POINT SYMBOL: "_c_int00_noargs"  address: 00003429


MEMORY CONFIGURATION

         name            origin    length      used     unused   attr    fill
----------------------  --------  ---------  --------  --------  ----  --------
  FLASH                 00000000   00020000  00004680  0001b980  R  X
  SRAM                  20200000   00008000  000002e9  00007d17  RW X
  BCR_CONFIG            41c00000   000000ff  00000000  000000ff  R   
  BSL_CONFIG            41c00100   00000080  00000000  00000080  R   


SEGMENT ALLOCATION MAP

run origin  load origin   length   init length attrs members
----------  ----------- ---------- ----------- ----- -------
00000000    00000000    00003c98   00003c98    r-x
  00000000    00000000    000000c0   000000c0    r-- .intvecs
  000000c0    000000c0    00003bd8   00003bd8    r-x .text
00003ca0    00003ca0    000009e8   000009e8    r--
  00003ca0    00003ca0    000009a0   000009a0    r-- .rodata
  00004640    00004640    00000048   00000048    r-- .cinit
20200000    20200000    000000ec   00000000    rw-
  20200000    20200000    000000c1   00000000    rw- .bss
  202000c4    202000c4    00000028   00000000    rw- .data
20207e00    20207e00    00000200   00000000    rw-
  20207e00    20207e00    00000200   00000000    rw- .stack


SECTION ALLOCATION MAP

 output                                  attributes/
section   page    origin      length       input sections
--------  ----  ----------  ----------   ----------------
.intvecs   0    00000000    000000c0     
                  00000000    000000c0     startup_mspm0g350x_ticlang.o (.intvecs)

.text      0    000000c0    00003bd8     
                  000000c0    000009d0     libc.a : _printfi.c.obj (.text:__TI_printfi)
                  00000a90    00000220            : _printfi.c.obj (.text._pconv_a)
                  00000cb0    000001dc            : _printfi.c.obj (.text._pconv_g)
                  00000e8c    00000192     libclang_rt.builtins.a : adddf3.S.obj (.text.adddf3_subdf3)
                  0000101e    00000002                            : aeabi_div0.c.obj (.text.__aeabi_idiv0)
                  00001020    0000014c     EmmV5.o (.text.Stepper_Set_Speed)
                  0000116c    0000013c     libc.a : _printfi.c.obj (.text.fcvt)
                  000012a8    00000120            : _printfi.c.obj (.text._pconv_e)
                  000013c8    00000118     oled_hardware_i2c.o (.text.OLED_ShowChar)
                  000014e0    00000110     oled_hardware_i2c.o (.text.OLED_Init)
                  000015f0    0000010c     libclang_rt.builtins.a : divdf3.S.obj (.text.__divdf3)
                  000016fc    00000104     driverlib.a : dl_timer.o (.text.DL_Timer_initFourCCPWMMode)
                  00001800    000000e4     libclang_rt.builtins.a : muldf3.S.obj (.text.__muldf3)
                  000018e4    000000dc     driverlib.a : dl_sysctl_mspm0g1x0x_g3x0x.o (.text.DL_SYSCTL_configSYSPLL)
                  000019c0    000000d8     libc.a : s_scalbn.c.obj (.text.scalbn)
                  00001a98    000000d8     libclang_rt.builtins.a : addsf3.S.obj (.text)
                  00001b70    000000d6     uart_app.o (.text.UART_Transmit)
                  00001c46    00000002     libclang_rt.builtins.a : aeabi_div0.c.obj (.text.__aeabi_ldiv0)
                  00001c48    000000d4     ti_msp_dl_config.o (.text.SYSCFG_DL_GPIO_init)
                  00001d1c    000000a2     libclang_rt.builtins.a : udivmoddi4.S.obj (.text)
                  00001dbe    00000002     --HOLE-- [fill = 0]
                  00001dc0    00000098     oled_hardware_i2c.o (.text.OLED_WR_Byte)
                  00001e58    0000008c     libclang_rt.builtins.a : mulsf3.S.obj (.text.__mulsf3)
                  00001ee4    00000084     uart_app.o (.text.Uart_Proc)
                  00001f68    00000084     clock.o (.text.__NVIC_SetPriority)
                  00001fec    00000084     ti_msp_dl_config.o (.text.__NVIC_SetPriority)
                  00002070    00000082     libclang_rt.builtins.a : divsf3.S.obj (.text.__divsf3)
                  000020f2    00000002     --HOLE-- [fill = 0]
                  000020f4    0000007c     ti_msp_dl_config.o (.text.SYSCFG_DL_initPower)
                  00002170    0000007c     libc.a : copy_decompress_lzss.c.obj (.text:decompress:lzss)
                  000021ec    00000078     EmmV5.o (.text.Stepper_Config_Init)
                  00002264    00000074     scheduler.o (.text.Scheduler_Run)
                  000022d8    00000074     libclang_rt.builtins.a : comparedf2.c.obj (.text.__gedf2)
                  0000234c    00000070     motor_app.o (.text.Motor_Task)
                  000023bc    00000070     oled_hardware_i2c.o (.text.OLED_ShowString)
                  0000242c    0000006a     oled_hardware_i2c.o (.text.OLED_Clear)
                  00002496    00000002     --HOLE-- [fill = 0]
                  00002498    00000068     ti_msp_dl_config.o (.text.SYSCFG_DL_PWM_X_init)
                  00002500    00000068     ti_msp_dl_config.o (.text.SYSCFG_DL_PWM_Y_init)
                  00002568    00000068     libclang_rt.builtins.a : comparedf2.c.obj (.text.__ledf2)
                  000025d0    00000066     libc.a : _printfi.c.obj (.text._mcpy)
                  00002636    00000002     --HOLE-- [fill = 0]
                  00002638    00000064     uart_app.o (.text.UART2_IRQHandler)
                  0000269c    00000062     libclang_rt.builtins.a : aeabi_dcmp.S.obj (.text.__aeabi_dcmp)
                  000026fe    00000002     --HOLE-- [fill = 0]
                  00002700    00000062                            : aeabi_fcmp.S.obj (.text.__aeabi_fcmp)
                  00002762    00000002     --HOLE-- [fill = 0]
                  00002764    00000060     oled_hardware_i2c.o (.text.oled_i2c_sda_unlock)
                  000027c4    0000005e     driverlib.a : dl_i2c.o (.text.DL_I2C_fillControllerTXFIFO)
                  00002822    00000002     --HOLE-- [fill = 0]
                  00002824    0000005c     libc.a : s_frexp.c.obj (.text.frexp)
                  00002880    0000005c     oled_hardware_i2c.o (.text.mspm0_i2c_enable)
                  000028dc    00000058     ti_msp_dl_config.o (.text.SYSCFG_DL_I2C_OLED_init)
                  00002934    00000058     libc.a : _ltoa.c.obj (.text.__TI_ltoa)
                  0000298c    00000058            : _printfi.c.obj (.text._pconv_f)
                  000029e4    00000056     libclang_rt.builtins.a : aeabi_idivmod.S.obj (.text.__aeabi_idivmod)
                  00002a3a    00000002     --HOLE-- [fill = 0]
                  00002a3c    00000054     EmmV5.o (.text.Stepper_System_Init)
                  00002a90    00000052     libc.a : _printfi.c.obj (.text._ecpy)
                  00002ae2    00000002     --HOLE-- [fill = 0]
                  00002ae4    00000050     oled_hardware_i2c.o (.text.DL_I2C_startControllerTransfer)
                  00002b34    00000050     clock.o (.text.SysTick_Config)
                  00002b84    00000050     ti_msp_dl_config.o (.text.SysTick_Config)
                  00002bd4    0000004c     ti_msp_dl_config.o (.text.DL_UART_setBaudRateDivisor)
                  00002c20    0000004a     libclang_rt.builtins.a : fixdfsi.S.obj (.text.__fixdfsi)
                  00002c6a    00000002     --HOLE-- [fill = 0]
                  00002c6c    00000048     driverlib.a : dl_uart.o (.text.DL_UART_init)
                  00002cb4    00000048     ti_msp_dl_config.o (.text.SYSCFG_DL_UART2_init)
                  00002cfc    00000044     driverlib.a : dl_sysctl_mspm0g1x0x_g3x0x.o (.text.DL_SYSCTL_switchMCLKfromSYSOSCtoHSCLK)
                  00002d40    00000044     oled_hardware_i2c.o (.text.mspm0_i2c_disable)
                  00002d84    00000040     libclang_rt.builtins.a : aeabi_uidivmod.S.obj (.text.__aeabi_uidivmod)
                  00002dc4    00000040     libc.a : atoi.c.obj (.text.atoi)
                  00002e04    00000040     uart_app.o (.text.my_printf)
                  00002e44    00000040     libc.a : vsnprintf.c.obj (.text.vsnprintf)
                  00002e84    0000003c     oled_hardware_i2c.o (.text.DL_GPIO_initPeripheralInputFunctionFeatures)
                  00002ec0    0000003c     ti_msp_dl_config.o (.text.DL_GPIO_initPeripheralInputFunctionFeatures)
                  00002efc    0000003c     ti_msp_dl_config.o (.text.DL_Timer_setCounterControl)
                  00002f38    0000003c     oled_hardware_i2c.o (.text.OLED_Set_Pos)
                  00002f74    0000003c     ti_msp_dl_config.o (.text.SYSCFG_DL_SYSCTL_init)
                  00002fb0    0000003c     libclang_rt.builtins.a : floatsisf.S.obj (.text.__floatsisf)
                  00002fec    0000003c                            : comparesf2.S.obj (.text.__gtsf2)
                  00003028    0000003c     libc.a : autoinit.c.obj (.text:__TI_auto_init_nobinit_nopinit)
                  00003064    0000003a     libclang_rt.builtins.a : comparesf2.S.obj (.text.__eqsf2)
                  0000309e    00000002     --HOLE-- [fill = 0]
                  000030a0    0000003a                            : muldsi3.S.obj (.text.__muldsi3)
                  000030da    00000038     EmmV5.o (.text.Stepper_Stop)
                  00003112    00000002     --HOLE-- [fill = 0]
                  00003114    00000038     libclang_rt.builtins.a : fixsfsi.S.obj (.text.__fixsfsi)
                  0000314c    00000038     libc.a : sprintf.c.obj (.text.sprintf)
                  00003184    00000034     oled_hardware_i2c.o (.text.DL_GPIO_initDigitalInputFeatures)
                  000031b8    00000034     oled_app.o (.text.Oled_Task)
                  000031ec    00000032     libclang_rt.builtins.a : fixunssfsi.S.obj (.text.__fixunssfsi)
                  0000321e    00000030     libc.a : _printfi.c.obj (.text._fcpy)
                  0000324e    00000030            : vsnprintf.c.obj (.text._outs)
                  0000327e    00000002     --HOLE-- [fill = 0]
                  00003280    00000030     clock.o (.text.mspm0_delay_ms)
                  000032b0    0000002c     uart_app.o (.text.__NVIC_ClearPendingIRQ)
                  000032dc    0000002c     uart_app.o (.text.__NVIC_EnableIRQ)
                  00003308    0000002c     libclang_rt.builtins.a : floatsidf.S.obj (.text.__floatsidf)
                  00003334    0000002c     clock.o (.text.mspm0_get_clock_ms)
                  00003360    00000028     oled_hardware_i2c.o (.text.DL_Common_updateReg)
                  00003388    00000028     ti_msp_dl_config.o (.text.DL_Common_updateReg)
                  000033b0    00000028     ti_msp_dl_config.o (.text.DL_I2C_setControllerRXFIFOThreshold)
                  000033d8    00000028     ti_msp_dl_config.o (.text.DL_I2C_setControllerTXFIFOThreshold)
                  00003400    00000028     empty.o (.text.main)
                  00003428    00000028     libc.a : boot_cortex_m.c.obj (.text:_c_int00_noargs)
                  00003450    00000026     ti_msp_dl_config.o (.text.DL_I2C_setAnalogGlitchFilterPulseWidth)
                  00003476    00000026     driverlib.a : dl_i2c.o (.text.DL_I2C_setClockConfig)
                  0000349c    00000024     ti_msp_dl_config.o (.text.SYSCFG_DL_init)
                  000034c0    00000024     libclang_rt.builtins.a : muldi3.S.obj (.text.__muldi3)
                  000034e4    00000022     libc.a : memccpy.c.obj (.text.memccpy)
                  00003506    00000002     --HOLE-- [fill = 0]
                  00003508    00000020     ti_msp_dl_config.o (.text.DL_GPIO_initPeripheralInputFunction)
                  00003528    00000020     ti_msp_dl_config.o (.text.DL_SYSCTL_setFlashWaitState)
                  00003548    0000001e     ti_msp_dl_config.o (.text.DL_UART_setOversampling)
                  00003566    00000002     --HOLE-- [fill = 0]
                  00003568    0000001e     libclang_rt.builtins.a : ashldi3.S.obj (.text.__ashldi3)
                  00003586    00000002     --HOLE-- [fill = 0]
                  00003588    0000001c     oled_hardware_i2c.o (.text.DL_GPIO_enableHiZ)
                  000035a4    0000001c     ti_msp_dl_config.o (.text.DL_GPIO_enableHiZ)
                  000035c0    0000001c     ti_msp_dl_config.o (.text.DL_GPIO_initPeripheralOutputFunction)
                  000035dc    0000001c     oled_hardware_i2c.o (.text.DL_I2C_getSDAStatus)
                  000035f8    0000001c     ti_msp_dl_config.o (.text.DL_SYSCTL_setSYSOSCFreq)
                  00003614    0000001c     ti_msp_dl_config.o (.text.DL_SYSCTL_setULPCLKDivider)
                  00003630    0000001c     driverlib.a : dl_timer.o (.text.DL_Timer_setCaptCompUpdateMethod)
                  0000364c    0000001c                 : dl_timer.o (.text.DL_Timer_setClockConfig)
                  00003668    0000001c     ti_msp_dl_config.o (.text.DL_UART_enableInterrupt)
                  00003684    00000018     oled_hardware_i2c.o (.text.DL_GPIO_enableOutput)
                  0000369c    00000018     ti_msp_dl_config.o (.text.DL_GPIO_enableOutput)
                  000036b4    00000018     ti_msp_dl_config.o (.text.DL_GPIO_enablePower)
                  000036cc    00000018     oled_hardware_i2c.o (.text.DL_GPIO_initDigitalOutput)
                  000036e4    00000018     ti_msp_dl_config.o (.text.DL_GPIO_initDigitalOutput)
                  000036fc    00000018     ti_msp_dl_config.o (.text.DL_GPIO_reset)
                  00003714    00000018     EmmV5.o (.text.DL_GPIO_setPins)
                  0000372c    00000018     oled_hardware_i2c.o (.text.DL_GPIO_setPins)
                  00003744    00000018     ti_msp_dl_config.o (.text.DL_GPIO_setPins)
                  0000375c    00000018     oled_hardware_i2c.o (.text.DL_I2C_clearInterruptStatus)
                  00003774    00000018     ti_msp_dl_config.o (.text.DL_I2C_enableAnalogGlitchFilter)
                  0000378c    00000018     ti_msp_dl_config.o (.text.DL_I2C_enableController)
                  000037a4    00000018     ti_msp_dl_config.o (.text.DL_I2C_enableControllerClockStretching)
                  000037bc    00000018     oled_hardware_i2c.o (.text.DL_I2C_enablePower)
                  000037d4    00000018     ti_msp_dl_config.o (.text.DL_I2C_enablePower)
                  000037ec    00000018     oled_hardware_i2c.o (.text.DL_I2C_getRawInterruptStatus)
                  00003804    00000018     oled_hardware_i2c.o (.text.DL_I2C_reset)
                  0000381c    00000018     ti_msp_dl_config.o (.text.DL_I2C_reset)
                  00003834    00000018     ti_msp_dl_config.o (.text.DL_I2C_setTimerPeriod)
                  0000384c    00000018     ti_msp_dl_config.o (.text.DL_SYSCTL_setBORThreshold)
                  00003864    00000018     ti_msp_dl_config.o (.text.DL_Timer_enablePower)
                  0000387c    00000018     ti_msp_dl_config.o (.text.DL_Timer_reset)
                  00003894    00000018     driverlib.a : dl_timer.o (.text.DL_Timer_setCaptureCompareOutCtl)
                  000038ac    00000018     EmmV5.o (.text.DL_Timer_setLoadValue)
                  000038c4    00000018     EmmV5.o (.text.DL_Timer_startCounter)
                  000038dc    00000018     EmmV5.o (.text.DL_Timer_stopCounter)
                  000038f4    00000018     ti_msp_dl_config.o (.text.DL_UART_enablePower)
                  0000390c    00000018     uart_app.o (.text.DL_UART_isBusy)
                  00003924    00000018     uart_app.o (.text.DL_UART_isTXFIFOFull)
                  0000393c    00000018     ti_msp_dl_config.o (.text.DL_UART_reset)
                  00003954    00000018     clock.o (.text.SysTick_Init)
                  0000396c    00000018     libc.a : vsnprintf.c.obj (.text._outc)
                  00003984    00000018            : sprintf.c.obj (.text._outs)
                  0000399c    00000016     oled_hardware_i2c.o (.text.DL_GPIO_readPins)
                  000039b2    00000016     ti_msp_dl_config.o (.text.DL_UART_enable)
                  000039c8    00000016     uart_app.o (.text.DL_UART_transmitData)
                  000039de    00000016     uart_app.o (.text.Uart_Init)
                  000039f4    00000016     libc.a : copy_zero_init.c.obj (.text:decompress:ZI:__TI_zero_init_nomemset)
                  00003a0a    00000014     EmmV5.o (.text.DL_GPIO_clearPins)
                  00003a1e    00000014     oled_hardware_i2c.o (.text.DL_GPIO_clearPins)
                  00003a32    00000014     ti_msp_dl_config.o (.text.DL_GPIO_clearPins)
                  00003a46    00000002     --HOLE-- [fill = 0]
                  00003a48    00000014     oled_hardware_i2c.o (.text.DL_I2C_getControllerStatus)
                  00003a5c    00000014     ti_msp_dl_config.o (.text.DL_I2C_resetControllerTransfer)
                  00003a70    00000014     ti_msp_dl_config.o (.text.DL_SYSCTL_disableSYSPLL)
                  00003a84    00000014     ti_msp_dl_config.o (.text.DL_Timer_enableClock)
                  00003a98    00000014     ti_msp_dl_config.o (.text.DL_Timer_setCCPDirection)
                  00003aac    00000014     uart_app.o (.text.DL_UART_receiveData)
                  00003ac0    00000014     libclang_rt.builtins.a : aeabi_uldivmod.S.obj (.text.__aeabi_uldivmod)
                  00003ad4    00000014     libc.a : _printfi.c.obj (.text.strchr)
                  00003ae8    00000012     uart_app.o (.text.DL_UART_getPendingInterrupt)
                  00003afa    00000012     driverlib.a : dl_uart.o (.text.DL_UART_setClockConfig)
                  00003b0c    00000012     libc.a : memcpy16.S.obj (.text:TI_memcpy_small)
                  00003b1e    00000012            : copy_decompress_none.c.obj (.text:decompress:none)
                  00003b30    00000010     ti_msp_dl_config.o (.text.DL_SYSCTL_disableHFXT)
                  00003b40    00000010     driverlib.a : dl_timer.o (.text.DL_Timer_setCaptureCompareValue)
                  00003b50    00000010     ti_msp_dl_config.o (.text.SYSCFG_DL_SYSTICK_init)
                  00003b60    00000010     interrupt.o (.text.SysTick_Handler)
                  00003b70    00000010     oled_hardware_i2c.o (.text.delay_ms)
                  00003b80    00000010     libc.a : wcslen.c.obj (.text.wcslen)
                  00003b90    0000000e     libclang_rt.builtins.a : aeabi_memset.S.obj (.text.__aeabi_memset)
                  00003b9e    0000000e     libc.a : _printfi.c.obj (.text.strlen)
                  00003bac    0000000e            : memset16.S.obj (.text:TI_memset_small)
                  00003bba    00000002     --HOLE-- [fill = 0]
                  00003bbc    0000000c     scheduler.o (.text.Scheduler_Init)
                  00003bc8    0000000c     libclang_rt.builtins.a : aeabi_memset.S.obj (.text.__aeabi_memclr)
                  00003bd4    0000000a     driverlib.a : dl_common.o (.text.DL_Common_delayCycles)
                  00003bde    0000000a     libc.a : _printfi.c.obj (.text.OUTLINED_FUNCTION_0)
                  00003be8    00000010     libclang_rt.builtins.a : adddf3.S.obj (.tramp.__aeabi_dsub.1)
                  00003bf8    0000000a     libc.a : _printfi.c.obj (.text.OUTLINED_FUNCTION_1)
                  00003c02    0000000a            : sprintf.c.obj (.text._outc)
                  00003c0c    00000008            : aeabi_portable.c.obj (.text.__aeabi_errno_addr)
                  00003c14    00000008     libclang_rt.builtins.a : aeabi_memcpy.S.obj (.text.__aeabi_memcpy)
                  00003c1c    00000004     interrupt.o (.text.ADC0_IRQHandler)
                  00003c20    00000004     interrupt.o (.text.ADC1_IRQHandler)
                  00003c24    00000004     interrupt.o (.text.AES_IRQHandler)
                  00003c28    00000004     interrupt.o (.text.CANFD0_IRQHandler)
                  00003c2c    00000004     interrupt.o (.text.DAC0_IRQHandler)
                  00003c30    00000004     interrupt.o (.text.DMA_IRQHandler)
                  00003c34    00000004     startup_mspm0g350x_ticlang.o (.text.Default_Handler)
                  00003c38    00000004     interrupt.o (.text.GROUP0_IRQHandler)
                  00003c3c    00000004     interrupt.o (.text.HardFault_Handler)
                  00003c40    00000004     interrupt.o (.text.I2C0_IRQHandler)
                  00003c44    00000004     interrupt.o (.text.I2C1_IRQHandler)
                  00003c48    00000004     interrupt.o (.text.NMI_Handler)
                  00003c4c    00000004     interrupt.o (.text.PendSV_Handler)
                  00003c50    00000004     interrupt.o (.text.RTC_IRQHandler)
                  00003c54    00000004     startup_mspm0g350x_ticlang.o (.text.Reset_Handler)
                  00003c58    00000010     libc.a : boot_cortex_m.c.obj (.tramp._c_int00_noargs.1)
                  00003c68    00000004     interrupt.o (.text.SPI0_IRQHandler)
                  00003c6c    00000004     interrupt.o (.text.SPI1_IRQHandler)
                  00003c70    00000004     interrupt.o (.text.SVC_Handler)
                  00003c74    00000004     interrupt.o (.text.TIMA0_IRQHandler)
                  00003c78    00000004     interrupt.o (.text.TIMA1_IRQHandler)
                  00003c7c    00000004     interrupt.o (.text.TIMG12_IRQHandler)
                  00003c80    00000004     interrupt.o (.text.TIMG6_IRQHandler)
                  00003c84    00000004     interrupt.o (.text.TIMG7_IRQHandler)
                  00003c88    00000004     interrupt.o (.text.TIMG8_IRQHandler)
                  00003c8c    00000004     interrupt.o (.text.UART3_IRQHandler)
                  00003c90    00000004     libc.a : pre_init.c.obj (.text._system_pre_init)
                  00003c94    00000004            : exit.c.obj (.text:abort)

.cinit     0    00004640    00000048     
                  00004640    00000020     (.cinit..data.load) [load image, compression = lzss]
                  00004660    0000000c     (__TI_handler_table)
                  0000466c    00000008     (.cinit..bss.load) [load image, compression = zero_init]
                  00004674    00000010     (__TI_cinit_table)
                  00004684    00000004     --HOLE-- [fill = 0]

.rodata    0    00003ca0    000009a0     
                  00003ca0    000005f0     oled_hardware_i2c.o (.rodata.asc2_1608)
                  00004290    00000228     oled_hardware_i2c.o (.rodata.asc2_0806)
                  000044b8    00000008     ti_msp_dl_config.o (.rodata.gPWM_XConfig)
                  000044c0    00000101     libc.a : aeabi_ctype.S.obj (.rodata:__aeabi_ctype_table_)
                  000045c1    00000003     ti_msp_dl_config.o (.rodata.gPWM_XClockConfig)
                  000045c4    00000028     ti_msp_dl_config.o (.rodata.gSYSPLLConfig)
                  000045ec    00000011     libc.a : _printfi.c.obj (.rodata.str1.103488685894817597201)
                  000045fd    00000011            : _printfi.c.obj (.rodata.str1.153638888446227384661)
                  0000460e    0000000a     ti_msp_dl_config.o (.rodata.gUART2Config)
                  00004618    00000008     ti_msp_dl_config.o (.rodata.gPWM_YConfig)
                  00004620    00000008     oled_app.o (.rodata.str1.48439337825557408251)
                  00004628    00000005     uart_app.o (.rodata.str1.53123537879093831551)
                  0000462d    00000003     ti_msp_dl_config.o (.rodata.gPWM_YClockConfig)
                  00004630    00000002     ti_msp_dl_config.o (.rodata.gI2C_OLEDClockConfig)
                  00004632    00000002     ti_msp_dl_config.o (.rodata.gUART2ClockConfig)
                  00004634    0000000c     --HOLE-- [fill = 0]

.init_array 
*          0    00000000    00000000     UNINITIALIZED

.binit     0    00000000    00000000     

.bss       0    20200000    000000c1     UNINITIALIZED
                  20200000    00000040     (.common:uart_buffer)
                  20200040    00000028     (.common:MotorX)
                  20200068    00000028     (.common:MotorY)
                  20200090    00000020     (.common:oled_buffer)
                  202000b0    00000004     (.common:start_time)
                  202000b4    00000004     (.common:tick_ms)
                  202000b8    00000004     (.common:uart_tick)
                  202000bc    00000001     (.common:count)
                  202000bd    00000001     (.common:task_num)
                  202000be    00000001     (.common:test)
                  202000bf    00000001     (.common:uart_flag)
                  202000c0    00000001     (.common:uart_index)

.data      0    202000c4    00000028     UNINITIALIZED
                  202000c4    00000024     scheduler.o (.data.scheduler_task)
                  202000e8    00000004     libc.a : aeabi_portable.c.obj (.data.__aeabi_errno)

.stack     0    20207e00    00000200     UNINITIALIZED
                  20207e00    00000004     libc.a : boot_cortex_m.c.obj (.stack)
                  20207e04    000001fc     --HOLE--

__llvm_prf_cnts 
*          0    20200000    00000000     UNINITIALIZED

__llvm_prf_bits 
*          0    20200000    00000000     UNINITIALIZED

MODULE SUMMARY

       Module                         code    ro data   rw data
       ------                         ----    -------   -------
    .\
       ti_msp_dl_config.o             2138    76        0      
       startup_mspm0g350x_ticlang.o   8       192       0      
       empty.o                        40      0         0      
    +--+------------------------------+-------+---------+---------+
       Total:                         2186    268       0      
                                                               
    .\MSPM0\
       clock.o                        328     0         8      
       scheduler.o                    128     0         37     
       interrupt.o                    108     0         0      
    +--+------------------------------+-------+---------+---------+
       Total:                         564     0         45     
                                                               
    .\My_App\
       uart_app.o                     728     5         70     
       motor_app.o                    112     0         1      
       oled_app.o                     52      8         33     
    +--+------------------------------+-------+---------+---------+
       Total:                         892     13        104    
                                                               
    .\My_Driver\
       oled_hardware_i2c.o            1772    2072      0      
       EmmV5.o                        708     0         80     
    +--+------------------------------+-------+---------+---------+
       Total:                         2480    2072      80     
                                                               
    F:/mspm0_sdk_2_05_01_00/source/ti/driverlib/lib/ticlang/m0p/mspm0g1x0x_g3x0x/driverlib.a
       dl_timer.o                     356     0         0      
       dl_sysctl_mspm0g1x0x_g3x0x.o   288     0         0      
       dl_i2c.o                       132     0         0      
       dl_uart.o                      90      0         0      
       dl_common.o                    10      0         0      
    +--+------------------------------+-------+---------+---------+
       Total:                         876     0         0      
                                                               
    F:\ccs\tools\compiler\ti-cgt-armllvm_4.0.0.LTS\lib\armv6m-ti-none-eabi/c/libc.a
       _printfi.c.obj                 4510    34        0      
       aeabi_ctype.S.obj              0       257       0      
       s_scalbn.c.obj                 216     0         0      
       vsnprintf.c.obj                136     0         0      
       copy_decompress_lzss.c.obj     124     0         0      
       s_frexp.c.obj                  92      0         0      
       sprintf.c.obj                  90      0         0      
       _ltoa.c.obj                    88      0         0      
       atoi.c.obj                     64      0         0      
       autoinit.c.obj                 60      0         0      
       boot_cortex_m.c.obj            56      0         0      
       memccpy.c.obj                  34      0         0      
       copy_zero_init.c.obj           22      0         0      
       copy_decompress_none.c.obj     18      0         0      
       memcpy16.S.obj                 18      0         0      
       wcslen.c.obj                   16      0         0      
       memset16.S.obj                 14      0         0      
       aeabi_portable.c.obj           8       0         4      
       exit.c.obj                     4       0         0      
       pre_init.c.obj                 4       0         0      
    +--+------------------------------+-------+---------+---------+
       Total:                         5574    291       4      
                                                               
    F:\ccs\tools\compiler\ti-cgt-armllvm_4.0.0.LTS\lib\armv6m-ti-none-eabi/libclang_rt.builtins.a
       adddf3.S.obj                   418     0         0      
       divdf3.S.obj                   268     0         0      
       muldf3.S.obj                   228     0         0      
       comparedf2.c.obj               220     0         0      
       addsf3.S.obj                   216     0         0      
       udivmoddi4.S.obj               162     0         0      
       mulsf3.S.obj                   140     0         0      
       divsf3.S.obj                   130     0         0      
       comparesf2.S.obj               118     0         0      
       aeabi_dcmp.S.obj               98      0         0      
       aeabi_fcmp.S.obj               98      0         0      
       aeabi_idivmod.S.obj            86      0         0      
       fixdfsi.S.obj                  74      0         0      
       aeabi_uidivmod.S.obj           64      0         0      
       floatsisf.S.obj                60      0         0      
       muldsi3.S.obj                  58      0         0      
       fixsfsi.S.obj                  56      0         0      
       fixunssfsi.S.obj               50      0         0      
       floatsidf.S.obj                44      0         0      
       muldi3.S.obj                   36      0         0      
       ashldi3.S.obj                  30      0         0      
       aeabi_memset.S.obj             26      0         0      
       aeabi_uldivmod.S.obj           20      0         0      
       aeabi_memcpy.S.obj             8       0         0      
       aeabi_div0.c.obj               4       0         0      
    +--+------------------------------+-------+---------+---------+
       Total:                         2712    0         0      
                                                               
       Stack:                         0       0         512    
       Linker Generated:              0       68        0      
    +--+------------------------------+-------+---------+---------+
       Grand Total:                   15284   2712      745    


LINKER GENERATED COPY TABLES

__TI_cinit_table @ 00004674 records: 2, size/record: 8, table size: 16
	.data: load addr=00004640, load size=00000020 bytes, run addr=202000c4, run size=00000028 bytes, compression=lzss
	.bss: load addr=0000466c, load size=00000008 bytes, run addr=20200000, run size=000000c1 bytes, compression=zero_init


LINKER GENERATED HANDLER TABLE

__TI_handler_table @ 00004660 records: 3, size/record: 4, table size: 12
	index: 0, handler: __TI_decompress_lzss
	index: 1, handler: __TI_decompress_none
	index: 2, handler: __TI_zero_init


FAR CALL TRAMPOLINES

callee name               trampoline name
   callee addr  tramp addr   call addr  call info
--------------  -----------  ---------  ----------------
__aeabi_dsub              $Tramp$TT$L$PI$$__aeabi_dsub
   00000e8d     00003be8     00003be6   libc.a : _printfi.c.obj (.text.OUTLINED_FUNCTION_0)
_c_int00_noargs           $Tramp$TT$L$PI$$_c_int00_noargs
   00003429     00003c58     00003c54   startup_mspm0g350x_ticlang.o (.text.Reset_Handler)

[2 trampolines]
[2 trampoline calls]


GLOBAL SYMBOLS: SORTED ALPHABETICALLY BY Name 

address   name                                 
-------   ----                                 
00003c1d  ADC0_IRQHandler                      
00003c21  ADC1_IRQHandler                      
00003c25  AES_IRQHandler                       
00003c94  C$$EXIT                              
00003c29  CANFD0_IRQHandler                    
00003c2d  DAC0_IRQHandler                      
00003bd5  DL_Common_delayCycles                
000027c5  DL_I2C_fillControllerTXFIFO          
00003477  DL_I2C_setClockConfig                
000018e5  DL_SYSCTL_configSYSPLL               
00002cfd  DL_SYSCTL_switchMCLKfromSYSOSCtoHSCLK
000016fd  DL_Timer_initFourCCPWMMode           
00003631  DL_Timer_setCaptCompUpdateMethod     
00003895  DL_Timer_setCaptureCompareOutCtl     
00003b41  DL_Timer_setCaptureCompareValue      
0000364d  DL_Timer_setClockConfig              
00002c6d  DL_UART_init                         
00003afb  DL_UART_setClockConfig               
00003c31  DMA_IRQHandler                       
00003c35  Default_Handler                      
00003c39  GROUP0_IRQHandler                    
00003c35  GROUP1_IRQHandler                    
00003c3d  HardFault_Handler                    
00003c41  I2C0_IRQHandler                      
00003c45  I2C1_IRQHandler                      
20200040  MotorX                               
20200068  MotorY                               
0000234d  Motor_Task                           
00003c49  NMI_Handler                          
0000242d  OLED_Clear                           
000014e1  OLED_Init                            
00002f39  OLED_Set_Pos                         
000013c9  OLED_ShowChar                        
000023bd  OLED_ShowString                      
00001dc1  OLED_WR_Byte                         
000031b9  Oled_Task                            
00003c4d  PendSV_Handler                       
00003c51  RTC_IRQHandler                       
00003c55  Reset_Handler                        
00003c69  SPI0_IRQHandler                      
00003c6d  SPI1_IRQHandler                      
00003c71  SVC_Handler                          
00001c49  SYSCFG_DL_GPIO_init                  
000028dd  SYSCFG_DL_I2C_OLED_init              
00002499  SYSCFG_DL_PWM_X_init                 
00002501  SYSCFG_DL_PWM_Y_init                 
00002f75  SYSCFG_DL_SYSCTL_init                
00003b51  SYSCFG_DL_SYSTICK_init               
00002cb5  SYSCFG_DL_UART2_init                 
0000349d  SYSCFG_DL_init                       
000020f5  SYSCFG_DL_initPower                  
00003bbd  Scheduler_Init                       
00002265  Scheduler_Run                        
000021ed  Stepper_Config_Init                  
00001021  Stepper_Set_Speed                    
000030db  Stepper_Stop                         
00002a3d  Stepper_System_Init                  
00003b61  SysTick_Handler                      
00003955  SysTick_Init                         
00003c75  TIMA0_IRQHandler                     
00003c79  TIMA1_IRQHandler                     
00003c35  TIMG0_IRQHandler                     
00003c7d  TIMG12_IRQHandler                    
00003c81  TIMG6_IRQHandler                     
00003c85  TIMG7_IRQHandler                     
00003c89  TIMG8_IRQHandler                     
00003b0d  TI_memcpy_small                      
00003bad  TI_memset_small                      
00003c35  UART0_IRQHandler                     
00003c35  UART1_IRQHandler                     
00002639  UART2_IRQHandler                     
00003c8d  UART3_IRQHandler                     
00001b71  UART_Transmit                        
000039df  Uart_Init                            
00001ee5  Uart_Proc                            
20208000  __STACK_END                          
00000200  __STACK_SIZE                         
00000000  __TI_ATRegion0_region_sz             
00000000  __TI_ATRegion0_src_addr              
00000000  __TI_ATRegion0_trg_addr              
00000000  __TI_ATRegion1_region_sz             
00000000  __TI_ATRegion1_src_addr              
00000000  __TI_ATRegion1_trg_addr              
00000000  __TI_ATRegion2_region_sz             
00000000  __TI_ATRegion2_src_addr              
00000000  __TI_ATRegion2_trg_addr              
00004674  __TI_CINIT_Base                      
00004684  __TI_CINIT_Limit                     
00004684  __TI_CINIT_Warm                      
00004660  __TI_Handler_Table_Base              
0000466c  __TI_Handler_Table_Limit             
00003029  __TI_auto_init_nobinit_nopinit       
00002171  __TI_decompress_lzss                 
00003b1f  __TI_decompress_none                 
00002935  __TI_ltoa                            
ffffffff  __TI_pprof_out_hndl                  
000000c1  __TI_printfi                         
ffffffff  __TI_prof_data_size                  
ffffffff  __TI_prof_data_start                 
00000000  __TI_static_base__                   
000039f5  __TI_zero_init_nomemset              
00000e97  __adddf3                             
00001aa3  __addsf3                             
000044c0  __aeabi_ctype_table_                 
000044c0  __aeabi_ctype_table_C                
00002c21  __aeabi_d2iz                         
00000e97  __aeabi_dadd                         
0000269d  __aeabi_dcmpeq                       
000026d9  __aeabi_dcmpge                       
000026ed  __aeabi_dcmpgt                       
000026c5  __aeabi_dcmple                       
000026b1  __aeabi_dcmplt                       
000015f1  __aeabi_ddiv                         
00001801  __aeabi_dmul                         
00000e8d  __aeabi_dsub                         
202000e8  __aeabi_errno                        
00003c0d  __aeabi_errno_addr                   
00003115  __aeabi_f2iz                         
000031ed  __aeabi_f2uiz                        
00001aa3  __aeabi_fadd                         
00002701  __aeabi_fcmpeq                       
0000273d  __aeabi_fcmpge                       
00002751  __aeabi_fcmpgt                       
00002729  __aeabi_fcmple                       
00002715  __aeabi_fcmplt                       
00002071  __aeabi_fdiv                         
00001e59  __aeabi_fmul                         
00001a99  __aeabi_fsub                         
00003309  __aeabi_i2d                          
00002fb1  __aeabi_i2f                          
000029e5  __aeabi_idiv                         
0000101f  __aeabi_idiv0                        
000029e5  __aeabi_idivmod                      
00001c47  __aeabi_ldiv0                        
00003569  __aeabi_llsl                         
000034c1  __aeabi_lmul                         
00003bc9  __aeabi_memclr                       
00003bc9  __aeabi_memclr4                      
00003bc9  __aeabi_memclr8                      
00003c15  __aeabi_memcpy                       
00003c15  __aeabi_memcpy4                      
00003c15  __aeabi_memcpy8                      
00003b91  __aeabi_memset                       
00003b91  __aeabi_memset4                      
00003b91  __aeabi_memset8                      
00002d85  __aeabi_uidiv                        
00002d85  __aeabi_uidivmod                     
00003ac1  __aeabi_uldivmod                     
00003569  __ashldi3                            
ffffffff  __binit__                            
00002569  __cmpdf2                             
00003065  __cmpsf2                             
000015f1  __divdf3                             
00002071  __divsf3                             
00002569  __eqdf2                              
00003065  __eqsf2                              
00002c21  __fixdfsi                            
00003115  __fixsfsi                            
000031ed  __fixunssfsi                         
00003309  __floatsidf                          
00002fb1  __floatsisf                          
000022d9  __gedf2                              
00002fed  __gesf2                              
000022d9  __gtdf2                              
00002fed  __gtsf2                              
00002569  __ledf2                              
00003065  __lesf2                              
00002569  __ltdf2                              
00003065  __ltsf2                              
UNDEFED   __mpu_init                           
00001801  __muldf3                             
000034c1  __muldi3                             
000030a1  __muldsi3                            
00001e59  __mulsf3                             
00002569  __nedf2                              
00003065  __nesf2                              
20207e00  __stack                              
20200000  __start___llvm_prf_bits              
20200000  __start___llvm_prf_cnts              
20200000  __stop___llvm_prf_bits               
20200000  __stop___llvm_prf_cnts               
00000e8d  __subdf3                             
00001a99  __subsf3                             
00001d1d  __udivmoddi4                         
00003429  _c_int00_noargs                      
UNDEFED   _system_post_cinit                   
00003c91  _system_pre_init                     
00003c95  abort                                
00004290  asc2_0806                            
00003ca0  asc2_1608                            
00002dc5  atoi                                 
ffffffff  binit                                
202000bc  count                                
00003b71  delay_ms                             
00002825  frexp                                
00002825  frexpl                               
00000000  interruptVectors                     
000019c1  ldexp                                
000019c1  ldexpl                               
00003401  main                                 
000034e5  memccpy                              
00003281  mspm0_delay_ms                       
00003335  mspm0_get_clock_ms                   
00002e05  my_printf                            
20200090  oled_buffer                          
00002765  oled_i2c_sda_unlock                  
000019c1  scalbn                               
000019c1  scalbnl                              
0000314d  sprintf                              
202000b0  start_time                           
202000bd  task_num                             
202000be  test                                 
202000b4  tick_ms                              
20200000  uart_buffer                          
202000bf  uart_flag                            
202000c0  uart_index                           
202000b8  uart_tick                            
00002e45  vsnprintf                            
00003b81  wcslen                               


GLOBAL SYMBOLS: SORTED BY Symbol Address 

address   name                                 
-------   ----                                 
00000000  __TI_ATRegion0_region_sz             
00000000  __TI_ATRegion0_src_addr              
00000000  __TI_ATRegion0_trg_addr              
00000000  __TI_ATRegion1_region_sz             
00000000  __TI_ATRegion1_src_addr              
00000000  __TI_ATRegion1_trg_addr              
00000000  __TI_ATRegion2_region_sz             
00000000  __TI_ATRegion2_src_addr              
00000000  __TI_ATRegion2_trg_addr              
00000000  __TI_static_base__                   
00000000  interruptVectors                     
000000c1  __TI_printfi                         
00000200  __STACK_SIZE                         
00000e8d  __aeabi_dsub                         
00000e8d  __subdf3                             
00000e97  __adddf3                             
00000e97  __aeabi_dadd                         
0000101f  __aeabi_idiv0                        
00001021  Stepper_Set_Speed                    
000013c9  OLED_ShowChar                        
000014e1  OLED_Init                            
000015f1  __aeabi_ddiv                         
000015f1  __divdf3                             
000016fd  DL_Timer_initFourCCPWMMode           
00001801  __aeabi_dmul                         
00001801  __muldf3                             
000018e5  DL_SYSCTL_configSYSPLL               
000019c1  ldexp                                
000019c1  ldexpl                               
000019c1  scalbn                               
000019c1  scalbnl                              
00001a99  __aeabi_fsub                         
00001a99  __subsf3                             
00001aa3  __addsf3                             
00001aa3  __aeabi_fadd                         
00001b71  UART_Transmit                        
00001c47  __aeabi_ldiv0                        
00001c49  SYSCFG_DL_GPIO_init                  
00001d1d  __udivmoddi4                         
00001dc1  OLED_WR_Byte                         
00001e59  __aeabi_fmul                         
00001e59  __mulsf3                             
00001ee5  Uart_Proc                            
00002071  __aeabi_fdiv                         
00002071  __divsf3                             
000020f5  SYSCFG_DL_initPower                  
00002171  __TI_decompress_lzss                 
000021ed  Stepper_Config_Init                  
00002265  Scheduler_Run                        
000022d9  __gedf2                              
000022d9  __gtdf2                              
0000234d  Motor_Task                           
000023bd  OLED_ShowString                      
0000242d  OLED_Clear                           
00002499  SYSCFG_DL_PWM_X_init                 
00002501  SYSCFG_DL_PWM_Y_init                 
00002569  __cmpdf2                             
00002569  __eqdf2                              
00002569  __ledf2                              
00002569  __ltdf2                              
00002569  __nedf2                              
00002639  UART2_IRQHandler                     
0000269d  __aeabi_dcmpeq                       
000026b1  __aeabi_dcmplt                       
000026c5  __aeabi_dcmple                       
000026d9  __aeabi_dcmpge                       
000026ed  __aeabi_dcmpgt                       
00002701  __aeabi_fcmpeq                       
00002715  __aeabi_fcmplt                       
00002729  __aeabi_fcmple                       
0000273d  __aeabi_fcmpge                       
00002751  __aeabi_fcmpgt                       
00002765  oled_i2c_sda_unlock                  
000027c5  DL_I2C_fillControllerTXFIFO          
00002825  frexp                                
00002825  frexpl                               
000028dd  SYSCFG_DL_I2C_OLED_init              
00002935  __TI_ltoa                            
000029e5  __aeabi_idiv                         
000029e5  __aeabi_idivmod                      
00002a3d  Stepper_System_Init                  
00002c21  __aeabi_d2iz                         
00002c21  __fixdfsi                            
00002c6d  DL_UART_init                         
00002cb5  SYSCFG_DL_UART2_init                 
00002cfd  DL_SYSCTL_switchMCLKfromSYSOSCtoHSCLK
00002d85  __aeabi_uidiv                        
00002d85  __aeabi_uidivmod                     
00002dc5  atoi                                 
00002e05  my_printf                            
00002e45  vsnprintf                            
00002f39  OLED_Set_Pos                         
00002f75  SYSCFG_DL_SYSCTL_init                
00002fb1  __aeabi_i2f                          
00002fb1  __floatsisf                          
00002fed  __gesf2                              
00002fed  __gtsf2                              
00003029  __TI_auto_init_nobinit_nopinit       
00003065  __cmpsf2                             
00003065  __eqsf2                              
00003065  __lesf2                              
00003065  __ltsf2                              
00003065  __nesf2                              
000030a1  __muldsi3                            
000030db  Stepper_Stop                         
00003115  __aeabi_f2iz                         
00003115  __fixsfsi                            
0000314d  sprintf                              
000031b9  Oled_Task                            
000031ed  __aeabi_f2uiz                        
000031ed  __fixunssfsi                         
00003281  mspm0_delay_ms                       
00003309  __aeabi_i2d                          
00003309  __floatsidf                          
00003335  mspm0_get_clock_ms                   
00003401  main                                 
00003429  _c_int00_noargs                      
00003477  DL_I2C_setClockConfig                
0000349d  SYSCFG_DL_init                       
000034c1  __aeabi_lmul                         
000034c1  __muldi3                             
000034e5  memccpy                              
00003569  __aeabi_llsl                         
00003569  __ashldi3                            
00003631  DL_Timer_setCaptCompUpdateMethod     
0000364d  DL_Timer_setClockConfig              
00003895  DL_Timer_setCaptureCompareOutCtl     
00003955  SysTick_Init                         
000039df  Uart_Init                            
000039f5  __TI_zero_init_nomemset              
00003ac1  __aeabi_uldivmod                     
00003afb  DL_UART_setClockConfig               
00003b0d  TI_memcpy_small                      
00003b1f  __TI_decompress_none                 
00003b41  DL_Timer_setCaptureCompareValue      
00003b51  SYSCFG_DL_SYSTICK_init               
00003b61  SysTick_Handler                      
00003b71  delay_ms                             
00003b81  wcslen                               
00003b91  __aeabi_memset                       
00003b91  __aeabi_memset4                      
00003b91  __aeabi_memset8                      
00003bad  TI_memset_small                      
00003bbd  Scheduler_Init                       
00003bc9  __aeabi_memclr                       
00003bc9  __aeabi_memclr4                      
00003bc9  __aeabi_memclr8                      
00003bd5  DL_Common_delayCycles                
00003c0d  __aeabi_errno_addr                   
00003c15  __aeabi_memcpy                       
00003c15  __aeabi_memcpy4                      
00003c15  __aeabi_memcpy8                      
00003c1d  ADC0_IRQHandler                      
00003c21  ADC1_IRQHandler                      
00003c25  AES_IRQHandler                       
00003c29  CANFD0_IRQHandler                    
00003c2d  DAC0_IRQHandler                      
00003c31  DMA_IRQHandler                       
00003c35  Default_Handler                      
00003c35  GROUP1_IRQHandler                    
00003c35  TIMG0_IRQHandler                     
00003c35  UART0_IRQHandler                     
00003c35  UART1_IRQHandler                     
00003c39  GROUP0_IRQHandler                    
00003c3d  HardFault_Handler                    
00003c41  I2C0_IRQHandler                      
00003c45  I2C1_IRQHandler                      
00003c49  NMI_Handler                          
00003c4d  PendSV_Handler                       
00003c51  RTC_IRQHandler                       
00003c55  Reset_Handler                        
00003c69  SPI0_IRQHandler                      
00003c6d  SPI1_IRQHandler                      
00003c71  SVC_Handler                          
00003c75  TIMA0_IRQHandler                     
00003c79  TIMA1_IRQHandler                     
00003c7d  TIMG12_IRQHandler                    
00003c81  TIMG6_IRQHandler                     
00003c85  TIMG7_IRQHandler                     
00003c89  TIMG8_IRQHandler                     
00003c8d  UART3_IRQHandler                     
00003c91  _system_pre_init                     
00003c94  C$$EXIT                              
00003c95  abort                                
00003ca0  asc2_1608                            
00004290  asc2_0806                            
000044c0  __aeabi_ctype_table_                 
000044c0  __aeabi_ctype_table_C                
00004660  __TI_Handler_Table_Base              
0000466c  __TI_Handler_Table_Limit             
00004674  __TI_CINIT_Base                      
00004684  __TI_CINIT_Limit                     
00004684  __TI_CINIT_Warm                      
20200000  __start___llvm_prf_bits              
20200000  __start___llvm_prf_cnts              
20200000  __stop___llvm_prf_bits               
20200000  __stop___llvm_prf_cnts               
20200000  uart_buffer                          
20200040  MotorX                               
20200068  MotorY                               
20200090  oled_buffer                          
202000b0  start_time                           
202000b4  tick_ms                              
202000b8  uart_tick                            
202000bc  count                                
202000bd  task_num                             
202000be  test                                 
202000bf  uart_flag                            
202000c0  uart_index                           
202000e8  __aeabi_errno                        
20207e00  __stack                              
20208000  __STACK_END                          
ffffffff  __TI_pprof_out_hndl                  
ffffffff  __TI_prof_data_size                  
ffffffff  __TI_prof_data_start                 
ffffffff  __binit__                            
ffffffff  binit                                
UNDEFED   __mpu_init                           
UNDEFED   _system_post_cinit                   

[219 symbols]
