<?xml version="1.0" encoding="ISO-8859-1" ?>
<link_info>
   <banner>TI ARM Clang Linker PC v4.0.0.LTS</banner>
   <copyright>Copyright (c) 1996-2018 Texas Instruments Incorporated</copyright>
   <command_line>F:\ccs\tools\compiler\ti-cgt-armllvm_4.0.0.LTS\bin\tiarmlnk -IF:\ccs\tools\compiler\ti-cgt-armllvm_4.0.0.LTS\lib -o Template_Yuntai.out -mTemplate_Yuntai.map -iF:/mspm0_sdk_2_05_01_00/source -iF:/1Microcontroller/workplace/Template_Yuntai_My/Template_Yuntai -iF:/1Microcontroller/workplace/Template_Yuntai_My/Template_Yuntai/Debug/syscfg -iF:/ccs/tools/compiler/ti-cgt-armllvm_4.0.0.LTS/lib --diag_wrap=off --display_error_number --warn_sections --xml_link_info=Template_Yuntai_linkInfo.xml --rom_model ./empty.o ./ti_msp_dl_config.o ./startup_mspm0g350x_ticlang.o ./MSPM0/clock.o ./MSPM0/interrupt.o ./MSPM0/scheduler.o ./My_App/motor_app.o ./My_App/oled_app.o ./My_App/uart_app.o ./My_Driver/EmmV5.o ./My_Driver/oled_hardware_i2c.o ./My_Driver/pid_driver.o -l./device_linker.cmd -ldevice.cmd.genlibs -llibc.a --start-group -llibc++.a -llibc++abi.a -llibc.a -llibsys.a -llibsysbm.a -llibclang_rt.builtins.a -llibclang_rt.profile.a --end-group --cg_opt_level=0</command_line>
   <link_time>0x6888ae90</link_time>
   <link_errors>0x0</link_errors>
   <output_file>F:\1Microcontroller\workplace\Template_Yuntai_My\Template_Yuntai\Debug\Template_Yuntai.out</output_file>
   <entry_point>
      <name>_c_int00_noargs</name>
      <address>0x3429</address>
   </entry_point>
   <input_file_list>
      <input_file id="fl-1">
         <path>F:\1Microcontroller\workplace\Template_Yuntai_My\Template_Yuntai\Debug\.\</path>
         <kind>object</kind>
         <file>empty.o</file>
         <name>empty.o</name>
      </input_file>
      <input_file id="fl-2">
         <path>F:\1Microcontroller\workplace\Template_Yuntai_My\Template_Yuntai\Debug\.\</path>
         <kind>object</kind>
         <file>ti_msp_dl_config.o</file>
         <name>ti_msp_dl_config.o</name>
      </input_file>
      <input_file id="fl-3">
         <path>F:\1Microcontroller\workplace\Template_Yuntai_My\Template_Yuntai\Debug\.\</path>
         <kind>object</kind>
         <file>startup_mspm0g350x_ticlang.o</file>
         <name>startup_mspm0g350x_ticlang.o</name>
      </input_file>
      <input_file id="fl-4">
         <path>F:\1Microcontroller\workplace\Template_Yuntai_My\Template_Yuntai\Debug\.\MSPM0\</path>
         <kind>object</kind>
         <file>clock.o</file>
         <name>clock.o</name>
      </input_file>
      <input_file id="fl-5">
         <path>F:\1Microcontroller\workplace\Template_Yuntai_My\Template_Yuntai\Debug\.\MSPM0\</path>
         <kind>object</kind>
         <file>interrupt.o</file>
         <name>interrupt.o</name>
      </input_file>
      <input_file id="fl-6">
         <path>F:\1Microcontroller\workplace\Template_Yuntai_My\Template_Yuntai\Debug\.\MSPM0\</path>
         <kind>object</kind>
         <file>scheduler.o</file>
         <name>scheduler.o</name>
      </input_file>
      <input_file id="fl-7">
         <path>F:\1Microcontroller\workplace\Template_Yuntai_My\Template_Yuntai\Debug\.\My_App\</path>
         <kind>object</kind>
         <file>motor_app.o</file>
         <name>motor_app.o</name>
      </input_file>
      <input_file id="fl-8">
         <path>F:\1Microcontroller\workplace\Template_Yuntai_My\Template_Yuntai\Debug\.\My_App\</path>
         <kind>object</kind>
         <file>oled_app.o</file>
         <name>oled_app.o</name>
      </input_file>
      <input_file id="fl-9">
         <path>F:\1Microcontroller\workplace\Template_Yuntai_My\Template_Yuntai\Debug\.\My_App\</path>
         <kind>object</kind>
         <file>uart_app.o</file>
         <name>uart_app.o</name>
      </input_file>
      <input_file id="fl-a">
         <path>F:\1Microcontroller\workplace\Template_Yuntai_My\Template_Yuntai\Debug\.\My_Driver\</path>
         <kind>object</kind>
         <file>EmmV5.o</file>
         <name>EmmV5.o</name>
      </input_file>
      <input_file id="fl-b">
         <path>F:\1Microcontroller\workplace\Template_Yuntai_My\Template_Yuntai\Debug\.\My_Driver\</path>
         <kind>object</kind>
         <file>oled_hardware_i2c.o</file>
         <name>oled_hardware_i2c.o</name>
      </input_file>
      <input_file id="fl-c">
         <path>F:\1Microcontroller\workplace\Template_Yuntai_My\Template_Yuntai\Debug\.\My_Driver\</path>
         <kind>object</kind>
         <file>pid_driver.o</file>
         <name>pid_driver.o</name>
      </input_file>
      <input_file id="fl-19">
         <path>F:\1Microcontroller\workplace\Template_Yuntai_My\Template_Yuntai\Debug\</path>
         <kind>object</kind>
         <file>&lt;internal&gt;</file>
         <name>&lt;internal&gt;</name>
      </input_file>
      <input_file id="fl-1a">
         <path>F:\mspm0_sdk_2_05_01_00\source\ti\driverlib\lib\ticlang\m0p\mspm0g1x0x_g3x0x\</path>
         <kind>archive</kind>
         <file>driverlib.a</file>
         <name>dl_common.o</name>
      </input_file>
      <input_file id="fl-1b">
         <path>F:\mspm0_sdk_2_05_01_00\source\ti\driverlib\lib\ticlang\m0p\mspm0g1x0x_g3x0x\</path>
         <kind>archive</kind>
         <file>driverlib.a</file>
         <name>dl_i2c.o</name>
      </input_file>
      <input_file id="fl-1c">
         <path>F:\mspm0_sdk_2_05_01_00\source\ti\driverlib\lib\ticlang\m0p\mspm0g1x0x_g3x0x\</path>
         <kind>archive</kind>
         <file>driverlib.a</file>
         <name>dl_timer.o</name>
      </input_file>
      <input_file id="fl-1d">
         <path>F:\mspm0_sdk_2_05_01_00\source\ti\driverlib\lib\ticlang\m0p\mspm0g1x0x_g3x0x\</path>
         <kind>archive</kind>
         <file>driverlib.a</file>
         <name>dl_uart.o</name>
      </input_file>
      <input_file id="fl-1e">
         <path>F:\mspm0_sdk_2_05_01_00\source\ti\driverlib\lib\ticlang\m0p\mspm0g1x0x_g3x0x\</path>
         <kind>archive</kind>
         <file>driverlib.a</file>
         <name>dl_sysctl_mspm0g1x0x_g3x0x.o</name>
      </input_file>
      <input_file id="fl-33">
         <path>F:\ccs\tools\compiler\ti-cgt-armllvm_4.0.0.LTS\lib\armv6m-ti-none-eabi\c\</path>
         <kind>archive</kind>
         <file>libc.a</file>
         <name>sprintf.c.obj</name>
      </input_file>
      <input_file id="fl-34">
         <path>F:\ccs\tools\compiler\ti-cgt-armllvm_4.0.0.LTS\lib\armv6m-ti-none-eabi\c\</path>
         <kind>archive</kind>
         <file>libc.a</file>
         <name>vsnprintf.c.obj</name>
      </input_file>
      <input_file id="fl-35">
         <path>F:\ccs\tools\compiler\ti-cgt-armllvm_4.0.0.LTS\lib\armv6m-ti-none-eabi\c\</path>
         <kind>archive</kind>
         <file>libc.a</file>
         <name>boot_cortex_m.c.obj</name>
      </input_file>
      <input_file id="fl-36">
         <path>F:\ccs\tools\compiler\ti-cgt-armllvm_4.0.0.LTS\lib\armv6m-ti-none-eabi\c\</path>
         <kind>archive</kind>
         <file>libc.a</file>
         <name>mathacl_init.c.obj</name>
      </input_file>
      <input_file id="fl-37">
         <path>F:\ccs\tools\compiler\ti-cgt-armllvm_4.0.0.LTS\lib\armv6m-ti-none-eabi\c\</path>
         <kind>archive</kind>
         <file>libc.a</file>
         <name>autoinit.c.obj</name>
      </input_file>
      <input_file id="fl-38">
         <path>F:\ccs\tools\compiler\ti-cgt-armllvm_4.0.0.LTS\lib\armv6m-ti-none-eabi\c\</path>
         <kind>archive</kind>
         <file>libc.a</file>
         <name>pre_init.c.obj</name>
      </input_file>
      <input_file id="fl-39">
         <path>F:\ccs\tools\compiler\ti-cgt-armllvm_4.0.0.LTS\lib\armv6m-ti-none-eabi\c\</path>
         <kind>archive</kind>
         <file>libc.a</file>
         <name>cpy_tbl.c.obj</name>
      </input_file>
      <input_file id="fl-3a">
         <path>F:\ccs\tools\compiler\ti-cgt-armllvm_4.0.0.LTS\lib\armv6m-ti-none-eabi\c\</path>
         <kind>archive</kind>
         <file>libc.a</file>
         <name>copy_zero_init.c.obj</name>
      </input_file>
      <input_file id="fl-3b">
         <path>F:\ccs\tools\compiler\ti-cgt-armllvm_4.0.0.LTS\lib\armv6m-ti-none-eabi\c\</path>
         <kind>archive</kind>
         <file>libc.a</file>
         <name>copy_decompress_none.c.obj</name>
      </input_file>
      <input_file id="fl-3c">
         <path>F:\ccs\tools\compiler\ti-cgt-armllvm_4.0.0.LTS\lib\armv6m-ti-none-eabi\c\</path>
         <kind>archive</kind>
         <file>libc.a</file>
         <name>copy_decompress_lzss.c.obj</name>
      </input_file>
      <input_file id="fl-3d">
         <path>F:\ccs\tools\compiler\ti-cgt-armllvm_4.0.0.LTS\lib\armv6m-ti-none-eabi\c\</path>
         <kind>archive</kind>
         <file>libc.a</file>
         <name>_printfi.c.obj</name>
      </input_file>
      <input_file id="fl-3e">
         <path>F:\ccs\tools\compiler\ti-cgt-armllvm_4.0.0.LTS\lib\armv6m-ti-none-eabi\c\</path>
         <kind>archive</kind>
         <file>libc.a</file>
         <name>wcslen.c.obj</name>
      </input_file>
      <input_file id="fl-3f">
         <path>F:\ccs\tools\compiler\ti-cgt-armllvm_4.0.0.LTS\lib\armv6m-ti-none-eabi\c\</path>
         <kind>archive</kind>
         <file>libc.a</file>
         <name>s_frexp.c.obj</name>
      </input_file>
      <input_file id="fl-40">
         <path>F:\ccs\tools\compiler\ti-cgt-armllvm_4.0.0.LTS\lib\armv6m-ti-none-eabi\c\</path>
         <kind>archive</kind>
         <file>libc.a</file>
         <name>s_scalbn.c.obj</name>
      </input_file>
      <input_file id="fl-41">
         <path>F:\ccs\tools\compiler\ti-cgt-armllvm_4.0.0.LTS\lib\armv6m-ti-none-eabi\c\</path>
         <kind>archive</kind>
         <file>libc.a</file>
         <name>aeabi_portable.c.obj</name>
      </input_file>
      <input_file id="fl-42">
         <path>F:\ccs\tools\compiler\ti-cgt-armllvm_4.0.0.LTS\lib\armv6m-ti-none-eabi\c\</path>
         <kind>archive</kind>
         <file>libc.a</file>
         <name>exit.c.obj</name>
      </input_file>
      <input_file id="fl-43">
         <path>F:\ccs\tools\compiler\ti-cgt-armllvm_4.0.0.LTS\lib\armv6m-ti-none-eabi\c\</path>
         <kind>archive</kind>
         <file>libc.a</file>
         <name>_lock.c.obj</name>
      </input_file>
      <input_file id="fl-44">
         <path>F:\ccs\tools\compiler\ti-cgt-armllvm_4.0.0.LTS\lib\armv6m-ti-none-eabi\c\</path>
         <kind>archive</kind>
         <file>libc.a</file>
         <name>_ltoa.c.obj</name>
      </input_file>
      <input_file id="fl-45">
         <path>F:\ccs\tools\compiler\ti-cgt-armllvm_4.0.0.LTS\lib\armv6m-ti-none-eabi\c\</path>
         <kind>archive</kind>
         <file>libc.a</file>
         <name>args_main.c.obj</name>
      </input_file>
      <input_file id="fl-46">
         <path>F:\ccs\tools\compiler\ti-cgt-armllvm_4.0.0.LTS\lib\armv6m-ti-none-eabi\c\</path>
         <kind>archive</kind>
         <file>libc.a</file>
         <name>assert.c.obj</name>
      </input_file>
      <input_file id="fl-47">
         <path>F:\ccs\tools\compiler\ti-cgt-armllvm_4.0.0.LTS\lib\armv6m-ti-none-eabi\c\</path>
         <kind>archive</kind>
         <file>libc.a</file>
         <name>atoi.c.obj</name>
      </input_file>
      <input_file id="fl-48">
         <path>F:\ccs\tools\compiler\ti-cgt-armllvm_4.0.0.LTS\lib\armv6m-ti-none-eabi\c\</path>
         <kind>archive</kind>
         <file>libc.a</file>
         <name>defs.c.obj</name>
      </input_file>
      <input_file id="fl-49">
         <path>F:\ccs\tools\compiler\ti-cgt-armllvm_4.0.0.LTS\lib\armv6m-ti-none-eabi\c\</path>
         <kind>archive</kind>
         <file>libc.a</file>
         <name>memccpy.c.obj</name>
      </input_file>
      <input_file id="fl-4a">
         <path>F:\ccs\tools\compiler\ti-cgt-armllvm_4.0.0.LTS\lib\armv6m-ti-none-eabi\c\</path>
         <kind>archive</kind>
         <file>libc.a</file>
         <name>memory.c.obj</name>
      </input_file>
      <input_file id="fl-4b">
         <path>F:\ccs\tools\compiler\ti-cgt-armllvm_4.0.0.LTS\lib\armv6m-ti-none-eabi\c\</path>
         <kind>archive</kind>
         <file>libc.a</file>
         <name>fflush.c.obj</name>
      </input_file>
      <input_file id="fl-4c">
         <path>F:\ccs\tools\compiler\ti-cgt-armllvm_4.0.0.LTS\lib\armv6m-ti-none-eabi\c\</path>
         <kind>archive</kind>
         <file>libc.a</file>
         <name>fputs.c.obj</name>
      </input_file>
      <input_file id="fl-4d">
         <path>F:\ccs\tools\compiler\ti-cgt-armllvm_4.0.0.LTS\lib\armv6m-ti-none-eabi\c\</path>
         <kind>archive</kind>
         <file>libc.a</file>
         <name>_io_perm.c.obj</name>
      </input_file>
      <input_file id="fl-4e">
         <path>F:\ccs\tools\compiler\ti-cgt-armllvm_4.0.0.LTS\lib\armv6m-ti-none-eabi\c\</path>
         <kind>archive</kind>
         <file>libc.a</file>
         <name>setvbuf.c.obj</name>
      </input_file>
      <input_file id="fl-4f">
         <path>F:\ccs\tools\compiler\ti-cgt-armllvm_4.0.0.LTS\lib\armv6m-ti-none-eabi\c\</path>
         <kind>archive</kind>
         <file>libc.a</file>
         <name>aeabi_ctype.S.obj</name>
      </input_file>
      <input_file id="fl-50">
         <path>F:\ccs\tools\compiler\ti-cgt-armllvm_4.0.0.LTS\lib\armv6m-ti-none-eabi\c\</path>
         <kind>archive</kind>
         <file>libc.a</file>
         <name>fopen.c.obj</name>
      </input_file>
      <input_file id="fl-51">
         <path>F:\ccs\tools\compiler\ti-cgt-armllvm_4.0.0.LTS\lib\armv6m-ti-none-eabi\c\</path>
         <kind>archive</kind>
         <file>libc.a</file>
         <name>fseek.c.obj</name>
      </input_file>
      <input_file id="fl-52">
         <path>F:\ccs\tools\compiler\ti-cgt-armllvm_4.0.0.LTS\lib\armv6m-ti-none-eabi\c\</path>
         <kind>archive</kind>
         <file>libc.a</file>
         <name>fclose.c.obj</name>
      </input_file>
      <input_file id="fl-e8">
         <path>F:\ccs\tools\compiler\ti-cgt-armllvm_4.0.0.LTS\lib\armv6m-ti-none-eabi\c\</path>
         <kind>archive</kind>
         <file>libsysbm.a</file>
         <name>write.c.obj</name>
      </input_file>
      <input_file id="fl-e9">
         <path>F:\ccs\tools\compiler\ti-cgt-armllvm_4.0.0.LTS\lib\armv6m-ti-none-eabi\c\</path>
         <kind>archive</kind>
         <file>libsysbm.a</file>
         <name>host_device.c.obj</name>
      </input_file>
      <input_file id="fl-ea">
         <path>F:\ccs\tools\compiler\ti-cgt-armllvm_4.0.0.LTS\lib\armv6m-ti-none-eabi\c\</path>
         <kind>archive</kind>
         <file>libsysbm.a</file>
         <name>remove.c.obj</name>
      </input_file>
      <input_file id="fl-eb">
         <path>F:\ccs\tools\compiler\ti-cgt-armllvm_4.0.0.LTS\lib\armv6m-ti-none-eabi\c\</path>
         <kind>archive</kind>
         <file>libsysbm.a</file>
         <name>open.c.obj</name>
      </input_file>
      <input_file id="fl-ec">
         <path>F:\ccs\tools\compiler\ti-cgt-armllvm_4.0.0.LTS\lib\armv6m-ti-none-eabi\c\</path>
         <kind>archive</kind>
         <file>libsysbm.a</file>
         <name>lseek.c.obj</name>
      </input_file>
      <input_file id="fl-ed">
         <path>F:\ccs\tools\compiler\ti-cgt-armllvm_4.0.0.LTS\lib\armv6m-ti-none-eabi\c\</path>
         <kind>archive</kind>
         <file>libsysbm.a</file>
         <name>close.c.obj</name>
      </input_file>
      <input_file id="fl-ee">
         <path>F:\ccs\tools\compiler\ti-cgt-armllvm_4.0.0.LTS\lib\armv6m-ti-none-eabi\c\</path>
         <kind>archive</kind>
         <file>libsysbm.a</file>
         <name>unlink.c.obj</name>
      </input_file>
      <input_file id="fl-ef">
         <path>F:\ccs\tools\compiler\ti-cgt-armllvm_4.0.0.LTS\lib\armv6m-ti-none-eabi\c\</path>
         <kind>archive</kind>
         <file>libsysbm.a</file>
         <name>hostclose.c.obj</name>
      </input_file>
      <input_file id="fl-f0">
         <path>F:\ccs\tools\compiler\ti-cgt-armllvm_4.0.0.LTS\lib\armv6m-ti-none-eabi\c\</path>
         <kind>archive</kind>
         <file>libsysbm.a</file>
         <name>hostlseek.c.obj</name>
      </input_file>
      <input_file id="fl-f1">
         <path>F:\ccs\tools\compiler\ti-cgt-armllvm_4.0.0.LTS\lib\armv6m-ti-none-eabi\c\</path>
         <kind>archive</kind>
         <file>libsysbm.a</file>
         <name>hostopen.c.obj</name>
      </input_file>
      <input_file id="fl-f2">
         <path>F:\ccs\tools\compiler\ti-cgt-armllvm_4.0.0.LTS\lib\armv6m-ti-none-eabi\c\</path>
         <kind>archive</kind>
         <file>libsysbm.a</file>
         <name>hostread.c.obj</name>
      </input_file>
      <input_file id="fl-f3">
         <path>F:\ccs\tools\compiler\ti-cgt-armllvm_4.0.0.LTS\lib\armv6m-ti-none-eabi\c\</path>
         <kind>archive</kind>
         <file>libsysbm.a</file>
         <name>hostrename.c.obj</name>
      </input_file>
      <input_file id="fl-f4">
         <path>F:\ccs\tools\compiler\ti-cgt-armllvm_4.0.0.LTS\lib\armv6m-ti-none-eabi\c\</path>
         <kind>archive</kind>
         <file>libsysbm.a</file>
         <name>hostunlink.c.obj</name>
      </input_file>
      <input_file id="fl-f5">
         <path>F:\ccs\tools\compiler\ti-cgt-armllvm_4.0.0.LTS\lib\armv6m-ti-none-eabi\c\</path>
         <kind>archive</kind>
         <file>libsysbm.a</file>
         <name>hostwrite.c.obj</name>
      </input_file>
      <input_file id="fl-f6">
         <path>F:\ccs\tools\compiler\ti-cgt-armllvm_4.0.0.LTS\lib\armv6m-ti-none-eabi\c\</path>
         <kind>archive</kind>
         <file>libsysbm.a</file>
         <name>trgmsg.c.obj</name>
      </input_file>
      <input_file id="fl-f7">
         <path>F:\ccs\tools\compiler\ti-cgt-armllvm_4.0.0.LTS\lib\armv6m-ti-none-eabi\</path>
         <kind>archive</kind>
         <file>libclang_rt.builtins.a</file>
         <name>addsf3.S.obj</name>
      </input_file>
      <input_file id="fl-f8">
         <path>F:\ccs\tools\compiler\ti-cgt-armllvm_4.0.0.LTS\lib\armv6m-ti-none-eabi\</path>
         <kind>archive</kind>
         <file>libclang_rt.builtins.a</file>
         <name>adddf3.S.obj</name>
      </input_file>
      <input_file id="fl-f9">
         <path>F:\ccs\tools\compiler\ti-cgt-armllvm_4.0.0.LTS\lib\armv6m-ti-none-eabi\</path>
         <kind>archive</kind>
         <file>libclang_rt.builtins.a</file>
         <name>muldf3.S.obj</name>
      </input_file>
      <input_file id="fl-fa">
         <path>F:\ccs\tools\compiler\ti-cgt-armllvm_4.0.0.LTS\lib\armv6m-ti-none-eabi\</path>
         <kind>archive</kind>
         <file>libclang_rt.builtins.a</file>
         <name>muldsi3.S.obj</name>
      </input_file>
      <input_file id="fl-fb">
         <path>F:\ccs\tools\compiler\ti-cgt-armllvm_4.0.0.LTS\lib\armv6m-ti-none-eabi\</path>
         <kind>archive</kind>
         <file>libclang_rt.builtins.a</file>
         <name>mulsf3.S.obj</name>
      </input_file>
      <input_file id="fl-fc">
         <path>F:\ccs\tools\compiler\ti-cgt-armllvm_4.0.0.LTS\lib\armv6m-ti-none-eabi\</path>
         <kind>archive</kind>
         <file>libclang_rt.builtins.a</file>
         <name>divsf3.S.obj</name>
      </input_file>
      <input_file id="fl-fd">
         <path>F:\ccs\tools\compiler\ti-cgt-armllvm_4.0.0.LTS\lib\armv6m-ti-none-eabi\</path>
         <kind>archive</kind>
         <file>libclang_rt.builtins.a</file>
         <name>divdf3.S.obj</name>
      </input_file>
      <input_file id="fl-fe">
         <path>F:\ccs\tools\compiler\ti-cgt-armllvm_4.0.0.LTS\lib\armv6m-ti-none-eabi\</path>
         <kind>archive</kind>
         <file>libclang_rt.builtins.a</file>
         <name>fixdfsi.S.obj</name>
      </input_file>
      <input_file id="fl-ff">
         <path>F:\ccs\tools\compiler\ti-cgt-armllvm_4.0.0.LTS\lib\armv6m-ti-none-eabi\</path>
         <kind>archive</kind>
         <file>libclang_rt.builtins.a</file>
         <name>fixunssfsi.S.obj</name>
      </input_file>
      <input_file id="fl-100">
         <path>F:\ccs\tools\compiler\ti-cgt-armllvm_4.0.0.LTS\lib\armv6m-ti-none-eabi\</path>
         <kind>archive</kind>
         <file>libclang_rt.builtins.a</file>
         <name>floatsidf.S.obj</name>
      </input_file>
      <input_file id="fl-101">
         <path>F:\ccs\tools\compiler\ti-cgt-armllvm_4.0.0.LTS\lib\armv6m-ti-none-eabi\</path>
         <kind>archive</kind>
         <file>libclang_rt.builtins.a</file>
         <name>floatsisf.S.obj</name>
      </input_file>
      <input_file id="fl-102">
         <path>F:\ccs\tools\compiler\ti-cgt-armllvm_4.0.0.LTS\lib\armv6m-ti-none-eabi\</path>
         <kind>archive</kind>
         <file>libclang_rt.builtins.a</file>
         <name>muldi3.S.obj</name>
      </input_file>
      <input_file id="fl-103">
         <path>F:\ccs\tools\compiler\ti-cgt-armllvm_4.0.0.LTS\lib\armv6m-ti-none-eabi\</path>
         <kind>archive</kind>
         <file>libclang_rt.builtins.a</file>
         <name>aeabi_dcmp.S.obj</name>
      </input_file>
      <input_file id="fl-104">
         <path>F:\ccs\tools\compiler\ti-cgt-armllvm_4.0.0.LTS\lib\armv6m-ti-none-eabi\</path>
         <kind>archive</kind>
         <file>libclang_rt.builtins.a</file>
         <name>aeabi_fcmp.S.obj</name>
      </input_file>
      <input_file id="fl-105">
         <path>F:\ccs\tools\compiler\ti-cgt-armllvm_4.0.0.LTS\lib\armv6m-ti-none-eabi\</path>
         <kind>archive</kind>
         <file>libclang_rt.builtins.a</file>
         <name>aeabi_idivmod.S.obj</name>
      </input_file>
      <input_file id="fl-106">
         <path>F:\ccs\tools\compiler\ti-cgt-armllvm_4.0.0.LTS\lib\armv6m-ti-none-eabi\</path>
         <kind>archive</kind>
         <file>libclang_rt.builtins.a</file>
         <name>aeabi_memcpy.S.obj</name>
      </input_file>
      <input_file id="fl-107">
         <path>F:\ccs\tools\compiler\ti-cgt-armllvm_4.0.0.LTS\lib\armv6m-ti-none-eabi\</path>
         <kind>archive</kind>
         <file>libclang_rt.builtins.a</file>
         <name>aeabi_memset.S.obj</name>
      </input_file>
      <input_file id="fl-108">
         <path>F:\ccs\tools\compiler\ti-cgt-armllvm_4.0.0.LTS\lib\armv6m-ti-none-eabi\</path>
         <kind>archive</kind>
         <file>libclang_rt.builtins.a</file>
         <name>aeabi_uidivmod.S.obj</name>
      </input_file>
      <input_file id="fl-109">
         <path>F:\ccs\tools\compiler\ti-cgt-armllvm_4.0.0.LTS\lib\armv6m-ti-none-eabi\</path>
         <kind>archive</kind>
         <file>libclang_rt.builtins.a</file>
         <name>aeabi_uldivmod.S.obj</name>
      </input_file>
      <input_file id="fl-10a">
         <path>F:\ccs\tools\compiler\ti-cgt-armllvm_4.0.0.LTS\lib\armv6m-ti-none-eabi\</path>
         <kind>archive</kind>
         <file>libclang_rt.builtins.a</file>
         <name>comparesf2.S.obj</name>
      </input_file>
      <input_file id="fl-10b">
         <path>F:\ccs\tools\compiler\ti-cgt-armllvm_4.0.0.LTS\lib\armv6m-ti-none-eabi\</path>
         <kind>archive</kind>
         <file>libclang_rt.builtins.a</file>
         <name>udivmoddi4.S.obj</name>
      </input_file>
      <input_file id="fl-10c">
         <path>F:\ccs\tools\compiler\ti-cgt-armllvm_4.0.0.LTS\lib\armv6m-ti-none-eabi\</path>
         <kind>archive</kind>
         <file>libclang_rt.builtins.a</file>
         <name>ashldi3.S.obj</name>
      </input_file>
      <input_file id="fl-10d">
         <path>F:\ccs\tools\compiler\ti-cgt-armllvm_4.0.0.LTS\lib\armv6m-ti-none-eabi\</path>
         <kind>archive</kind>
         <file>libclang_rt.builtins.a</file>
         <name>fixsfsi.S.obj</name>
      </input_file>
      <input_file id="fl-10e">
         <path>F:\ccs\tools\compiler\ti-cgt-armllvm_4.0.0.LTS\lib\armv6m-ti-none-eabi\</path>
         <kind>archive</kind>
         <file>libclang_rt.builtins.a</file>
         <name>comparedf2.c.obj</name>
      </input_file>
      <input_file id="fl-10f">
         <path>F:\ccs\tools\compiler\ti-cgt-armllvm_4.0.0.LTS\lib\armv6m-ti-none-eabi\</path>
         <kind>archive</kind>
         <file>libclang_rt.builtins.a</file>
         <name>aeabi_div0.c.obj</name>
      </input_file>
      <input_file id="fl-110">
         <path>F:\ccs\tools\compiler\ti-cgt-armllvm_4.0.0.LTS\lib\armv6m-ti-none-eabi\c\</path>
         <kind>archive</kind>
         <file>libc.a</file>
         <name>getdevice.c.obj</name>
      </input_file>
      <input_file id="fl-111">
         <path>F:\ccs\tools\compiler\ti-cgt-armllvm_4.0.0.LTS\lib\armv6m-ti-none-eabi\c\</path>
         <kind>archive</kind>
         <file>libc.a</file>
         <name>memcpy16.S.obj</name>
      </input_file>
      <input_file id="fl-112">
         <path>F:\ccs\tools\compiler\ti-cgt-armllvm_4.0.0.LTS\lib\armv6m-ti-none-eabi\c\</path>
         <kind>archive</kind>
         <file>libc.a</file>
         <name>memset16.S.obj</name>
      </input_file>
      <input_file id="fl-113">
         <path>F:\ccs\tools\compiler\ti-cgt-armllvm_4.0.0.LTS\lib\armv6m-ti-none-eabi\c\</path>
         <kind>archive</kind>
         <file>libc.a</file>
         <name>strcmp-armv6m.S.obj</name>
      </input_file>
   </input_file_list>
   <object_component_list>
      <object_component id="oc-18">
         <name>.intvecs</name>
         <load_address>0x0</load_address>
         <readonly>true</readonly>
         <run_address>0x0</run_address>
         <size>0xc0</size>
         <alignment>0x4</alignment>
         <input_file_ref idref="fl-3"/>
      </object_component>
      <object_component id="oc-1f4">
         <name>.text:__TI_printfi</name>
         <load_address>0xc0</load_address>
         <readonly>true</readonly>
         <executable>true</executable>
         <run_address>0xc0</run_address>
         <size>0x9d0</size>
         <alignment>0x4</alignment>
         <input_file_ref idref="fl-3d"/>
      </object_component>
      <object_component id="oc-21e">
         <name>.text._pconv_a</name>
         <load_address>0xa90</load_address>
         <readonly>true</readonly>
         <executable>true</executable>
         <run_address>0xa90</run_address>
         <size>0x220</size>
         <alignment>0x4</alignment>
         <input_file_ref idref="fl-3d"/>
      </object_component>
      <object_component id="oc-223">
         <name>.text._pconv_g</name>
         <load_address>0xcb0</load_address>
         <readonly>true</readonly>
         <executable>true</executable>
         <run_address>0xcb0</run_address>
         <size>0x1dc</size>
         <alignment>0x4</alignment>
         <input_file_ref idref="fl-3d"/>
      </object_component>
      <object_component id="oc-269">
         <name>.text.adddf3_subdf3</name>
         <load_address>0xe8c</load_address>
         <readonly>true</readonly>
         <executable>true</executable>
         <run_address>0xe8c</run_address>
         <size>0x192</size>
         <alignment>0x4</alignment>
         <input_file_ref idref="fl-f8"/>
      </object_component>
      <object_component id="oc-226">
         <name>.text.__aeabi_idiv0</name>
         <load_address>0x101e</load_address>
         <readonly>true</readonly>
         <executable>true</executable>
         <run_address>0x101e</run_address>
         <size>0x2</size>
         <alignment>0x2</alignment>
         <input_file_ref idref="fl-10f"/>
      </object_component>
      <object_component id="oc-19a">
         <name>.text.Stepper_Set_Speed</name>
         <load_address>0x1020</load_address>
         <readonly>true</readonly>
         <executable>true</executable>
         <run_address>0x1020</run_address>
         <size>0x14c</size>
         <alignment>0x4</alignment>
         <input_file_ref idref="fl-a"/>
      </object_component>
      <object_component id="oc-26d">
         <name>.text.fcvt</name>
         <load_address>0x116c</load_address>
         <readonly>true</readonly>
         <executable>true</executable>
         <run_address>0x116c</run_address>
         <size>0x13c</size>
         <alignment>0x4</alignment>
         <input_file_ref idref="fl-3d"/>
      </object_component>
      <object_component id="oc-225">
         <name>.text._pconv_e</name>
         <load_address>0x12a8</load_address>
         <readonly>true</readonly>
         <executable>true</executable>
         <run_address>0x12a8</run_address>
         <size>0x120</size>
         <alignment>0x4</alignment>
         <input_file_ref idref="fl-3d"/>
      </object_component>
      <object_component id="oc-1d1">
         <name>.text.OLED_ShowChar</name>
         <load_address>0x13c8</load_address>
         <readonly>true</readonly>
         <executable>true</executable>
         <run_address>0x13c8</run_address>
         <size>0x118</size>
         <alignment>0x4</alignment>
         <input_file_ref idref="fl-b"/>
      </object_component>
      <object_component id="oc-b3">
         <name>.text.OLED_Init</name>
         <load_address>0x14e0</load_address>
         <readonly>true</readonly>
         <executable>true</executable>
         <run_address>0x14e0</run_address>
         <size>0x110</size>
         <alignment>0x4</alignment>
         <input_file_ref idref="fl-b"/>
      </object_component>
      <object_component id="oc-265">
         <name>.text.__divdf3</name>
         <load_address>0x15f0</load_address>
         <readonly>true</readonly>
         <executable>true</executable>
         <run_address>0x15f0</run_address>
         <size>0x10c</size>
         <alignment>0x4</alignment>
         <input_file_ref idref="fl-fd"/>
      </object_component>
      <object_component id="oc-139">
         <name>.text.DL_Timer_initFourCCPWMMode</name>
         <load_address>0x16fc</load_address>
         <readonly>true</readonly>
         <executable>true</executable>
         <run_address>0x16fc</run_address>
         <size>0x104</size>
         <alignment>0x4</alignment>
         <input_file_ref idref="fl-1c"/>
      </object_component>
      <object_component id="oc-255">
         <name>.text.__muldf3</name>
         <load_address>0x1800</load_address>
         <readonly>true</readonly>
         <executable>true</executable>
         <run_address>0x1800</run_address>
         <size>0xe4</size>
         <alignment>0x4</alignment>
         <input_file_ref idref="fl-f9"/>
      </object_component>
      <object_component id="oc-12a">
         <name>.text.DL_SYSCTL_configSYSPLL</name>
         <load_address>0x18e4</load_address>
         <readonly>true</readonly>
         <executable>true</executable>
         <run_address>0x18e4</run_address>
         <size>0xdc</size>
         <alignment>0x4</alignment>
         <input_file_ref idref="fl-1e"/>
      </object_component>
      <object_component id="oc-244">
         <name>.text.scalbn</name>
         <load_address>0x19c0</load_address>
         <readonly>true</readonly>
         <executable>true</executable>
         <run_address>0x19c0</run_address>
         <size>0xd8</size>
         <alignment>0x4</alignment>
         <input_file_ref idref="fl-40"/>
      </object_component>
      <object_component id="oc-1ba">
         <name>.text</name>
         <load_address>0x1a98</load_address>
         <readonly>true</readonly>
         <executable>true</executable>
         <run_address>0x1a98</run_address>
         <size>0xd8</size>
         <alignment>0x4</alignment>
         <input_file_ref idref="fl-f7"/>
      </object_component>
      <object_component id="oc-1cb">
         <name>.text.UART_Transmit</name>
         <load_address>0x1b70</load_address>
         <readonly>true</readonly>
         <executable>true</executable>
         <run_address>0x1b70</run_address>
         <size>0xd6</size>
         <alignment>0x2</alignment>
         <input_file_ref idref="fl-9"/>
      </object_component>
      <object_component id="oc-272">
         <name>.text.__aeabi_ldiv0</name>
         <load_address>0x1c46</load_address>
         <readonly>true</readonly>
         <executable>true</executable>
         <run_address>0x1c46</run_address>
         <size>0x2</size>
         <alignment>0x2</alignment>
         <input_file_ref idref="fl-10f"/>
      </object_component>
      <object_component id="oc-e7">
         <name>.text.SYSCFG_DL_GPIO_init</name>
         <load_address>0x1c48</load_address>
         <readonly>true</readonly>
         <executable>true</executable>
         <run_address>0x1c48</run_address>
         <size>0xd4</size>
         <alignment>0x4</alignment>
         <input_file_ref idref="fl-2"/>
      </object_component>
      <object_component id="oc-23b">
         <name>.text</name>
         <load_address>0x1d1c</load_address>
         <readonly>true</readonly>
         <executable>true</executable>
         <run_address>0x1d1c</run_address>
         <size>0xa2</size>
         <alignment>0x4</alignment>
         <input_file_ref idref="fl-10b"/>
      </object_component>
      <object_component id="oc-f5">
         <name>.text.OLED_WR_Byte</name>
         <load_address>0x1dc0</load_address>
         <readonly>true</readonly>
         <executable>true</executable>
         <run_address>0x1dc0</run_address>
         <size>0x98</size>
         <alignment>0x4</alignment>
         <input_file_ref idref="fl-b"/>
      </object_component>
      <object_component id="oc-1b2">
         <name>.text.__mulsf3</name>
         <load_address>0x1e58</load_address>
         <readonly>true</readonly>
         <executable>true</executable>
         <run_address>0x1e58</run_address>
         <size>0x8c</size>
         <alignment>0x4</alignment>
         <input_file_ref idref="fl-fb"/>
      </object_component>
      <object_component id="oc-172">
         <name>.text.Uart_Proc</name>
         <load_address>0x1ee4</load_address>
         <readonly>true</readonly>
         <executable>true</executable>
         <run_address>0x1ee4</run_address>
         <size>0x84</size>
         <alignment>0x4</alignment>
         <input_file_ref idref="fl-9"/>
      </object_component>
      <object_component id="oc-f1">
         <name>.text.__NVIC_SetPriority</name>
         <load_address>0x1f68</load_address>
         <readonly>true</readonly>
         <executable>true</executable>
         <run_address>0x1f68</run_address>
         <size>0x84</size>
         <alignment>0x4</alignment>
         <input_file_ref idref="fl-4"/>
      </object_component>
      <object_component id="oc-18c">
         <name>.text.__NVIC_SetPriority</name>
         <load_address>0x1fec</load_address>
         <readonly>true</readonly>
         <executable>true</executable>
         <run_address>0x1fec</run_address>
         <size>0x84</size>
         <alignment>0x4</alignment>
         <input_file_ref idref="fl-2"/>
      </object_component>
      <object_component id="oc-1b6">
         <name>.text.__divsf3</name>
         <load_address>0x2070</load_address>
         <readonly>true</readonly>
         <executable>true</executable>
         <run_address>0x2070</run_address>
         <size>0x82</size>
         <alignment>0x4</alignment>
         <input_file_ref idref="fl-fc"/>
      </object_component>
      <object_component id="oc-e6">
         <name>.text.SYSCFG_DL_initPower</name>
         <load_address>0x20f4</load_address>
         <readonly>true</readonly>
         <executable>true</executable>
         <run_address>0x20f4</run_address>
         <size>0x7c</size>
         <alignment>0x4</alignment>
         <input_file_ref idref="fl-2"/>
      </object_component>
      <object_component id="oc-1c">
         <name>.text:decompress:lzss</name>
         <load_address>0x2170</load_address>
         <readonly>true</readonly>
         <executable>true</executable>
         <run_address>0x2170</run_address>
         <size>0x7c</size>
         <alignment>0x4</alignment>
         <input_file_ref idref="fl-3c"/>
      </object_component>
      <object_component id="oc-f9">
         <name>.text.Stepper_Config_Init</name>
         <load_address>0x21ec</load_address>
         <readonly>true</readonly>
         <executable>true</executable>
         <run_address>0x21ec</run_address>
         <size>0x78</size>
         <alignment>0x2</alignment>
         <input_file_ref idref="fl-a"/>
      </object_component>
      <object_component id="oc-c3">
         <name>.text.Scheduler_Run</name>
         <load_address>0x2264</load_address>
         <readonly>true</readonly>
         <executable>true</executable>
         <run_address>0x2264</run_address>
         <size>0x74</size>
         <alignment>0x4</alignment>
         <input_file_ref idref="fl-6"/>
      </object_component>
      <object_component id="oc-263">
         <name>.text.__gedf2</name>
         <load_address>0x22d8</load_address>
         <readonly>true</readonly>
         <executable>true</executable>
         <run_address>0x22d8</run_address>
         <size>0x74</size>
         <alignment>0x4</alignment>
         <input_file_ref idref="fl-10e"/>
      </object_component>
      <object_component id="oc-16e">
         <name>.text.Motor_Task</name>
         <load_address>0x234c</load_address>
         <readonly>true</readonly>
         <executable>true</executable>
         <run_address>0x234c</run_address>
         <size>0x70</size>
         <alignment>0x4</alignment>
         <input_file_ref idref="fl-7"/>
      </object_component>
      <object_component id="oc-1a6">
         <name>.text.OLED_ShowString</name>
         <load_address>0x23bc</load_address>
         <readonly>true</readonly>
         <executable>true</executable>
         <run_address>0x23bc</run_address>
         <size>0x70</size>
         <alignment>0x2</alignment>
         <input_file_ref idref="fl-b"/>
      </object_component>
      <object_component id="oc-f6">
         <name>.text.OLED_Clear</name>
         <load_address>0x242c</load_address>
         <readonly>true</readonly>
         <executable>true</executable>
         <run_address>0x242c</run_address>
         <size>0x6a</size>
         <alignment>0x2</alignment>
         <input_file_ref idref="fl-b"/>
      </object_component>
      <object_component id="oc-e9">
         <name>.text.SYSCFG_DL_PWM_X_init</name>
         <load_address>0x2498</load_address>
         <readonly>true</readonly>
         <executable>true</executable>
         <run_address>0x2498</run_address>
         <size>0x68</size>
         <alignment>0x4</alignment>
         <input_file_ref idref="fl-2"/>
      </object_component>
      <object_component id="oc-ea">
         <name>.text.SYSCFG_DL_PWM_Y_init</name>
         <load_address>0x2500</load_address>
         <readonly>true</readonly>
         <executable>true</executable>
         <run_address>0x2500</run_address>
         <size>0x68</size>
         <alignment>0x4</alignment>
         <input_file_ref idref="fl-2"/>
      </object_component>
      <object_component id="oc-25d">
         <name>.text.__ledf2</name>
         <load_address>0x2568</load_address>
         <readonly>true</readonly>
         <executable>true</executable>
         <run_address>0x2568</run_address>
         <size>0x68</size>
         <alignment>0x4</alignment>
         <input_file_ref idref="fl-10e"/>
      </object_component>
      <object_component id="oc-25c">
         <name>.text._mcpy</name>
         <load_address>0x25d0</load_address>
         <readonly>true</readonly>
         <executable>true</executable>
         <run_address>0x25d0</run_address>
         <size>0x66</size>
         <alignment>0x2</alignment>
         <input_file_ref idref="fl-3d"/>
      </object_component>
      <object_component id="oc-46">
         <name>.text.UART2_IRQHandler</name>
         <load_address>0x2638</load_address>
         <readonly>true</readonly>
         <executable>true</executable>
         <run_address>0x2638</run_address>
         <size>0x64</size>
         <alignment>0x4</alignment>
         <input_file_ref idref="fl-9"/>
      </object_component>
      <object_component id="oc-21f">
         <name>.text.__aeabi_dcmp</name>
         <load_address>0x269c</load_address>
         <readonly>true</readonly>
         <executable>true</executable>
         <run_address>0x269c</run_address>
         <size>0x62</size>
         <alignment>0x4</alignment>
         <input_file_ref idref="fl-103"/>
      </object_component>
      <object_component id="oc-1ad">
         <name>.text.__aeabi_fcmp</name>
         <load_address>0x2700</load_address>
         <readonly>true</readonly>
         <executable>true</executable>
         <run_address>0x2700</run_address>
         <size>0x62</size>
         <alignment>0x4</alignment>
         <input_file_ref idref="fl-104"/>
      </object_component>
      <object_component id="oc-f3">
         <name>.text.oled_i2c_sda_unlock</name>
         <load_address>0x2764</load_address>
         <readonly>true</readonly>
         <executable>true</executable>
         <run_address>0x2764</run_address>
         <size>0x60</size>
         <alignment>0x4</alignment>
         <input_file_ref idref="fl-b"/>
      </object_component>
      <object_component id="oc-168">
         <name>.text.DL_I2C_fillControllerTXFIFO</name>
         <load_address>0x27c4</load_address>
         <readonly>true</readonly>
         <executable>true</executable>
         <run_address>0x27c4</run_address>
         <size>0x5e</size>
         <alignment>0x2</alignment>
         <input_file_ref idref="fl-1b"/>
      </object_component>
      <object_component id="oc-240">
         <name>.text.frexp</name>
         <load_address>0x2824</load_address>
         <readonly>true</readonly>
         <executable>true</executable>
         <run_address>0x2824</run_address>
         <size>0x5c</size>
         <alignment>0x4</alignment>
         <input_file_ref idref="fl-3f"/>
      </object_component>
      <object_component id="oc-166">
         <name>.text.mspm0_i2c_enable</name>
         <load_address>0x2880</load_address>
         <readonly>true</readonly>
         <executable>true</executable>
         <run_address>0x2880</run_address>
         <size>0x5c</size>
         <alignment>0x4</alignment>
         <input_file_ref idref="fl-b"/>
      </object_component>
      <object_component id="oc-eb">
         <name>.text.SYSCFG_DL_I2C_OLED_init</name>
         <load_address>0x28dc</load_address>
         <readonly>true</readonly>
         <executable>true</executable>
         <run_address>0x28dc</run_address>
         <size>0x58</size>
         <alignment>0x4</alignment>
         <input_file_ref idref="fl-2"/>
      </object_component>
      <object_component id="oc-24c">
         <name>.text.__TI_ltoa</name>
         <load_address>0x2934</load_address>
         <readonly>true</readonly>
         <executable>true</executable>
         <run_address>0x2934</run_address>
         <size>0x58</size>
         <alignment>0x2</alignment>
         <input_file_ref idref="fl-44"/>
      </object_component>
      <object_component id="oc-224">
         <name>.text._pconv_f</name>
         <load_address>0x298c</load_address>
         <readonly>true</readonly>
         <executable>true</executable>
         <run_address>0x298c</run_address>
         <size>0x58</size>
         <alignment>0x2</alignment>
         <input_file_ref idref="fl-3d"/>
      </object_component>
      <object_component id="oc-27f">
         <name>.text.__aeabi_idivmod</name>
         <load_address>0x29e4</load_address>
         <readonly>true</readonly>
         <executable>true</executable>
         <run_address>0x29e4</run_address>
         <size>0x56</size>
         <alignment>0x4</alignment>
         <input_file_ref idref="fl-105"/>
      </object_component>
      <object_component id="oc-b8">
         <name>.text.Stepper_System_Init</name>
         <load_address>0x2a3c</load_address>
         <readonly>true</readonly>
         <executable>true</executable>
         <run_address>0x2a3c</run_address>
         <size>0x54</size>
         <alignment>0x4</alignment>
         <input_file_ref idref="fl-a"/>
      </object_component>
      <object_component id="oc-25a">
         <name>.text._ecpy</name>
         <load_address>0x2a90</load_address>
         <readonly>true</readonly>
         <executable>true</executable>
         <run_address>0x2a90</run_address>
         <size>0x52</size>
         <alignment>0x2</alignment>
         <input_file_ref idref="fl-3d"/>
      </object_component>
      <object_component id="oc-16b">
         <name>.text.DL_I2C_startControllerTransfer</name>
         <load_address>0x2ae4</load_address>
         <readonly>true</readonly>
         <executable>true</executable>
         <run_address>0x2ae4</run_address>
         <size>0x50</size>
         <alignment>0x4</alignment>
         <input_file_ref idref="fl-b"/>
      </object_component>
      <object_component id="oc-f0">
         <name>.text.SysTick_Config</name>
         <load_address>0x2b34</load_address>
         <readonly>true</readonly>
         <executable>true</executable>
         <run_address>0x2b34</run_address>
         <size>0x50</size>
         <alignment>0x4</alignment>
         <input_file_ref idref="fl-4"/>
      </object_component>
      <object_component id="oc-160">
         <name>.text.SysTick_Config</name>
         <load_address>0x2b84</load_address>
         <readonly>true</readonly>
         <executable>true</executable>
         <run_address>0x2b84</run_address>
         <size>0x50</size>
         <alignment>0x4</alignment>
         <input_file_ref idref="fl-2"/>
      </object_component>
      <object_component id="oc-15b">
         <name>.text.DL_UART_setBaudRateDivisor</name>
         <load_address>0x2bd4</load_address>
         <readonly>true</readonly>
         <executable>true</executable>
         <run_address>0x2bd4</run_address>
         <size>0x4c</size>
         <alignment>0x4</alignment>
         <input_file_ref idref="fl-2"/>
      </object_component>
      <object_component id="oc-248">
         <name>.text.__fixdfsi</name>
         <load_address>0x2c20</load_address>
         <readonly>true</readonly>
         <executable>true</executable>
         <run_address>0x2c20</run_address>
         <size>0x4a</size>
         <alignment>0x4</alignment>
         <input_file_ref idref="fl-fe"/>
      </object_component>
      <object_component id="oc-159">
         <name>.text.DL_UART_init</name>
         <load_address>0x2c6c</load_address>
         <readonly>true</readonly>
         <executable>true</executable>
         <run_address>0x2c6c</run_address>
         <size>0x48</size>
         <alignment>0x4</alignment>
         <input_file_ref idref="fl-1d"/>
      </object_component>
      <object_component id="oc-ec">
         <name>.text.SYSCFG_DL_UART2_init</name>
         <load_address>0x2cb4</load_address>
         <readonly>true</readonly>
         <executable>true</executable>
         <run_address>0x2cb4</run_address>
         <size>0x48</size>
         <alignment>0x4</alignment>
         <input_file_ref idref="fl-2"/>
      </object_component>
      <object_component id="oc-131">
         <name>.text.DL_SYSCTL_switchMCLKfromSYSOSCtoHSCLK</name>
         <load_address>0x2cfc</load_address>
         <readonly>true</readonly>
         <executable>true</executable>
         <run_address>0x2cfc</run_address>
         <size>0x44</size>
         <alignment>0x4</alignment>
         <input_file_ref idref="fl-1e"/>
      </object_component>
      <object_component id="oc-161">
         <name>.text.mspm0_i2c_disable</name>
         <load_address>0x2d40</load_address>
         <readonly>true</readonly>
         <executable>true</executable>
         <run_address>0x2d40</run_address>
         <size>0x44</size>
         <alignment>0x4</alignment>
         <input_file_ref idref="fl-b"/>
      </object_component>
      <object_component id="oc-1f6">
         <name>.text.__aeabi_uidivmod</name>
         <load_address>0x2d84</load_address>
         <readonly>true</readonly>
         <executable>true</executable>
         <run_address>0x2d84</run_address>
         <size>0x40</size>
         <alignment>0x4</alignment>
         <input_file_ref idref="fl-108"/>
      </object_component>
      <object_component id="oc-208">
         <name>.text.atoi</name>
         <load_address>0x2dc4</load_address>
         <readonly>true</readonly>
         <executable>true</executable>
         <run_address>0x2dc4</run_address>
         <size>0x40</size>
         <alignment>0x4</alignment>
         <input_file_ref idref="fl-47"/>
      </object_component>
      <object_component id="oc-19e">
         <name>.text.my_printf</name>
         <load_address>0x2e04</load_address>
         <readonly>true</readonly>
         <executable>true</executable>
         <run_address>0x2e04</run_address>
         <size>0x40</size>
         <alignment>0x2</alignment>
         <input_file_ref idref="fl-9"/>
      </object_component>
      <object_component id="oc-1c5">
         <name>.text.vsnprintf</name>
         <load_address>0x2e44</load_address>
         <readonly>true</readonly>
         <executable>true</executable>
         <run_address>0x2e44</run_address>
         <size>0x40</size>
         <alignment>0x4</alignment>
         <input_file_ref idref="fl-34"/>
      </object_component>
      <object_component id="oc-192">
         <name>.text.DL_GPIO_initPeripheralInputFunctionFeatures</name>
         <load_address>0x2e84</load_address>
         <readonly>true</readonly>
         <executable>true</executable>
         <run_address>0x2e84</run_address>
         <size>0x3c</size>
         <alignment>0x4</alignment>
         <input_file_ref idref="fl-b"/>
      </object_component>
      <object_component id="oc-11f">
         <name>.text.DL_GPIO_initPeripheralInputFunctionFeatures</name>
         <load_address>0x2ec0</load_address>
         <readonly>true</readonly>
         <executable>true</executable>
         <run_address>0x2ec0</run_address>
         <size>0x3c</size>
         <alignment>0x4</alignment>
         <input_file_ref idref="fl-2"/>
      </object_component>
      <object_component id="oc-13a">
         <name>.text.DL_Timer_setCounterControl</name>
         <load_address>0x2efc</load_address>
         <readonly>true</readonly>
         <executable>true</executable>
         <run_address>0x2efc</run_address>
         <size>0x3c</size>
         <alignment>0x4</alignment>
         <input_file_ref idref="fl-2"/>
      </object_component>
      <object_component id="oc-1f5">
         <name>.text.OLED_Set_Pos</name>
         <load_address>0x2f38</load_address>
         <readonly>true</readonly>
         <executable>true</executable>
         <run_address>0x2f38</run_address>
         <size>0x3c</size>
         <alignment>0x2</alignment>
         <input_file_ref idref="fl-b"/>
      </object_component>
      <object_component id="oc-e8">
         <name>.text.SYSCFG_DL_SYSCTL_init</name>
         <load_address>0x2f74</load_address>
         <readonly>true</readonly>
         <executable>true</executable>
         <run_address>0x2f74</run_address>
         <size>0x3c</size>
         <alignment>0x4</alignment>
         <input_file_ref idref="fl-2"/>
      </object_component>
      <object_component id="oc-196">
         <name>.text.__floatsisf</name>
         <load_address>0x2fb0</load_address>
         <readonly>true</readonly>
         <executable>true</executable>
         <run_address>0x2fb0</run_address>
         <size>0x3c</size>
         <alignment>0x4</alignment>
         <input_file_ref idref="fl-101"/>
      </object_component>
      <object_component id="oc-1d7">
         <name>.text.__gtsf2</name>
         <load_address>0x2fec</load_address>
         <readonly>true</readonly>
         <executable>true</executable>
         <run_address>0x2fec</run_address>
         <size>0x3c</size>
         <alignment>0x4</alignment>
         <input_file_ref idref="fl-10a"/>
      </object_component>
      <object_component id="oc-cd">
         <name>.text:__TI_auto_init_nobinit_nopinit</name>
         <load_address>0x3028</load_address>
         <readonly>true</readonly>
         <executable>true</executable>
         <run_address>0x3028</run_address>
         <size>0x3c</size>
         <alignment>0x4</alignment>
         <input_file_ref idref="fl-37"/>
      </object_component>
      <object_component id="oc-1d2">
         <name>.text.__eqsf2</name>
         <load_address>0x3064</load_address>
         <readonly>true</readonly>
         <executable>true</executable>
         <run_address>0x3064</run_address>
         <size>0x3a</size>
         <alignment>0x4</alignment>
         <input_file_ref idref="fl-10a"/>
      </object_component>
      <object_component id="oc-1da">
         <name>.text.__muldsi3</name>
         <load_address>0x30a0</load_address>
         <readonly>true</readonly>
         <executable>true</executable>
         <run_address>0x30a0</run_address>
         <size>0x3a</size>
         <alignment>0x4</alignment>
         <input_file_ref idref="fl-fa"/>
      </object_component>
      <object_component id="oc-1b1">
         <name>.text.Stepper_Stop</name>
         <load_address>0x30da</load_address>
         <readonly>true</readonly>
         <executable>true</executable>
         <run_address>0x30da</run_address>
         <size>0x38</size>
         <alignment>0x2</alignment>
         <input_file_ref idref="fl-a"/>
      </object_component>
      <object_component id="oc-1e1">
         <name>.text.__fixsfsi</name>
         <load_address>0x3114</load_address>
         <readonly>true</readonly>
         <executable>true</executable>
         <run_address>0x3114</run_address>
         <size>0x38</size>
         <alignment>0x4</alignment>
         <input_file_ref idref="fl-10d"/>
      </object_component>
      <object_component id="oc-1a0">
         <name>.text.sprintf</name>
         <load_address>0x314c</load_address>
         <readonly>true</readonly>
         <executable>true</executable>
         <run_address>0x314c</run_address>
         <size>0x38</size>
         <alignment>0x4</alignment>
         <input_file_ref idref="fl-33"/>
      </object_component>
      <object_component id="oc-18f">
         <name>.text.DL_GPIO_initDigitalInputFeatures</name>
         <load_address>0x3184</load_address>
         <readonly>true</readonly>
         <executable>true</executable>
         <run_address>0x3184</run_address>
         <size>0x34</size>
         <alignment>0x4</alignment>
         <input_file_ref idref="fl-b"/>
      </object_component>
      <object_component id="oc-173">
         <name>.text.Oled_Task</name>
         <load_address>0x31b8</load_address>
         <readonly>true</readonly>
         <executable>true</executable>
         <run_address>0x31b8</run_address>
         <size>0x34</size>
         <alignment>0x4</alignment>
         <input_file_ref idref="fl-8"/>
      </object_component>
      <object_component id="oc-1be">
         <name>.text.__fixunssfsi</name>
         <load_address>0x31ec</load_address>
         <readonly>true</readonly>
         <executable>true</executable>
         <run_address>0x31ec</run_address>
         <size>0x32</size>
         <alignment>0x4</alignment>
         <input_file_ref idref="fl-ff"/>
      </object_component>
      <object_component id="oc-25b">
         <name>.text._fcpy</name>
         <load_address>0x321e</load_address>
         <readonly>true</readonly>
         <executable>true</executable>
         <run_address>0x321e</run_address>
         <size>0x30</size>
         <alignment>0x2</alignment>
         <input_file_ref idref="fl-3d"/>
      </object_component>
      <object_component id="oc-1e6">
         <name>.text._outs</name>
         <load_address>0x324e</load_address>
         <readonly>true</readonly>
         <executable>true</executable>
         <run_address>0x324e</run_address>
         <size>0x30</size>
         <alignment>0x2</alignment>
         <input_file_ref idref="fl-34"/>
      </object_component>
      <object_component id="oc-163">
         <name>.text.mspm0_delay_ms</name>
         <load_address>0x3280</load_address>
         <readonly>true</readonly>
         <executable>true</executable>
         <run_address>0x3280</run_address>
         <size>0x30</size>
         <alignment>0x4</alignment>
         <input_file_ref idref="fl-4"/>
      </object_component>
      <object_component id="oc-101">
         <name>.text.__NVIC_ClearPendingIRQ</name>
         <load_address>0x32b0</load_address>
         <readonly>true</readonly>
         <executable>true</executable>
         <run_address>0x32b0</run_address>
         <size>0x2c</size>
         <alignment>0x4</alignment>
         <input_file_ref idref="fl-9"/>
      </object_component>
      <object_component id="oc-102">
         <name>.text.__NVIC_EnableIRQ</name>
         <load_address>0x32dc</load_address>
         <readonly>true</readonly>
         <executable>true</executable>
         <run_address>0x32dc</run_address>
         <size>0x2c</size>
         <alignment>0x4</alignment>
         <input_file_ref idref="fl-9"/>
      </object_component>
      <object_component id="oc-250">
         <name>.text.__floatsidf</name>
         <load_address>0x3308</load_address>
         <readonly>true</readonly>
         <executable>true</executable>
         <run_address>0x3308</run_address>
         <size>0x2c</size>
         <alignment>0x4</alignment>
         <input_file_ref idref="fl-100"/>
      </object_component>
      <object_component id="oc-167">
         <name>.text.mspm0_get_clock_ms</name>
         <load_address>0x3334</load_address>
         <readonly>true</readonly>
         <executable>true</executable>
         <run_address>0x3334</run_address>
         <size>0x2c</size>
         <alignment>0x4</alignment>
         <input_file_ref idref="fl-4"/>
      </object_component>
      <object_component id="oc-195">
         <name>.text.DL_Common_updateReg</name>
         <load_address>0x3360</load_address>
         <readonly>true</readonly>
         <executable>true</executable>
         <run_address>0x3360</run_address>
         <size>0x28</size>
         <alignment>0x2</alignment>
         <input_file_ref idref="fl-b"/>
      </object_component>
      <object_component id="oc-183">
         <name>.text.DL_Common_updateReg</name>
         <load_address>0x3388</load_address>
         <readonly>true</readonly>
         <executable>true</executable>
         <run_address>0x3388</run_address>
         <size>0x28</size>
         <alignment>0x2</alignment>
         <input_file_ref idref="fl-2"/>
      </object_component>
      <object_component id="oc-14f">
         <name>.text.DL_I2C_setControllerRXFIFOThreshold</name>
         <load_address>0x33b0</load_address>
         <readonly>true</readonly>
         <executable>true</executable>
         <run_address>0x33b0</run_address>
         <size>0x28</size>
         <alignment>0x4</alignment>
         <input_file_ref idref="fl-2"/>
      </object_component>
      <object_component id="oc-14e">
         <name>.text.DL_I2C_setControllerTXFIFOThreshold</name>
         <load_address>0x33d8</load_address>
         <readonly>true</readonly>
         <executable>true</executable>
         <run_address>0x33d8</run_address>
         <size>0x28</size>
         <alignment>0x4</alignment>
         <input_file_ref idref="fl-2"/>
      </object_component>
      <object_component id="oc-90">
         <name>.text.main</name>
         <load_address>0x3400</load_address>
         <readonly>true</readonly>
         <executable>true</executable>
         <run_address>0x3400</run_address>
         <size>0x28</size>
         <alignment>0x2</alignment>
         <input_file_ref idref="fl-1"/>
      </object_component>
      <object_component id="oc-70">
         <name>.text:_c_int00_noargs</name>
         <load_address>0x3428</load_address>
         <readonly>true</readonly>
         <executable>true</executable>
         <run_address>0x3428</run_address>
         <size>0x28</size>
         <alignment>0x4</alignment>
         <input_file_ref idref="fl-35"/>
      </object_component>
      <object_component id="oc-14a">
         <name>.text.DL_I2C_setAnalogGlitchFilterPulseWidth</name>
         <load_address>0x3450</load_address>
         <readonly>true</readonly>
         <executable>true</executable>
         <run_address>0x3450</run_address>
         <size>0x26</size>
         <alignment>0x2</alignment>
         <input_file_ref idref="fl-2"/>
      </object_component>
      <object_component id="oc-144">
         <name>.text.DL_I2C_setClockConfig</name>
         <load_address>0x3476</load_address>
         <readonly>true</readonly>
         <executable>true</executable>
         <run_address>0x3476</run_address>
         <size>0x26</size>
         <alignment>0x2</alignment>
         <input_file_ref idref="fl-1b"/>
      </object_component>
      <object_component id="oc-ac">
         <name>.text.SYSCFG_DL_init</name>
         <load_address>0x349c</load_address>
         <readonly>true</readonly>
         <executable>true</executable>
         <run_address>0x349c</run_address>
         <size>0x24</size>
         <alignment>0x2</alignment>
         <input_file_ref idref="fl-2"/>
      </object_component>
      <object_component id="oc-215">
         <name>.text.__muldi3</name>
         <load_address>0x34c0</load_address>
         <readonly>true</readonly>
         <executable>true</executable>
         <run_address>0x34c0</run_address>
         <size>0x24</size>
         <alignment>0x4</alignment>
         <input_file_ref idref="fl-102"/>
      </object_component>
      <object_component id="oc-201">
         <name>.text.memccpy</name>
         <load_address>0x34e4</load_address>
         <readonly>true</readonly>
         <executable>true</executable>
         <run_address>0x34e4</run_address>
         <size>0x22</size>
         <alignment>0x2</alignment>
         <input_file_ref idref="fl-49"/>
      </object_component>
      <object_component id="oc-121">
         <name>.text.DL_GPIO_initPeripheralInputFunction</name>
         <load_address>0x3508</load_address>
         <readonly>true</readonly>
         <executable>true</executable>
         <run_address>0x3508</run_address>
         <size>0x20</size>
         <alignment>0x4</alignment>
         <input_file_ref idref="fl-2"/>
      </object_component>
      <object_component id="oc-126">
         <name>.text.DL_SYSCTL_setFlashWaitState</name>
         <load_address>0x3528</load_address>
         <readonly>true</readonly>
         <executable>true</executable>
         <run_address>0x3528</run_address>
         <size>0x20</size>
         <alignment>0x4</alignment>
         <input_file_ref idref="fl-2"/>
      </object_component>
      <object_component id="oc-15a">
         <name>.text.DL_UART_setOversampling</name>
         <load_address>0x3548</load_address>
         <readonly>true</readonly>
         <executable>true</executable>
         <run_address>0x3548</run_address>
         <size>0x1e</size>
         <alignment>0x2</alignment>
         <input_file_ref idref="fl-2"/>
      </object_component>
      <object_component id="oc-273">
         <name>.text.__ashldi3</name>
         <load_address>0x3568</load_address>
         <readonly>true</readonly>
         <executable>true</executable>
         <run_address>0x3568</run_address>
         <size>0x1e</size>
         <alignment>0x4</alignment>
         <input_file_ref idref="fl-10c"/>
      </object_component>
      <object_component id="oc-193">
         <name>.text.DL_GPIO_enableHiZ</name>
         <load_address>0x3588</load_address>
         <readonly>true</readonly>
         <executable>true</executable>
         <run_address>0x3588</run_address>
         <size>0x1c</size>
         <alignment>0x4</alignment>
         <input_file_ref idref="fl-b"/>
      </object_component>
      <object_component id="oc-120">
         <name>.text.DL_GPIO_enableHiZ</name>
         <load_address>0x35a4</load_address>
         <readonly>true</readonly>
         <executable>true</executable>
         <run_address>0x35a4</run_address>
         <size>0x1c</size>
         <alignment>0x4</alignment>
         <input_file_ref idref="fl-2"/>
      </object_component>
      <object_component id="oc-11d">
         <name>.text.DL_GPIO_initPeripheralOutputFunction</name>
         <load_address>0x35c0</load_address>
         <readonly>true</readonly>
         <executable>true</executable>
         <run_address>0x35c0</run_address>
         <size>0x1c</size>
         <alignment>0x4</alignment>
         <input_file_ref idref="fl-2"/>
      </object_component>
      <object_component id="oc-f2">
         <name>.text.DL_I2C_getSDAStatus</name>
         <load_address>0x35dc</load_address>
         <readonly>true</readonly>
         <executable>true</executable>
         <run_address>0x35dc</run_address>
         <size>0x1c</size>
         <alignment>0x4</alignment>
         <input_file_ref idref="fl-b"/>
      </object_component>
      <object_component id="oc-127">
         <name>.text.DL_SYSCTL_setSYSOSCFreq</name>
         <load_address>0x35f8</load_address>
         <readonly>true</readonly>
         <executable>true</executable>
         <run_address>0x35f8</run_address>
         <size>0x1c</size>
         <alignment>0x4</alignment>
         <input_file_ref idref="fl-2"/>
      </object_component>
      <object_component id="oc-130">
         <name>.text.DL_SYSCTL_setULPCLKDivider</name>
         <load_address>0x3614</load_address>
         <readonly>true</readonly>
         <executable>true</executable>
         <run_address>0x3614</run_address>
         <size>0x1c</size>
         <alignment>0x4</alignment>
         <input_file_ref idref="fl-2"/>
      </object_component>
      <object_component id="oc-13c">
         <name>.text.DL_Timer_setCaptCompUpdateMethod</name>
         <load_address>0x3630</load_address>
         <readonly>true</readonly>
         <executable>true</executable>
         <run_address>0x3630</run_address>
         <size>0x1c</size>
         <alignment>0x4</alignment>
         <input_file_ref idref="fl-1c"/>
      </object_component>
      <object_component id="oc-133">
         <name>.text.DL_Timer_setClockConfig</name>
         <load_address>0x364c</load_address>
         <readonly>true</readonly>
         <executable>true</executable>
         <run_address>0x364c</run_address>
         <size>0x1c</size>
         <alignment>0x4</alignment>
         <input_file_ref idref="fl-1c"/>
      </object_component>
      <object_component id="oc-15c">
         <name>.text.DL_UART_enableInterrupt</name>
         <load_address>0x3668</load_address>
         <readonly>true</readonly>
         <executable>true</executable>
         <run_address>0x3668</run_address>
         <size>0x1c</size>
         <alignment>0x4</alignment>
         <input_file_ref idref="fl-2"/>
      </object_component>
      <object_component id="oc-190">
         <name>.text.DL_GPIO_enableOutput</name>
         <load_address>0x3684</load_address>
         <readonly>true</readonly>
         <executable>true</executable>
         <run_address>0x3684</run_address>
         <size>0x18</size>
         <alignment>0x4</alignment>
         <input_file_ref idref="fl-b"/>
      </object_component>
      <object_component id="oc-11e">
         <name>.text.DL_GPIO_enableOutput</name>
         <load_address>0x369c</load_address>
         <readonly>true</readonly>
         <executable>true</executable>
         <run_address>0x369c</run_address>
         <size>0x18</size>
         <alignment>0x4</alignment>
         <input_file_ref idref="fl-2"/>
      </object_component>
      <object_component id="oc-115">
         <name>.text.DL_GPIO_enablePower</name>
         <load_address>0x36b4</load_address>
         <readonly>true</readonly>
         <executable>true</executable>
         <run_address>0x36b4</run_address>
         <size>0x18</size>
         <alignment>0x4</alignment>
         <input_file_ref idref="fl-2"/>
      </object_component>
      <object_component id="oc-18e">
         <name>.text.DL_GPIO_initDigitalOutput</name>
         <load_address>0x36cc</load_address>
         <readonly>true</readonly>
         <executable>true</executable>
         <run_address>0x36cc</run_address>
         <size>0x18</size>
         <alignment>0x4</alignment>
         <input_file_ref idref="fl-b"/>
      </object_component>
      <object_component id="oc-122">
         <name>.text.DL_GPIO_initDigitalOutput</name>
         <load_address>0x36e4</load_address>
         <readonly>true</readonly>
         <executable>true</executable>
         <run_address>0x36e4</run_address>
         <size>0x18</size>
         <alignment>0x4</alignment>
         <input_file_ref idref="fl-2"/>
      </object_component>
      <object_component id="oc-111">
         <name>.text.DL_GPIO_reset</name>
         <load_address>0x36fc</load_address>
         <readonly>true</readonly>
         <executable>true</executable>
         <run_address>0x36fc</run_address>
         <size>0x18</size>
         <alignment>0x4</alignment>
         <input_file_ref idref="fl-2"/>
      </object_component>
      <object_component id="oc-1c2">
         <name>.text.DL_GPIO_setPins</name>
         <load_address>0x3714</load_address>
         <readonly>true</readonly>
         <executable>true</executable>
         <run_address>0x3714</run_address>
         <size>0x18</size>
         <alignment>0x4</alignment>
         <input_file_ref idref="fl-a"/>
      </object_component>
      <object_component id="oc-164">
         <name>.text.DL_GPIO_setPins</name>
         <load_address>0x372c</load_address>
         <readonly>true</readonly>
         <executable>true</executable>
         <run_address>0x372c</run_address>
         <size>0x18</size>
         <alignment>0x4</alignment>
         <input_file_ref idref="fl-b"/>
      </object_component>
      <object_component id="oc-124">
         <name>.text.DL_GPIO_setPins</name>
         <load_address>0x3744</load_address>
         <readonly>true</readonly>
         <executable>true</executable>
         <run_address>0x3744</run_address>
         <size>0x18</size>
         <alignment>0x4</alignment>
         <input_file_ref idref="fl-2"/>
      </object_component>
      <object_component id="oc-169">
         <name>.text.DL_I2C_clearInterruptStatus</name>
         <load_address>0x375c</load_address>
         <readonly>true</readonly>
         <executable>true</executable>
         <run_address>0x375c</run_address>
         <size>0x18</size>
         <alignment>0x4</alignment>
         <input_file_ref idref="fl-b"/>
      </object_component>
      <object_component id="oc-14b">
         <name>.text.DL_I2C_enableAnalogGlitchFilter</name>
         <load_address>0x3774</load_address>
         <readonly>true</readonly>
         <executable>true</executable>
         <run_address>0x3774</run_address>
         <size>0x18</size>
         <alignment>0x2</alignment>
         <input_file_ref idref="fl-2"/>
      </object_component>
      <object_component id="oc-151">
         <name>.text.DL_I2C_enableController</name>
         <load_address>0x378c</load_address>
         <readonly>true</readonly>
         <executable>true</executable>
         <run_address>0x378c</run_address>
         <size>0x18</size>
         <alignment>0x4</alignment>
         <input_file_ref idref="fl-2"/>
      </object_component>
      <object_component id="oc-150">
         <name>.text.DL_I2C_enableControllerClockStretching</name>
         <load_address>0x37a4</load_address>
         <readonly>true</readonly>
         <executable>true</executable>
         <run_address>0x37a4</run_address>
         <size>0x18</size>
         <alignment>0x4</alignment>
         <input_file_ref idref="fl-2"/>
      </object_component>
      <object_component id="oc-194">
         <name>.text.DL_I2C_enablePower</name>
         <load_address>0x37bc</load_address>
         <readonly>true</readonly>
         <executable>true</executable>
         <run_address>0x37bc</run_address>
         <size>0x18</size>
         <alignment>0x4</alignment>
         <input_file_ref idref="fl-b"/>
      </object_component>
      <object_component id="oc-117">
         <name>.text.DL_I2C_enablePower</name>
         <load_address>0x37d4</load_address>
         <readonly>true</readonly>
         <executable>true</executable>
         <run_address>0x37d4</run_address>
         <size>0x18</size>
         <alignment>0x4</alignment>
         <input_file_ref idref="fl-2"/>
      </object_component>
      <object_component id="oc-16c">
         <name>.text.DL_I2C_getRawInterruptStatus</name>
         <load_address>0x37ec</load_address>
         <readonly>true</readonly>
         <executable>true</executable>
         <run_address>0x37ec</run_address>
         <size>0x18</size>
         <alignment>0x4</alignment>
         <input_file_ref idref="fl-b"/>
      </object_component>
      <object_component id="oc-18d">
         <name>.text.DL_I2C_reset</name>
         <load_address>0x3804</load_address>
         <readonly>true</readonly>
         <executable>true</executable>
         <run_address>0x3804</run_address>
         <size>0x18</size>
         <alignment>0x4</alignment>
         <input_file_ref idref="fl-b"/>
      </object_component>
      <object_component id="oc-113">
         <name>.text.DL_I2C_reset</name>
         <load_address>0x381c</load_address>
         <readonly>true</readonly>
         <executable>true</executable>
         <run_address>0x381c</run_address>
         <size>0x18</size>
         <alignment>0x4</alignment>
         <input_file_ref idref="fl-2"/>
      </object_component>
      <object_component id="oc-14d">
         <name>.text.DL_I2C_setTimerPeriod</name>
         <load_address>0x3834</load_address>
         <readonly>true</readonly>
         <executable>true</executable>
         <run_address>0x3834</run_address>
         <size>0x18</size>
         <alignment>0x4</alignment>
         <input_file_ref idref="fl-2"/>
      </object_component>
      <object_component id="oc-125">
         <name>.text.DL_SYSCTL_setBORThreshold</name>
         <load_address>0x384c</load_address>
         <readonly>true</readonly>
         <executable>true</executable>
         <run_address>0x384c</run_address>
         <size>0x18</size>
         <alignment>0x4</alignment>
         <input_file_ref idref="fl-2"/>
      </object_component>
      <object_component id="oc-116">
         <name>.text.DL_Timer_enablePower</name>
         <load_address>0x3864</load_address>
         <readonly>true</readonly>
         <executable>true</executable>
         <run_address>0x3864</run_address>
         <size>0x18</size>
         <alignment>0x4</alignment>
         <input_file_ref idref="fl-2"/>
      </object_component>
      <object_component id="oc-112">
         <name>.text.DL_Timer_reset</name>
         <load_address>0x387c</load_address>
         <readonly>true</readonly>
         <executable>true</executable>
         <run_address>0x387c</run_address>
         <size>0x18</size>
         <alignment>0x4</alignment>
         <input_file_ref idref="fl-2"/>
      </object_component>
      <object_component id="oc-13b">
         <name>.text.DL_Timer_setCaptureCompareOutCtl</name>
         <load_address>0x3894</load_address>
         <readonly>true</readonly>
         <executable>true</executable>
         <run_address>0x3894</run_address>
         <size>0x18</size>
         <alignment>0x4</alignment>
         <input_file_ref idref="fl-1c"/>
      </object_component>
      <object_component id="oc-1c3">
         <name>.text.DL_Timer_setLoadValue</name>
         <load_address>0x38ac</load_address>
         <readonly>true</readonly>
         <executable>true</executable>
         <run_address>0x38ac</run_address>
         <size>0x18</size>
         <alignment>0x4</alignment>
         <input_file_ref idref="fl-a"/>
      </object_component>
      <object_component id="oc-1c4">
         <name>.text.DL_Timer_startCounter</name>
         <load_address>0x38c4</load_address>
         <readonly>true</readonly>
         <executable>true</executable>
         <run_address>0x38c4</run_address>
         <size>0x18</size>
         <alignment>0x4</alignment>
         <input_file_ref idref="fl-a"/>
      </object_component>
      <object_component id="oc-1d9">
         <name>.text.DL_Timer_stopCounter</name>
         <load_address>0x38dc</load_address>
         <readonly>true</readonly>
         <executable>true</executable>
         <run_address>0x38dc</run_address>
         <size>0x18</size>
         <alignment>0x4</alignment>
         <input_file_ref idref="fl-a"/>
      </object_component>
      <object_component id="oc-118">
         <name>.text.DL_UART_enablePower</name>
         <load_address>0x38f4</load_address>
         <readonly>true</readonly>
         <executable>true</executable>
         <run_address>0x38f4</run_address>
         <size>0x18</size>
         <alignment>0x4</alignment>
         <input_file_ref idref="fl-2"/>
      </object_component>
      <object_component id="oc-1ec">
         <name>.text.DL_UART_isBusy</name>
         <load_address>0x390c</load_address>
         <readonly>true</readonly>
         <executable>true</executable>
         <run_address>0x390c</run_address>
         <size>0x18</size>
         <alignment>0x4</alignment>
         <input_file_ref idref="fl-9"/>
      </object_component>
      <object_component id="oc-1ea">
         <name>.text.DL_UART_isTXFIFOFull</name>
         <load_address>0x3924</load_address>
         <readonly>true</readonly>
         <executable>true</executable>
         <run_address>0x3924</run_address>
         <size>0x18</size>
         <alignment>0x4</alignment>
         <input_file_ref idref="fl-9"/>
      </object_component>
      <object_component id="oc-114">
         <name>.text.DL_UART_reset</name>
         <load_address>0x393c</load_address>
         <readonly>true</readonly>
         <executable>true</executable>
         <run_address>0x393c</run_address>
         <size>0x18</size>
         <alignment>0x4</alignment>
         <input_file_ref idref="fl-2"/>
      </object_component>
      <object_component id="oc-b1">
         <name>.text.SysTick_Init</name>
         <load_address>0x3954</load_address>
         <readonly>true</readonly>
         <executable>true</executable>
         <run_address>0x3954</run_address>
         <size>0x18</size>
         <alignment>0x4</alignment>
         <input_file_ref idref="fl-4"/>
      </object_component>
      <object_component id="oc-1e7">
         <name>.text._outc</name>
         <load_address>0x396c</load_address>
         <readonly>true</readonly>
         <executable>true</executable>
         <run_address>0x396c</run_address>
         <size>0x18</size>
         <alignment>0x2</alignment>
         <input_file_ref idref="fl-34"/>
      </object_component>
      <object_component id="oc-1cd">
         <name>.text._outs</name>
         <load_address>0x3984</load_address>
         <readonly>true</readonly>
         <executable>true</executable>
         <run_address>0x3984</run_address>
         <size>0x18</size>
         <alignment>0x2</alignment>
         <input_file_ref idref="fl-33"/>
      </object_component>
      <object_component id="oc-165">
         <name>.text.DL_GPIO_readPins</name>
         <load_address>0x399c</load_address>
         <readonly>true</readonly>
         <executable>true</executable>
         <run_address>0x399c</run_address>
         <size>0x16</size>
         <alignment>0x2</alignment>
         <input_file_ref idref="fl-b"/>
      </object_component>
      <object_component id="oc-15d">
         <name>.text.DL_UART_enable</name>
         <load_address>0x39b2</load_address>
         <readonly>true</readonly>
         <executable>true</executable>
         <run_address>0x39b2</run_address>
         <size>0x16</size>
         <alignment>0x2</alignment>
         <input_file_ref idref="fl-2"/>
      </object_component>
      <object_component id="oc-1eb">
         <name>.text.DL_UART_transmitData</name>
         <load_address>0x39c8</load_address>
         <readonly>true</readonly>
[...]
         <value>0x242d</value>
         <object_component_ref idref="oc-f6"/>
      </symbol>
      <symbol id="sm-273">
         <name>OLED_ShowChar</name>
         <value>0x13c9</value>
         <object_component_ref idref="oc-1d1"/>
      </symbol>
      <symbol id="sm-274">
         <name>asc2_1608</name>
         <value>0x3ca0</value>
         <object_component_ref idref="oc-1fa"/>
      </symbol>
      <symbol id="sm-275">
         <name>asc2_0806</name>
         <value>0x4290</value>
         <object_component_ref idref="oc-1fb"/>
      </symbol>
      <symbol id="sm-276">
         <name>OLED_ShowString</name>
         <value>0x23bd</value>
         <object_component_ref idref="oc-1a6"/>
      </symbol>
      <symbol id="sm-277">
         <name>OLED_Init</name>
         <value>0x14e1</value>
         <object_component_ref idref="oc-b3"/>
      </symbol>
      <symbol id="sm-279">
         <name>__TI_ATRegion0_src_addr</name>
         <value>0x0</value>
      </symbol>
      <symbol id="sm-27a">
         <name>__TI_ATRegion0_trg_addr</name>
         <value>0x0</value>
      </symbol>
      <symbol id="sm-27b">
         <name>__TI_ATRegion0_region_sz</name>
         <value>0x0</value>
      </symbol>
      <symbol id="sm-27c">
         <name>__TI_ATRegion1_src_addr</name>
         <value>0x0</value>
      </symbol>
      <symbol id="sm-27d">
         <name>__TI_ATRegion1_trg_addr</name>
         <value>0x0</value>
      </symbol>
      <symbol id="sm-27e">
         <name>__TI_ATRegion1_region_sz</name>
         <value>0x0</value>
      </symbol>
      <symbol id="sm-27f">
         <name>__TI_ATRegion2_src_addr</name>
         <value>0x0</value>
      </symbol>
      <symbol id="sm-280">
         <name>__TI_ATRegion2_trg_addr</name>
         <value>0x0</value>
      </symbol>
      <symbol id="sm-281">
         <name>__TI_ATRegion2_region_sz</name>
         <value>0x0</value>
      </symbol>
      <symbol id="sm-28a">
         <name>DL_Common_delayCycles</name>
         <value>0x3bd5</value>
         <object_component_ref idref="oc-119"/>
      </symbol>
      <symbol id="sm-296">
         <name>DL_I2C_setClockConfig</name>
         <value>0x3477</value>
         <object_component_ref idref="oc-144"/>
      </symbol>
      <symbol id="sm-297">
         <name>DL_I2C_fillControllerTXFIFO</name>
         <value>0x27c5</value>
         <object_component_ref idref="oc-168"/>
      </symbol>
      <symbol id="sm-2ae">
         <name>DL_Timer_setClockConfig</name>
         <value>0x364d</value>
         <object_component_ref idref="oc-133"/>
      </symbol>
      <symbol id="sm-2af">
         <name>DL_Timer_setCaptureCompareValue</name>
         <value>0x3b41</value>
         <object_component_ref idref="oc-13d"/>
      </symbol>
      <symbol id="sm-2b0">
         <name>DL_Timer_setCaptCompUpdateMethod</name>
         <value>0x3631</value>
         <object_component_ref idref="oc-13c"/>
      </symbol>
      <symbol id="sm-2b1">
         <name>DL_Timer_setCaptureCompareOutCtl</name>
         <value>0x3895</value>
         <object_component_ref idref="oc-13b"/>
      </symbol>
      <symbol id="sm-2b2">
         <name>DL_Timer_initFourCCPWMMode</name>
         <value>0x16fd</value>
         <object_component_ref idref="oc-139"/>
      </symbol>
      <symbol id="sm-2bf">
         <name>DL_UART_init</name>
         <value>0x2c6d</value>
         <object_component_ref idref="oc-159"/>
      </symbol>
      <symbol id="sm-2c0">
         <name>DL_UART_setClockConfig</name>
         <value>0x3afb</value>
         <object_component_ref idref="oc-153"/>
      </symbol>
      <symbol id="sm-2ce">
         <name>DL_SYSCTL_configSYSPLL</name>
         <value>0x18e5</value>
         <object_component_ref idref="oc-12a"/>
      </symbol>
      <symbol id="sm-2cf">
         <name>DL_SYSCTL_switchMCLKfromSYSOSCtoHSCLK</name>
         <value>0x2cfd</value>
         <object_component_ref idref="oc-131"/>
      </symbol>
      <symbol id="sm-2e0">
         <name>sprintf</name>
         <value>0x314d</value>
         <object_component_ref idref="oc-1a0"/>
      </symbol>
      <symbol id="sm-2f1">
         <name>vsnprintf</name>
         <value>0x2e45</value>
         <object_component_ref idref="oc-1c5"/>
      </symbol>
      <symbol id="sm-2fc">
         <name>_c_int00_noargs</name>
         <value>0x3429</value>
         <object_component_ref idref="oc-70"/>
      </symbol>
      <symbol id="sm-2fd">
         <name>__stack</name>
         <value>0x20207e00</value>
         <object_component_ref idref="oc-1a"/>
      </symbol>
      <symbol id="sm-30c">
         <name>__TI_auto_init_nobinit_nopinit</name>
         <value>0x3029</value>
         <object_component_ref idref="oc-cd"/>
      </symbol>
      <symbol id="sm-314">
         <name>_system_pre_init</name>
         <value>0x3c91</value>
         <object_component_ref idref="oc-8c"/>
      </symbol>
      <symbol id="sm-31f">
         <name>__TI_zero_init_nomemset</name>
         <value>0x39f5</value>
         <object_component_ref idref="oc-67"/>
      </symbol>
      <symbol id="sm-328">
         <name>__TI_decompress_none</name>
         <value>0x3b1f</value>
         <object_component_ref idref="oc-20"/>
      </symbol>
      <symbol id="sm-333">
         <name>__TI_decompress_lzss</name>
         <value>0x2171</value>
         <object_component_ref idref="oc-1c"/>
      </symbol>
      <symbol id="sm-37c">
         <name>__TI_printfi</name>
         <value>0xc1</value>
         <object_component_ref idref="oc-1f4"/>
      </symbol>
      <symbol id="sm-385">
         <name>wcslen</name>
         <value>0x3b81</value>
         <object_component_ref idref="oc-20c"/>
      </symbol>
      <symbol id="sm-38f">
         <name>frexp</name>
         <value>0x2825</value>
         <object_component_ref idref="oc-240"/>
      </symbol>
      <symbol id="sm-390">
         <name>frexpl</name>
         <value>0x2825</value>
         <object_component_ref idref="oc-240"/>
      </symbol>
      <symbol id="sm-39a">
         <name>scalbn</name>
         <value>0x19c1</value>
         <object_component_ref idref="oc-244"/>
      </symbol>
      <symbol id="sm-39b">
         <name>ldexp</name>
         <value>0x19c1</value>
         <object_component_ref idref="oc-244"/>
      </symbol>
      <symbol id="sm-39c">
         <name>scalbnl</name>
         <value>0x19c1</value>
         <object_component_ref idref="oc-244"/>
      </symbol>
      <symbol id="sm-39d">
         <name>ldexpl</name>
         <value>0x19c1</value>
         <object_component_ref idref="oc-244"/>
      </symbol>
      <symbol id="sm-3a8">
         <name>__aeabi_errno_addr</name>
         <value>0x3c0d</value>
         <object_component_ref idref="oc-210"/>
      </symbol>
      <symbol id="sm-3a9">
         <name>__aeabi_errno</name>
         <value>0x202000e8</value>
         <object_component_ref idref="oc-236"/>
      </symbol>
      <symbol id="sm-3b3">
         <name>abort</name>
         <value>0x3c95</value>
         <object_component_ref idref="oc-c6"/>
      </symbol>
      <symbol id="sm-3b4">
         <name>C$$EXIT</name>
         <value>0x3c94</value>
         <object_component_ref idref="oc-c6"/>
      </symbol>
      <symbol id="sm-3be">
         <name>__TI_ltoa</name>
         <value>0x2935</value>
         <object_component_ref idref="oc-24c"/>
      </symbol>
      <symbol id="sm-3ca">
         <name>atoi</name>
         <value>0x2dc5</value>
         <object_component_ref idref="oc-208"/>
      </symbol>
      <symbol id="sm-3d4">
         <name>memccpy</name>
         <value>0x34e5</value>
         <object_component_ref idref="oc-201"/>
      </symbol>
      <symbol id="sm-3da">
         <name>__aeabi_ctype_table_</name>
         <value>0x44c0</value>
         <object_component_ref idref="oc-22f"/>
      </symbol>
      <symbol id="sm-3db">
         <name>__aeabi_ctype_table_C</name>
         <value>0x44c0</value>
         <object_component_ref idref="oc-22f"/>
      </symbol>
      <symbol id="sm-3f3">
         <name>__aeabi_fadd</name>
         <value>0x1aa3</value>
         <object_component_ref idref="oc-1ba"/>
      </symbol>
      <symbol id="sm-3f4">
         <name>__addsf3</name>
         <value>0x1aa3</value>
         <object_component_ref idref="oc-1ba"/>
      </symbol>
      <symbol id="sm-3f5">
         <name>__aeabi_fsub</name>
         <value>0x1a99</value>
         <object_component_ref idref="oc-1ba"/>
      </symbol>
      <symbol id="sm-3f6">
         <name>__subsf3</name>
         <value>0x1a99</value>
         <object_component_ref idref="oc-1ba"/>
      </symbol>
      <symbol id="sm-3fc">
         <name>__aeabi_dadd</name>
         <value>0xe97</value>
         <object_component_ref idref="oc-269"/>
      </symbol>
      <symbol id="sm-3fd">
         <name>__adddf3</name>
         <value>0xe97</value>
         <object_component_ref idref="oc-269"/>
      </symbol>
      <symbol id="sm-3fe">
         <name>__aeabi_dsub</name>
         <value>0xe8d</value>
         <object_component_ref idref="oc-269"/>
      </symbol>
      <symbol id="sm-3ff">
         <name>__subdf3</name>
         <value>0xe8d</value>
         <object_component_ref idref="oc-269"/>
      </symbol>
      <symbol id="sm-408">
         <name>__aeabi_dmul</name>
         <value>0x1801</value>
         <object_component_ref idref="oc-255"/>
      </symbol>
      <symbol id="sm-409">
         <name>__muldf3</name>
         <value>0x1801</value>
         <object_component_ref idref="oc-255"/>
      </symbol>
      <symbol id="sm-40f">
         <name>__muldsi3</name>
         <value>0x30a1</value>
         <object_component_ref idref="oc-1da"/>
      </symbol>
      <symbol id="sm-415">
         <name>__aeabi_fmul</name>
         <value>0x1e59</value>
         <object_component_ref idref="oc-1b2"/>
      </symbol>
      <symbol id="sm-416">
         <name>__mulsf3</name>
         <value>0x1e59</value>
         <object_component_ref idref="oc-1b2"/>
      </symbol>
      <symbol id="sm-41c">
         <name>__aeabi_fdiv</name>
         <value>0x2071</value>
         <object_component_ref idref="oc-1b6"/>
      </symbol>
      <symbol id="sm-41d">
         <name>__divsf3</name>
         <value>0x2071</value>
         <object_component_ref idref="oc-1b6"/>
      </symbol>
      <symbol id="sm-423">
         <name>__aeabi_ddiv</name>
         <value>0x15f1</value>
         <object_component_ref idref="oc-265"/>
      </symbol>
      <symbol id="sm-424">
         <name>__divdf3</name>
         <value>0x15f1</value>
         <object_component_ref idref="oc-265"/>
      </symbol>
      <symbol id="sm-42a">
         <name>__aeabi_d2iz</name>
         <value>0x2c21</value>
         <object_component_ref idref="oc-248"/>
      </symbol>
      <symbol id="sm-42b">
         <name>__fixdfsi</name>
         <value>0x2c21</value>
         <object_component_ref idref="oc-248"/>
      </symbol>
      <symbol id="sm-431">
         <name>__aeabi_f2uiz</name>
         <value>0x31ed</value>
         <object_component_ref idref="oc-1be"/>
      </symbol>
      <symbol id="sm-432">
         <name>__fixunssfsi</name>
         <value>0x31ed</value>
         <object_component_ref idref="oc-1be"/>
      </symbol>
      <symbol id="sm-438">
         <name>__aeabi_i2d</name>
         <value>0x3309</value>
         <object_component_ref idref="oc-250"/>
      </symbol>
      <symbol id="sm-439">
         <name>__floatsidf</name>
         <value>0x3309</value>
         <object_component_ref idref="oc-250"/>
      </symbol>
      <symbol id="sm-43f">
         <name>__aeabi_i2f</name>
         <value>0x2fb1</value>
         <object_component_ref idref="oc-196"/>
      </symbol>
      <symbol id="sm-440">
         <name>__floatsisf</name>
         <value>0x2fb1</value>
         <object_component_ref idref="oc-196"/>
      </symbol>
      <symbol id="sm-446">
         <name>__aeabi_lmul</name>
         <value>0x34c1</value>
         <object_component_ref idref="oc-215"/>
      </symbol>
      <symbol id="sm-447">
         <name>__muldi3</name>
         <value>0x34c1</value>
         <object_component_ref idref="oc-215"/>
      </symbol>
      <symbol id="sm-44d">
         <name>__aeabi_dcmpeq</name>
         <value>0x269d</value>
         <object_component_ref idref="oc-21f"/>
      </symbol>
      <symbol id="sm-44e">
         <name>__aeabi_dcmplt</name>
         <value>0x26b1</value>
         <object_component_ref idref="oc-21f"/>
      </symbol>
      <symbol id="sm-44f">
         <name>__aeabi_dcmple</name>
         <value>0x26c5</value>
         <object_component_ref idref="oc-21f"/>
      </symbol>
      <symbol id="sm-450">
         <name>__aeabi_dcmpge</name>
         <value>0x26d9</value>
         <object_component_ref idref="oc-21f"/>
      </symbol>
      <symbol id="sm-451">
         <name>__aeabi_dcmpgt</name>
         <value>0x26ed</value>
         <object_component_ref idref="oc-21f"/>
      </symbol>
      <symbol id="sm-457">
         <name>__aeabi_fcmpeq</name>
         <value>0x2701</value>
         <object_component_ref idref="oc-1ad"/>
      </symbol>
      <symbol id="sm-458">
         <name>__aeabi_fcmplt</name>
         <value>0x2715</value>
         <object_component_ref idref="oc-1ad"/>
      </symbol>
      <symbol id="sm-459">
         <name>__aeabi_fcmple</name>
         <value>0x2729</value>
         <object_component_ref idref="oc-1ad"/>
      </symbol>
      <symbol id="sm-45a">
         <name>__aeabi_fcmpge</name>
         <value>0x273d</value>
         <object_component_ref idref="oc-1ad"/>
      </symbol>
      <symbol id="sm-45b">
         <name>__aeabi_fcmpgt</name>
         <value>0x2751</value>
         <object_component_ref idref="oc-1ad"/>
      </symbol>
      <symbol id="sm-461">
         <name>__aeabi_idiv</name>
         <value>0x29e5</value>
         <object_component_ref idref="oc-27f"/>
      </symbol>
      <symbol id="sm-462">
         <name>__aeabi_idivmod</name>
         <value>0x29e5</value>
         <object_component_ref idref="oc-27f"/>
      </symbol>
      <symbol id="sm-468">
         <name>__aeabi_memcpy</name>
         <value>0x3c15</value>
         <object_component_ref idref="oc-60"/>
      </symbol>
      <symbol id="sm-469">
         <name>__aeabi_memcpy4</name>
         <value>0x3c15</value>
         <object_component_ref idref="oc-60"/>
      </symbol>
      <symbol id="sm-46a">
         <name>__aeabi_memcpy8</name>
         <value>0x3c15</value>
         <object_component_ref idref="oc-60"/>
      </symbol>
      <symbol id="sm-473">
         <name>__aeabi_memset</name>
         <value>0x3b91</value>
         <object_component_ref idref="oc-200"/>
      </symbol>
      <symbol id="sm-474">
         <name>__aeabi_memset4</name>
         <value>0x3b91</value>
         <object_component_ref idref="oc-200"/>
      </symbol>
      <symbol id="sm-475">
         <name>__aeabi_memset8</name>
         <value>0x3b91</value>
         <object_component_ref idref="oc-200"/>
      </symbol>
      <symbol id="sm-476">
         <name>__aeabi_memclr</name>
         <value>0x3bc9</value>
         <object_component_ref idref="oc-87"/>
      </symbol>
      <symbol id="sm-477">
         <name>__aeabi_memclr4</name>
         <value>0x3bc9</value>
         <object_component_ref idref="oc-87"/>
      </symbol>
      <symbol id="sm-478">
         <name>__aeabi_memclr8</name>
         <value>0x3bc9</value>
         <object_component_ref idref="oc-87"/>
      </symbol>
      <symbol id="sm-47e">
         <name>__aeabi_uidiv</name>
         <value>0x2d85</value>
         <object_component_ref idref="oc-1f6"/>
      </symbol>
      <symbol id="sm-47f">
         <name>__aeabi_uidivmod</name>
         <value>0x2d85</value>
         <object_component_ref idref="oc-1f6"/>
      </symbol>
      <symbol id="sm-485">
         <name>__aeabi_uldivmod</name>
         <value>0x3ac1</value>
         <object_component_ref idref="oc-21a"/>
      </symbol>
      <symbol id="sm-48e">
         <name>__eqsf2</name>
         <value>0x3065</value>
         <object_component_ref idref="oc-1d2"/>
      </symbol>
      <symbol id="sm-48f">
         <name>__lesf2</name>
         <value>0x3065</value>
         <object_component_ref idref="oc-1d2"/>
      </symbol>
      <symbol id="sm-490">
         <name>__ltsf2</name>
         <value>0x3065</value>
         <object_component_ref idref="oc-1d2"/>
      </symbol>
      <symbol id="sm-491">
         <name>__nesf2</name>
         <value>0x3065</value>
         <object_component_ref idref="oc-1d2"/>
      </symbol>
      <symbol id="sm-492">
         <name>__cmpsf2</name>
         <value>0x3065</value>
         <object_component_ref idref="oc-1d2"/>
      </symbol>
      <symbol id="sm-493">
         <name>__gtsf2</name>
         <value>0x2fed</value>
         <object_component_ref idref="oc-1d7"/>
      </symbol>
      <symbol id="sm-494">
         <name>__gesf2</name>
         <value>0x2fed</value>
         <object_component_ref idref="oc-1d7"/>
      </symbol>
      <symbol id="sm-49a">
         <name>__udivmoddi4</name>
         <value>0x1d1d</value>
         <object_component_ref idref="oc-23b"/>
      </symbol>
      <symbol id="sm-4a0">
         <name>__aeabi_llsl</name>
         <value>0x3569</value>
         <object_component_ref idref="oc-273"/>
      </symbol>
      <symbol id="sm-4a1">
         <name>__ashldi3</name>
         <value>0x3569</value>
         <object_component_ref idref="oc-273"/>
      </symbol>
      <symbol id="sm-4a7">
         <name>__aeabi_f2iz</name>
         <value>0x3115</value>
         <object_component_ref idref="oc-1e1"/>
      </symbol>
      <symbol id="sm-4a8">
         <name>__fixsfsi</name>
         <value>0x3115</value>
         <object_component_ref idref="oc-1e1"/>
      </symbol>
      <symbol id="sm-4b6">
         <name>__ledf2</name>
         <value>0x2569</value>
         <object_component_ref idref="oc-25d"/>
      </symbol>
      <symbol id="sm-4b7">
         <name>__gedf2</name>
         <value>0x22d9</value>
         <object_component_ref idref="oc-263"/>
      </symbol>
      <symbol id="sm-4b8">
         <name>__cmpdf2</name>
         <value>0x2569</value>
         <object_component_ref idref="oc-25d"/>
      </symbol>
      <symbol id="sm-4b9">
         <name>__eqdf2</name>
         <value>0x2569</value>
         <object_component_ref idref="oc-25d"/>
      </symbol>
      <symbol id="sm-4ba">
         <name>__ltdf2</name>
         <value>0x2569</value>
         <object_component_ref idref="oc-25d"/>
      </symbol>
      <symbol id="sm-4bb">
         <name>__nedf2</name>
         <value>0x2569</value>
         <object_component_ref idref="oc-25d"/>
      </symbol>
      <symbol id="sm-4bc">
         <name>__gtdf2</name>
         <value>0x22d9</value>
         <object_component_ref idref="oc-263"/>
      </symbol>
      <symbol id="sm-4c8">
         <name>__aeabi_idiv0</name>
         <value>0x101f</value>
         <object_component_ref idref="oc-226"/>
      </symbol>
      <symbol id="sm-4c9">
         <name>__aeabi_ldiv0</name>
         <value>0x1c47</value>
         <object_component_ref idref="oc-272"/>
      </symbol>
      <symbol id="sm-4d3">
         <name>TI_memcpy_small</name>
         <value>0x3b0d</value>
         <object_component_ref idref="oc-a2"/>
      </symbol>
      <symbol id="sm-4dc">
         <name>TI_memset_small</name>
         <value>0x3bad</value>
         <object_component_ref idref="oc-e0"/>
      </symbol>
      <symbol id="sm-4dd">
         <name>__TI_static_base__</name>
         <value>0x0</value>
      </symbol>
      <symbol id="sm-4e1">
         <name>__mpu_init</name>
         <value>0x0</value>
      </symbol>
      <symbol id="sm-4e2">
         <name>_system_post_cinit</name>
         <value>0x0</value>
      </symbol>
   </symbol_table>
   <title>Link successful</title>
</link_info>
