Component: ARM Compiler 5.06 update 7 (build 960) Tool: armlink [4d3601]

==============================================================================

Section Cross References

    startup_stm32f407xx.o(RESET) refers to startup_stm32f407xx.o(STACK) for __initial_sp
    startup_stm32f407xx.o(RESET) refers to startup_stm32f407xx.o(.text) for Reset_Handler
    startup_stm32f407xx.o(RESET) refers to stm32f4xx_it.o(i.NMI_Handler) for NMI_Handler
    startup_stm32f407xx.o(RESET) refers to stm32f4xx_it.o(i.HardFault_Handler) for HardFault_Handler
    startup_stm32f407xx.o(RESET) refers to stm32f4xx_it.o(i.MemManage_Handler) for MemManage_Handler
    startup_stm32f407xx.o(RESET) refers to stm32f4xx_it.o(i.BusFault_Handler) for BusFault_Handler
    startup_stm32f407xx.o(RESET) refers to stm32f4xx_it.o(i.UsageFault_Handler) for UsageFault_Handler
    startup_stm32f407xx.o(RESET) refers to stm32f4xx_it.o(i.SVC_Handler) for SVC_Handler
    startup_stm32f407xx.o(RESET) refers to stm32f4xx_it.o(i.DebugMon_Handler) for DebugMon_Handler
    startup_stm32f407xx.o(RESET) refers to stm32f4xx_it.o(i.PendSV_Handler) for PendSV_Handler
    startup_stm32f407xx.o(RESET) refers to stm32f4xx_it.o(i.SysTick_Handler) for SysTick_Handler
    startup_stm32f407xx.o(RESET) refers to stm32f4xx_it.o(i.DMA1_Stream2_IRQHandler) for DMA1_Stream2_IRQHandler
    startup_stm32f407xx.o(RESET) refers to stm32f4xx_it.o(i.DMA1_Stream5_IRQHandler) for DMA1_Stream5_IRQHandler
    startup_stm32f407xx.o(RESET) refers to stm32f4xx_it.o(i.TIM2_IRQHandler) for TIM2_IRQHandler
    startup_stm32f407xx.o(RESET) refers to stm32f4xx_it.o(i.TIM3_IRQHandler) for TIM3_IRQHandler
    startup_stm32f407xx.o(RESET) refers to stm32f4xx_it.o(i.TIM4_IRQHandler) for TIM4_IRQHandler
    startup_stm32f407xx.o(RESET) refers to stm32f4xx_it.o(i.USART2_IRQHandler) for USART2_IRQHandler
    startup_stm32f407xx.o(RESET) refers to stm32f4xx_it.o(i.UART4_IRQHandler) for UART4_IRQHandler
    startup_stm32f407xx.o(.text) refers to system_stm32f4xx.o(i.SystemInit) for SystemInit
    startup_stm32f407xx.o(.text) refers to entry.o(.ARM.Collect$$$$00000000) for __main
    main.o(i.SystemClock_Config) refers to memseta.o(.text) for __aeabi_memclr4
    main.o(i.SystemClock_Config) refers to stm32f4xx_hal_rcc.o(i.HAL_RCC_OscConfig) for HAL_RCC_OscConfig
    main.o(i.SystemClock_Config) refers to main.o(i.Error_Handler) for Error_Handler
    main.o(i.SystemClock_Config) refers to stm32f4xx_hal_rcc.o(i.HAL_RCC_ClockConfig) for HAL_RCC_ClockConfig
    main.o(i.main) refers to stm32f4xx_hal.o(i.HAL_Init) for HAL_Init
    main.o(i.main) refers to main.o(i.SystemClock_Config) for SystemClock_Config
    main.o(i.main) refers to gpio.o(i.MX_GPIO_Init) for MX_GPIO_Init
    main.o(i.main) refers to dma.o(i.MX_DMA_Init) for MX_DMA_Init
    main.o(i.main) refers to usart.o(i.MX_USART2_UART_Init) for MX_USART2_UART_Init
    main.o(i.main) refers to tim.o(i.MX_TIM1_Init) for MX_TIM1_Init
    main.o(i.main) refers to tim.o(i.MX_TIM2_Init) for MX_TIM2_Init
    main.o(i.main) refers to tim.o(i.MX_TIM3_Init) for MX_TIM3_Init
    main.o(i.main) refers to tim.o(i.MX_TIM4_Init) for MX_TIM4_Init
    main.o(i.main) refers to i2c.o(i.MX_I2C2_Init) for MX_I2C2_Init
    main.o(i.main) refers to spi.o(i.MX_SPI1_Init) for MX_SPI1_Init
    main.o(i.main) refers to usart.o(i.MX_UART4_Init) for MX_UART4_Init
    main.o(i.main) refers to w25qxx.o(i.W25QXX_Init) for W25QXX_Init
    main.o(i.main) refers to uart_app.o(i.My_Uart_Init) for My_Uart_Init
    main.o(i.main) refers to stm32f4xx_hal.o(i.HAL_Delay) for HAL_Delay
    main.o(i.main) refers to oled.o(i.OLED_Init) for OLED_Init
    main.o(i.main) refers to encoder_app.o(i.Encoder_Init) for Encoder_Init
    main.o(i.main) refers to motor_app.o(i.Motor_Init) for Motor_Init
    main.o(i.main) refers to key_app.o(i.button_system_init) for button_system_init
    main.o(i.main) refers to pid_app.o(i.PID_Init) for PID_Init
    main.o(i.main) refers to scheduler.o(i.Scheduler_Init) for Scheduler_Init
    main.o(i.main) refers to scheduler.o(i.Scheduler_Run) for Scheduler_Run
    gpio.o(i.MX_GPIO_Init) refers to memseta.o(.text) for __aeabi_memclr4
    gpio.o(i.MX_GPIO_Init) refers to stm32f4xx_hal_gpio.o(i.HAL_GPIO_WritePin) for HAL_GPIO_WritePin
    gpio.o(i.MX_GPIO_Init) refers to stm32f4xx_hal_gpio.o(i.HAL_GPIO_Init) for HAL_GPIO_Init
    dma.o(i.MX_DMA_Init) refers to stm32f4xx_hal_cortex.o(i.HAL_NVIC_SetPriority) for HAL_NVIC_SetPriority
    dma.o(i.MX_DMA_Init) refers to stm32f4xx_hal_cortex.o(i.HAL_NVIC_EnableIRQ) for HAL_NVIC_EnableIRQ
    i2c.o(i.HAL_I2C_MspDeInit) refers to stm32f4xx_hal_gpio.o(i.HAL_GPIO_DeInit) for HAL_GPIO_DeInit
    i2c.o(i.HAL_I2C_MspInit) refers to memseta.o(.text) for __aeabi_memclr4
    i2c.o(i.HAL_I2C_MspInit) refers to stm32f4xx_hal_gpio.o(i.HAL_GPIO_Init) for HAL_GPIO_Init
    i2c.o(i.MX_I2C2_Init) refers to stm32f4xx_hal_i2c.o(i.HAL_I2C_Init) for HAL_I2C_Init
[...]
    i.TIM_OC3_SetConfig                      0x08004bdc   Section        0  stm32f4xx_hal_tim.o(i.TIM_OC3_SetConfig)
    TIM_OC3_SetConfig                        0x08004bdd   Thumb Code   112  stm32f4xx_hal_tim.o(i.TIM_OC3_SetConfig)
    i.TIM_OC4_SetConfig                      0x08004c54   Section        0  stm32f4xx_hal_tim.o(i.TIM_OC4_SetConfig)
    TIM_OC4_SetConfig                        0x08004c55   Thumb Code    74  stm32f4xx_hal_tim.o(i.TIM_OC4_SetConfig)
    i.TIM_TI1_ConfigInputStage               0x08004ca8   Section        0  stm32f4xx_hal_tim.o(i.TIM_TI1_ConfigInputStage)
    TIM_TI1_ConfigInputStage                 0x08004ca9   Thumb Code    38  stm32f4xx_hal_tim.o(i.TIM_TI1_ConfigInputStage)
    i.TIM_TI2_ConfigInputStage               0x08004cce   Section        0  stm32f4xx_hal_tim.o(i.TIM_TI2_ConfigInputStage)
    TIM_TI2_ConfigInputStage                 0x08004ccf   Thumb Code    40  stm32f4xx_hal_tim.o(i.TIM_TI2_ConfigInputStage)
    i.UART4_IRQHandler                       0x08004cf8   Section        0  stm32f4xx_it.o(i.UART4_IRQHandler)
    i.UART_DMAAbortOnError                   0x08004d08   Section        0  stm32f4xx_hal_uart.o(i.UART_DMAAbortOnError)
    UART_DMAAbortOnError                     0x08004d09   Thumb Code    18  stm32f4xx_hal_uart.o(i.UART_DMAAbortOnError)
    i.UART_DMAError                          0x08004d1a   Section        0  stm32f4xx_hal_uart.o(i.UART_DMAError)
    UART_DMAError                            0x08004d1b   Thumb Code    80  stm32f4xx_hal_uart.o(i.UART_DMAError)
    i.UART_DMAReceiveCplt                    0x08004d6a   Section        0  stm32f4xx_hal_uart.o(i.UART_DMAReceiveCplt)
    UART_DMAReceiveCplt                      0x08004d6b   Thumb Code   180  stm32f4xx_hal_uart.o(i.UART_DMAReceiveCplt)
    i.UART_DMARxHalfCplt                     0x08004e1e   Section        0  stm32f4xx_hal_uart.o(i.UART_DMARxHalfCplt)
    UART_DMARxHalfCplt                       0x08004e1f   Thumb Code    36  stm32f4xx_hal_uart.o(i.UART_DMARxHalfCplt)
    i.UART_EndRxTransfer                     0x08004e42   Section        0  stm32f4xx_hal_uart.o(i.UART_EndRxTransfer)
    UART_EndRxTransfer                       0x08004e43   Thumb Code   108  stm32f4xx_hal_uart.o(i.UART_EndRxTransfer)
    i.UART_EndTransmit_IT                    0x08004eae   Section        0  stm32f4xx_hal_uart.o(i.UART_EndTransmit_IT)
    UART_EndTransmit_IT                      0x08004eaf   Thumb Code    32  stm32f4xx_hal_uart.o(i.UART_EndTransmit_IT)
    i.UART_EndTxTransfer                     0x08004ece   Section        0  stm32f4xx_hal_uart.o(i.UART_EndTxTransfer)
    UART_EndTxTransfer                       0x08004ecf   Thumb Code    38  stm32f4xx_hal_uart.o(i.UART_EndTxTransfer)
    i.UART_Receive_IT                        0x08004ef4   Section        0  stm32f4xx_hal_uart.o(i.UART_Receive_IT)
    UART_Receive_IT                          0x08004ef5   Thumb Code   252  stm32f4xx_hal_uart.o(i.UART_Receive_IT)
    i.UART_SetConfig                         0x08004ff0   Section        0  stm32f4xx_hal_uart.o(i.UART_SetConfig)
    UART_SetConfig                           0x08004ff1   Thumb Code   546  stm32f4xx_hal_uart.o(i.UART_SetConfig)
    i.UART_Start_Receive_DMA                 0x0800521c   Section        0  stm32f4xx_hal_uart.o(i.UART_Start_Receive_DMA)
    i.UART_Transmit_IT                       0x080052f4   Section        0  stm32f4xx_hal_uart.o(i.UART_Transmit_IT)
    UART_Transmit_IT                         0x080052f5   Thumb Code    96  stm32f4xx_hal_uart.o(i.UART_Transmit_IT)
    i.UART_WaitOnFlagUntilTimeout            0x08005354   Section        0  stm32f4xx_hal_uart.o(i.UART_WaitOnFlagUntilTimeout)
    UART_WaitOnFlagUntilTimeout              0x08005355   Thumb Code   140  stm32f4xx_hal_uart.o(i.UART_WaitOnFlagUntilTimeout)
    i.USART2_IRQHandler                      0x080053e0   Section        0  stm32f4xx_it.o(i.USART2_IRQHandler)
    i.Uart_Proc                              0x080053f0   Section        0  uart_app.o(i.Uart_Proc)
    i.UsageFault_Handler                     0x08005454   Section        0  stm32f4xx_it.o(i.UsageFault_Handler)
    i.W25QXX_Init                            0x08005458   Section        0  w25qxx.o(i.W25QXX_Init)
    i.W25QXX_ReadCapacity                    0x080054b8   Section        0  w25qxx.o(i.W25QXX_ReadCapacity)
    i.W25QXX_ReadID                          0x08005514   Section        0  w25qxx.o(i.W25QXX_ReadID)
    i.W25QXX_ReadUniqueID                    0x08005560   Section        0  w25qxx.o(i.W25QXX_ReadUniqueID)
    i.W25QXX_SPI_ReadWriteByte               0x080055b0   Section        0  w25qxx.o(i.W25QXX_SPI_ReadWriteByte)
    W25QXX_SPI_ReadWriteByte                 0x080055b1   Thumb Code    36  w25qxx.o(i.W25QXX_SPI_ReadWriteByte)
    i.Wit_Parse                              0x080055d8   Section        0  wit.o(i.Wit_Parse)
    i._OLED_GetUTF8Len                       0x080058fc   Section        0  oled.o(i._OLED_GetUTF8Len)
    i.__0sprintf                             0x08005938   Section        0  printfa.o(i.__0sprintf)
    i.__0vsnprintf                           0x08005960   Section        0  printfa.o(i.__0vsnprintf)
    i.__NVIC_GetPriorityGrouping             0x08005994   Section        0  stm32f4xx_hal_cortex.o(i.__NVIC_GetPriorityGrouping)
    __NVIC_GetPriorityGrouping               0x08005995   Thumb Code    10  stm32f4xx_hal_cortex.o(i.__NVIC_GetPriorityGrouping)
    i.__NVIC_SetPriority                     0x080059a4   Section        0  stm32f4xx_hal_cortex.o(i.__NVIC_SetPriority)
    __NVIC_SetPriority                       0x080059a5   Thumb Code    32  stm32f4xx_hal_cortex.o(i.__NVIC_SetPriority)
    i.__scatterload_copy                     0x080059cc   Section       14  handlers.o(i.__scatterload_copy)
    i.__scatterload_null                     0x080059da   Section        2  handlers.o(i.__scatterload_null)
    i.__scatterload_zeroinit                 0x080059dc   Section       14  handlers.o(i.__scatterload_zeroinit)
    i._fp_digits                             0x080059ec   Section        0  printfa.o(i._fp_digits)
    _fp_digits                               0x080059ed   Thumb Code   366  printfa.o(i._fp_digits)
    i._printf_core                           0x08005b70   Section        0  printfa.o(i._printf_core)
    _printf_core                             0x08005b71   Thumb Code  1704  printfa.o(i._printf_core)
    i._printf_post_padding                   0x08006224   Section        0  printfa.o(i._printf_post_padding)
    _printf_post_padding                     0x08006225   Thumb Code    36  printfa.o(i._printf_post_padding)
    i._printf_pre_padding                    0x08006248   Section        0  printfa.o(i._printf_pre_padding)
    _printf_pre_padding                      0x08006249   Thumb Code    46  printfa.o(i._printf_pre_padding)
    i._snputc                                0x08006276   Section        0  printfa.o(i._snputc)
    _snputc                                  0x08006277   Thumb Code    22  printfa.o(i._snputc)
    i._sputc                                 0x0800628c   Section        0  printfa.o(i._sputc)
    _sputc                                   0x0800628d   Thumb Code    10  printfa.o(i._sputc)
    i.bit_array_and                          0x08006296   Section        0  ebtn.o(i.bit_array_and)
    bit_array_and                            0x08006297   Thumb Code    38  ebtn.o(i.bit_array_and)
    i.bit_array_assign                       0x080062bc   Section        0  ebtn.o(i.bit_array_assign)
    bit_array_assign                         0x080062bd   Thumb Code    46  ebtn.o(i.bit_array_assign)
    i.bit_array_cmp                          0x080062ea   Section        0  ebtn.o(i.bit_array_cmp)
    bit_array_cmp                            0x080062eb   Thumb Code    36  ebtn.o(i.bit_array_cmp)
    i.bit_array_get                          0x0800630e   Section        0  ebtn.o(i.bit_array_get)
    bit_array_get                            0x0800630f   Thumb Code    22  ebtn.o(i.bit_array_get)
    i.bit_array_num_bits_set                 0x08006324   Section        0  ebtn.o(i.bit_array_num_bits_set)
    bit_array_num_bits_set                   0x08006325   Thumb Code    84  ebtn.o(i.bit_array_num_bits_set)
    i.bit_array_or                           0x08006378   Section        0  ebtn.o(i.bit_array_or)
    bit_array_or                             0x08006379   Thumb Code    38  ebtn.o(i.bit_array_or)
    i.button_event_handler                   0x0800639e   Section        0  key_app.o(i.button_event_handler)
    i.button_system_init                     0x080063d4   Section        0  key_app.o(i.button_system_init)
    i.ebtn_combo_btn_add_btn                 0x08006420   Section        0  ebtn.o(i.ebtn_combo_btn_add_btn)
    i.ebtn_combo_btn_add_btn_by_idx          0x08006440   Section        0  ebtn.o(i.ebtn_combo_btn_add_btn_by_idx)
    i.ebtn_get_btn_by_key_id                 0x08006460   Section        0  ebtn.o(i.ebtn_get_btn_by_key_id)
    i.ebtn_get_btn_index_by_key_id           0x080064b0   Section        0  ebtn.o(i.ebtn_get_btn_index_by_key_id)
    i.ebtn_get_current_state                 0x080064f8   Section        0  ebtn.o(i.ebtn_get_current_state)
    ebtn_get_current_state                   0x080064f9   Thumb Code    82  ebtn.o(i.ebtn_get_current_state)
    i.ebtn_init                              0x08006550   Section        0  ebtn.o(i.ebtn_init)
    i.ebtn_process                           0x080065ac   Section        0  ebtn.o(i.ebtn_process)
    i.ebtn_process_btn                       0x080065c6   Section        0  ebtn.o(i.ebtn_process_btn)
    ebtn_process_btn                         0x080065c7   Thumb Code    62  ebtn.o(i.ebtn_process_btn)
    i.ebtn_process_btn_combo                 0x08006604   Section        0  ebtn.o(i.ebtn_process_btn_combo)
    ebtn_process_btn_combo                   0x08006605   Thumb Code   124  ebtn.o(i.ebtn_process_btn_combo)
    i.ebtn_process_with_curr_state           0x08006680   Section        0  ebtn.o(i.ebtn_process_with_curr_state)
    i.ebtn_set_combo_suppress_threshold      0x08006840   Section        0  ebtn.o(i.ebtn_set_combo_suppress_threshold)
    i.ebtn_set_config                        0x0800684c   Section        0  ebtn.o(i.ebtn_set_config)
    i.ebtn_timer_sub                         0x08006858   Section        0  ebtn.o(i.ebtn_timer_sub)
    ebtn_timer_sub                           0x08006859   Thumb Code     6  ebtn.o(i.ebtn_timer_sub)
    i.get_button_state                       0x08006860   Section        0  key_app.o(i.get_button_state)
    i.handle_combo_button                    0x080068b4   Section        0  key_app.o(i.handle_combo_button)
    i.handle_mode1_button                    0x080068c0   Section        0  key_app.o(i.handle_mode1_button)
    i.handle_mode2_button                    0x08006924   Section        0  key_app.o(i.handle_mode2_button)
    i.main                                   0x08006962   Section        0  main.o(i.main)
    i.my_printf                              0x080069c0   Section        0  uart_app.o(i.my_printf)
    i.pid_calculate_positional               0x080069fa   Section        0  pid.o(i.pid_calculate_positional)
    i.pid_constrain                          0x08006a20   Section        0  pid.o(i.pid_constrain)
    i.pid_formula_positional                 0x08006a4a   Section        0  pid.o(i.pid_formula_positional)
    pid_formula_positional                   0x08006a4b   Thumb Code   122  pid.o(i.pid_formula_positional)
    i.pid_init                               0x08006ac4   Section        0  pid.o(i.pid_init)
    i.pid_out_limit                          0x08006b18   Section        0  pid.o(i.pid_out_limit)
    pid_out_limit                            0x08006b19   Thumb Code    64  pid.o(i.pid_out_limit)
    i.pid_set_target                         0x08006b58   Section        0  pid.o(i.pid_set_target)
    i.prv_get_combo_btn_by_key_id            0x08006b60   Section        0  ebtn.o(i.prv_get_combo_btn_by_key_id)
    prv_get_combo_btn_by_key_id              0x08006b61   Thumb Code    70  ebtn.o(i.prv_get_combo_btn_by_key_id)
    i.prv_process_btn                        0x08006bac   Section        0  ebtn.o(i.prv_process_btn)
    prv_process_btn                          0x08006bad   Thumb Code   878  ebtn.o(i.prv_process_btn)
    .constdata                               0x08006f20   Section     7140  font.o(.constdata)
    .constdata                               0x08008b04   Section        8  stm32f4xx_hal_dma.o(.constdata)
    flagBitshiftOffset                       0x08008b04   Data           8  stm32f4xx_hal_dma.o(.constdata)
    .constdata                               0x08008b0c   Section       24  system_stm32f4xx.o(.constdata)
    .constdata                               0x08008b24   Section       14  key_app.o(.constdata)
    btn_param                                0x08008b24   Data          14  key_app.o(.constdata)
    .data                                    0x20000000   Section        4  oled.o(.data)
    sendBuffer                               0x20000000   Data           2  oled.o(.data)
    temp                                     0x20000002   Data           1  oled.o(.data)
    temp                                     0x20000003   Data           1  oled.o(.data)
    .data                                    0x20000004   Section       16  w25qxx.o(.data)
    .data                                    0x20000014   Section        9  stm32f4xx_hal.o(.data)
    .data                                    0x20000020   Section        4  system_stm32f4xx.o(.data)
    .data                                    0x20000024   Section        4  uart_app.o(.data)
    .data                                    0x20000028   Section        1  interrupt.o(.data)
    .data                                    0x2000002c   Section       36  gray_app.o(.data)
    .data                                    0x20000050   Section       48  pid_app.o(.data)
    .data                                    0x20000080   Section      120  key_app.o(.data)
    buttons                                  0x20000080   Data          84  key_app.o(.data)
    combo_buttons                            0x200000d4   Data          36  key_app.o(.data)
    .data                                    0x200000f8   Section       64  scheduler.o(.data)
    scheduler_task                           0x200000fc   Data          60  scheduler.o(.data)
    .bss                                     0x20000138   Section       84  i2c.o(.bss)
    .bss                                     0x2000018c   Section       88  spi.o(.bss)
    .bss                                     0x200001e4   Section      288  tim.o(.bss)
    .bss                                     0x20000304   Section      336  usart.o(.bss)
    .bss                                     0x20000454   Section     1153  oled.o(.bss)
    sendBuffer                               0x20000854   Data         129  oled.o(.bss)
    .bss                                     0x200008d8   Section       60  ebtn.o(.bss)
    ebtn_default                             0x200008d8   Data          60  ebtn.o(.bss)
    .bss                                     0x20000914   Section      288  uart_app.o(.bss)
    .bss                                     0x20000a34   Section       72  motor_app.o(.bss)
    .bss                                     0x20000a7c   Section       40  encoder_app.o(.bss)
    .bss                                     0x20000aa4   Section      120  pid_app.o(.bss)
    STACK                                    0x20000b20   Section     2048  startup_stm32f407xx.o(STACK)

    Global Symbols

    Symbol Name                              Value     Ov Type        Size  Object(Section)

    BuildAttributes$$THM_ISAv4$E$P$D$K$B$S$7EM$VFPi3$EXTD16$VFPS$VFMA$PE$A:L22UL41UL21$X:L11$S22US41US21$IEEE1$IW$USESV6$~STKCKD$USESV7$~SHL$OSPACE$ROPI$EBA8$MICROLIB$REQ8$PRES8$EABIv2 0x00000000   Number         0  anon$$obj.o ABSOLUTE
    __ARM_use_no_argv                        0x00000000   Number         0  main.o ABSOLUTE
    _printf_a                                0x00000000   Number         0  stubs.o ABSOLUTE
    _printf_c                                0x00000000   Number         0  stubs.o ABSOLUTE
    _printf_charcount                        0x00000000   Number         0  stubs.o ABSOLUTE
    _printf_d                                0x00000000   Number         0  stubs.o ABSOLUTE
    _printf_e                                0x00000000   Number         0  stubs.o ABSOLUTE
    _printf_f                                0x00000000   Number         0  stubs.o ABSOLUTE
    _printf_flags                            0x00000000   Number         0  stubs.o ABSOLUTE
    _printf_fp_dec                           0x00000000   Number         0  stubs.o ABSOLUTE
    _printf_fp_hex                           0x00000000   Number         0  stubs.o ABSOLUTE
    _printf_g                                0x00000000   Number         0  stubs.o ABSOLUTE
    _printf_i                                0x00000000   Number         0  stubs.o ABSOLUTE
    _printf_int_dec                          0x00000000   Number         0  stubs.o ABSOLUTE
    _printf_l                                0x00000000   Number         0  stubs.o ABSOLUTE
    _printf_lc                               0x00000000   Number         0  stubs.o ABSOLUTE
    _printf_ll                               0x00000000   Number         0  stubs.o ABSOLUTE
    _printf_lld                              0x00000000   Number         0  stubs.o ABSOLUTE
    _printf_lli                              0x00000000   Number         0  stubs.o ABSOLUTE
    _printf_llo                              0x00000000   Number         0  stubs.o ABSOLUTE
    _printf_llu                              0x00000000   Number         0  stubs.o ABSOLUTE
    _printf_llx                              0x00000000   Number         0  stubs.o ABSOLUTE
    _printf_longlong_dec                     0x00000000   Number         0  stubs.o ABSOLUTE
    _printf_longlong_hex                     0x00000000   Number         0  stubs.o ABSOLUTE
    _printf_longlong_oct                     0x00000000   Number         0  stubs.o ABSOLUTE
    _printf_ls                               0x00000000   Number         0  stubs.o ABSOLUTE
    _printf_mbtowc                           0x00000000   Number         0  stubs.o ABSOLUTE
    _printf_n                                0x00000000   Number         0  stubs.o ABSOLUTE
    _printf_o                                0x00000000   Number         0  stubs.o ABSOLUTE
    _printf_p                                0x00000000   Number         0  stubs.o ABSOLUTE
    _printf_percent                          0x00000000   Number         0  stubs.o ABSOLUTE
    _printf_pre_padding                      0x00000000   Number         0  stubs.o ABSOLUTE
    _printf_return_value                     0x00000000   Number         0  stubs.o ABSOLUTE
    _printf_s                                0x00000000   Number         0  stubs.o ABSOLUTE
    _printf_sizespec                         0x00000000   Number         0  stubs.o ABSOLUTE
    _printf_str                              0x00000000   Number         0  stubs.o ABSOLUTE
    _printf_truncate_signed                  0x00000000   Number         0  stubs.o ABSOLUTE
    _printf_truncate_unsigned                0x00000000   Number         0  stubs.o ABSOLUTE
    _printf_u                                0x00000000   Number         0  stubs.o ABSOLUTE
    _printf_wc                               0x00000000   Number         0  stubs.o ABSOLUTE
    _printf_wctomb                           0x00000000   Number         0  stubs.o ABSOLUTE
    _printf_widthprec                        0x00000000   Number         0  stubs.o ABSOLUTE
    _printf_x                                0x00000000   Number         0  stubs.o ABSOLUTE
    __arm_fini_                               - Undefined Weak Reference
    __cpp_initialize__aeabi_                  - Undefined Weak Reference
    __cxa_finalize                            - Undefined Weak Reference
    _clock_init                               - Undefined Weak Reference
    _microlib_exit                            - Undefined Weak Reference
    __Vectors_Size                           0x00000188   Number         0  startup_stm32f407xx.o ABSOLUTE
    __Vectors                                0x08000000   Data           4  startup_stm32f407xx.o(RESET)
    __Vectors_End                            0x08000188   Data           0  startup_stm32f407xx.o(RESET)
    __main                                   0x08000189   Thumb Code     0  entry.o(.ARM.Collect$$$$00000000)
    _main_stk                                0x08000189   Thumb Code     0  entry2.o(.ARM.Collect$$$$00000001)
    _main_scatterload                        0x0800018d   Thumb Code     0  entry5.o(.ARM.Collect$$$$00000004)
    __main_after_scatterload                 0x08000191   Thumb Code     0  entry5.o(.ARM.Collect$$$$00000004)
    _main_clock                              0x08000191   Thumb Code     0  entry7b.o(.ARM.Collect$$$$00000008)
    _main_cpp_init                           0x08000191   Thumb Code     0  entry8b.o(.ARM.Collect$$$$0000000A)
    _main_init                               0x08000191   Thumb Code     0  entry9a.o(.ARM.Collect$$$$0000000B)
    __rt_lib_shutdown_fini                   0x08000199   Thumb Code     0  entry12b.o(.ARM.Collect$$$$0000000E)
    __rt_final_cpp                           0x0800019d   Thumb Code     0  entry10a.o(.ARM.Collect$$$$0000000F)
    __rt_final_exit                          0x0800019d   Thumb Code     0  entry11a.o(.ARM.Collect$$$$00000011)
    Reset_Handler                            0x080001a1   Thumb Code     8  startup_stm32f407xx.o(.text)
    ADC_IRQHandler                           0x080001bb   Thumb Code     0  startup_stm32f407xx.o(.text)
    CAN1_RX0_IRQHandler                      0x080001bb   Thumb Code     0  startup_stm32f407xx.o(.text)
    CAN1_RX1_IRQHandler                      0x080001bb   Thumb Code     0  startup_stm32f407xx.o(.text)
    CAN1_SCE_IRQHandler                      0x080001bb   Thumb Code     0  startup_stm32f407xx.o(.text)
    CAN1_TX_IRQHandler                       0x080001bb   Thumb Code     0  startup_stm32f407xx.o(.text)
    CAN2_RX0_IRQHandler                      0x080001bb   Thumb Code     0  startup_stm32f407xx.o(.text)
    CAN2_RX1_IRQHandler                      0x080001bb   Thumb Code     0  startup_stm32f407xx.o(.text)
    CAN2_SCE_IRQHandler                      0x080001bb   Thumb Code     0  startup_stm32f407xx.o(.text)
    CAN2_TX_IRQHandler                       0x080001bb   Thumb Code     0  startup_stm32f407xx.o(.text)
    DCMI_IRQHandler                          0x080001bb   Thumb Code     0  startup_stm32f407xx.o(.text)
    DMA1_Stream0_IRQHandler                  0x080001bb   Thumb Code     0  startup_stm32f407xx.o(.text)
    DMA1_Stream1_IRQHandler                  0x080001bb   Thumb Code     0  startup_stm32f407xx.o(.text)
    DMA1_Stream3_IRQHandler                  0x080001bb   Thumb Code     0  startup_stm32f407xx.o(.text)
    DMA1_Stream4_IRQHandler                  0x080001bb   Thumb Code     0  startup_stm32f407xx.o(.text)
    DMA1_Stream6_IRQHandler                  0x080001bb   Thumb Code     0  startup_stm32f407xx.o(.text)
    DMA1_Stream7_IRQHandler                  0x080001bb   Thumb Code     0  startup_stm32f407xx.o(.text)
    DMA2_Stream0_IRQHandler                  0x080001bb   Thumb Code     0  startup_stm32f407xx.o(.text)
    DMA2_Stream1_IRQHandler                  0x080001bb   Thumb Code     0  startup_stm32f407xx.o(.text)
    DMA2_Stream2_IRQHandler                  0x080001bb   Thumb Code     0  startup_stm32f407xx.o(.text)
    DMA2_Stream3_IRQHandler                  0x080001bb   Thumb Code     0  startup_stm32f407xx.o(.text)
    DMA2_Stream4_IRQHandler                  0x080001bb   Thumb Code     0  startup_stm32f407xx.o(.text)
    DMA2_Stream5_IRQHandler                  0x080001bb   Thumb Code     0  startup_stm32f407xx.o(.text)
    DMA2_Stream6_IRQHandler                  0x080001bb   Thumb Code     0  startup_stm32f407xx.o(.text)
    DMA2_Stream7_IRQHandler                  0x080001bb   Thumb Code     0  startup_stm32f407xx.o(.text)
    ETH_IRQHandler                           0x080001bb   Thumb Code     0  startup_stm32f407xx.o(.text)
    ETH_WKUP_IRQHandler                      0x080001bb   Thumb Code     0  startup_stm32f407xx.o(.text)
    EXTI0_IRQHandler                         0x080001bb   Thumb Code     0  startup_stm32f407xx.o(.text)
    EXTI15_10_IRQHandler                     0x080001bb   Thumb Code     0  startup_stm32f407xx.o(.text)
    EXTI1_IRQHandler                         0x080001bb   Thumb Code     0  startup_stm32f407xx.o(.text)
    EXTI2_IRQHandler                         0x080001bb   Thumb Code     0  startup_stm32f407xx.o(.text)
    EXTI3_IRQHandler                         0x080001bb   Thumb Code     0  startup_stm32f407xx.o(.text)
    EXTI4_IRQHandler                         0x080001bb   Thumb Code     0  startup_stm32f407xx.o(.text)
    EXTI9_5_IRQHandler                       0x080001bb   Thumb Code     0  startup_stm32f407xx.o(.text)
    FLASH_IRQHandler                         0x080001bb   Thumb Code     0  startup_stm32f407xx.o(.text)
    FMC_IRQHandler                           0x080001bb   Thumb Code     0  startup_stm32f407xx.o(.text)
    FPU_IRQHandler                           0x080001bb   Thumb Code     0  startup_stm32f407xx.o(.text)
    HASH_RNG_IRQHandler                      0x080001bb   Thumb Code     0  startup_stm32f407xx.o(.text)
    I2C1_ER_IRQHandler                       0x080001bb   Thumb Code     0  startup_stm32f407xx.o(.text)
    I2C1_EV_IRQHandler                       0x080001bb   Thumb Code     0  startup_stm32f407xx.o(.text)
    I2C2_ER_IRQHandler                       0x080001bb   Thumb Code     0  startup_stm32f407xx.o(.text)
    I2C2_EV_IRQHandler                       0x080001bb   Thumb Code     0  startup_stm32f407xx.o(.text)
    I2C3_ER_IRQHandler                       0x080001bb   Thumb Code     0  startup_stm32f407xx.o(.text)
    I2C3_EV_IRQHandler                       0x080001bb   Thumb Code     0  startup_stm32f407xx.o(.text)
    OTG_FS_IRQHandler                        0x080001bb   Thumb Code     0  startup_stm32f407xx.o(.text)
    OTG_FS_WKUP_IRQHandler                   0x080001bb   Thumb Code     0  startup_stm32f407xx.o(.text)
    OTG_HS_EP1_IN_IRQHandler                 0x080001bb   Thumb Code     0  startup_stm32f407xx.o(.text)
    OTG_HS_EP1_OUT_IRQHandler                0x080001bb   Thumb Code     0  startup_stm32f407xx.o(.text)
    OTG_HS_IRQHandler                        0x080001bb   Thumb Code     0  startup_stm32f407xx.o(.text)
    OTG_HS_WKUP_IRQHandler                   0x080001bb   Thumb Code     0  startup_stm32f407xx.o(.text)
    PVD_IRQHandler                           0x080001bb   Thumb Code     0  startup_stm32f407xx.o(.text)
    RCC_IRQHandler                           0x080001bb   Thumb Code     0  startup_stm32f407xx.o(.text)
    RTC_Alarm_IRQHandler                     0x080001bb   Thumb Code     0  startup_stm32f407xx.o(.text)
    RTC_WKUP_IRQHandler                      0x080001bb   Thumb Code     0  startup_stm32f407xx.o(.text)
    SDIO_IRQHandler                          0x080001bb   Thumb Code     0  startup_stm32f407xx.o(.text)
    SPI1_IRQHandler                          0x080001bb   Thumb Code     0  startup_stm32f407xx.o(.text)
    SPI2_IRQHandler                          0x080001bb   Thumb Code     0  startup_stm32f407xx.o(.text)
    SPI3_IRQHandler                          0x080001bb   Thumb Code     0  startup_stm32f407xx.o(.text)
    TAMP_STAMP_IRQHandler                    0x080001bb   Thumb Code     0  startup_stm32f407xx.o(.text)
    TIM1_BRK_TIM9_IRQHandler                 0x080001bb   Thumb Code     0  startup_stm32f407xx.o(.text)
    TIM1_CC_IRQHandler                       0x080001bb   Thumb Code     0  startup_stm32f407xx.o(.text)
    TIM1_TRG_COM_TIM11_IRQHandler            0x080001bb   Thumb Code     0  startup_stm32f407xx.o(.text)
    TIM1_UP_TIM10_IRQHandler                 0x080001bb   Thumb Code     0  startup_stm32f407xx.o(.text)
    TIM5_IRQHandler                          0x080001bb   Thumb Code     0  startup_stm32f407xx.o(.text)
    TIM6_DAC_IRQHandler                      0x080001bb   Thumb Code     0  startup_stm32f407xx.o(.text)
    TIM7_IRQHandler                          0x080001bb   Thumb Code     0  startup_stm32f407xx.o(.text)
    TIM8_BRK_TIM12_IRQHandler                0x080001bb   Thumb Code     0  startup_stm32f407xx.o(.text)
    TIM8_CC_IRQHandler                       0x080001bb   Thumb Code     0  startup_stm32f407xx.o(.text)
    TIM8_TRG_COM_TIM14_IRQHandler            0x080001bb   Thumb Code     0  startup_stm32f407xx.o(.text)
    TIM8_UP_TIM13_IRQHandler                 0x080001bb   Thumb Code     0  startup_stm32f407xx.o(.text)
    UART5_IRQHandler                         0x080001bb   Thumb Code     0  startup_stm32f407xx.o(.text)
    USART1_IRQHandler                        0x080001bb   Thumb Code     0  startup_stm32f407xx.o(.text)
    USART3_IRQHandler                        0x080001bb   Thumb Code     0  startup_stm32f407xx.o(.text)
    USART6_IRQHandler                        0x080001bb   Thumb Code     0  startup_stm32f407xx.o(.text)
    WWDG_IRQHandler                          0x080001bb   Thumb Code     0  startup_stm32f407xx.o(.text)
    __aeabi_uldivmod                         0x080001c5   Thumb Code    98  uldiv.o(.text)
    __aeabi_memcpy                           0x08000227   Thumb Code    36  memcpya.o(.text)
    __aeabi_memcpy4                          0x08000227   Thumb Code     0  memcpya.o(.text)
    __aeabi_memcpy8                          0x08000227   Thumb Code     0  memcpya.o(.text)
    __aeabi_memset                           0x0800024b   Thumb Code    14  memseta.o(.text)
    __aeabi_memset4                          0x0800024b   Thumb Code     0  memseta.o(.text)
    __aeabi_memset8                          0x0800024b   Thumb Code     0  memseta.o(.text)
    __aeabi_memclr                           0x08000259   Thumb Code     4  memseta.o(.text)
    __aeabi_memclr4                          0x08000259   Thumb Code     0  memseta.o(.text)
    __aeabi_memclr8                          0x08000259   Thumb Code     0  memseta.o(.text)
    _memset$wrapper                          0x0800025d   Thumb Code    18  memseta.o(.text)
    memcmp                                   0x0800026f   Thumb Code    26  memcmp.o(.text)
    __aeabi_dadd                             0x08000289   Thumb Code   322  dadd.o(.text)
    __aeabi_dsub                             0x080003cb   Thumb Code     6  dadd.o(.text)
    __aeabi_drsub                            0x080003d1   Thumb Code     6  dadd.o(.text)
    __aeabi_dmul                             0x080003d7   Thumb Code   228  dmul.o(.text)
    __aeabi_f2d                              0x080004bb   Thumb Code    38  f2d.o(.text)
    __aeabi_uidiv                            0x080004e1   Thumb Code     0  uidiv.o(.text)
    __aeabi_uidivmod                         0x080004e1   Thumb Code    44  uidiv.o(.text)
    __aeabi_llsl                             0x0800050d   Thumb Code    30  llshl.o(.text)
    _ll_shift_l                              0x0800050d   Thumb Code     0  llshl.o(.text)
    __aeabi_llsr                             0x0800052b   Thumb Code    32  llushr.o(.text)
    _ll_ushift_r                             0x0800052b   Thumb Code     0  llushr.o(.text)
    __aeabi_lasr                             0x0800054b   Thumb Code    36  llsshr.o(.text)
    _ll_sshift_r                             0x0800054b   Thumb Code     0  llsshr.o(.text)
    __I$use$fp                               0x0800056f   Thumb Code     0  iusefp.o(.text)
    _double_round                            0x0800056f   Thumb Code    30  depilogue.o(.text)
    _double_epilogue                         0x0800058d   Thumb Code   156  depilogue.o(.text)
    __aeabi_ddiv                             0x08000629   Thumb Code   222  ddiv.o(.text)
    __aeabi_d2ulz                            0x08000707   Thumb Code    48  dfixul.o(.text)
    __aeabi_cdrcmple                         0x08000739   Thumb Code    48  cdrcmple.o(.text)
    __scatterload                            0x08000769   Thumb Code    28  init.o(.text)
    __scatterload_rt2                        0x08000769   Thumb Code     0  init.o(.text)
    __decompress                             0x0800078d   Thumb Code     0  __dczerorl2.o(.text)
    __decompress1                            0x0800078d   Thumb Code    86  __dczerorl2.o(.text)
    BusFault_Handler                         0x080007e3   Thumb Code     4  stm32f4xx_it.o(i.BusFault_Handler)
    DMA1_Stream2_IRQHandler                  0x080007e9   Thumb Code    10  stm32f4xx_it.o(i.DMA1_Stream2_IRQHandler)
    DMA1_Stream5_IRQHandler                  0x080007f9   Thumb Code    10  stm32f4xx_it.o(i.DMA1_Stream5_IRQHandler)
    DebugMon_Handler                         0x08000913   Thumb Code     2  stm32f4xx_it.o(i.DebugMon_Handler)
    Encoder_Driver_Init                      0x08000915   Thumb Code    42  encoder_driver.o(i.Encoder_Driver_Init)
    Encoder_Driver_Update                    0x08000945   Thumb Code   130  encoder_driver.o(i.Encoder_Driver_Update)
    Encoder_Init                             0x080009dd   Thumb Code    30  encoder_app.o(i.Encoder_Init)
    Encoder_Task                             0x08000a11   Thumb Code    16  encoder_app.o(i.Encoder_Task)
    Error_Handler                            0x08000a29   Thumb Code     6  main.o(i.Error_Handler)
    Gray_Read_Sensors                        0x08000a31   Thumb Code   114  gray_app.o(i.Gray_Read_Sensors)
    Gray_Task                                0x08000aad   Thumb Code    98  gray_app.o(i.Gray_Task)
    HAL_DMA_Abort                            0x08000b21   Thumb Code   172  stm32f4xx_hal_dma.o(i.HAL_DMA_Abort)
    HAL_DMA_Abort_IT                         0x08000bcd   Thumb Code    40  stm32f4xx_hal_dma.o(i.HAL_DMA_Abort_IT)
    HAL_DMA_IRQHandler                       0x08000bf5   Thumb Code   570  stm32f4xx_hal_dma.o(i.HAL_DMA_IRQHandler)
    HAL_DMA_Init                             0x08000e35   Thumb Code   232  stm32f4xx_hal_dma.o(i.HAL_DMA_Init)
    HAL_DMA_Start_IT                         0x08000f21   Thumb Code   146  stm32f4xx_hal_dma.o(i.HAL_DMA_Start_IT)
    HAL_Delay                                0x08000fb5   Thumb Code    36  stm32f4xx_hal.o(i.HAL_Delay)
    HAL_GPIO_Init                            0x08000fdd   Thumb Code   454  stm32f4xx_hal_gpio.o(i.HAL_GPIO_Init)
    HAL_GPIO_ReadPin                         0x080011d1   Thumb Code    16  stm32f4xx_hal_gpio.o(i.HAL_GPIO_ReadPin)
    HAL_GPIO_WritePin                        0x080011e1   Thumb Code    12  stm32f4xx_hal_gpio.o(i.HAL_GPIO_WritePin)
    HAL_GetTick                              0x080011ed   Thumb Code     6  stm32f4xx_hal.o(i.HAL_GetTick)
    HAL_I2C_Init                             0x080011f9   Thumb Code   446  stm32f4xx_hal_i2c.o(i.HAL_I2C_Init)
    HAL_I2C_Master_Transmit                  0x080013c9   Thumb Code   360  stm32f4xx_hal_i2c.o(i.HAL_I2C_Master_Transmit)
    HAL_I2C_MspInit                          0x08001539   Thumb Code   124  i2c.o(i.HAL_I2C_MspInit)
    HAL_IncTick                              0x080015c1   Thumb Code    16  stm32f4xx_hal.o(i.HAL_IncTick)
    HAL_Init                                 0x080015d9   Thumb Code    54  stm32f4xx_hal.o(i.HAL_Init)
    HAL_InitTick                             0x08001615   Thumb Code    64  stm32f4xx_hal.o(i.HAL_InitTick)
    HAL_MspInit                              0x08001661   Thumb Code    68  stm32f4xx_hal_msp.o(i.HAL_MspInit)
    HAL_NVIC_EnableIRQ                       0x080016a9   Thumb Code    40  stm32f4xx_hal_cortex.o(i.HAL_NVIC_EnableIRQ)
    HAL_NVIC_SetPriority                     0x080016d1   Thumb Code   124  stm32f4xx_hal_cortex.o(i.HAL_NVIC_SetPriority)
    HAL_NVIC_SetPriorityGrouping             0x0800174d   Thumb Code    32  stm32f4xx_hal_cortex.o(i.HAL_NVIC_SetPriorityGrouping)
    HAL_RCC_ClockConfig                      0x08001775   Thumb Code   368  stm32f4xx_hal_rcc.o(i.HAL_RCC_ClockConfig)
    HAL_RCC_GetHCLKFreq                      0x080018f9   Thumb Code     6  stm32f4xx_hal_rcc.o(i.HAL_RCC_GetHCLKFreq)
    HAL_RCC_GetPCLK1Freq                     0x08001905   Thumb Code    22  stm32f4xx_hal_rcc.o(i.HAL_RCC_GetPCLK1Freq)
    HAL_RCC_GetPCLK2Freq                     0x08001925   Thumb Code    22  stm32f4xx_hal_rcc.o(i.HAL_RCC_GetPCLK2Freq)
    HAL_RCC_GetSysClockFreq                  0x08001945   Thumb Code   162  stm32f4xx_hal_rcc.o(i.HAL_RCC_GetSysClockFreq)
    HAL_RCC_OscConfig                        0x080019f5   Thumb Code  1172  stm32f4xx_hal_rcc.o(i.HAL_RCC_OscConfig)
    HAL_SPI_Init                             0x08001e91   Thumb Code   200  stm32f4xx_hal_spi.o(i.HAL_SPI_Init)
    HAL_SPI_MspInit                          0x08001f59   Thumb Code   122  spi.o(i.HAL_SPI_MspInit)
    HAL_SPI_TransmitReceive                  0x08001fe1   Thumb Code   584  stm32f4xx_hal_spi.o(i.HAL_SPI_TransmitReceive)
    HAL_SYSTICK_Config                       0x08002229   Thumb Code    52  stm32f4xx_hal_cortex.o(i.HAL_SYSTICK_Config)
    HAL_TIMEx_BreakCallback                  0x0800225d   Thumb Code     2  stm32f4xx_hal_tim_ex.o(i.HAL_TIMEx_BreakCallback)
    HAL_TIMEx_CommutCallback                 0x0800225f   Thumb Code     2  stm32f4xx_hal_tim_ex.o(i.HAL_TIMEx_CommutCallback)
    HAL_TIMEx_ConfigBreakDeadTime            0x08002261   Thumb Code   116  stm32f4xx_hal_tim_ex.o(i.HAL_TIMEx_ConfigBreakDeadTime)
    HAL_TIMEx_MasterConfigSynchronization    0x080022d5   Thumb Code   150  stm32f4xx_hal_tim_ex.o(i.HAL_TIMEx_MasterConfigSynchronization)
    HAL_TIM_Base_Init                        0x08002389   Thumb Code   102  stm32f4xx_hal_tim.o(i.HAL_TIM_Base_Init)
    HAL_TIM_Base_MspInit                     0x080023f1   Thumb Code   106  tim.o(i.HAL_TIM_Base_MspInit)
    HAL_TIM_Base_Start_IT                    0x08002465   Thumb Code   138  stm32f4xx_hal_tim.o(i.HAL_TIM_Base_Start_IT)
    HAL_TIM_ConfigClockSource                0x0800250d   Thumb Code   268  stm32f4xx_hal_tim.o(i.HAL_TIM_ConfigClockSource)
    HAL_TIM_Encoder_Init                     0x08002619   Thumb Code   200  stm32f4xx_hal_tim.o(i.HAL_TIM_Encoder_Init)
    HAL_TIM_Encoder_MspInit                  0x080026e1   Thumb Code   258  tim.o(i.HAL_TIM_Encoder_MspInit)
    HAL_TIM_Encoder_Start                    0x080027f9   Thumb Code   204  stm32f4xx_hal_tim.o(i.HAL_TIM_Encoder_Start)
    HAL_TIM_IC_CaptureCallback               0x080028c5   Thumb Code     2  stm32f4xx_hal_tim.o(i.HAL_TIM_IC_CaptureCallback)
    HAL_TIM_IRQHandler                       0x080028c7   Thumb Code   364  stm32f4xx_hal_tim.o(i.HAL_TIM_IRQHandler)
    HAL_TIM_MspPostInit                      0x08002a35   Thumb Code    86  tim.o(i.HAL_TIM_MspPostInit)
    HAL_TIM_OC_DelayElapsedCallback          0x08002a99   Thumb Code     2  stm32f4xx_hal_tim.o(i.HAL_TIM_OC_DelayElapsedCallback)
    HAL_TIM_PWM_ConfigChannel                0x08002a9b   Thumb Code   260  stm32f4xx_hal_tim.o(i.HAL_TIM_PWM_ConfigChannel)
    HAL_TIM_PWM_Init                         0x08002b9f   Thumb Code   102  stm32f4xx_hal_tim.o(i.HAL_TIM_PWM_Init)
    HAL_TIM_PWM_MspInit                      0x08002c05   Thumb Code     2  stm32f4xx_hal_tim.o(i.HAL_TIM_PWM_MspInit)
    HAL_TIM_PWM_PulseFinishedCallback        0x08002c07   Thumb Code     2  stm32f4xx_hal_tim.o(i.HAL_TIM_PWM_PulseFinishedCallback)
    HAL_TIM_PWM_Start                        0x08002c09   Thumb Code   238  stm32f4xx_hal_tim.o(i.HAL_TIM_PWM_Start)
    HAL_TIM_PeriodElapsedCallback            0x08002d15   Thumb Code    44  interrupt.o(i.HAL_TIM_PeriodElapsedCallback)
    HAL_TIM_TriggerCallback                  0x08002d49   Thumb Code     2  stm32f4xx_hal_tim.o(i.HAL_TIM_TriggerCallback)
    HAL_UARTEx_ReceiveToIdle_DMA             0x08002d4b   Thumb Code   112  stm32f4xx_hal_uart.o(i.HAL_UARTEx_ReceiveToIdle_DMA)
    HAL_UARTEx_RxEventCallback               0x08002dbd   Thumb Code   140  uart_app.o(i.HAL_UARTEx_RxEventCallback)
    HAL_UART_DMAStop                         0x08002e7d   Thumb Code   138  stm32f4xx_hal_uart.o(i.HAL_UART_DMAStop)
    HAL_UART_ErrorCallback                   0x08002f07   Thumb Code     2  stm32f4xx_hal_uart.o(i.HAL_UART_ErrorCallback)
    HAL_UART_IRQHandler                      0x08002f09   Thumb Code   772  stm32f4xx_hal_uart.o(i.HAL_UART_IRQHandler)
    HAL_UART_Init                            0x08003211   Thumb Code   118  stm32f4xx_hal_uart.o(i.HAL_UART_Init)
    HAL_UART_MspInit                         0x08003289   Thumb Code   388  usart.o(i.HAL_UART_MspInit)
    HAL_UART_RxCpltCallback                  0x08003429   Thumb Code     2  stm32f4xx_hal_uart.o(i.HAL_UART_RxCpltCallback)
    HAL_UART_RxHalfCpltCallback              0x0800342b   Thumb Code     2  stm32f4xx_hal_uart.o(i.HAL_UART_RxHalfCpltCallback)
    HAL_UART_Transmit                        0x0800342d   Thumb Code   190  stm32f4xx_hal_uart.o(i.HAL_UART_Transmit)
    HAL_UART_TxCpltCallback                  0x080034eb   Thumb Code     2  stm32f4xx_hal_uart.o(i.HAL_UART_TxCpltCallback)
    HardFault_Handler                        0x080034ed   Thumb Code     4  stm32f4xx_it.o(i.HardFault_Handler)
    Key_Task                                 0x08003875   Thumb Code    12  key_app.o(i.Key_Task)
    MX_DMA_Init                              0x08003885   Thumb Code    68  dma.o(i.MX_DMA_Init)
    MX_GPIO_Init                             0x080038cd   Thumb Code   330  gpio.o(i.MX_GPIO_Init)
    MX_I2C2_Init                             0x08003a2d   Thumb Code    48  i2c.o(i.MX_I2C2_Init)
    MX_SPI1_Init                             0x08003a69   Thumb Code    58  spi.o(i.MX_SPI1_Init)
    MX_TIM1_Init                             0x08003aad   Thumb Code   222  tim.o(i.MX_TIM1_Init)
    MX_TIM2_Init                             0x08003b95   Thumb Code   102  tim.o(i.MX_TIM2_Init)
    MX_TIM3_Init                             0x08003c01   Thumb Code   114  tim.o(i.MX_TIM3_Init)
    MX_TIM4_Init                             0x08003c7d   Thumb Code   114  tim.o(i.MX_TIM4_Init)
    MX_UART4_Init                            0x08003cf9   Thumb Code    46  usart.o(i.MX_UART4_Init)
    MX_USART2_UART_Init                      0x08003d31   Thumb Code    46  usart.o(i.MX_USART2_UART_Init)
    MemManage_Handler                        0x08003d69   Thumb Code     4  stm32f4xx_it.o(i.MemManage_Handler)
    Motor_Config_Init                        0x08003d6d   Thumb Code   136  motor_driver.o(i.Motor_Config_Init)
    Motor_Dead_Compensation                  0x08003df5   Thumb Code    46  motor_driver.o(i.Motor_Dead_Compensation)
    Motor_Init                               0x08003e25   Thumb Code   102  motor_app.o(i.Motor_Init)
    Motor_Limit_Speed                        0x08003e9d   Thumb Code    22  motor_driver.o(i.Motor_Limit_Speed)
    Motor_Set_Speed                          0x08003eb3   Thumb Code   226  motor_driver.o(i.Motor_Set_Speed)
    Motor_Task                               0x08003f95   Thumb Code     2  motor_app.o(i.Motor_Task)
    My_Uart_Init                             0x08003f99   Thumb Code    56  uart_app.o(i.My_Uart_Init)
    NMI_Handler                              0x08003fe9   Thumb Code     4  stm32f4xx_it.o(i.NMI_Handler)
    OLED_Init                                0x08003fed   Thumb Code   180  oled.o(i.OLED_Init)
    OLED_NewFrame                            0x080040a1   Thumb Code    14  oled.o(i.OLED_NewFrame)
    OLED_PrintASCIIChar                      0x080040b5   Thumb Code    66  oled.o(i.OLED_PrintASCIIChar)
    OLED_PrintString                         0x080040f7   Thumb Code   224  oled.o(i.OLED_PrintString)
    OLED_Send                                0x080041d9   Thumb Code    26  oled.o(i.OLED_Send)
    OLED_SendCmd                             0x080041f9   Thumb Code    16  oled.o(i.OLED_SendCmd)
    OLED_SetBits                             0x0800420d   Thumb Code    98  oled.o(i.OLED_SetBits)
    OLED_SetBits_Fine                        0x0800426f   Thumb Code   136  oled.o(i.OLED_SetBits_Fine)
    OLED_SetBlock                            0x080042f7   Thumb Code   154  oled.o(i.OLED_SetBlock)
    OLED_SetByte_Fine                        0x08004391   Thumb Code   116  oled.o(i.OLED_SetByte_Fine)
    OLED_ShowFrame                           0x0800440d   Thumb Code    68  oled.o(i.OLED_ShowFrame)
    Oled_Task                                0x08004459   Thumb Code   246  oled_app.o(i.Oled_Task)
    PID_Init                                 0x080045a1   Thumb Code   124  pid_app.o(i.PID_Init)
    PID_Task                                 0x08004635   Thumb Code   158  pid_app.o(i.PID_Task)
    PendSV_Handler                           0x080046f9   Thumb Code     2  stm32f4xx_it.o(i.PendSV_Handler)
    SVC_Handler                              0x0800485d   Thumb Code     2  stm32f4xx_it.o(i.SVC_Handler)
    Scheduler_Init                           0x08004861   Thumb Code     8  scheduler.o(i.Scheduler_Init)
    Scheduler_Run                            0x0800486d   Thumb Code    78  scheduler.o(i.Scheduler_Run)
    SysTick_Handler                          0x080048c5   Thumb Code     8  stm32f4xx_it.o(i.SysTick_Handler)
    SystemClock_Config                       0x080048cd   Thumb Code   170  main.o(i.SystemClock_Config)
    SystemInit                               0x08004981   Thumb Code    14  system_stm32f4xx.o(i.SystemInit)
    TIM2_IRQHandler                          0x08004995   Thumb Code    10  stm32f4xx_it.o(i.TIM2_IRQHandler)
    TIM3_IRQHandler                          0x080049a5   Thumb Code    10  stm32f4xx_it.o(i.TIM3_IRQHandler)
    TIM4_IRQHandler                          0x080049b5   Thumb Code    10  stm32f4xx_it.o(i.TIM4_IRQHandler)
    TIM_Base_SetConfig                       0x080049c5   Thumb Code   178  stm32f4xx_hal_tim.o(i.TIM_Base_SetConfig)
    TIM_CCxChannelCmd                        0x08004aa5   Thumb Code    34  stm32f4xx_hal_tim.o(i.TIM_CCxChannelCmd)
    TIM_ETR_SetConfig                        0x08004ac7   Thumb Code    22  stm32f4xx_hal_tim.o(i.TIM_ETR_SetConfig)
    TIM_OC2_SetConfig                        0x08004b61   Thumb Code   114  stm32f4xx_hal_tim.o(i.TIM_OC2_SetConfig)
    UART4_IRQHandler                         0x08004cf9   Thumb Code    10  stm32f4xx_it.o(i.UART4_IRQHandler)
    UART_Start_Receive_DMA                   0x0800521d   Thumb Code   202  stm32f4xx_hal_uart.o(i.UART_Start_Receive_DMA)
    USART2_IRQHandler                        0x080053e1   Thumb Code    10  stm32f4xx_it.o(i.USART2_IRQHandler)
    Uart_Proc                                0x080053f1   Thumb Code    64  uart_app.o(i.Uart_Proc)
    UsageFault_Handler                       0x08005455   Thumb Code     4  stm32f4xx_it.o(i.UsageFault_Handler)
    W25QXX_Init                              0x08005459   Thumb Code    78  w25qxx.o(i.W25QXX_Init)
    W25QXX_ReadCapacity                      0x080054b9   Thumb Code    86  w25qxx.o(i.W25QXX_ReadCapacity)
    W25QXX_ReadID                            0x08005515   Thumb Code    70  w25qxx.o(i.W25QXX_ReadID)
    W25QXX_ReadUniqueID                      0x08005561   Thumb Code    76  w25qxx.o(i.W25QXX_ReadUniqueID)
    Wit_Parse                                0x080055d9   Thumb Code   780  wit.o(i.Wit_Parse)
    _OLED_GetUTF8Len                         0x080058fd   Thumb Code    60  oled.o(i._OLED_GetUTF8Len)
    __0sprintf                               0x08005939   Thumb Code    34  printfa.o(i.__0sprintf)
    __1sprintf                               0x08005939   Thumb Code     0  printfa.o(i.__0sprintf)
    __2sprintf                               0x08005939   Thumb Code     0  printfa.o(i.__0sprintf)
    __c89sprintf                             0x08005939   Thumb Code     0  printfa.o(i.__0sprintf)
    sprintf                                  0x08005939   Thumb Code     0  printfa.o(i.__0sprintf)
    __0vsnprintf                             0x08005961   Thumb Code    46  printfa.o(i.__0vsnprintf)
    __1vsnprintf                             0x08005961   Thumb Code     0  printfa.o(i.__0vsnprintf)
    __2vsnprintf                             0x08005961   Thumb Code     0  printfa.o(i.__0vsnprintf)
    __c89vsnprintf                           0x08005961   Thumb Code     0  printfa.o(i.__0vsnprintf)
    vsnprintf                                0x08005961   Thumb Code     0  printfa.o(i.__0vsnprintf)
    __scatterload_copy                       0x080059cd   Thumb Code    14  handlers.o(i.__scatterload_copy)
    __scatterload_null                       0x080059db   Thumb Code     2  handlers.o(i.__scatterload_null)
    __scatterload_zeroinit                   0x080059dd   Thumb Code    14  handlers.o(i.__scatterload_zeroinit)
    button_event_handler                     0x0800639f   Thumb Code    52  key_app.o(i.button_event_handler)
    button_system_init                       0x080063d5   Thumb Code    60  key_app.o(i.button_system_init)
    ebtn_combo_btn_add_btn                   0x08006421   Thumb Code    32  ebtn.o(i.ebtn_combo_btn_add_btn)
    ebtn_combo_btn_add_btn_by_idx            0x08006441   Thumb Code    32  ebtn.o(i.ebtn_combo_btn_add_btn_by_idx)
    ebtn_get_btn_by_key_id                   0x08006461   Thumb Code    74  ebtn.o(i.ebtn_get_btn_by_key_id)
    ebtn_get_btn_index_by_key_id             0x080064b1   Thumb Code    66  ebtn.o(i.ebtn_get_btn_index_by_key_id)
    ebtn_init                                0x08006551   Thumb Code    88  ebtn.o(i.ebtn_init)
    ebtn_process                             0x080065ad   Thumb Code    26  ebtn.o(i.ebtn_process)
    ebtn_process_with_curr_state             0x08006681   Thumb Code   444  ebtn.o(i.ebtn_process_with_curr_state)
    ebtn_set_combo_suppress_threshold        0x08006841   Thumb Code     6  ebtn.o(i.ebtn_set_combo_suppress_threshold)
    ebtn_set_config                          0x0800684d   Thumb Code     8  ebtn.o(i.ebtn_set_config)
    get_button_state                         0x08006861   Thumb Code    78  key_app.o(i.get_button_state)
    handle_combo_button                      0x080068b5   Thumb Code    12  key_app.o(i.handle_combo_button)
    handle_mode1_button                      0x080068c1   Thumb Code    92  key_app.o(i.handle_mode1_button)
    handle_mode2_button                      0x08006925   Thumb Code    62  key_app.o(i.handle_mode2_button)
    main                                     0x08006963   Thumb Code    94  main.o(i.main)
    my_printf                                0x080069c1   Thumb Code    58  uart_app.o(i.my_printf)
    pid_calculate_positional                 0x080069fb   Thumb Code    38  pid.o(i.pid_calculate_positional)
    pid_constrain                            0x08006a21   Thumb Code    42  pid.o(i.pid_constrain)
    pid_init                                 0x08006ac5   Thumb Code    78  pid.o(i.pid_init)
    pid_set_target                           0x08006b59   Thumb Code     6  pid.o(i.pid_set_target)
    ascii_8x6                                0x08006f20   Data         552  font.o(.constdata)
    afont8x6                                 0x08007148   Data           8  font.o(.constdata)
    ascii_12x6                               0x08007150   Data        1140  font.o(.constdata)
    afont12x6                                0x080075c4   Data           8  font.o(.constdata)
    ascii_16x8                               0x080075cc   Data        1520  font.o(.constdata)
    afont16x8                                0x08007bbc   Data           8  font.o(.constdata)
    ascii_24x12                              0x08007bc4   Data        3420  font.o(.constdata)
    afont24x12                               0x08008920   Data           8  font.o(.constdata)
    zh16x16                                  0x08008928   Data         144  font.o(.constdata)
    font16x16                                0x080089b8   Data          16  font.o(.constdata)
    bilibiliData                             0x080089c8   Data         306  font.o(.constdata)
    bilibiliImg                              0x08008afc   Data           8  font.o(.constdata)
    AHBPrescTable                            0x08008b0c   Data          16  system_stm32f4xx.o(.constdata)
    APBPrescTable                            0x08008b1c   Data           8  system_stm32f4xx.o(.constdata)
    Region$$Table$$Base                      0x08008b34   Number         0  anon$$obj.o(Region$$Table)
    Region$$Table$$Limit                     0x08008b54   Number         0  anon$$obj.o(Region$$Table)
    W25QXX_TYPE                              0x20000004   Data           2  w25qxx.o(.data)
    W25QXX_SIZE                              0x20000008   Data           4  w25qxx.o(.data)
    W25QXX_UID                               0x2000000c   Data           8  w25qxx.o(.data)
    uwTick                                   0x20000014   Data           4  stm32f4xx_hal.o(.data)
    uwTickPrio                               0x20000018   Data           4  stm32f4xx_hal.o(.data)
    uwTickFreq                               0x2000001c   Data           1  stm32f4xx_hal.o(.data)
    SystemCoreClock                          0x20000020   Data           4  system_stm32f4xx.o(.data)
    uart2_size                               0x20000024   Data           2  uart_app.o(.data)
    uart2_flag                               0x20000026   Data           1  uart_app.o(.data)
    uart4_flag                               0x20000027   Data           1  uart_app.o(.data)
    measure_timer10ms                        0x20000028   Data           1  interrupt.o(.data)
    Digital                                  0x2000002c   Data           1  gray_app.o(.data)
    gray_weights                             0x20000030   Data          28  gray_app.o(.data)
    g_line_position_error                    0x2000004c   Data           4  gray_app.o(.data)
    basic_speed                              0x20000050   Data           4  pid_app.o(.data)
    pid_running                              0x20000054   Data           1  pid_app.o(.data)
    pid_control_mode                         0x20000055   Data           1  pid_app.o(.data)
    pid_params_left                          0x20000058   Data          20  pid_app.o(.data)
    pid_params_right                         0x2000006c   Data          20  pid_app.o(.data)
    task_num                                 0x200000f8   Data           1  scheduler.o(.data)
    hi2c2                                    0x20000138   Data          84  i2c.o(.bss)
    hspi1                                    0x2000018c   Data          88  spi.o(.bss)
    htim1                                    0x200001e4   Data          72  tim.o(.bss)
    htim2                                    0x2000022c   Data          72  tim.o(.bss)
    htim3                                    0x20000274   Data          72  tim.o(.bss)
    htim4                                    0x200002bc   Data          72  tim.o(.bss)
    huart4                                   0x20000304   Data          72  usart.o(.bss)
    huart2                                   0x2000034c   Data          72  usart.o(.bss)
    hdma_uart4_rx                            0x20000394   Data          96  usart.o(.bss)
    hdma_usart2_rx                           0x200003f4   Data          96  usart.o(.bss)
    OLED_GRAM                                0x20000454   Data        1024  oled.o(.bss)
    uart2_dma_rx_buffer                      0x20000914   Data          64  uart_app.o(.bss)
    uart2_read_buffer                        0x20000954   Data          64  uart_app.o(.bss)
    uart4_dma_rx_buffer                      0x20000994   Data          64  uart_app.o(.bss)
    uart4_read_buffer                        0x200009d4   Data          64  uart_app.o(.bss)
    wit_data                                 0x20000a14   Data          32  uart_app.o(.bss)
    left_motor                               0x20000a34   Data          36  motor_app.o(.bss)
    right_motor                              0x20000a58   Data          36  motor_app.o(.bss)
    left_encoder                             0x20000a7c   Data          20  encoder_app.o(.bss)
    right_encoder                            0x20000a90   Data          20  encoder_app.o(.bss)
    pid_speed_left                           0x20000aa4   Data          60  pid_app.o(.bss)
    pid_speed_right                          0x20000ae0   Data          60  pid_app.o(.bss)
    __initial_sp                             0x20001320   Data           0  startup_stm32f407xx.o(STACK)



==============================================================================

Memory Map of the image

  Image Entry point : 0x08000189

  Load Region LR_IROM1 (Base: 0x08000000, Size: 0x00008c8c, Max: 0x00080000, ABSOLUTE, COMPRESSED[0x00008bb8])

    Execution Region ER_IROM1 (Exec base: 0x08000000, Load base: 0x08000000, Size: 0x00008b54, Max: 0x00080000, ABSOLUTE)

    Exec Addr    Load Addr    Size         Type   Attr      Idx    E Section Name        Object

    0x08000000   0x08000000   0x00000188   Data   RO            3    RESET               startup_stm32f407xx.o
    0x08000188   0x08000188   0x00000000   Code   RO         5199  * .ARM.Collect$$$$00000000  mc_w.l(entry.o)
    0x08000188   0x08000188   0x00000004   Code   RO         5485    .ARM.Collect$$$$00000001  mc_w.l(entry2.o)
    0x0800018c   0x0800018c   0x00000004   Code   RO         5488    .ARM.Collect$$$$00000004  mc_w.l(entry5.o)
    0x08000190   0x08000190   0x00000000   Code   RO         5490    .ARM.Collect$$$$00000008  mc_w.l(entry7b.o)
    0x08000190   0x08000190   0x00000000   Code   RO         5492    .ARM.Collect$$$$0000000A  mc_w.l(entry8b.o)
    0x08000190   0x08000190   0x00000008   Code   RO         5493    .ARM.Collect$$$$0000000B  mc_w.l(entry9a.o)
    0x08000198   0x08000198   0x00000004   Code   RO         5500    .ARM.Collect$$$$0000000E  mc_w.l(entry12b.o)
    0x0800019c   0x0800019c   0x00000000   Code   RO         5495    .ARM.Collect$$$$0000000F  mc_w.l(entry10a.o)
    0x0800019c   0x0800019c   0x00000000   Code   RO         5497    .ARM.Collect$$$$00000011  mc_w.l(entry11a.o)
    0x0800019c   0x0800019c   0x00000004   Code   RO         5486    .ARM.Collect$$$$00002712  mc_w.l(entry2.o)
    0x080001a0   0x080001a0   0x00000024   Code   RO            4    .text               startup_stm32f407xx.o
    0x080001c4   0x080001c4   0x00000062   Code   RO         5202    .text               mc_w.l(uldiv.o)
    0x08000226   0x08000226   0x00000024   Code   RO         5204    .text               mc_w.l(memcpya.o)
    0x0800024a   0x0800024a   0x00000024   Code   RO         5206    .text               mc_w.l(memseta.o)
    0x0800026e   0x0800026e   0x0000001a   Code   RO         5208    .text               mc_w.l(memcmp.o)
    0x08000288   0x08000288   0x0000014e   Code   RO         5473    .text               mf_w.l(dadd.o)
    0x080003d6   0x080003d6   0x000000e4   Code   RO         5475    .text               mf_w.l(dmul.o)
    0x080004ba   0x080004ba   0x00000026   Code   RO         5483    .text               mf_w.l(f2d.o)
    0x080004e0   0x080004e0   0x0000002c   Code   RO         5504    .text               mc_w.l(uidiv.o)
    0x0800050c   0x0800050c   0x0000001e   Code   RO         5506    .text               mc_w.l(llshl.o)
    0x0800052a   0x0800052a   0x00000020   Code   RO         5508    .text               mc_w.l(llushr.o)
    0x0800054a   0x0800054a   0x00000024   Code   RO         5510    .text               mc_w.l(llsshr.o)
    0x0800056e   0x0800056e   0x00000000   Code   RO         5512    .text               mc_w.l(iusefp.o)
    0x0800056e   0x0800056e   0x000000ba   Code   RO         5513    .text               mf_w.l(depilogue.o)
    0x08000628   0x08000628   0x000000de   Code   RO         5515    .text               mf_w.l(ddiv.o)
    0x08000706   0x08000706   0x00000030   Code   RO         5517    .text               mf_w.l(dfixul.o)
    0x08000736   0x08000736   0x00000002   PAD
    0x08000738   0x08000738   0x00000030   Code   RO         5519    .text               mf_w.l(cdrcmple.o)
    0x08000768   0x08000768   0x00000024   Code   RO         5521    .text               mc_w.l(init.o)
    0x0800078c   0x0800078c   0x00000056   Code   RO         5533    .text               mc_w.l(__dczerorl2.o)
    0x080007e2   0x080007e2   0x00000004   Code   RO          513    i.BusFault_Handler  stm32f4xx_it.o
    0x080007e6   0x080007e6   0x00000002   PAD
    0x080007e8   0x080007e8   0x00000010   Code   RO          514    i.DMA1_Stream2_IRQHandler  stm32f4xx_it.o
    0x080007f8   0x080007f8   0x00000010   Code   RO          515    i.DMA1_Stream5_IRQHandler  stm32f4xx_it.o
    0x08000808   0x08000808   0x00000034   Code   RO         2310    i.DMA_CalcBaseAndBitshift  stm32f4xx_hal_dma.o
    0x0800083c   0x0800083c   0x000000aa   Code   RO         2311    i.DMA_CheckFifoParam  stm32f4xx_hal_dma.o
    0x080008e6   0x080008e6   0x0000002c   Code   RO         2312    i.DMA_SetConfig     stm32f4xx_hal_dma.o
    0x08000912   0x08000912   0x00000002   Code   RO          516    i.DebugMon_Handler  stm32f4xx_it.o
    0x08000914   0x08000914   0x00000030   Code   RO         4780    i.Encoder_Driver_Init  encoder_driver.o
    0x08000944   0x08000944   0x00000098   Code   RO         4781    i.Encoder_Driver_Update  encoder_driver.o
    0x080009dc   0x080009dc   0x00000034   Code   RO         4937    i.Encoder_Init      encoder_app.o
    0x08000a10   0x08000a10   0x00000018   Code   RO         4938    i.Encoder_Task      encoder_app.o
    0x08000a28   0x08000a28   0x00000006   Code   RO           13    i.Error_Handler     main.o
    0x08000a2e   0x08000a2e   0x00000002   PAD
    0x08000a30   0x08000a30   0x0000007c   Code   RO         5000    i.Gray_Read_Sensors  gray_app.o
    0x08000aac   0x08000aac   0x00000074   Code   RO         5001    i.Gray_Task         gray_app.o
    0x08000b20   0x08000b20   0x000000ac   Code   RO         2313    i.HAL_DMA_Abort     stm32f4xx_hal_dma.o
    0x08000bcc   0x08000bcc   0x00000028   Code   RO         2314    i.HAL_DMA_Abort_IT  stm32f4xx_hal_dma.o
    0x08000bf4   0x08000bf4   0x00000240   Code   RO         2318    i.HAL_DMA_IRQHandler  stm32f4xx_hal_dma.o
    0x08000e34   0x08000e34   0x000000ec   Code   RO         2319    i.HAL_DMA_Init      stm32f4xx_hal_dma.o
    0x08000f20   0x08000f20   0x00000092   Code   RO         2323    i.HAL_DMA_Start_IT  stm32f4xx_hal_dma.o
    0x08000fb2   0x08000fb2   0x00000002   PAD
    0x08000fb4   0x08000fb4   0x00000028   Code   RO         2755    i.HAL_Delay         stm32f4xx_hal.o
    0x08000fdc   0x08000fdc   0x000001f4   Code   RO         2206    i.HAL_GPIO_Init     stm32f4xx_hal_gpio.o
    0x080011d0   0x080011d0   0x00000010   Code   RO         2208    i.HAL_GPIO_ReadPin  stm32f4xx_hal_gpio.o
    0x080011e0   0x080011e0   0x0000000c   Code   RO         2210    i.HAL_GPIO_WritePin  stm32f4xx_hal_gpio.o
    0x080011ec   0x080011ec   0x0000000c   Code   RO         2761    i.HAL_GetTick       stm32f4xx_hal.o
    0x080011f8   0x080011f8   0x000001d0   Code   RO         1322    i.HAL_I2C_Init      stm32f4xx_hal_i2c.o
    0x080013c8   0x080013c8   0x00000170   Code   RO         1335    i.HAL_I2C_Master_Transmit  stm32f4xx_hal_i2c.o
    0x08001538   0x08001538   0x00000088   Code   RO          304    i.HAL_I2C_MspInit   i2c.o
    0x080015c0   0x080015c0   0x00000018   Code   RO         2767    i.HAL_IncTick       stm32f4xx_hal.o
    0x080015d8   0x080015d8   0x0000003c   Code   RO         2768    i.HAL_Init          stm32f4xx_hal.o
    0x08001614   0x08001614   0x0000004c   Code   RO         2769    i.HAL_InitTick      stm32f4xx_hal.o
    0x08001660   0x08001660   0x00000048   Code   RO          631    i.HAL_MspInit       stm32f4xx_hal_msp.o
    0x080016a8   0x080016a8   0x00000028   Code   RO         2598    i.HAL_NVIC_EnableIRQ  stm32f4xx_hal_cortex.o
    0x080016d0   0x080016d0   0x0000007c   Code   RO         2604    i.HAL_NVIC_SetPriority  stm32f4xx_hal_cortex.o
    0x0800174c   0x0800174c   0x00000028   Code   RO         2605    i.HAL_NVIC_SetPriorityGrouping  stm32f4xx_hal_cortex.o
    0x08001774   0x08001774   0x00000184   Code   RO         1807    i.HAL_RCC_ClockConfig  stm32f4xx_hal_rcc.o
    0x080018f8   0x080018f8   0x0000000c   Code   RO         1812    i.HAL_RCC_GetHCLKFreq  stm32f4xx_hal_rcc.o
    0x08001904   0x08001904   0x00000020   Code   RO         1814    i.HAL_RCC_GetPCLK1Freq  stm32f4xx_hal_rcc.o
    0x08001924   0x08001924   0x00000020   Code   RO         1815    i.HAL_RCC_GetPCLK2Freq  stm32f4xx_hal_rcc.o
    0x08001944   0x08001944   0x000000b0   Code   RO         1816    i.HAL_RCC_GetSysClockFreq  stm32f4xx_hal_rcc.o
    0x080019f4   0x080019f4   0x0000049c   Code   RO         1819    i.HAL_RCC_OscConfig  stm32f4xx_hal_rcc.o
    0x08001e90   0x08001e90   0x000000c8   Code   RO         3017    i.HAL_SPI_Init      stm32f4xx_hal_spi.o
    0x08001f58   0x08001f58   0x00000088   Code   RO          346    i.HAL_SPI_MspInit   spi.o
    0x08001fe0   0x08001fe0   0x00000248   Code   RO         3026    i.HAL_SPI_TransmitReceive  stm32f4xx_hal_spi.o
    0x08002228   0x08002228   0x00000034   Code   RO         2609    i.HAL_SYSTICK_Config  stm32f4xx_hal_cortex.o
    0x0800225c   0x0800225c   0x00000002   Code   RO         4045    i.HAL_TIMEx_BreakCallback  stm32f4xx_hal_tim_ex.o
    0x0800225e   0x0800225e   0x00000002   Code   RO         4046    i.HAL_TIMEx_CommutCallback  stm32f4xx_hal_tim_ex.o
    0x08002260   0x08002260   0x00000074   Code   RO         4048    i.HAL_TIMEx_ConfigBreakDeadTime  stm32f4xx_hal_tim_ex.o
    0x080022d4   0x080022d4   0x000000b4   Code   RO         4064    i.HAL_TIMEx_MasterConfigSynchronization  stm32f4xx_hal_tim_ex.o
    0x08002388   0x08002388   0x00000066   Code   RO         3330    i.HAL_TIM_Base_Init  stm32f4xx_hal_tim.o
    0x080023ee   0x080023ee   0x00000002   PAD
    0x080023f0   0x080023f0   0x00000074   Code   RO          388    i.HAL_TIM_Base_MspInit  tim.o
    0x08002464   0x08002464   0x000000a8   Code   RO         3335    i.HAL_TIM_Base_Start_IT  stm32f4xx_hal_tim.o
    0x0800250c   0x0800250c   0x0000010c   Code   RO         3339    i.HAL_TIM_ConfigClockSource  stm32f4xx_hal_tim.o
    0x08002618   0x08002618   0x000000c8   Code   RO         3351    i.HAL_TIM_Encoder_Init  stm32f4xx_hal_tim.o
    0x080026e0   0x080026e0   0x00000118   Code   RO          390    i.HAL_TIM_Encoder_MspInit  tim.o
    0x080027f8   0x080027f8   0x000000cc   Code   RO         3354    i.HAL_TIM_Encoder_Start  stm32f4xx_hal_tim.o
    0x080028c4   0x080028c4   0x00000002   Code   RO         3364    i.HAL_TIM_IC_CaptureCallback  stm32f4xx_hal_tim.o
    0x080028c6   0x080028c6   0x0000016c   Code   RO         3378    i.HAL_TIM_IRQHandler  stm32f4xx_hal_tim.o
    0x08002a32   0x08002a32   0x00000002   PAD
    0x08002a34   0x08002a34   0x00000064   Code   RO          391    i.HAL_TIM_MspPostInit  tim.o
    0x08002a98   0x08002a98   0x00000002   Code   RO         3381    i.HAL_TIM_OC_DelayElapsedCallback  stm32f4xx_hal_tim.o
    0x08002a9a   0x08002a9a   0x00000104   Code   RO         3402    i.HAL_TIM_PWM_ConfigChannel  stm32f4xx_hal_tim.o
    0x08002b9e   0x08002b9e   0x00000066   Code   RO         3405    i.HAL_TIM_PWM_Init  stm32f4xx_hal_tim.o
    0x08002c04   0x08002c04   0x00000002   Code   RO         3407    i.HAL_TIM_PWM_MspInit  stm32f4xx_hal_tim.o
    0x08002c06   0x08002c06   0x00000002   Code   RO         3408    i.HAL_TIM_PWM_PulseFinishedCallback  stm32f4xx_hal_tim.o
    0x08002c08   0x08002c08   0x0000010c   Code   RO         3410    i.HAL_TIM_PWM_Start  stm32f4xx_hal_tim.o
    0x08002d14   0x08002d14   0x00000034   Code   RO         4973    i.HAL_TIM_PeriodElapsedCallback  interrupt.o
    0x08002d48   0x08002d48   0x00000002   Code   RO         3421    i.HAL_TIM_TriggerCallback  stm32f4xx_hal_tim.o
    0x08002d4a   0x08002d4a   0x00000070   Code   RO         4322    i.HAL_UARTEx_ReceiveToIdle_DMA  stm32f4xx_hal_uart.o
    0x08002dba   0x08002dba   0x00000002   PAD
    0x08002dbc   0x08002dbc   0x000000c0   Code   RO         4814    i.HAL_UARTEx_RxEventCallback  uart_app.o
    0x08002e7c   0x08002e7c   0x0000008a   Code   RO         4336    i.HAL_UART_DMAStop  stm32f4xx_hal_uart.o
    0x08002f06   0x08002f06   0x00000002   Code   RO         4338    i.HAL_UART_ErrorCallback  stm32f4xx_hal_uart.o
    0x08002f08   0x08002f08   0x00000308   Code   RO         4341    i.HAL_UART_IRQHandler  stm32f4xx_hal_uart.o
    0x08003210   0x08003210   0x00000076   Code   RO         4342    i.HAL_UART_Init     stm32f4xx_hal_uart.o
    0x08003286   0x08003286   0x00000002   PAD
    0x08003288   0x08003288   0x000001a0   Code   RO          466    i.HAL_UART_MspInit  usart.o
    0x08003428   0x08003428   0x00000002   Code   RO         4348    i.HAL_UART_RxCpltCallback  stm32f4xx_hal_uart.o
    0x0800342a   0x0800342a   0x00000002   Code   RO         4349    i.HAL_UART_RxHalfCpltCallback  stm32f4xx_hal_uart.o
    0x0800342c   0x0800342c   0x000000be   Code   RO         4350    i.HAL_UART_Transmit  stm32f4xx_hal_uart.o
    0x080034ea   0x080034ea   0x00000002   Code   RO         4353    i.HAL_UART_TxCpltCallback  stm32f4xx_hal_uart.o
    0x080034ec   0x080034ec   0x00000004   Code   RO          517    i.HardFault_Handler  stm32f4xx_it.o
    0x080034f0   0x080034f0   0x0000003e   Code   RO         1366    i.I2C_IsAcknowledgeFailed  stm32f4xx_hal_i2c.o
    0x0800352e   0x0800352e   0x00000002   PAD
    0x08003530   0x08003530   0x000000c0   Code   RO         1370    i.I2C_MasterRequestWrite  stm32f4xx_hal_i2c.o
    0x080035f0   0x080035f0   0x00000066   Code   RO         1386    i.I2C_WaitOnBTFFlagUntilTimeout  stm32f4xx_hal_i2c.o
    0x08003656   0x08003656   0x000000be   Code   RO         1387    i.I2C_WaitOnFlagUntilTimeout  stm32f4xx_hal_i2c.o
    0x08003714   0x08003714   0x000000fa   Code   RO         1388    i.I2C_WaitOnMasterAddressFlagUntilTimeout  stm32f4xx_hal_i2c.o
    0x0800380e   0x0800380e   0x00000066   Code   RO         1392    i.I2C_WaitOnTXEFlagUntilTimeout  stm32f4xx_hal_i2c.o
    0x08003874   0x08003874   0x00000010   Code   RO         5097    i.Key_Task          key_app.o
    0x08003884   0x08003884   0x00000048   Code   RO          279    i.MX_DMA_Init       dma.o
    0x080038cc   0x080038cc   0x00000160   Code   RO          255    i.MX_GPIO_Init      gpio.o
    0x08003a2c   0x08003a2c   0x0000003c   Code   RO          305    i.MX_I2C2_Init      i2c.o
    0x08003a68   0x08003a68   0x00000044   Code   RO          347    i.MX_SPI1_Init      spi.o
    0x08003aac   0x08003aac   0x000000e8   Code   RO          392    i.MX_TIM1_Init      tim.o
    0x08003b94   0x08003b94   0x0000006c   Code   RO          393    i.MX_TIM2_Init      tim.o
    0x08003c00   0x08003c00   0x0000007c   Code   RO          394    i.MX_TIM3_Init      tim.o
    0x08003c7c   0x08003c7c   0x0000007c   Code   RO          395    i.MX_TIM4_Init      tim.o
    0x08003cf8   0x08003cf8   0x00000038   Code   RO          467    i.MX_UART4_Init     usart.o
    0x08003d30   0x08003d30   0x00000038   Code   RO          468    i.MX_USART2_UART_Init  usart.o
    0x08003d68   0x08003d68   0x00000004   Code   RO          518    i.MemManage_Handler  stm32f4xx_it.o
    0x08003d6c   0x08003d6c   0x00000088   Code   RO         4723    i.Motor_Config_Init  motor_driver.o
    0x08003df4   0x08003df4   0x0000002e   Code   RO         4724    i.Motor_Dead_Compensation  motor_driver.o
    0x08003e22   0x08003e22   0x00000002   PAD
    0x08003e24   0x08003e24   0x00000078   Code   RO         4897    i.Motor_Init        motor_app.o
    0x08003e9c   0x08003e9c   0x00000016   Code   RO         4725    i.Motor_Limit_Speed  motor_driver.o
    0x08003eb2   0x08003eb2   0x000000e2   Code   RO         4726    i.Motor_Set_Speed   motor_driver.o
    0x08003f94   0x08003f94   0x00000002   Code   RO         4898    i.Motor_Task        motor_app.o
    0x08003f96   0x08003f96   0x00000002   PAD
    0x08003f98   0x08003f98   0x00000050   Code   RO         4815    i.My_Uart_Init      uart_app.o
    0x08003fe8   0x08003fe8   0x00000004   Code   RO          519    i.NMI_Handler       stm32f4xx_it.o
    0x08003fec   0x08003fec   0x000000b4   Code   RO          666    i.OLED_Init         oled.o
    0x080040a0   0x080040a0   0x00000014   Code   RO          667    i.OLED_NewFrame     oled.o
    0x080040b4   0x080040b4   0x00000042   Code   RO          668    i.OLED_PrintASCIIChar  oled.o
    0x080040f6   0x080040f6   0x000000e0   Code   RO          670    i.OLED_PrintString  oled.o
    0x080041d6   0x080041d6   0x00000002   PAD
    0x080041d8   0x080041d8   0x00000020   Code   RO          671    i.OLED_Send         oled.o
    0x080041f8   0x080041f8   0x00000014   Code   RO          672    i.OLED_SendCmd      oled.o
    0x0800420c   0x0800420c   0x00000062   Code   RO          673    i.OLED_SetBits      oled.o
    0x0800426e   0x0800426e   0x00000088   Code   RO          674    i.OLED_SetBits_Fine  oled.o
    0x080042f6   0x080042f6   0x0000009a   Code   RO          675    i.OLED_SetBlock     oled.o
    0x08004390   0x08004390   0x0000007c   Code   RO          677    i.OLED_SetByte_Fine  oled.o
    0x0800440c   0x0800440c   0x0000004c   Code   RO          680    i.OLED_ShowFrame    oled.o
    0x08004458   0x08004458   0x00000148   Code   RO         5036    i.Oled_Task         oled_app.o
    0x080045a0   0x080045a0   0x00000094   Code   RO         5060    i.PID_Init          pid_app.o
    0x08004634   0x08004634   0x000000c4   Code   RO         5061    i.PID_Task          pid_app.o
    0x080046f8   0x080046f8   0x00000002   Code   RO          520    i.PendSV_Handler    stm32f4xx_it.o
    0x080046fa   0x080046fa   0x00000002   PAD
    0x080046fc   0x080046fc   0x00000088   Code   RO         3055    i.SPI_EndRxTxTransaction  stm32f4xx_hal_spi.o
    0x08004784   0x08004784   0x000000d8   Code   RO         3060    i.SPI_WaitFlagStateUntilTimeout  stm32f4xx_hal_spi.o
    0x0800485c   0x0800485c   0x00000002   Code   RO          521    i.SVC_Handler       stm32f4xx_it.o
    0x0800485e   0x0800485e   0x00000002   PAD
    0x08004860   0x08004860   0x0000000c   Code   RO         5166    i.Scheduler_Init    scheduler.o
    0x0800486c   0x0800486c   0x00000058   Code   RO         5167    i.Scheduler_Run     scheduler.o
    0x080048c4   0x080048c4   0x00000008   Code   RO          522    i.SysTick_Handler   stm32f4xx_it.o
    0x080048cc   0x080048cc   0x000000b4   Code   RO           14    i.SystemClock_Config  main.o
    0x08004980   0x08004980   0x00000014   Code   RO         4686    i.SystemInit        system_stm32f4xx.o
    0x08004994   0x08004994   0x00000010   Code   RO          523    i.TIM2_IRQHandler   stm32f4xx_it.o
    0x080049a4   0x080049a4   0x00000010   Code   RO          524    i.TIM3_IRQHandler   stm32f4xx_it.o
    0x080049b4   0x080049b4   0x00000010   Code   RO          525    i.TIM4_IRQHandler   stm32f4xx_it.o
    0x080049c4   0x080049c4   0x000000e0   Code   RO         3423    i.TIM_Base_SetConfig  stm32f4xx_hal_tim.o
    0x08004aa4   0x08004aa4   0x00000022   Code   RO         3424    i.TIM_CCxChannelCmd  stm32f4xx_hal_tim.o
    0x08004ac6   0x08004ac6   0x00000016   Code   RO         3434    i.TIM_ETR_SetConfig  stm32f4xx_hal_tim.o
    0x08004adc   0x08004adc   0x00000012   Code   RO         3435    i.TIM_ITRx_SetConfig  stm32f4xx_hal_tim.o
    0x08004aee   0x08004aee   0x00000002   PAD
    0x08004af0   0x08004af0   0x00000070   Code   RO         3436    i.TIM_OC1_SetConfig  stm32f4xx_hal_tim.o
    0x08004b60   0x08004b60   0x0000007c   Code   RO         3437    i.TIM_OC2_SetConfig  stm32f4xx_hal_tim.o
    0x08004bdc   0x08004bdc   0x00000078   Code   RO         3438    i.TIM_OC3_SetConfig  stm32f4xx_hal_tim.o
    0x08004c54   0x08004c54   0x00000054   Code   RO         3439    i.TIM_OC4_SetConfig  stm32f4xx_hal_tim.o
    0x08004ca8   0x08004ca8   0x00000026   Code   RO         3441    i.TIM_TI1_ConfigInputStage  stm32f4xx_hal_tim.o
    0x08004cce   0x08004cce   0x00000028   Code   RO         3443    i.TIM_TI2_ConfigInputStage  stm32f4xx_hal_tim.o
    0x08004cf6   0x08004cf6   0x00000002   PAD
    0x08004cf8   0x08004cf8   0x00000010   Code   RO          526    i.UART4_IRQHandler  stm32f4xx_it.o
    0x08004d08   0x08004d08   0x00000012   Code   RO         4355    i.UART_DMAAbortOnError  stm32f4xx_hal_uart.o
    0x08004d1a   0x08004d1a   0x00000050   Code   RO         4356    i.UART_DMAError     stm32f4xx_hal_uart.o
    0x08004d6a   0x08004d6a   0x000000b4   Code   RO         4357    i.UART_DMAReceiveCplt  stm32f4xx_hal_uart.o
    0x08004e1e   0x08004e1e   0x00000024   Code   RO         4359    i.UART_DMARxHalfCplt  stm32f4xx_hal_uart.o
    0x08004e42   0x08004e42   0x0000006c   Code   RO         4365    i.UART_EndRxTransfer  stm32f4xx_hal_uart.o
    0x08004eae   0x08004eae   0x00000020   Code   RO         4366    i.UART_EndTransmit_IT  stm32f4xx_hal_uart.o
    0x08004ece   0x08004ece   0x00000026   Code   RO         4367    i.UART_EndTxTransfer  stm32f4xx_hal_uart.o
    0x08004ef4   0x08004ef4   0x000000fc   Code   RO         4368    i.UART_Receive_IT   stm32f4xx_hal_uart.o
    0x08004ff0   0x08004ff0   0x0000022c   Code   RO         4369    i.UART_SetConfig    stm32f4xx_hal_uart.o
    0x0800521c   0x0800521c   0x000000d8   Code   RO         4370    i.UART_Start_Receive_DMA  stm32f4xx_hal_uart.o
    0x080052f4   0x080052f4   0x00000060   Code   RO         4372    i.UART_Transmit_IT  stm32f4xx_hal_uart.o
    0x08005354   0x08005354   0x0000008c   Code   RO         4373    i.UART_WaitOnFlagUntilTimeout  stm32f4xx_hal_uart.o
    0x080053e0   0x080053e0   0x00000010   Code   RO          527    i.USART2_IRQHandler  stm32f4xx_it.o
    0x080053f0   0x080053f0   0x00000064   Code   RO         4816    i.Uart_Proc         uart_app.o
    0x08005454   0x08005454   0x00000004   Code   RO          528    i.UsageFault_Handler  stm32f4xx_it.o
    0x08005458   0x08005458   0x00000060   Code   RO         1145    i.W25QXX_Init       w25qxx.o
    0x080054b8   0x080054b8   0x0000005c   Code   RO         1148    i.W25QXX_ReadCapacity  w25qxx.o
    0x08005514   0x08005514   0x0000004c   Code   RO         1149    i.W25QXX_ReadID     w25qxx.o
    0x08005560   0x08005560   0x00000050   Code   RO         1151    i.W25QXX_ReadUniqueID  w25qxx.o
    0x080055b0   0x080055b0   0x00000028   Code   RO         1152    i.W25QXX_SPI_ReadWriteByte  w25qxx.o
    0x080055d8   0x080055d8   0x00000324   Code   RO         1284    i.Wit_Parse         wit.o
    0x080058fc   0x080058fc   0x0000003c   Code   RO          681    i._OLED_GetUTF8Len  oled.o
    0x08005938   0x08005938   0x00000028   Code   RO         5447    i.__0sprintf        mc_w.l(printfa.o)
    0x08005960   0x08005960   0x00000034   Code   RO         5450    i.__0vsnprintf      mc_w.l(printfa.o)
    0x08005994   0x08005994   0x00000010   Code   RO         2611    i.__NVIC_GetPriorityGrouping  stm32f4xx_hal_cortex.o
    0x080059a4   0x080059a4   0x00000028   Code   RO         2612    i.__NVIC_SetPriority  stm32f4xx_hal_cortex.o
    0x080059cc   0x080059cc   0x0000000e   Code   RO         5527    i.__scatterload_copy  mc_w.l(handlers.o)
    0x080059da   0x080059da   0x00000002   Code   RO         5528    i.__scatterload_null  mc_w.l(handlers.o)
    0x080059dc   0x080059dc   0x0000000e   Code   RO         5529    i.__scatterload_zeroinit  mc_w.l(handlers.o)
    0x080059ea   0x080059ea   0x00000002   PAD
    0x080059ec   0x080059ec   0x00000184   Code   RO         5452    i._fp_digits        mc_w.l(printfa.o)
    0x08005b70   0x08005b70   0x000006b4   Code   RO         5453    i._printf_core      mc_w.l(printfa.o)
    0x08006224   0x08006224   0x00000024   Code   RO         5454    i._printf_post_padding  mc_w.l(printfa.o)
    0x08006248   0x08006248   0x0000002e   Code   RO         5455    i._printf_pre_padding  mc_w.l(printfa.o)
    0x08006276   0x08006276   0x00000016   Code   RO         5456    i._snputc           mc_w.l(printfa.o)
    0x0800628c   0x0800628c   0x0000000a   Code   RO         5457    i._sputc            mc_w.l(printfa.o)
    0x08006296   0x08006296   0x00000026   Code   RO          946    i.bit_array_and     ebtn.o
    0x080062bc   0x080062bc   0x0000002e   Code   RO          947    i.bit_array_assign  ebtn.o
    0x080062ea   0x080062ea   0x00000024   Code   RO          948    i.bit_array_cmp     ebtn.o
    0x0800630e   0x0800630e   0x00000016   Code   RO          949    i.bit_array_get     ebtn.o
    0x08006324   0x08006324   0x00000054   Code   RO          950    i.bit_array_num_bits_set  ebtn.o
    0x08006378   0x08006378   0x00000026   Code   RO          951    i.bit_array_or      ebtn.o
    0x0800639e   0x0800639e   0x00000034   Code   RO         5098    i.button_event_handler  key_app.o
    0x080063d2   0x080063d2   0x00000002   PAD
    0x080063d4   0x080063d4   0x0000004c   Code   RO         5099    i.button_system_init  key_app.o
    0x08006420   0x08006420   0x00000020   Code   RO          952    i.ebtn_combo_btn_add_btn  ebtn.o
    0x08006440   0x08006440   0x00000020   Code   RO          953    i.ebtn_combo_btn_add_btn_by_idx  ebtn.o
    0x08006460   0x08006460   0x00000050   Code   RO          957    i.ebtn_get_btn_by_key_id  ebtn.o
    0x080064b0   0x080064b0   0x00000048   Code   RO          960    i.ebtn_get_btn_index_by_key_id  ebtn.o
    0x080064f8   0x080064f8   0x00000058   Code   RO          962    i.ebtn_get_current_state  ebtn.o
    0x08006550   0x08006550   0x0000005c   Code   RO          964    i.ebtn_init         ebtn.o
    0x080065ac   0x080065ac   0x0000001a   Code   RO          968    i.ebtn_process      ebtn.o
    0x080065c6   0x080065c6   0x0000003e   Code   RO          969    i.ebtn_process_btn  ebtn.o
    0x08006604   0x08006604   0x0000007c   Code   RO          970    i.ebtn_process_btn_combo  ebtn.o
    0x08006680   0x08006680   0x000001c0   Code   RO          971    i.ebtn_process_with_curr_state  ebtn.o
    0x08006840   0x08006840   0x0000000c   Code   RO          973    i.ebtn_set_combo_suppress_threshold  ebtn.o
    0x0800684c   0x0800684c   0x0000000c   Code   RO          974    i.ebtn_set_config   ebtn.o
    0x08006858   0x08006858   0x00000006   Code   RO          975    i.ebtn_timer_sub    ebtn.o
    0x0800685e   0x0800685e   0x00000002   PAD
    0x08006860   0x08006860   0x00000054   Code   RO         5100    i.get_button_state  key_app.o
    0x080068b4   0x080068b4   0x0000000c   Code   RO         5101    i.handle_combo_button  key_app.o
    0x080068c0   0x080068c0   0x00000064   Code   RO         5102    i.handle_mode1_button  key_app.o
    0x08006924   0x08006924   0x0000003e   Code   RO         5103    i.handle_mode2_button  key_app.o
    0x08006962   0x08006962   0x0000005e   Code   RO           15    i.main              main.o
    0x080069c0   0x080069c0   0x0000003a   Code   RO         4817    i.my_printf         uart_app.o
    0x080069fa   0x080069fa   0x00000026   Code   RO          870    i.pid_calculate_positional  pid.o
    0x08006a20   0x08006a20   0x0000002a   Code   RO          871    i.pid_constrain     pid.o
    0x08006a4a   0x08006a4a   0x0000007a   Code   RO          873    i.pid_formula_positional  pid.o
    0x08006ac4   0x08006ac4   0x00000054   Code   RO          874    i.pid_init          pid.o
    0x08006b18   0x08006b18   0x00000040   Code   RO          875    i.pid_out_limit     pid.o
    0x08006b58   0x08006b58   0x00000006   Code   RO          879    i.pid_set_target    pid.o
    0x08006b5e   0x08006b5e   0x00000002   PAD
    0x08006b60   0x08006b60   0x0000004c   Code   RO          976    i.prv_get_combo_btn_by_key_id  ebtn.o
    0x08006bac   0x08006bac   0x00000374   Code   RO          977    i.prv_process_btn   ebtn.o
    0x08006f20   0x08006f20   0x00001be4   Data   RO          856    .constdata          font.o
    0x08008b04   0x08008b04   0x00000008   Data   RO         2325    .constdata          stm32f4xx_hal_dma.o
    0x08008b0c   0x08008b0c   0x00000018   Data   RO         4687    .constdata          system_stm32f4xx.o
    0x08008b24   0x08008b24   0x0000000e   Data   RO         5105    .constdata          key_app.o
    0x08008b32   0x08008b32   0x00000002   PAD
    0x08008b34   0x08008b34   0x00000020   Data   RO         5525    Region$$Table       anon$$obj.o


    Execution Region RW_IRAM1 (Exec base: 0x20000000, Load base: 0x08008b54, Size: 0x00001320, Max: 0x0001c000, ABSOLUTE, COMPRESSED[0x00000064])

    Exec Addr    Load Addr    Size         Type   Attr      Idx    E Section Name        Object

    0x20000000   COMPRESSED   0x00000004   Data   RW          683    .data               oled.o
    0x20000004   COMPRESSED   0x00000010   Data   RW         1163    .data               w25qxx.o
    0x20000014   COMPRESSED   0x00000009   Data   RW         2775    .data               stm32f4xx_hal.o
    0x2000001d   COMPRESSED   0x00000003   PAD
    0x20000020   COMPRESSED   0x00000004   Data   RW         4688    .data               system_stm32f4xx.o
    0x20000024   COMPRESSED   0x00000004   Data   RW         4819    .data               uart_app.o
    0x20000028   COMPRESSED   0x00000001   Data   RW         4974    .data               interrupt.o
    0x20000029   COMPRESSED   0x00000003   PAD
    0x2000002c   COMPRESSED   0x00000024   Data   RW         5002    .data               gray_app.o
    0x20000050   COMPRESSED   0x00000030   Data   RW         5063    .data               pid_app.o
    0x20000080   COMPRESSED   0x00000078   Data   RW         5106    .data               key_app.o
    0x200000f8   COMPRESSED   0x00000040   Data   RW         5168    .data               scheduler.o
    0x20000138        -       0x00000054   Zero   RW          306    .bss                i2c.o
    0x2000018c        -       0x00000058   Zero   RW          348    .bss                spi.o
    0x200001e4        -       0x00000120   Zero   RW          396    .bss                tim.o
    0x20000304        -       0x00000150   Zero   RW          469    .bss                usart.o
    0x20000454        -       0x00000481   Zero   RW          682    .bss                oled.o
    0x200008d5   COMPRESSED   0x00000003   PAD
    0x200008d8        -       0x0000003c   Zero   RW          978    .bss                ebtn.o
    0x20000914        -       0x00000120   Zero   RW         4818    .bss                uart_app.o
    0x20000a34        -       0x00000048   Zero   RW         4899    .bss                motor_app.o
    0x20000a7c        -       0x00000028   Zero   RW         4939    .bss                encoder_app.o
    0x20000aa4        -       0x00000078   Zero   RW         5062    .bss                pid_app.o
    0x20000b1c   COMPRESSED   0x00000004   PAD
    0x20000b20        -       0x00000800   Zero   RW            1    STACK               startup_stm32f407xx.o


    Execution Region RW_IRAM2 (Exec base: 0x2001c000, Load base: 0x08008bb8, Size: 0x00000000, Max: 0x00004000, ABSOLUTE)

    **** No section assigned to this execution region ****


==============================================================================

Image component sizes


      Code (inc. data)   RO Data    RW Data    ZI Data      Debug   Object Name

        72          4          0          0          0        794   dma.o
      2310         48          0          0         60      24237   ebtn.o
        76         30          0          0         40       1891   encoder_app.o
       200         28          0          0          0       2359   encoder_driver.o
         0          0       7140          0          0       1629   font.o
       352         22          0          0          0       1139   gpio.o
       240         28          0         36          0       1965   gray_app.o
       196         24          0          0         84       1701   i2c.o
        52          8          0          1          0       1132   interrupt.o
       402         34         14        120          0       4640   key_app.o
       280         10          0          0          0     715536   main.o
       122         18          0          0         72       1799   motor_app.o
       430          0          0          0          0       4089   motor_driver.o
      1190         32          0          4       1153      11819   oled.o
       328         82          0          0          0        640   oled_app.o
       356          6          0          0          0       4531   pid.o
       344         62          0         48        120       2001   pid_app.o
       100         14          0         64          0       2072   scheduler.o
       204         24          0          0         88       1713   spi.o
        36          8        392          0       2048        848   startup_stm32f407xx.o
       212         36          0          9          0       9481   stm32f4xx_hal.o
       312         22          0          0          0      34407   stm32f4xx_hal_cortex.o
      1436         16          8          0          0       7118   stm32f4xx_hal_dma.o
       528         46          0          0          0       2827   stm32f4xx_hal_gpio.o
      1730         32          0          0          0       8413   stm32f4xx_hal_i2c.o
        72          4          0          0          0        882   stm32f4xx_hal_msp.o
      1820         84          0          0          0       5704   stm32f4xx_hal_rcc.o
      1136         12          0          0          0       4701   stm32f4xx_hal_spi.o
      2762        142          0          0          0      18839   stm32f4xx_hal_tim.o
       300         30          0          0          0       3401   stm32f4xx_hal_tim_ex.o
      3094         28          0          0          0      17356   stm32f4xx_hal_uart.o
       146         42          0          0          0       7863   stm32f4xx_it.o
        20          6         24          4          0       1163   system_stm32f4xx.o
      1084         82          0          0        288       5465   tim.o
       430        112          0          4        288       4336   uart_app.o
       528         48          0          0        336       2602   usart.o
       384         38          0         16          0       3745   w25qxx.o
       804         24          0          0          0       1120   wit.o

    ----------------------------------------------------------------------
     24124       1286       7612        312       4584     925958   Object Totals
         0          0         32          0          0          0   (incl. Generated)
        36          0          2          6          7          0   (incl. Padding)

    ----------------------------------------------------------------------

      Code (inc. data)   RO Data    RW Data    ZI Data      Debug   Library Member Name

        86          0          0          0          0          0   __dczerorl2.o
         0          0          0          0          0          0   entry.o
         0          0          0          0          0          0   entry10a.o
         0          0          0          0          0          0   entry11a.o
         4          0          0          0          0          0   entry12b.o
         8          4          0          0          0          0   entry2.o
         4          0          0          0          0          0   entry5.o
         0          0          0          0          0          0   entry7b.o
         0          0          0          0          0          0   entry8b.o
         8          4          0          0          0          0   entry9a.o
        30          0          0          0          0          0   handlers.o
        36          8          0          0          0         68   init.o
         0          0          0          0          0          0   iusefp.o
        30          0          0          0          0         68   llshl.o
        36          0          0          0          0         68   llsshr.o
        32          0          0          0          0         68   llushr.o
        26          0          0          0          0         80   memcmp.o
        36          0          0          0          0         68   memcpya.o
        36          0          0          0          0        108   memseta.o
      2310         92          0          0          0        680   printfa.o
        44          0          0          0          0         80   uidiv.o
        98          0          0          0          0         92   uldiv.o
        48          0          0          0          0         68   cdrcmple.o
       334          0          0          0          0        148   dadd.o
       222          0          0          0          0        100   ddiv.o
       186          0          0          0          0        176   depilogue.o
        48          0          0          0          0         68   dfixul.o
       228          0          0          0          0         96   dmul.o
        38          0          0          0          0         68   f2d.o

    ----------------------------------------------------------------------
      3932        108          0          0          0       2104   Library Totals
         4          0          0          0          0          0   (incl. Padding)

    ----------------------------------------------------------------------

      Code (inc. data)   RO Data    RW Data    ZI Data      Debug   Library Name

      2824        108          0          0          0       1380   mc_w.l
      1104          0          0          0          0        724   mf_w.l

    ----------------------------------------------------------------------
      3932        108          0          0          0       2104   Library Totals

    ----------------------------------------------------------------------

==============================================================================


      Code (inc. data)   RO Data    RW Data    ZI Data      Debug   

     28056       1394       7612        312       4584     908454   Grand Totals
     28056       1394       7612        100       4584     908454   ELF Image Totals (compressed)
     28056       1394       7612        100          0          0   ROM Totals

==============================================================================

    Total RO  Size (Code + RO Data)                35668 (  34.83kB)
    Total RW  Size (RW Data + ZI Data)              4896 (   4.78kB)
    Total ROM Size (Code + RO Data + RW Data)      35768 (  34.93kB)

==============================================================================

